--------- beginning of system
--------- beginning of crash
11-13 20:45:05.360  1120  1138 I ActivityManager: Force stopping com.archie.tf_classify_mod appid=10144 user=-1: installPackageLI
11-13 20:45:05.490  1120  1154 I PackageManager: Package com.archie.tf_classify_mod codePath changed from /data/app/com.archie.tf_classify_mod-ZF1gtMN2LIc_rqnkMskQIw== to /data/app/com.archie.tf_classify_mod-BQ_B6d1tvInfXA01rSYBPQ==; Retaining data and using new
11-13 20:45:05.491  1120  1154 W PackageManager: Code path for com.archie.tf_classify_mod changing from /data/app/com.archie.tf_classify_mod-ZF1gtMN2LIc_rqnkMskQIw== to /data/app/com.archie.tf_classify_mod-BQ_B6d1tvInfXA01rSYBPQ==
11-13 20:45:05.491  1120  1154 W PackageManager: Resource path for com.archie.tf_classify_mod changing from /data/app/com.archie.tf_classify_mod-ZF1gtMN2LIc_rqnkMskQIw== to /data/app/com.archie.tf_classify_mod-BQ_B6d1tvInfXA01rSYBPQ==
11-13 20:45:05.813  1120  1154 I ActivityManager: Force stopping com.archie.tf_classify_mod appid=10144 user=0: pkg removed
11-13 20:45:05.848  1120  1138 W BroadcastQueue: Background execution not allowed: receiving Intent { act=android.intent.action.PACKAGE_REMOVED dat=package:com.archie.tf_classify_mod flg=0x4000010 (has extras) } to com.android.musicfx/.Compatibility$Receiver
11-13 20:45:05.854  1120  1138 W BroadcastQueue: Background execution not allowed: receiving Intent { act=android.intent.action.PACKAGE_REMOVED dat=package:com.archie.tf_classify_mod flg=0x4000010 (has extras) } to com.android.vending/com.google.android.finsky.packagemanager.impl.PackageMonitorReceiverImpl$RegisteredReceiver
11-13 20:45:05.854  1120  1138 W BroadcastQueue: Background execution not allowed: receiving Intent { act=android.intent.action.PACKAGE_REMOVED dat=package:com.archie.tf_classify_mod flg=0x4000010 (has extras) } to com.android.vending/com.google.android.finsky.instantapps.appmanagement.InstantAppRemoveMonitor
11-13 20:45:05.904  1120  1669 W BroadcastQueue: Background execution not allowed: receiving Intent { act=android.intent.action.PACKAGE_REMOVED dat=package:com.archie.tf_classify_mod flg=0x4000010 (has extras) } to com.google.android.googlequicksearchbox/com.google.android.apps.gsa.googlequicksearchbox.GelStubAppWatcher
11-13 20:45:05.909  1120  3062 I ActivityManager: START u0 {act=android.intent.action.MAIN cat=[android.intent.category.LAUNCHER] flg=0x10000000 cmp=com.archie.tf_classify_mod/.archie_mods.ModifiedClassifierActivity} from uid 2000
11-13 20:45:05.941  1120  1131 I ActivityManager: Start proc 25012:com.archie.tf_classify_mod/u0a144 for activity com.archie.tf_classify_mod/.archie_mods.ModifiedClassifierActivity
11-13 20:45:05.953  1120  1601 W BroadcastQueue: Background execution not allowed: receiving Intent { act=android.intent.action.PACKAGE_ADDED dat=package:com.archie.tf_classify_mod flg=0x4000010 (has extras) } to com.android.musicfx/.Compatibility$Receiver
11-13 20:45:05.961  1120  1138 W BroadcastQueue: Background execution not allowed: receiving Intent { act=android.intent.action.PACKAGE_ADDED dat=package:com.archie.tf_classify_mod flg=0x4000010 (has extras) } to com.android.vending/com.google.android.finsky.packagemanager.impl.PackageMonitorReceiverImpl$RegisteredReceiver
11-13 20:45:06.002  1120  1131 W BroadcastQueue: Background execution not allowed: receiving Intent { act=android.intent.action.PACKAGE_ADDED dat=package:com.archie.tf_classify_mod flg=0x4000010 (has extras) } to com.google.android.googlequicksearchbox/com.google.android.apps.gsa.googlequicksearchbox.GelStubAppWatcher
11-13 20:45:06.002  1120  1138 W BroadcastQueue: Background execution not allowed: receiving Intent { act=android.intent.action.PACKAGE_ADDED dat=package:com.archie.tf_classify_mod flg=0x4000010 (has extras) } to com.google.android.ims/.receivers.RcsAutoStartReceiver
11-13 20:45:06.013  1120  1625 W BroadcastQueue: Background execution not allowed: receiving Intent { act=android.intent.action.PACKAGE_REPLACED dat=package:com.archie.tf_classify_mod flg=0x4000010 (has extras) } to com.android.musicfx/.Compatibility$Receiver
11-13 20:45:06.013  1120  1138 W BroadcastQueue: Background execution not allowed: receiving Intent { act=android.intent.action.PACKAGE_REPLACED dat=package:com.archie.tf_classify_mod flg=0x4000010 (has extras) } to com.google.android.apps.photos/.account.full.FetchAccountPropertiesAppUpgradeBroadcastReceiver
11-13 20:45:06.013  1120  1138 W BroadcastQueue: Background execution not allowed: receiving Intent { act=android.intent.action.PACKAGE_REPLACED dat=package:com.archie.tf_classify_mod flg=0x4000010 (has extras) } to com.google.android.apps.photos/.account.full.SyncAccountsForLoginBroadcastReceiver
11-13 20:45:06.013  1120  1138 W BroadcastQueue: Background execution not allowed: receiving Intent { act=android.intent.action.PACKAGE_REPLACED dat=package:com.archie.tf_classify_mod flg=0x4000010 (has extras) } to com.google.android.apps.photos/.experiments.phenotype.full.PhenotypeAppUpgradeBroadcastReceiver
11-13 20:45:06.013  1120  1138 W BroadcastQueue: Background execution not allowed: receiving Intent { act=android.intent.action.PACKAGE_REPLACED dat=package:com.archie.tf_classify_mod flg=0x4000010 (has extras) } to com.google.android.apps.photos/.notificationchannels.AppUpdateBroadcastReceiver
11-13 20:45:06.038  1120  1601 W BroadcastQueue: Background execution not allowed: receiving Intent { act=android.intent.action.PACKAGE_REPLACED dat=package:com.archie.tf_classify_mod flg=0x4000010 (has extras) } to com.google.android.googlequicksearchbox/com.google.android.apps.gsa.googlequicksearchbox.GelStubAppWatcher
11-13 20:45:06.039  1120  1138 W BroadcastQueue: Background execution not allowed: receiving Intent { act=android.intent.action.PACKAGE_REPLACED dat=package:com.archie.tf_classify_mod flg=0x4000010 (has extras) } to com.google.android.ims/.receivers.RcsAutoStartReceiver
11-13 20:45:06.906  1120  3057 I ActivityManager: Start proc 25056:com.archie.tf_classify_mod:ResourceLoggerService/u0a144 for service com.archie.tf_classify_mod/edu.temple.gtc_core.services.ResourceLoggerService
11-13 20:45:06.918  1120  1625 I ActivityManager: Start proc 25062:com.archie.tf_classify_mod:FrameLoggerService/u0a144 for service com.archie.tf_classify_mod/edu.temple.gtc_core.services.FrameLoggerService
11-13 20:45:17.349  1120 12988 I ActivityManager: Force stopping com.archie.tf_classify_mod appid=10144 user=0: from pid 25179
11-13 20:45:17.349  1120 12988 I ActivityManager: Killing 25012:com.archie.tf_classify_mod/u0a144 (adj 0): stop com.archie.tf_classify_mod
11-13 20:45:17.351  1120 12988 W ActivityManager: Force removing ActivityRecord{77a2d2b u0 com.archie.tf_classify_mod/.archie_mods.ModifiedClassifierActivity t562}: app died, no saved state
11-13 20:45:17.353  1120 12988 I WindowManager: Failed to capture screenshot of Token{f5a7b21 ActivityRecord{77a2d2b u0 com.archie.tf_classify_mod/.archie_mods.ModifiedClassifierActivity t562 f}} appWin=Window{ff98b90 u0 com.archie.tf_classify_mod/com.archie.tf_classify_mod.archie_mods.ModifiedClassifierActivity} drawState=4
11-13 20:45:17.361  1120 12988 I ActivityManager: Killing 25062:com.archie.tf_classify_mod:FrameLoggerService/u0a144 (adj 200): stop com.archie.tf_classify_mod
11-13 20:45:17.361  1120 12988 W ActivityManager: Scheduling restart of crashed service com.archie.tf_classify_mod/edu.temple.gtc_core.services.FrameLoggerService in 1000ms
11-13 20:45:17.362  1120 12988 I ActivityManager: Killing 25056:com.archie.tf_classify_mod:ResourceLoggerService/u0a144 (adj 200): stop com.archie.tf_classify_mod
11-13 20:45:17.362  1120 12988 W ActivityManager: Scheduling restart of crashed service com.archie.tf_classify_mod/edu.temple.gtc_core.services.ResourceLoggerService in 10999ms
11-13 20:45:17.363  1120 12988 I ActivityManager:   Force stopping service ServiceRecord{c296aa7 u0 com.archie.tf_classify_mod/edu.temple.gtc_core.services.FrameLoggerService}
11-13 20:45:17.363  1120 12988 I ActivityManager:   Force stopping service ServiceRecord{2650766 u0 com.archie.tf_classify_mod/edu.temple.gtc_core.services.ResourceLoggerService}
11-13 20:45:17.378  1120  1626 I WindowManager: WIN DEATH: Window{65f248d u0 com.archie.tf_classify_mod}
11-13 20:45:17.383  1120  1669 I WindowManager: WIN DEATH: Window{6c4b97 u0 com.archie.tf_classify_mod}
11-13 20:45:17.391  1120  3062 I WindowManager: WIN DEATH: Window{7b08f31 u0 com.archie.tf_classify_mod}
11-13 20:45:19.564  1120 12988 I ActivityManager: START u0 {flg=0x10000000 cmp=com.archie.tf_classify_mod/.archie_mods.ModifiedClassifierActivity (has extras)} from uid 2000
11-13 20:45:19.586  1120  1131 I ActivityManager: Start proc 25204:com.archie.tf_classify_mod/u0a144 for activity com.archie.tf_classify_mod/.archie_mods.ModifiedClassifierActivity
11-13 20:45:20.469  1120 12988 I ActivityManager: Start proc 25238:com.archie.tf_classify_mod:ResourceLoggerService/u0a144 for service com.archie.tf_classify_mod/edu.temple.gtc_core.services.ResourceLoggerService
11-13 20:45:20.480  1120 12988 I ActivityManager: Start proc 25244:com.archie.tf_classify_mod:FrameLoggerService/u0a144 for service com.archie.tf_classify_mod/edu.temple.gtc_core.services.FrameLoggerService
11-13 20:46:22.499 25204 25349 E AndroidRuntime: FATAL EXCEPTION: Timer-2
11-13 20:46:22.499 25204 25349 E AndroidRuntime: Process: com.archie.tf_classify_mod, PID: 25204
11-13 20:46:22.499 25204 25349 E AndroidRuntime: java.lang.IllegalStateException: Timer already cancelled.
11-13 20:46:22.499 25204 25349 E AndroidRuntime: 	at java.util.Timer.sched(Timer.java:397)
11-13 20:46:22.499 25204 25349 E AndroidRuntime: 	at java.util.Timer.schedule(Timer.java:248)
11-13 20:46:22.499 25204 25349 E AndroidRuntime: 	at edu.temple.gtc_core.async.AsyncUxCollector$2.run(AsyncUxCollector.java:77)
11-13 20:46:22.499 25204 25349 E AndroidRuntime: 	at java.util.TimerThread.mainLoop(Timer.java:555)
11-13 20:46:22.499 25204 25349 E AndroidRuntime: 	at java.util.TimerThread.run(Timer.java:505)
11-13 20:46:22.519  1120  1139 I ActivityManager: Showing crash dialog for package com.archie.tf_classify_mod u0
11-13 20:46:50.030  1120  3061 I ActivityManager: Force stopping com.archie.tf_classify_mod appid=10144 user=0: from pid 25407
11-13 20:46:50.030  1120  3061 I ActivityManager: Killing 25204:com.archie.tf_classify_mod/u0a144 (adj 900): stop com.archie.tf_classify_mod
11-13 20:46:50.044  1120  3061 I ActivityManager: Killing 25244:com.archie.tf_classify_mod:FrameLoggerService/u0a144 (adj 200): stop com.archie.tf_classify_mod
11-13 20:46:50.078  1120  3061 I ActivityManager: Killing 25238:com.archie.tf_classify_mod:ResourceLoggerService/u0a144 (adj 200): stop com.archie.tf_classify_mod
11-13 20:46:50.079  1120  1601 I WindowManager: WIN DEATH: Window{ca6361b u0 com.archie.tf_classify_mod}
11-13 20:46:50.084  1120  3062 W ActivityManager: Ignoring remove of inactive process: ProcessRecord{3d9276e 0:com.archie.tf_classify_mod/u0a144}
11-13 20:46:50.101  1120  3062 I WindowManager: WIN DEATH: Window{3aa8591 u0 com.archie.tf_classify_mod}
11-13 20:46:50.124  1120  3062 W ActivityManager: Invalid packageName: com.archie.tf_classify_mod
11-13 20:46:50.169  1120  3062 I ActivityManager: START u0 {flg=0x10000000 cmp=com.archie.tf_classify_mod/.archie_mods.ModifiedClassifierActivity (has extras)} from uid 2000
11-13 20:46:50.187  1120  3061 I ActivityManager: Start proc 25418:com.archie.tf_classify_mod/u0a144 for activity com.archie.tf_classify_mod/.archie_mods.ModifiedClassifierActivity
11-13 20:46:51.084  1120  3061 I ActivityManager: Start proc 25456:com.archie.tf_classify_mod:ResourceLoggerService/u0a144 for service com.archie.tf_classify_mod/edu.temple.gtc_core.services.ResourceLoggerService
11-13 20:46:51.097  1120  3061 I ActivityManager: Start proc 25469:com.archie.tf_classify_mod:FrameLoggerService/u0a144 for service com.archie.tf_classify_mod/edu.temple.gtc_core.services.FrameLoggerService
11-13 20:47:53.105 25418 25571 E AndroidRuntime: FATAL EXCEPTION: Timer-2
11-13 20:47:53.105 25418 25571 E AndroidRuntime: Process: com.archie.tf_classify_mod, PID: 25418
11-13 20:47:53.105 25418 25571 E AndroidRuntime: java.lang.IllegalStateException: Timer already cancelled.
11-13 20:47:53.105 25418 25571 E AndroidRuntime: 	at java.util.Timer.sched(Timer.java:397)
11-13 20:47:53.105 25418 25571 E AndroidRuntime: 	at java.util.Timer.schedule(Timer.java:248)
11-13 20:47:53.105 25418 25571 E AndroidRuntime: 	at edu.temple.gtc_core.async.AsyncUxCollector$2.run(AsyncUxCollector.java:77)
11-13 20:47:53.105 25418 25571 E AndroidRuntime: 	at java.util.TimerThread.mainLoop(Timer.java:555)
11-13 20:47:53.105 25418 25571 E AndroidRuntime: 	at java.util.TimerThread.run(Timer.java:505)
11-13 20:47:53.130  1120  1139 I ActivityManager: Showing crash dialog for package com.archie.tf_classify_mod u0
11-13 20:48:20.571  1120  3062 I ActivityManager: Force stopping com.archie.tf_classify_mod appid=10144 user=0: from pid 25628
11-13 20:48:20.571  1120  3062 I ActivityManager: Killing 25418:com.archie.tf_classify_mod/u0a144 (adj 900): stop com.archie.tf_classify_mod
11-13 20:48:20.586  1120  3062 I ActivityManager: Killing 25469:com.archie.tf_classify_mod:FrameLoggerService/u0a144 (adj 200): stop com.archie.tf_classify_mod
11-13 20:48:20.619  1120  3062 I ActivityManager: Killing 25456:com.archie.tf_classify_mod:ResourceLoggerService/u0a144 (adj 200): stop com.archie.tf_classify_mod
11-13 20:48:20.620  1120 31012 I WindowManager: WIN DEATH: Window{d3e87f7 u0 com.archie.tf_classify_mod}
11-13 20:48:20.626  1120  1669 W ActivityManager: Ignoring remove of inactive process: ProcessRecord{bd8919c 0:com.archie.tf_classify_mod/u0a144}
11-13 20:48:20.636  1120  1601 I WindowManager: WIN DEATH: Window{550e32a u0 com.archie.tf_classify_mod}
11-13 20:48:20.676  1120  1669 W ActivityManager: Invalid packageName: com.archie.tf_classify_mod
11-13 20:48:20.774  1120  1669 I ActivityManager: START u0 {flg=0x10000000 cmp=com.archie.tf_classify_mod/.archie_mods.ModifiedClassifierActivity (has extras)} from uid 2000
11-13 20:48:20.796  1120  1601 I ActivityManager: Start proc 25643:com.archie.tf_classify_mod/u0a144 for activity com.archie.tf_classify_mod/.archie_mods.ModifiedClassifierActivity
11-13 20:48:21.685  1120 31012 I ActivityManager: Start proc 25714:com.archie.tf_classify_mod:ResourceLoggerService/u0a144 for service com.archie.tf_classify_mod/edu.temple.gtc_core.services.ResourceLoggerService
11-13 20:48:21.697  1120  1601 I ActivityManager: Start proc 25720:com.archie.tf_classify_mod:FrameLoggerService/u0a144 for service com.archie.tf_classify_mod/edu.temple.gtc_core.services.FrameLoggerService
11-13 20:50:20.540  1120  1601 I ActivityManager: Force stopping com.archie.tf_classify_mod appid=10144 user=0: from pid 26569
11-13 20:50:20.541  1120  1601 I ActivityManager: Killing 25643:com.archie.tf_classify_mod/u0a144 (adj 0): stop com.archie.tf_classify_mod
11-13 20:50:20.542  1120  1601 W ActivityManager: Force removing ActivityRecord{17a5812 u0 com.archie.tf_classify_mod/.archie_mods.ModifiedClassifierActivity t565}: app died, no saved state
11-13 20:50:20.543  1120  1601 I WindowManager: Failed to capture screenshot of Token{7d92be3 ActivityRecord{17a5812 u0 com.archie.tf_classify_mod/.archie_mods.ModifiedClassifierActivity t565 f}} appWin=Window{70f683c u0 com.archie.tf_classify_mod/com.archie.tf_classify_mod.archie_mods.ModifiedClassifierActivity} drawState=4
11-13 20:50:20.549  1120  1601 I ActivityManager: Killing 25720:com.archie.tf_classify_mod:FrameLoggerService/u0a144 (adj 200): stop com.archie.tf_classify_mod
11-13 20:50:20.549  1120  1601 W ActivityManager: Scheduling restart of crashed service com.archie.tf_classify_mod/edu.temple.gtc_core.services.FrameLoggerService in 1000ms
11-13 20:50:20.549  1120  1601 I ActivityManager: Killing 25714:com.archie.tf_classify_mod:ResourceLoggerService/u0a144 (adj 200): stop com.archie.tf_classify_mod
11-13 20:50:20.550  1120  1601 W ActivityManager: Scheduling restart of crashed service com.archie.tf_classify_mod/edu.temple.gtc_core.services.ResourceLoggerService in 11000ms
11-13 20:50:20.550  1120  1601 I ActivityManager:   Force stopping service ServiceRecord{b1ef840 u0 com.archie.tf_classify_mod/edu.temple.gtc_core.services.FrameLoggerService}
11-13 20:50:20.550  1120  1601 I ActivityManager:   Force stopping service ServiceRecord{3d257c3 u0 com.archie.tf_classify_mod/edu.temple.gtc_core.services.ResourceLoggerService}
11-13 20:50:20.580  1120  1601 I WindowManager: WIN DEATH: Window{f00f170 u0 com.archie.tf_classify_mod}
11-13 20:50:20.583  1120  1669 I WindowManager: WIN DEATH: Window{bc47122 u0 com.archie.tf_classify_mod}
11-13 20:50:20.591  1120  1601 I WindowManager: WIN DEATH: Window{93be00e u0 com.archie.tf_classify_mod}
11-13 20:50:20.594  1120  1130 W ActivityManager: Invalid packageName: com.archie.tf_classify_mod
11-13 20:51:57.102  1120  1669 I ActivityManager: START u0 {flg=0x10000000 cmp=com.archie.tf_classify_mod/.archie_mods.ModifiedClassifierActivity (has extras)} from uid 2000
11-13 20:51:57.113  1120  1668 I ActivityManager: Start proc 26613:com.archie.tf_classify_mod/u0a144 for activity com.archie.tf_classify_mod/.archie_mods.ModifiedClassifierActivity
11-13 20:51:57.984  1120  1130 I ActivityManager: Start proc 26651:com.archie.tf_classify_mod:ResourceLoggerService/u0a144 for service com.archie.tf_classify_mod/edu.temple.gtc_core.services.ResourceLoggerService
11-13 20:51:57.996  1120  1669 I ActivityManager: Start proc 26657:com.archie.tf_classify_mod:FrameLoggerService/u0a144 for service com.archie.tf_classify_mod/edu.temple.gtc_core.services.FrameLoggerService
11-13 20:57:27.787  1120  1668 I ActivityManager: Force stopping com.archie.tf_classify_mod appid=10144 user=0: from pid 26924
11-13 20:57:27.788  1120  1668 I ActivityManager: Killing 26613:com.archie.tf_classify_mod/u0a144 (adj 900): stop com.archie.tf_classify_mod
11-13 20:57:27.791  1120  1668 I ActivityManager: Killing 26657:com.archie.tf_classify_mod:FrameLoggerService/u0a144 (adj 200): stop com.archie.tf_classify_mod
11-13 20:57:27.794  1120  1668 I ActivityManager: Killing 26651:com.archie.tf_classify_mod:ResourceLoggerService/u0a144 (adj 200): stop com.archie.tf_classify_mod
11-13 20:57:27.823  1120  1668 I WindowManager: WIN DEATH: Window{1cd323f u0 com.archie.tf_classify_mod}
11-13 20:57:27.826  1120  2991 I WindowManager: WIN DEATH: Window{b1d9855 u0 com.archie.tf_classify_mod}
11-13 20:57:27.850  1120  3062 W ActivityManager: Invalid packageName: com.archie.tf_classify_mod
11-13 20:57:27.893  1120  3062 I ActivityManager: START u0 {flg=0x10000000 cmp=com.archie.tf_classify_mod/.archie_mods.ModifiedClassifierActivity (has extras)} from uid 2000
11-13 20:57:27.910  1120  3005 I ActivityManager: Start proc 26935:com.archie.tf_classify_mod/u0a144 for activity com.archie.tf_classify_mod/.archie_mods.ModifiedClassifierActivity
11-13 20:57:29.016  1120  1342 I ActivityManager: Start proc 26975:com.archie.tf_classify_mod:ResourceLoggerService/u0a144 for service com.archie.tf_classify_mod/edu.temple.gtc_core.services.ResourceLoggerService
11-13 20:57:29.028  1120  1342 I ActivityManager: Start proc 26981:com.archie.tf_classify_mod:FrameLoggerService/u0a144 for service com.archie.tf_classify_mod/edu.temple.gtc_core.services.FrameLoggerService
11-13 21:02:28.656  1120  1138 W ActivityManager: Activity pause timeout for ActivityRecord{73ee5ac u0 com.archie.tf_classify_mod/.archie_mods.ModifiedClassifierActivity t567 f}
11-13 21:02:58.612  1120  1342 I ActivityManager: Force stopping com.archie.tf_classify_mod appid=10144 user=0: from pid 27268
11-13 21:02:58.612  1120  1342 I ActivityManager: Killing 26935:com.archie.tf_classify_mod/u0a144 (adj 900): stop com.archie.tf_classify_mod
11-13 21:02:58.616  1120  1342 I ActivityManager: Killing 26981:com.archie.tf_classify_mod:FrameLoggerService/u0a144 (adj 200): stop com.archie.tf_classify_mod
11-13 21:02:58.619  1120  1342 I ActivityManager: Killing 26975:com.archie.tf_classify_mod:ResourceLoggerService/u0a144 (adj 200): stop com.archie.tf_classify_mod
11-13 21:02:58.638  1120  3004 I WindowManager: WIN DEATH: Window{62ea7c5 u0 com.archie.tf_classify_mod}
11-13 21:02:58.644  1120  1668 I WindowManager: WIN DEATH: Window{9e99110 u0 com.archie.tf_classify_mod}
11-13 21:02:58.676  1120  1668 W ActivityManager: Invalid packageName: com.archie.tf_classify_mod
11-13 21:02:58.780  1120  1668 I ActivityManager: START u0 {flg=0x10000000 cmp=com.archie.tf_classify_mod/.archie_mods.ModifiedClassifierActivity (has extras)} from uid 2000
11-13 21:02:58.799  1120  1342 I ActivityManager: Start proc 27279:com.archie.tf_classify_mod/u0a144 for activity com.archie.tf_classify_mod/.archie_mods.ModifiedClassifierActivity
11-13 21:02:59.673  1120  3062 I ActivityManager: Start proc 27318:com.archie.tf_classify_mod:ResourceLoggerService/u0a144 for service com.archie.tf_classify_mod/edu.temple.gtc_core.services.ResourceLoggerService
11-13 21:02:59.685  1120  1342 I ActivityManager: Start proc 27326:com.archie.tf_classify_mod:FrameLoggerService/u0a144 for service com.archie.tf_classify_mod/edu.temple.gtc_core.services.FrameLoggerService
11-13 21:08:29.499  1120  1131 I ActivityManager: Force stopping com.archie.tf_classify_mod appid=10144 user=0: from pid 27586
11-13 21:08:29.500  1120  1131 I ActivityManager: Killing 27279:com.archie.tf_classify_mod/u0a144 (adj 900): stop com.archie.tf_classify_mod
11-13 21:08:29.502  1120  1131 I ActivityManager: Killing 27326:com.archie.tf_classify_mod:FrameLoggerService/u0a144 (adj 200): stop com.archie.tf_classify_mod
11-13 21:08:29.504  1120  1131 I ActivityManager: Killing 27318:com.archie.tf_classify_mod:ResourceLoggerService/u0a144 (adj 200): stop com.archie.tf_classify_mod
11-13 21:08:29.521  1120  1342 I WindowManager: WIN DEATH: Window{9ef0d3 u0 com.archie.tf_classify_mod}
11-13 21:08:29.523  1120  1641 I WindowManager: WIN DEATH: Window{21a8b0d u0 com.archie.tf_classify_mod}
11-13 21:08:29.548  1120  1131 W ActivityManager: Invalid packageName: com.archie.tf_classify_mod
11-13 21:08:29.607  1120  1131 I ActivityManager: START u0 {flg=0x10000000 cmp=com.archie.tf_classify_mod/.archie_mods.ModifiedClassifierActivity (has extras)} from uid 2000
11-13 21:08:29.625  1120  2989 I ActivityManager: Start proc 27597:com.archie.tf_classify_mod/u0a144 for activity com.archie.tf_classify_mod/.archie_mods.ModifiedClassifierActivity
11-13 21:08:30.925  1120  1131 I ActivityManager: Start proc 27637:com.archie.tf_classify_mod:ResourceLoggerService/u0a144 for service com.archie.tf_classify_mod/edu.temple.gtc_core.services.ResourceLoggerService
11-13 21:08:30.937  1120 12988 I ActivityManager: Start proc 27642:com.archie.tf_classify_mod:FrameLoggerService/u0a144 for service com.archie.tf_classify_mod/edu.temple.gtc_core.services.FrameLoggerService
11-13 21:14:00.319  1120  3004 I ActivityManager: Force stopping com.archie.tf_classify_mod appid=10144 user=0: from pid 27899
11-13 21:14:00.319  1120  3004 I ActivityManager: Killing 27597:com.archie.tf_classify_mod/u0a144 (adj 900): stop com.archie.tf_classify_mod
11-13 21:14:00.326  1120  3004 I ActivityManager: Killing 27642:com.archie.tf_classify_mod:FrameLoggerService/u0a144 (adj 200): stop com.archie.tf_classify_mod
11-13 21:14:00.330  1120  3004 I ActivityManager: Killing 27637:com.archie.tf_classify_mod:ResourceLoggerService/u0a144 (adj 200): stop com.archie.tf_classify_mod
11-13 21:14:00.350  1120 12988 I WindowManager: WIN DEATH: Window{3c7987d u0 com.archie.tf_classify_mod}
11-13 21:14:00.353  1120  3057 I WindowManager: WIN DEATH: Window{a3aa941 u0 com.archie.tf_classify_mod}
11-13 21:14:00.374  1120  3004 W ActivityManager: Invalid packageName: com.archie.tf_classify_mod
11-13 21:14:00.419  1120  3004 I ActivityManager: START u0 {flg=0x10000000 cmp=com.archie.tf_classify_mod/.archie_mods.ModifiedClassifierActivity (has extras)} from uid 2000
11-13 21:14:00.433  1120  3057 I ActivityManager: Start proc 27910:com.archie.tf_classify_mod/u0a144 for activity com.archie.tf_classify_mod/.archie_mods.ModifiedClassifierActivity
11-13 21:14:01.309  1120  3004 I ActivityManager: Start proc 27949:com.archie.tf_classify_mod:ResourceLoggerService/u0a144 for service com.archie.tf_classify_mod/edu.temple.gtc_core.services.ResourceLoggerService
11-13 21:14:01.320  1120  3004 I ActivityManager: Start proc 27956:com.archie.tf_classify_mod:FrameLoggerService/u0a144 for service com.archie.tf_classify_mod/edu.temple.gtc_core.services.FrameLoggerService
--------- beginning of main
11-13 21:16:22.148 27910 27932 I chatty  : uid=10144(com.archie.tf_classify_mod) expire 164 lines
11-13 21:16:22.206 27910 27931 I chatty  : uid=10144(com.archie.tf_classify_mod) expire 182 lines
11-13 21:16:24.821 27910 27932 I chatty  : uid=10144(com.archie.tf_classify_mod) expire 328 lines
11-13 21:16:27.436 27910 27931 I chatty  : uid=10144(com.archie.tf_classify_mod) expire 182 lines
11-13 21:16:30.088 27910 27932 I chatty  : uid=10144(com.archie.tf_classify_mod) expire 154 lines
11-13 21:16:30.563 27956 27976 I chatty  : uid=10144(com.archie.tf_classify_mod) Jit thread pool expire 3 lines
11-13 21:16:31.497 28123 28123 I chatty  : uid=10144(com.archie.tf_classify_mod) top expire 2 lines
11-13 21:16:31.679 27956 27956 I chatty  : uid=10144 com.archie.tf_classify_mod:FrameLoggerService expire 2 lines
11-13 21:16:31.820 27949 28122 I chatty  : uid=10144 com.archie.tf_classify_mod:ResourceLoggerService expire 3 lines
11-13 21:16:32.542 27910 27932 I chatty  : uid=10144(com.archie.tf_classify_mod) expire 164 lines
11-13 21:16:32.714 27910 27931 I chatty  : uid=10144(com.archie.tf_classify_mod) expire 182 lines
11-13 21:16:35.107 27910 27932 I chatty  : uid=10144(com.archie.tf_classify_mod) expire 325 lines
11-13 21:16:37.920 27910 27931 I chatty  : uid=10144(com.archie.tf_classify_mod) expire 91 lines
11-13 21:16:39.379 27949 27961 I chatty  : uid=10144(com.archie.tf_classify_mod) Jit thread pool expire 3 lines
11-13 21:16:40.306 27910 27932 I chatty  : uid=10144(com.archie.tf_classify_mod) expire 162 lines
11-13 21:16:40.457 27910 27931 I chatty  : uid=10144(com.archie.tf_classify_mod) expire 91 lines
11-13 21:16:41.690 27956 27956 I chatty  : uid=10144 com.archie.tf_classify_mod:FrameLoggerService expire 2 lines
11-13 21:16:42.903 27910 27932 I chatty  : uid=10144(com.archie.tf_classify_mod) expire 164 lines
11-13 21:16:43.049 27910 27931 I chatty  : uid=10144(com.archie.tf_classify_mod) expire 182 lines
11-13 21:16:45.557 27910 27932 I chatty  : uid=10144(com.archie.tf_classify_mod) expire 330 lines
11-13 21:16:48.331 27910 27931 I chatty  : uid=10144(com.archie.tf_classify_mod) expire 182 lines
11-13 21:16:50.823 27910 27932 I chatty  : uid=10144(com.archie.tf_classify_mod) expire 160 lines
11-13 21:16:51.701 27956 27956 I chatty  : uid=10144 com.archie.tf_classify_mod:FrameLoggerService expire 2 lines
11-13 21:16:53.315 27910 27932 I chatty  : uid=10144(com.archie.tf_classify_mod) expire 164 lines
11-13 21:16:53.469 27910 27931 I chatty  : uid=10144(com.archie.tf_classify_mod) expire 182 lines
11-13 21:16:55.959 27910 27932 I chatty  : uid=10144(com.archie.tf_classify_mod) expire 328 lines
11-13 21:16:58.835 27910 27931 I chatty  : uid=10144(com.archie.tf_classify_mod) expire 175 lines
11-13 21:17:01.274 27910 27932 I chatty  : uid=10144(com.archie.tf_classify_mod) expire 163 lines
11-13 21:17:01.517 28132 28132 I chatty  : uid=10144(com.archie.tf_classify_mod) top expire 2 lines
11-13 21:17:01.711 27956 27956 I chatty  : uid=10144 com.archie.tf_classify_mod:FrameLoggerService expire 2 lines
11-13 21:17:01.819 27949 28131 I chatty  : uid=10144 com.archie.tf_classify_mod:ResourceLoggerService expire 3 lines
11-13 21:17:03.340 27910 28135 I chatty  : uid=10144(com.archie.tf_classify_mod) expire 1 line
11-13 21:17:03.866 27910 27932 I chatty  : uid=10144(com.archie.tf_classify_mod) expire 164 lines
11-13 21:17:03.891 27910 27931 I chatty  : uid=10144(com.archie.tf_classify_mod) expire 182 lines
11-13 21:17:06.459 27910 27932 I chatty  : uid=10144(com.archie.tf_classify_mod) expire 323 lines
11-13 21:17:09.129 27910 27931 I chatty  : uid=10144(com.archie.tf_classify_mod) expire 182 lines
11-13 21:17:11.641 27910 27932 I chatty  : uid=10144(com.archie.tf_classify_mod) expire 167 lines
11-13 21:17:11.722 27956 27956 I chatty  : uid=10144 com.archie.tf_classify_mod:FrameLoggerService expire 2 lines
11-13 21:17:14.382 27910 27931 I chatty  : uid=10144(com.archie.tf_classify_mod) expire 91 lines
11-13 21:17:14.400 27910 27932 I chatty  : uid=10144(com.archie.tf_classify_mod) expire 324 lines
11-13 21:17:17.000 27910 27931 I chatty  : uid=10144(com.archie.tf_classify_mod) expire 183 lines
11-13 21:17:19.584 27910 27932 I chatty  : uid=10144(com.archie.tf_classify_mod) expire 165 lines
11-13 21:17:21.732 27956 27956 I chatty  : uid=10144 com.archie.tf_classify_mod:FrameLoggerService expire 2 lines
11-13 21:17:22.179 27910 27931 I chatty  : uid=10144(com.archie.tf_classify_mod) expire 92 lines
11-13 21:17:22.218 27910 27932 I chatty  : uid=10144(com.archie.tf_classify_mod) expire 326 lines
11-13 21:17:24.770 27910 27931 I chatty  : uid=10144(com.archie.tf_classify_mod) expire 187 lines
11-13 21:17:27.443 27910 27932 I chatty  : uid=10144(com.archie.tf_classify_mod) expire 322 lines
11-13 21:17:30.104 27910 27931 I chatty  : uid=10144(com.archie.tf_classify_mod) expire 86 lines
11-13 21:17:31.507 28142 28142 I chatty  : uid=10144(com.archie.tf_classify_mod) top expire 2 lines
11-13 21:17:31.742 27956 27956 I chatty  : uid=10144 com.archie.tf_classify_mod:FrameLoggerService expire 2 lines
11-13 21:17:31.816 27949 28141 I chatty  : uid=10144 com.archie.tf_classify_mod:ResourceLoggerService expire 3 lines
11-13 21:17:32.549 27910 27931 I chatty  : uid=10144(com.archie.tf_classify_mod) expire 89 lines
11-13 21:17:32.586 27910 27932 I chatty  : uid=10144(com.archie.tf_classify_mod) expire 330 lines
11-13 21:17:35.411 27910 27931 I chatty  : uid=10144(com.archie.tf_classify_mod) expire 178 lines
11-13 21:17:37.996 27910 27932 I chatty  : uid=10144(com.archie.tf_classify_mod) expire 333 lines
11-13 21:17:40.789 27910 27931 I chatty  : uid=10144(com.archie.tf_classify_mod) expire 88 lines
11-13 21:17:41.752 27956 27956 I chatty  : uid=10144 com.archie.tf_classify_mod:FrameLoggerService expire 2 lines
11-13 21:17:43.623 27910 27932 I chatty  : uid=10144(com.archie.tf_classify_mod) expire 164 lines
11-13 21:17:43.736 27910 27931 I chatty  : uid=10144(com.archie.tf_classify_mod) expire 181 lines
11-13 21:17:46.289 27910 27932 I chatty  : uid=10144(com.archie.tf_classify_mod) expire 333 lines
11-13 21:17:49.098 27910 27931 I chatty  : uid=10144(com.archie.tf_classify_mod) expire 85 lines
11-13 21:17:51.762 27956 27956 I chatty  : uid=10144 com.archie.tf_classify_mod:FrameLoggerService expire 2 lines
11-13 21:17:51.859 27910 27932 I chatty  : uid=10144(com.archie.tf_classify_mod) expire 164 lines
11-13 21:17:51.878 27910 27931 I chatty  : uid=10144(com.archie.tf_classify_mod) expire 180 lines
11-13 21:17:54.616 27910 27932 I chatty  : uid=10144(com.archie.tf_classify_mod) expire 164 lines
11-13 21:17:57.200 27910 27915 I chatty  : uid=10144(com.archie.tf_classify_mod) Jit thread pool expire 2 lines
11-13 21:17:57.416 27910 27931 I chatty  : uid=10144(com.archie.tf_classify_mod) expire 86 lines
11-13 21:17:57.418 27910 27932 I chatty  : uid=10144(com.archie.tf_classify_mod) expire 326 lines
11-13 21:18:00.179 27910 27931 I chatty  : uid=10144(com.archie.tf_classify_mod) expire 91 lines
11-13 21:18:01.497 28154 28154 I chatty  : uid=10144(com.archie.tf_classify_mod) top expire 2 lines
11-13 21:18:01.773 27956 27956 I chatty  : uid=10144 com.archie.tf_classify_mod:FrameLoggerService expire 2 lines
11-13 21:18:01.805 27949 28153 I chatty  : uid=10144 com.archie.tf_classify_mod:ResourceLoggerService expire 3 lines
11-13 21:18:02.769 27910 27932 I chatty  : uid=10144(com.archie.tf_classify_mod) expire 170 lines
11-13 21:18:02.975 27910 27931 I chatty  : uid=10144(com.archie.tf_classify_mod) expire 84 lines
11-13 21:18:03.326 27910 28158 I chatty  : uid=10144(com.archie.tf_classify_mod) expire 1 line
11-13 21:18:05.670 27910 27931 I chatty  : uid=10144(com.archie.tf_classify_mod) expire 91 lines
11-13 21:18:05.695 27910 27932 I chatty  : uid=10144(com.archie.tf_classify_mod) expire 328 lines
11-13 21:18:08.490 27910 27931 I chatty  : uid=10144(com.archie.tf_classify_mod) expire 175 lines
11-13 21:18:11.231 27910 27932 I chatty  : uid=10144(com.archie.tf_classify_mod) expire 169 lines
11-13 21:18:11.782 27956 27956 I chatty  : uid=10144 com.archie.tf_classify_mod:FrameLoggerService expire 2 lines
11-13 21:18:14.057 27910 27932 I chatty  : uid=10144(com.archie.tf_classify_mod) expire 164 lines
11-13 21:18:14.072 27910 27931 I chatty  : uid=10144(com.archie.tf_classify_mod) expire 182 lines
11-13 21:18:16.898 27910 27932 I chatty  : uid=10144(com.archie.tf_classify_mod) expire 331 lines
11-13 21:18:19.804 27910 27931 I chatty  : uid=10144(com.archie.tf_classify_mod) expire 86 lines
11-13 21:18:21.792 27956 27956 I chatty  : uid=10144 com.archie.tf_classify_mod:FrameLoggerService expire 2 lines
11-13 21:18:22.473 27910 27931 I chatty  : uid=10144(com.archie.tf_classify_mod) expire 89 lines
11-13 21:18:22.501 27910 27932 I chatty  : uid=10144(com.archie.tf_classify_mod) expire 330 lines
11-13 21:18:25.274 27910 27931 I chatty  : uid=10144(com.archie.tf_classify_mod) expire 182 lines
11-13 21:18:28.060 27910 27932 I chatty  : uid=10144(com.archie.tf_classify_mod) expire 328 lines
11-13 21:18:31.049 27910 27931 I chatty  : uid=10144(com.archie.tf_classify_mod) expire 84 lines
11-13 21:18:31.501 28164 28164 I chatty  : uid=10144(com.archie.tf_classify_mod) top expire 2 lines
11-13 21:18:31.781 27949 28163 I chatty  : uid=10144 com.archie.tf_classify_mod:ResourceLoggerService expire 3 lines
11-13 21:18:31.803 27956 27956 I chatty  : uid=10144 com.archie.tf_classify_mod:FrameLoggerService expire 2 lines
11-13 21:18:33.619 27910 27932 I chatty  : uid=10144(com.archie.tf_classify_mod) expire 164 lines
11-13 21:18:33.725 27910 27931 I chatty  : uid=10144(com.archie.tf_classify_mod) expire 176 lines
11-13 21:18:36.396 27910 27932 I chatty  : uid=10144(com.archie.tf_classify_mod) expire 333 lines
11-13 21:18:39.264 27910 27931 I chatty  : uid=10144(com.archie.tf_classify_mod) expire 90 lines
11-13 21:18:41.814 27956 27956 I chatty  : uid=10144 com.archie.tf_classify_mod:FrameLoggerService expire 2 lines
11-13 21:18:42.101 27910 27932 I chatty  : uid=10144(com.archie.tf_classify_mod) expire 166 lines
11-13 21:18:42.277 27910 27931 I chatty  : uid=10144(com.archie.tf_classify_mod) expire 89 lines
11-13 21:19:00.838 27910 27910 D tf_classify_mod: ModifiedClassifierActivity: onPause com.archie.tf_classify_mod.archie_mods.ModifiedClassifierActivity@1ae6d11
11-13 21:19:01.157 27910 27910 D tf_classify_mod: ModifiedClassifierActivity: onStop com.archie.tf_classify_mod.archie_mods.ModifiedClassifierActivity@1ae6d11
11-13 21:19:01.160 27910 27910 D tf_classify_mod: ModifiedClassifierActivity: onDestroy com.archie.tf_classify_mod.archie_mods.ModifiedClassifierActivity@1ae6d11
11-13 21:19:01.175 27910 27910 I GtcCore : Output directory created at: /storage/emulated/0/Android/data/com.archie.tf_classify_mod/files/20181113_091901_audio
11-13 21:19:01.177 27956 27956 D GtcCore : Writing resource stats to file: /storage/emulated/0/Android/data/com.archie.tf_classify_mod/files/20181113_091901_FrameStats.txt
11-13 21:19:01.178  3044  3234 D BaseStreamManager: Promised remove @ r#9680 for StreamItemIdAndRevision{notifKey=0|com.archie.tf_classify_mod|543|null|10144, packageName=com.archie.tf_classify_mod, id=543, revision=0, originalRevision=0, updateCount=0} (@9679): SBN removed: StreamItemIdAndRevision{notifKey=0|com.archie.tf_classify_mod|543|null|10144, packageName=com.archie.tf_classify_mod, id=543, revision=0, originalRevision=0, updateCount=0}
11-13 21:19:01.180 27910 27910 D GtcCore : Writing resource stats to file: /storage/emulated/0/Android/data/com.archie.tf_classify_mod/files/20181113_091901_UxResults.csv
11-13 21:19:01.181 27949 27949 D GtcCore : Writing resource stats to file: /storage/emulated/0/Android/data/com.archie.tf_classify_mod/files/20181113_091901_ResourceStats_TfClassify_Mod.txt
11-13 21:19:01.184  3044  3234 D BaseStreamManager: Promised remove @ r#9681 for StreamItemIdAndRevision{notifKey=0|com.archie.tf_classify_mod|643|null|10144, packageName=com.archie.tf_classify_mod, id=643, revision=0, originalRevision=0, updateCount=0} (@9680): SBN removed: StreamItemIdAndRevision{notifKey=0|com.archie.tf_classify_mod|643|null|10144, packageName=com.archie.tf_classify_mod, id=643, revision=0, originalRevision=0, updateCount=0}
11-13 21:19:01.215 27910 27910 D GtcCore : Writing resource stats to file: /storage/emulated/0/Android/data/com.archie.tf_classify_mod/files/20181113_091901_ClassificationResults.csv
11-13 21:19:01.237 27910 27910 I opencv_colorblob_mod: BaseApplication: Writing resource stats to file: /storage/emulated/0/Android/data/com.archie.tf_classify_mod/files/20181113_091901_frames.csv
11-13 21:19:01.316   815  6448 I Camera2ClientBase: Closed Camera 0. Client was: com.archie.tf_classify_mod (PID 27910, UID 10144)
11-13 21:19:01.459 27910 27910 I opencv_colorblob_mod: BaseApplication: Writing resource stats to file: /storage/emulated/0/Android/data/com.archie.tf_classify_mod/files/20181113_091901_classification.csv
11-13 21:19:01.460 27910 27910 I opencv_colorblob_mod: BaseApplication: Writing resource stats to file: /storage/emulated/0/Android/data/com.archie.tf_classify_mod/files/20181113_091901_execSettings.csv
11-13 21:19:01.710  3044  3234 D BaseStreamManager: Promised remove @ r#9683 for StreamItemIdAndRevision{notifKey=0|android|0|com.android.server.wm.AlertWindowNotification - com.archie.tf_classify_mod|1000, packageName=android, tag=com.android.server.wm.AlertWindowNotification - com.archie.tf_classify_mod, id=0, revision=0, originalRevision=0, updateCount=0} (@9682): SBN removed: StreamItemIdAndRevision{notifKey=0|android|0|com.android.server.wm.AlertWindowNotification - com.archie.tf_classify_mod|1000, packageName=android, tag=com.android.server.wm.AlertWindowNotification - com.archie.tf_classify_mod, id=0, revision=0, originalRevision=0, updateCount=0}
