--------- beginning of system
--------- beginning of crash
11-13 20:45:05.360  1120  1138 I ActivityManager: Force stopping com.archie.tf_classify_mod appid=10144 user=-1: installPackageLI
11-13 20:45:05.490  1120  1154 I PackageManager: Package com.archie.tf_classify_mod codePath changed from /data/app/com.archie.tf_classify_mod-ZF1gtMN2LIc_rqnkMskQIw== to /data/app/com.archie.tf_classify_mod-BQ_B6d1tvInfXA01rSYBPQ==; Retaining data and using new
11-13 20:45:05.491  1120  1154 W PackageManager: Code path for com.archie.tf_classify_mod changing from /data/app/com.archie.tf_classify_mod-ZF1gtMN2LIc_rqnkMskQIw== to /data/app/com.archie.tf_classify_mod-BQ_B6d1tvInfXA01rSYBPQ==
11-13 20:45:05.491  1120  1154 W PackageManager: Resource path for com.archie.tf_classify_mod changing from /data/app/com.archie.tf_classify_mod-ZF1gtMN2LIc_rqnkMskQIw== to /data/app/com.archie.tf_classify_mod-BQ_B6d1tvInfXA01rSYBPQ==
11-13 20:45:05.813  1120  1154 I ActivityManager: Force stopping com.archie.tf_classify_mod appid=10144 user=0: pkg removed
11-13 20:45:05.848  1120  1138 W BroadcastQueue: Background execution not allowed: receiving Intent { act=android.intent.action.PACKAGE_REMOVED dat=package:com.archie.tf_classify_mod flg=0x4000010 (has extras) } to com.android.musicfx/.Compatibility$Receiver
11-13 20:45:05.854  1120  1138 W BroadcastQueue: Background execution not allowed: receiving Intent { act=android.intent.action.PACKAGE_REMOVED dat=package:com.archie.tf_classify_mod flg=0x4000010 (has extras) } to com.android.vending/com.google.android.finsky.packagemanager.impl.PackageMonitorReceiverImpl$RegisteredReceiver
11-13 20:45:05.854  1120  1138 W BroadcastQueue: Background execution not allowed: receiving Intent { act=android.intent.action.PACKAGE_REMOVED dat=package:com.archie.tf_classify_mod flg=0x4000010 (has extras) } to com.android.vending/com.google.android.finsky.instantapps.appmanagement.InstantAppRemoveMonitor
11-13 20:45:05.904  1120  1669 W BroadcastQueue: Background execution not allowed: receiving Intent { act=android.intent.action.PACKAGE_REMOVED dat=package:com.archie.tf_classify_mod flg=0x4000010 (has extras) } to com.google.android.googlequicksearchbox/com.google.android.apps.gsa.googlequicksearchbox.GelStubAppWatcher
11-13 20:45:05.909  1120  3062 I ActivityManager: START u0 {act=android.intent.action.MAIN cat=[android.intent.category.LAUNCHER] flg=0x10000000 cmp=com.archie.tf_classify_mod/.archie_mods.ModifiedClassifierActivity} from uid 2000
11-13 20:45:05.941  1120  1131 I ActivityManager: Start proc 25012:com.archie.tf_classify_mod/u0a144 for activity com.archie.tf_classify_mod/.archie_mods.ModifiedClassifierActivity
11-13 20:45:05.953  1120  1601 W BroadcastQueue: Background execution not allowed: receiving Intent { act=android.intent.action.PACKAGE_ADDED dat=package:com.archie.tf_classify_mod flg=0x4000010 (has extras) } to com.android.musicfx/.Compatibility$Receiver
11-13 20:45:05.961  1120  1138 W BroadcastQueue: Background execution not allowed: receiving Intent { act=android.intent.action.PACKAGE_ADDED dat=package:com.archie.tf_classify_mod flg=0x4000010 (has extras) } to com.android.vending/com.google.android.finsky.packagemanager.impl.PackageMonitorReceiverImpl$RegisteredReceiver
11-13 20:45:06.002  1120  1131 W BroadcastQueue: Background execution not allowed: receiving Intent { act=android.intent.action.PACKAGE_ADDED dat=package:com.archie.tf_classify_mod flg=0x4000010 (has extras) } to com.google.android.googlequicksearchbox/com.google.android.apps.gsa.googlequicksearchbox.GelStubAppWatcher
11-13 20:45:06.002  1120  1138 W BroadcastQueue: Background execution not allowed: receiving Intent { act=android.intent.action.PACKAGE_ADDED dat=package:com.archie.tf_classify_mod flg=0x4000010 (has extras) } to com.google.android.ims/.receivers.RcsAutoStartReceiver
11-13 20:45:06.013  1120  1625 W BroadcastQueue: Background execution not allowed: receiving Intent { act=android.intent.action.PACKAGE_REPLACED dat=package:com.archie.tf_classify_mod flg=0x4000010 (has extras) } to com.android.musicfx/.Compatibility$Receiver
11-13 20:45:06.013  1120  1138 W BroadcastQueue: Background execution not allowed: receiving Intent { act=android.intent.action.PACKAGE_REPLACED dat=package:com.archie.tf_classify_mod flg=0x4000010 (has extras) } to com.google.android.apps.photos/.account.full.FetchAccountPropertiesAppUpgradeBroadcastReceiver
11-13 20:45:06.013  1120  1138 W BroadcastQueue: Background execution not allowed: receiving Intent { act=android.intent.action.PACKAGE_REPLACED dat=package:com.archie.tf_classify_mod flg=0x4000010 (has extras) } to com.google.android.apps.photos/.account.full.SyncAccountsForLoginBroadcastReceiver
11-13 20:45:06.013  1120  1138 W BroadcastQueue: Background execution not allowed: receiving Intent { act=android.intent.action.PACKAGE_REPLACED dat=package:com.archie.tf_classify_mod flg=0x4000010 (has extras) } to com.google.android.apps.photos/.experiments.phenotype.full.PhenotypeAppUpgradeBroadcastReceiver
11-13 20:45:06.013  1120  1138 W BroadcastQueue: Background execution not allowed: receiving Intent { act=android.intent.action.PACKAGE_REPLACED dat=package:com.archie.tf_classify_mod flg=0x4000010 (has extras) } to com.google.android.apps.photos/.notificationchannels.AppUpdateBroadcastReceiver
11-13 20:45:06.038  1120  1601 W BroadcastQueue: Background execution not allowed: receiving Intent { act=android.intent.action.PACKAGE_REPLACED dat=package:com.archie.tf_classify_mod flg=0x4000010 (has extras) } to com.google.android.googlequicksearchbox/com.google.android.apps.gsa.googlequicksearchbox.GelStubAppWatcher
11-13 20:45:06.039  1120  1138 W BroadcastQueue: Background execution not allowed: receiving Intent { act=android.intent.action.PACKAGE_REPLACED dat=package:com.archie.tf_classify_mod flg=0x4000010 (has extras) } to com.google.android.ims/.receivers.RcsAutoStartReceiver
11-13 20:45:06.906  1120  3057 I ActivityManager: Start proc 25056:com.archie.tf_classify_mod:ResourceLoggerService/u0a144 for service com.archie.tf_classify_mod/edu.temple.gtc_core.services.ResourceLoggerService
11-13 20:45:06.918  1120  1625 I ActivityManager: Start proc 25062:com.archie.tf_classify_mod:FrameLoggerService/u0a144 for service com.archie.tf_classify_mod/edu.temple.gtc_core.services.FrameLoggerService
11-13 20:45:17.349  1120 12988 I ActivityManager: Force stopping com.archie.tf_classify_mod appid=10144 user=0: from pid 25179
11-13 20:45:17.349  1120 12988 I ActivityManager: Killing 25012:com.archie.tf_classify_mod/u0a144 (adj 0): stop com.archie.tf_classify_mod
11-13 20:45:17.351  1120 12988 W ActivityManager: Force removing ActivityRecord{77a2d2b u0 com.archie.tf_classify_mod/.archie_mods.ModifiedClassifierActivity t562}: app died, no saved state
11-13 20:45:17.353  1120 12988 I WindowManager: Failed to capture screenshot of Token{f5a7b21 ActivityRecord{77a2d2b u0 com.archie.tf_classify_mod/.archie_mods.ModifiedClassifierActivity t562 f}} appWin=Window{ff98b90 u0 com.archie.tf_classify_mod/com.archie.tf_classify_mod.archie_mods.ModifiedClassifierActivity} drawState=4
11-13 20:45:17.361  1120 12988 I ActivityManager: Killing 25062:com.archie.tf_classify_mod:FrameLoggerService/u0a144 (adj 200): stop com.archie.tf_classify_mod
11-13 20:45:17.361  1120 12988 W ActivityManager: Scheduling restart of crashed service com.archie.tf_classify_mod/edu.temple.gtc_core.services.FrameLoggerService in 1000ms
11-13 20:45:17.362  1120 12988 I ActivityManager: Killing 25056:com.archie.tf_classify_mod:ResourceLoggerService/u0a144 (adj 200): stop com.archie.tf_classify_mod
11-13 20:45:17.362  1120 12988 W ActivityManager: Scheduling restart of crashed service com.archie.tf_classify_mod/edu.temple.gtc_core.services.ResourceLoggerService in 10999ms
11-13 20:45:17.363  1120 12988 I ActivityManager:   Force stopping service ServiceRecord{c296aa7 u0 com.archie.tf_classify_mod/edu.temple.gtc_core.services.FrameLoggerService}
11-13 20:45:17.363  1120 12988 I ActivityManager:   Force stopping service ServiceRecord{2650766 u0 com.archie.tf_classify_mod/edu.temple.gtc_core.services.ResourceLoggerService}
11-13 20:45:17.378  1120  1626 I WindowManager: WIN DEATH: Window{65f248d u0 com.archie.tf_classify_mod}
11-13 20:45:17.383  1120  1669 I WindowManager: WIN DEATH: Window{6c4b97 u0 com.archie.tf_classify_mod}
11-13 20:45:17.391  1120  3062 I WindowManager: WIN DEATH: Window{7b08f31 u0 com.archie.tf_classify_mod}
11-13 20:45:19.564  1120 12988 I ActivityManager: START u0 {flg=0x10000000 cmp=com.archie.tf_classify_mod/.archie_mods.ModifiedClassifierActivity (has extras)} from uid 2000
11-13 20:45:19.586  1120  1131 I ActivityManager: Start proc 25204:com.archie.tf_classify_mod/u0a144 for activity com.archie.tf_classify_mod/.archie_mods.ModifiedClassifierActivity
11-13 20:45:20.469  1120 12988 I ActivityManager: Start proc 25238:com.archie.tf_classify_mod:ResourceLoggerService/u0a144 for service com.archie.tf_classify_mod/edu.temple.gtc_core.services.ResourceLoggerService
11-13 20:45:20.480  1120 12988 I ActivityManager: Start proc 25244:com.archie.tf_classify_mod:FrameLoggerService/u0a144 for service com.archie.tf_classify_mod/edu.temple.gtc_core.services.FrameLoggerService
11-13 20:46:22.499 25204 25349 E AndroidRuntime: FATAL EXCEPTION: Timer-2
11-13 20:46:22.499 25204 25349 E AndroidRuntime: Process: com.archie.tf_classify_mod, PID: 25204
11-13 20:46:22.499 25204 25349 E AndroidRuntime: java.lang.IllegalStateException: Timer already cancelled.
11-13 20:46:22.499 25204 25349 E AndroidRuntime: 	at java.util.Timer.sched(Timer.java:397)
11-13 20:46:22.499 25204 25349 E AndroidRuntime: 	at java.util.Timer.schedule(Timer.java:248)
11-13 20:46:22.499 25204 25349 E AndroidRuntime: 	at edu.temple.gtc_core.async.AsyncUxCollector$2.run(AsyncUxCollector.java:77)
11-13 20:46:22.499 25204 25349 E AndroidRuntime: 	at java.util.TimerThread.mainLoop(Timer.java:555)
11-13 20:46:22.499 25204 25349 E AndroidRuntime: 	at java.util.TimerThread.run(Timer.java:505)
11-13 20:46:22.519  1120  1139 I ActivityManager: Showing crash dialog for package com.archie.tf_classify_mod u0
11-13 20:46:50.030  1120  3061 I ActivityManager: Force stopping com.archie.tf_classify_mod appid=10144 user=0: from pid 25407
11-13 20:46:50.030  1120  3061 I ActivityManager: Killing 25204:com.archie.tf_classify_mod/u0a144 (adj 900): stop com.archie.tf_classify_mod
11-13 20:46:50.044  1120  3061 I ActivityManager: Killing 25244:com.archie.tf_classify_mod:FrameLoggerService/u0a144 (adj 200): stop com.archie.tf_classify_mod
11-13 20:46:50.078  1120  3061 I ActivityManager: Killing 25238:com.archie.tf_classify_mod:ResourceLoggerService/u0a144 (adj 200): stop com.archie.tf_classify_mod
11-13 20:46:50.079  1120  1601 I WindowManager: WIN DEATH: Window{ca6361b u0 com.archie.tf_classify_mod}
11-13 20:46:50.084  1120  3062 W ActivityManager: Ignoring remove of inactive process: ProcessRecord{3d9276e 0:com.archie.tf_classify_mod/u0a144}
11-13 20:46:50.101  1120  3062 I WindowManager: WIN DEATH: Window{3aa8591 u0 com.archie.tf_classify_mod}
11-13 20:46:50.124  1120  3062 W ActivityManager: Invalid packageName: com.archie.tf_classify_mod
11-13 20:46:50.169  1120  3062 I ActivityManager: START u0 {flg=0x10000000 cmp=com.archie.tf_classify_mod/.archie_mods.ModifiedClassifierActivity (has extras)} from uid 2000
11-13 20:46:50.187  1120  3061 I ActivityManager: Start proc 25418:com.archie.tf_classify_mod/u0a144 for activity com.archie.tf_classify_mod/.archie_mods.ModifiedClassifierActivity
11-13 20:46:51.084  1120  3061 I ActivityManager: Start proc 25456:com.archie.tf_classify_mod:ResourceLoggerService/u0a144 for service com.archie.tf_classify_mod/edu.temple.gtc_core.services.ResourceLoggerService
11-13 20:46:51.097  1120  3061 I ActivityManager: Start proc 25469:com.archie.tf_classify_mod:FrameLoggerService/u0a144 for service com.archie.tf_classify_mod/edu.temple.gtc_core.services.FrameLoggerService
11-13 20:47:53.105 25418 25571 E AndroidRuntime: FATAL EXCEPTION: Timer-2
11-13 20:47:53.105 25418 25571 E AndroidRuntime: Process: com.archie.tf_classify_mod, PID: 25418
11-13 20:47:53.105 25418 25571 E AndroidRuntime: java.lang.IllegalStateException: Timer already cancelled.
11-13 20:47:53.105 25418 25571 E AndroidRuntime: 	at java.util.Timer.sched(Timer.java:397)
11-13 20:47:53.105 25418 25571 E AndroidRuntime: 	at java.util.Timer.schedule(Timer.java:248)
11-13 20:47:53.105 25418 25571 E AndroidRuntime: 	at edu.temple.gtc_core.async.AsyncUxCollector$2.run(AsyncUxCollector.java:77)
11-13 20:47:53.105 25418 25571 E AndroidRuntime: 	at java.util.TimerThread.mainLoop(Timer.java:555)
11-13 20:47:53.105 25418 25571 E AndroidRuntime: 	at java.util.TimerThread.run(Timer.java:505)
11-13 20:47:53.130  1120  1139 I ActivityManager: Showing crash dialog for package com.archie.tf_classify_mod u0
11-13 20:48:20.571  1120  3062 I ActivityManager: Force stopping com.archie.tf_classify_mod appid=10144 user=0: from pid 25628
11-13 20:48:20.571  1120  3062 I ActivityManager: Killing 25418:com.archie.tf_classify_mod/u0a144 (adj 900): stop com.archie.tf_classify_mod
11-13 20:48:20.586  1120  3062 I ActivityManager: Killing 25469:com.archie.tf_classify_mod:FrameLoggerService/u0a144 (adj 200): stop com.archie.tf_classify_mod
11-13 20:48:20.619  1120  3062 I ActivityManager: Killing 25456:com.archie.tf_classify_mod:ResourceLoggerService/u0a144 (adj 200): stop com.archie.tf_classify_mod
11-13 20:48:20.620  1120 31012 I WindowManager: WIN DEATH: Window{d3e87f7 u0 com.archie.tf_classify_mod}
11-13 20:48:20.626  1120  1669 W ActivityManager: Ignoring remove of inactive process: ProcessRecord{bd8919c 0:com.archie.tf_classify_mod/u0a144}
11-13 20:48:20.636  1120  1601 I WindowManager: WIN DEATH: Window{550e32a u0 com.archie.tf_classify_mod}
11-13 20:48:20.676  1120  1669 W ActivityManager: Invalid packageName: com.archie.tf_classify_mod
11-13 20:48:20.774  1120  1669 I ActivityManager: START u0 {flg=0x10000000 cmp=com.archie.tf_classify_mod/.archie_mods.ModifiedClassifierActivity (has extras)} from uid 2000
11-13 20:48:20.796  1120  1601 I ActivityManager: Start proc 25643:com.archie.tf_classify_mod/u0a144 for activity com.archie.tf_classify_mod/.archie_mods.ModifiedClassifierActivity
11-13 20:48:21.685  1120 31012 I ActivityManager: Start proc 25714:com.archie.tf_classify_mod:ResourceLoggerService/u0a144 for service com.archie.tf_classify_mod/edu.temple.gtc_core.services.ResourceLoggerService
11-13 20:48:21.697  1120  1601 I ActivityManager: Start proc 25720:com.archie.tf_classify_mod:FrameLoggerService/u0a144 for service com.archie.tf_classify_mod/edu.temple.gtc_core.services.FrameLoggerService
11-13 20:50:20.540  1120  1601 I ActivityManager: Force stopping com.archie.tf_classify_mod appid=10144 user=0: from pid 26569
11-13 20:50:20.541  1120  1601 I ActivityManager: Killing 25643:com.archie.tf_classify_mod/u0a144 (adj 0): stop com.archie.tf_classify_mod
11-13 20:50:20.542  1120  1601 W ActivityManager: Force removing ActivityRecord{17a5812 u0 com.archie.tf_classify_mod/.archie_mods.ModifiedClassifierActivity t565}: app died, no saved state
11-13 20:50:20.543  1120  1601 I WindowManager: Failed to capture screenshot of Token{7d92be3 ActivityRecord{17a5812 u0 com.archie.tf_classify_mod/.archie_mods.ModifiedClassifierActivity t565 f}} appWin=Window{70f683c u0 com.archie.tf_classify_mod/com.archie.tf_classify_mod.archie_mods.ModifiedClassifierActivity} drawState=4
11-13 20:50:20.549  1120  1601 I ActivityManager: Killing 25720:com.archie.tf_classify_mod:FrameLoggerService/u0a144 (adj 200): stop com.archie.tf_classify_mod
11-13 20:50:20.549  1120  1601 W ActivityManager: Scheduling restart of crashed service com.archie.tf_classify_mod/edu.temple.gtc_core.services.FrameLoggerService in 1000ms
11-13 20:50:20.549  1120  1601 I ActivityManager: Killing 25714:com.archie.tf_classify_mod:ResourceLoggerService/u0a144 (adj 200): stop com.archie.tf_classify_mod
11-13 20:50:20.550  1120  1601 W ActivityManager: Scheduling restart of crashed service com.archie.tf_classify_mod/edu.temple.gtc_core.services.ResourceLoggerService in 11000ms
11-13 20:50:20.550  1120  1601 I ActivityManager:   Force stopping service ServiceRecord{b1ef840 u0 com.archie.tf_classify_mod/edu.temple.gtc_core.services.FrameLoggerService}
11-13 20:50:20.550  1120  1601 I ActivityManager:   Force stopping service ServiceRecord{3d257c3 u0 com.archie.tf_classify_mod/edu.temple.gtc_core.services.ResourceLoggerService}
11-13 20:50:20.580  1120  1601 I WindowManager: WIN DEATH: Window{f00f170 u0 com.archie.tf_classify_mod}
11-13 20:50:20.583  1120  1669 I WindowManager: WIN DEATH: Window{bc47122 u0 com.archie.tf_classify_mod}
11-13 20:50:20.591  1120  1601 I WindowManager: WIN DEATH: Window{93be00e u0 com.archie.tf_classify_mod}
11-13 20:50:20.594  1120  1130 W ActivityManager: Invalid packageName: com.archie.tf_classify_mod
11-13 20:51:57.102  1120  1669 I ActivityManager: START u0 {flg=0x10000000 cmp=com.archie.tf_classify_mod/.archie_mods.ModifiedClassifierActivity (has extras)} from uid 2000
11-13 20:51:57.113  1120  1668 I ActivityManager: Start proc 26613:com.archie.tf_classify_mod/u0a144 for activity com.archie.tf_classify_mod/.archie_mods.ModifiedClassifierActivity
11-13 20:51:57.984  1120  1130 I ActivityManager: Start proc 26651:com.archie.tf_classify_mod:ResourceLoggerService/u0a144 for service com.archie.tf_classify_mod/edu.temple.gtc_core.services.ResourceLoggerService
11-13 20:51:57.996  1120  1669 I ActivityManager: Start proc 26657:com.archie.tf_classify_mod:FrameLoggerService/u0a144 for service com.archie.tf_classify_mod/edu.temple.gtc_core.services.FrameLoggerService
11-13 20:57:27.787  1120  1668 I ActivityManager: Force stopping com.archie.tf_classify_mod appid=10144 user=0: from pid 26924
11-13 20:57:27.788  1120  1668 I ActivityManager: Killing 26613:com.archie.tf_classify_mod/u0a144 (adj 900): stop com.archie.tf_classify_mod
11-13 20:57:27.791  1120  1668 I ActivityManager: Killing 26657:com.archie.tf_classify_mod:FrameLoggerService/u0a144 (adj 200): stop com.archie.tf_classify_mod
11-13 20:57:27.794  1120  1668 I ActivityManager: Killing 26651:com.archie.tf_classify_mod:ResourceLoggerService/u0a144 (adj 200): stop com.archie.tf_classify_mod
11-13 20:57:27.823  1120  1668 I WindowManager: WIN DEATH: Window{1cd323f u0 com.archie.tf_classify_mod}
11-13 20:57:27.826  1120  2991 I WindowManager: WIN DEATH: Window{b1d9855 u0 com.archie.tf_classify_mod}
11-13 20:57:27.850  1120  3062 W ActivityManager: Invalid packageName: com.archie.tf_classify_mod
11-13 20:57:27.893  1120  3062 I ActivityManager: START u0 {flg=0x10000000 cmp=com.archie.tf_classify_mod/.archie_mods.ModifiedClassifierActivity (has extras)} from uid 2000
11-13 20:57:27.910  1120  3005 I ActivityManager: Start proc 26935:com.archie.tf_classify_mod/u0a144 for activity com.archie.tf_classify_mod/.archie_mods.ModifiedClassifierActivity
11-13 20:57:29.016  1120  1342 I ActivityManager: Start proc 26975:com.archie.tf_classify_mod:ResourceLoggerService/u0a144 for service com.archie.tf_classify_mod/edu.temple.gtc_core.services.ResourceLoggerService
11-13 20:57:29.028  1120  1342 I ActivityManager: Start proc 26981:com.archie.tf_classify_mod:FrameLoggerService/u0a144 for service com.archie.tf_classify_mod/edu.temple.gtc_core.services.FrameLoggerService
11-13 21:02:28.656  1120  1138 W ActivityManager: Activity pause timeout for ActivityRecord{73ee5ac u0 com.archie.tf_classify_mod/.archie_mods.ModifiedClassifierActivity t567 f}
11-13 21:02:58.612  1120  1342 I ActivityManager: Force stopping com.archie.tf_classify_mod appid=10144 user=0: from pid 27268
11-13 21:02:58.612  1120  1342 I ActivityManager: Killing 26935:com.archie.tf_classify_mod/u0a144 (adj 900): stop com.archie.tf_classify_mod
11-13 21:02:58.616  1120  1342 I ActivityManager: Killing 26981:com.archie.tf_classify_mod:FrameLoggerService/u0a144 (adj 200): stop com.archie.tf_classify_mod
11-13 21:02:58.619  1120  1342 I ActivityManager: Killing 26975:com.archie.tf_classify_mod:ResourceLoggerService/u0a144 (adj 200): stop com.archie.tf_classify_mod
11-13 21:02:58.638  1120  3004 I WindowManager: WIN DEATH: Window{62ea7c5 u0 com.archie.tf_classify_mod}
11-13 21:02:58.644  1120  1668 I WindowManager: WIN DEATH: Window{9e99110 u0 com.archie.tf_classify_mod}
11-13 21:02:58.676  1120  1668 W ActivityManager: Invalid packageName: com.archie.tf_classify_mod
11-13 21:02:58.780  1120  1668 I ActivityManager: START u0 {flg=0x10000000 cmp=com.archie.tf_classify_mod/.archie_mods.ModifiedClassifierActivity (has extras)} from uid 2000
11-13 21:02:58.799  1120  1342 I ActivityManager: Start proc 27279:com.archie.tf_classify_mod/u0a144 for activity com.archie.tf_classify_mod/.archie_mods.ModifiedClassifierActivity
11-13 21:02:59.673  1120  3062 I ActivityManager: Start proc 27318:com.archie.tf_classify_mod:ResourceLoggerService/u0a144 for service com.archie.tf_classify_mod/edu.temple.gtc_core.services.ResourceLoggerService
11-13 21:02:59.685  1120  1342 I ActivityManager: Start proc 27326:com.archie.tf_classify_mod:FrameLoggerService/u0a144 for service com.archie.tf_classify_mod/edu.temple.gtc_core.services.FrameLoggerService
--------- beginning of main
11-13 21:05:06.635 27279 27301 I chatty  : uid=10144(com.archie.tf_classify_mod) expire 184 lines
11-13 21:05:09.151 27279 27302 I chatty  : uid=10144(com.archie.tf_classify_mod) expire 165 lines
11-13 21:05:09.966 27326 27326 I chatty  : uid=10144 com.archie.tf_classify_mod:FrameLoggerService expire 2 lines
11-13 21:05:11.803 27279 27301 I chatty  : uid=10144(com.archie.tf_classify_mod) expire 94 lines
11-13 21:05:11.826 27279 27302 I chatty  : uid=10144(com.archie.tf_classify_mod) expire 327 lines
11-13 21:05:14.386 27279 27301 I chatty  : uid=10144(com.archie.tf_classify_mod) expire 182 lines
11-13 21:05:17.052 27279 27302 I chatty  : uid=10144(com.archie.tf_classify_mod) expire 327 lines
11-13 21:05:19.621 27279 27301 I chatty  : uid=10144(com.archie.tf_classify_mod) expire 88 lines
11-13 21:05:19.977 27326 27326 I chatty  : uid=10144 com.archie.tf_classify_mod:FrameLoggerService expire 2 lines
11-13 21:05:22.247 27279 27301 I chatty  : uid=10144(com.archie.tf_classify_mod) expire 90 lines
11-13 21:05:22.277 27279 27302 I chatty  : uid=10144(com.archie.tf_classify_mod) expire 324 lines
11-13 21:05:24.881 27279 27301 I chatty  : uid=10144(com.archie.tf_classify_mod) expire 182 lines
11-13 21:05:27.387 27326 27342 I chatty  : uid=10144(com.archie.tf_classify_mod) Jit thread pool expire 3 lines
11-13 21:05:27.403 27279 27302 I chatty  : uid=10144(com.archie.tf_classify_mod) expire 163 lines
11-13 21:05:29.854 27490 27490 I chatty  : uid=10144(com.archie.tf_classify_mod) top expire 1 line
11-13 21:05:29.985 27326 27326 I chatty  : uid=10144 com.archie.tf_classify_mod:FrameLoggerService expire 2 lines
11-13 21:05:30.052 27279 27301 I chatty  : uid=10144(com.archie.tf_classify_mod) expire 90 lines
11-13 21:05:30.052 27279 27302 I chatty  : uid=10144(com.archie.tf_classify_mod) expire 161 lines
11-13 21:05:30.137 27490 27490 I chatty  : uid=10144(com.archie.tf_classify_mod) top expire 1 line
11-13 21:05:30.151 27318 27489 I chatty  : uid=10144 com.archie.tf_classify_mod:ResourceLoggerService expire 3 lines
11-13 21:05:32.603 27279 27302 I chatty  : uid=10144(com.archie.tf_classify_mod) expire 163 lines
11-13 21:05:32.631 27279 27301 I chatty  : uid=10144(com.archie.tf_classify_mod) expire 182 lines
11-13 21:05:35.195 27279 27302 I chatty  : uid=10144(com.archie.tf_classify_mod) expire 162 lines
11-13 21:05:37.716 27318 27324 I chatty  : uid=10144(com.archie.tf_classify_mod) Jit thread pool expire 3 lines
11-13 21:05:37.746 27279 27302 I chatty  : uid=10144(com.archie.tf_classify_mod) expire 162 lines
11-13 21:05:37.804 27279 27301 I chatty  : uid=10144(com.archie.tf_classify_mod) expire 91 lines
11-13 21:05:39.986 27326 27326 I chatty  : uid=10144 com.archie.tf_classify_mod:FrameLoggerService expire 2 lines
11-13 21:05:40.353 27279 27302 I chatty  : uid=10144(com.archie.tf_classify_mod) expire 164 lines
11-13 21:05:40.496 27279 27301 I chatty  : uid=10144(com.archie.tf_classify_mod) expire 182 lines
11-13 21:05:43.000 27279 27302 I chatty  : uid=10144(com.archie.tf_classify_mod) expire 328 lines
11-13 21:05:45.769 27279 27301 I chatty  : uid=10144(com.archie.tf_classify_mod) expire 182 lines
11-13 21:05:48.198 27279 27302 I chatty  : uid=10144(com.archie.tf_classify_mod) expire 162 lines
11-13 21:05:49.987 27326 27326 I chatty  : uid=10144 com.archie.tf_classify_mod:FrameLoggerService expire 2 lines
11-13 21:05:50.788 27279 27302 I chatty  : uid=10144(com.archie.tf_classify_mod) expire 164 lines
11-13 21:05:50.870 27279 27301 I chatty  : uid=10144(com.archie.tf_classify_mod) expire 182 lines
11-13 21:05:53.422 27279 27302 I chatty  : uid=10144(com.archie.tf_classify_mod) expire 328 lines
11-13 21:05:56.054 27279 27301 I chatty  : uid=10144(com.archie.tf_classify_mod) expire 182 lines
11-13 21:05:58.648 27279 27302 I chatty  : uid=10144(com.archie.tf_classify_mod) expire 157 lines
11-13 21:05:59.864 27499 27499 I chatty  : uid=10144(com.archie.tf_classify_mod) top expire 2 lines
11-13 21:05:59.996 27326 27326 I chatty  : uid=10144 com.archie.tf_classify_mod:FrameLoggerService expire 2 lines
11-13 21:06:00.156 27318 27498 I chatty  : uid=10144 com.archie.tf_classify_mod:ResourceLoggerService expire 3 lines
11-13 21:06:01.130 27279 27302 I chatty  : uid=10144(com.archie.tf_classify_mod) expire 163 lines
11-13 21:06:01.278 27279 27301 I chatty  : uid=10144(com.archie.tf_classify_mod) expire 91 lines
11-13 21:06:01.689 27279 27503 I chatty  : uid=10144(com.archie.tf_classify_mod) expire 1 line
11-13 21:06:03.846 27279 27302 I chatty  : uid=10144(com.archie.tf_classify_mod) expire 164 lines
11-13 21:06:04.008 27279 27301 I chatty  : uid=10144(com.archie.tf_classify_mod) expire 182 lines
11-13 21:06:06.465 27279 27302 I chatty  : uid=10144(com.archie.tf_classify_mod) expire 327 lines
11-13 21:06:09.266 27279 27301 I chatty  : uid=10144(com.archie.tf_classify_mod) expire 90 lines
11-13 21:06:10.005 27326 27326 I chatty  : uid=10144 com.archie.tf_classify_mod:FrameLoggerService expire 2 lines
11-13 21:06:11.652 27279 27301 I chatty  : uid=10144(com.archie.tf_classify_mod) expire 92 lines
11-13 21:06:11.691 27279 27302 I chatty  : uid=10144(com.archie.tf_classify_mod) expire 328 lines
11-13 21:06:14.506 27279 27301 I chatty  : uid=10144(com.archie.tf_classify_mod) expire 182 lines
11-13 21:06:16.956 27279 27302 I chatty  : uid=10144(com.archie.tf_classify_mod) expire 325 lines
11-13 21:06:19.669 27279 27301 I chatty  : uid=10144(com.archie.tf_classify_mod) expire 91 lines
11-13 21:06:20.015 27326 27326 I chatty  : uid=10144 com.archie.tf_classify_mod:FrameLoggerService expire 2 lines
11-13 21:06:22.099 27279 27302 I chatty  : uid=10144(com.archie.tf_classify_mod) expire 164 lines
11-13 21:06:22.277 27279 27301 I chatty  : uid=10144(com.archie.tf_classify_mod) expire 182 lines
11-13 21:06:24.718 27279 27302 I chatty  : uid=10144(com.archie.tf_classify_mod) expire 327 lines
11-13 21:06:27.437 27279 27301 I chatty  : uid=10144(com.archie.tf_classify_mod) expire 91 lines
11-13 21:06:29.854 27511 27511 I chatty  : uid=10144(com.archie.tf_classify_mod) top expire 2 lines
11-13 21:06:29.892 27279 27302 I chatty  : uid=10144(com.archie.tf_classify_mod) expire 158 lines
11-13 21:06:30.024 27326 27326 I chatty  : uid=10144 com.archie.tf_classify_mod:FrameLoggerService expire 2 lines
11-13 21:06:30.039 27279 27301 I chatty  : uid=10144(com.archie.tf_classify_mod) expire 91 lines
11-13 21:06:30.147 27318 27510 I chatty  : uid=10144 com.archie.tf_classify_mod:ResourceLoggerService expire 3 lines
11-13 21:06:32.466 27279 27302 I chatty  : uid=10144(com.archie.tf_classify_mod) expire 164 lines
11-13 21:06:32.634 27279 27301 I chatty  : uid=10144(com.archie.tf_classify_mod) expire 182 lines
11-13 21:06:35.057 27279 27302 I chatty  : uid=10144(com.archie.tf_classify_mod) expire 326 lines
11-13 21:06:37.760 27279 27301 I chatty  : uid=10144(com.archie.tf_classify_mod) expire 91 lines
11-13 21:06:40.035 27326 27326 I chatty  : uid=10144 com.archie.tf_classify_mod:FrameLoggerService expire 2 lines
11-13 21:06:40.201 27279 27302 I chatty  : uid=10144(com.archie.tf_classify_mod) expire 164 lines
11-13 21:06:40.295 27279 27301 I chatty  : uid=10144(com.archie.tf_classify_mod) expire 182 lines
11-13 21:06:42.793 27279 27302 I chatty  : uid=10144(com.archie.tf_classify_mod) expire 325 lines
11-13 21:06:45.459 27279 27301 I chatty  : uid=10144(com.archie.tf_classify_mod) expire 186 lines
11-13 21:06:47.976 27279 27302 I chatty  : uid=10144(com.archie.tf_classify_mod) expire 161 lines
11-13 21:06:50.045 27326 27326 I chatty  : uid=10144 com.archie.tf_classify_mod:FrameLoggerService expire 2 lines
11-13 21:06:50.522 27279 27301 I chatty  : uid=10144(com.archie.tf_classify_mod) expire 92 lines
11-13 21:06:50.527 27279 27302 I chatty  : uid=10144(com.archie.tf_classify_mod) expire 330 lines
11-13 21:06:53.084 27279 27301 I chatty  : uid=10144(com.archie.tf_classify_mod) expire 86 lines
11-13 21:06:53.294 27279 27284 I chatty  : uid=10144(com.archie.tf_classify_mod) Jit thread pool expire 2 lines
11-13 21:06:55.768 27279 27301 I chatty  : uid=10144(com.archie.tf_classify_mod) expire 94 lines
11-13 21:06:55.793 27279 27302 I chatty  : uid=10144(com.archie.tf_classify_mod) expire 320 lines
11-13 21:06:58.337 27279 27301 I chatty  : uid=10144(com.archie.tf_classify_mod) expire 89 lines
11-13 21:06:59.864 27526 27526 I chatty  : uid=10144(com.archie.tf_classify_mod) top expire 2 lines
11-13 21:07:00.054 27326 27326 I chatty  : uid=10144 com.archie.tf_classify_mod:FrameLoggerService expire 2 lines
11-13 21:07:00.171 27318 27525 I chatty  : uid=10144 com.archie.tf_classify_mod:ResourceLoggerService expire 3 lines
11-13 21:07:00.824 27279 27301 I chatty  : uid=10144(com.archie.tf_classify_mod) expire 95 lines
11-13 21:07:00.850 27279 27302 I chatty  : uid=10144(com.archie.tf_classify_mod) expire 159 lines
11-13 21:07:01.689 27279 27530 I chatty  : uid=10144(com.archie.tf_classify_mod) expire 1 line
11-13 21:07:03.351 27279 27301 I chatty  : uid=10144(com.archie.tf_classify_mod) expire 93 lines
11-13 21:07:03.360 27279 27302 I chatty  : uid=10144(com.archie.tf_classify_mod) expire 326 lines
11-13 21:07:06.092 27279 27301 I chatty  : uid=10144(com.archie.tf_classify_mod) expire 182 lines
11-13 21:07:08.474 27279 27302 I chatty  : uid=10144(com.archie.tf_classify_mod) expire 162 lines
11-13 21:07:10.065 27326 27326 I chatty  : uid=10144 com.archie.tf_classify_mod:FrameLoggerService expire 2 lines
11-13 21:07:11.096 27279 27302 I chatty  : uid=10144(com.archie.tf_classify_mod) expire 166 lines
11-13 21:07:11.283 27279 27301 I chatty  : uid=10144(com.archie.tf_classify_mod) expire 182 lines
11-13 21:07:13.770 27279 27302 I chatty  : uid=10144(com.archie.tf_classify_mod) expire 330 lines
11-13 21:07:16.535 27279 27301 I chatty  : uid=10144(com.archie.tf_classify_mod) expire 175 lines
11-13 21:07:19.078 27279 27302 I chatty  : uid=10144(com.archie.tf_classify_mod) expire 165 lines
11-13 21:07:20.075 27326 27326 I chatty  : uid=10144 com.archie.tf_classify_mod:FrameLoggerService expire 2 lines
11-13 21:07:21.795 27279 27302 I chatty  : uid=10144(com.archie.tf_classify_mod) expire 164 lines
11-13 21:07:21.865 27279 27301 I chatty  : uid=10144(com.archie.tf_classify_mod) expire 179 lines
11-13 21:07:24.596 27279 27302 I chatty  : uid=10144(com.archie.tf_classify_mod) expire 332 lines
11-13 21:07:27.378 27279 27301 I chatty  : uid=10144(com.archie.tf_classify_mod) expire 87 lines
11-13 21:07:29.874 27537 27537 I chatty  : uid=10144(com.archie.tf_classify_mod) top expire 1 line
11-13 21:07:30.086 27326 27326 I chatty  : uid=10144 com.archie.tf_classify_mod:FrameLoggerService expire 2 lines
11-13 21:07:30.157 27279 27302 I chatty  : uid=10144(com.archie.tf_classify_mod) expire 162 lines
11-13 21:07:30.167 27537 27537 I chatty  : uid=10144(com.archie.tf_classify_mod) top expire 1 line
11-13 21:07:30.188 27318 27536 I chatty  : uid=10144 com.archie.tf_classify_mod:ResourceLoggerService expire 3 lines
11-13 21:07:30.236 27279 27301 I chatty  : uid=10144(com.archie.tf_classify_mod) expire 177 lines
11-13 21:07:32.914 27279 27302 I chatty  : uid=10144(com.archie.tf_classify_mod) expire 333 lines
11-13 21:07:35.742 27279 27301 I chatty  : uid=10144(com.archie.tf_classify_mod) expire 180 lines
11-13 21:07:38.475 27279 27302 I chatty  : uid=10144(com.archie.tf_classify_mod) expire 162 lines
11-13 21:07:40.096 27326 27326 I chatty  : uid=10144 com.archie.tf_classify_mod:FrameLoggerService expire 2 lines
11-13 21:07:41.235 27279 27302 I chatty  : uid=10144(com.archie.tf_classify_mod) expire 170 lines
11-13 21:07:41.446 27279 27301 I chatty  : uid=10144(com.archie.tf_classify_mod) expire 85 lines
11-13 21:07:59.236 27279 27279 D tf_classify_mod: ModifiedClassifierActivity: onPause com.archie.tf_classify_mod.archie_mods.ModifiedClassifierActivity@1ae6d11
11-13 21:07:59.540 27279 27279 D tf_classify_mod: ModifiedClassifierActivity: onStop com.archie.tf_classify_mod.archie_mods.ModifiedClassifierActivity@1ae6d11
11-13 21:07:59.543 27279 27279 D tf_classify_mod: ModifiedClassifierActivity: onDestroy com.archie.tf_classify_mod.archie_mods.ModifiedClassifierActivity@1ae6d11
11-13 21:07:59.561 27279 27279 I GtcCore : Output directory created at: /storage/emulated/0/Android/data/com.archie.tf_classify_mod/files/20181113_090759_audio
11-13 21:07:59.565 27279 27279 D GtcCore : Writing resource stats to file: /storage/emulated/0/Android/data/com.archie.tf_classify_mod/files/20181113_090759_UxResults.csv
11-13 21:07:59.565 27326 27326 D GtcCore : Writing resource stats to file: /storage/emulated/0/Android/data/com.archie.tf_classify_mod/files/20181113_090759_FrameStats.txt
11-13 21:07:59.566 27318 27318 D GtcCore : Writing resource stats to file: /storage/emulated/0/Android/data/com.archie.tf_classify_mod/files/20181113_090759_ResourceStats_TfClassify_Mod.txt
11-13 21:07:59.571  3044  3234 D BaseStreamManager: Promised remove @ r#9651 for StreamItemIdAndRevision{notifKey=0|com.archie.tf_classify_mod|543|null|10144, packageName=com.archie.tf_classify_mod, id=543, revision=0, originalRevision=0, updateCount=0} (@9650): SBN removed: StreamItemIdAndRevision{notifKey=0|com.archie.tf_classify_mod|543|null|10144, packageName=com.archie.tf_classify_mod, id=543, revision=0, originalRevision=0, updateCount=0}
11-13 21:07:59.572  3044  3234 D BaseStreamManager: Promised remove @ r#9652 for StreamItemIdAndRevision{notifKey=0|com.archie.tf_classify_mod|643|null|10144, packageName=com.archie.tf_classify_mod, id=643, revision=0, originalRevision=0, updateCount=0} (@9651): SBN removed: StreamItemIdAndRevision{notifKey=0|com.archie.tf_classify_mod|643|null|10144, packageName=com.archie.tf_classify_mod, id=643, revision=0, originalRevision=0, updateCount=0}
11-13 21:07:59.603 27279 27279 D GtcCore : Writing resource stats to file: /storage/emulated/0/Android/data/com.archie.tf_classify_mod/files/20181113_090759_ClassificationResults.csv
11-13 21:07:59.627 27279 27279 I opencv_colorblob_mod: BaseApplication: Writing resource stats to file: /storage/emulated/0/Android/data/com.archie.tf_classify_mod/files/20181113_090759_frames.csv
11-13 21:07:59.680   815  6448 I Camera2ClientBase: Closed Camera 0. Client was: com.archie.tf_classify_mod (PID 27279, UID 10144)
11-13 21:07:59.861 27279 27279 I opencv_colorblob_mod: BaseApplication: Writing resource stats to file: /storage/emulated/0/Android/data/com.archie.tf_classify_mod/files/20181113_090759_classification.csv
11-13 21:07:59.862 27279 27279 I opencv_colorblob_mod: BaseApplication: Writing resource stats to file: /storage/emulated/0/Android/data/com.archie.tf_classify_mod/files/20181113_090759_execSettings.csv
11-13 21:08:00.108  3044  3234 D BaseStreamManager: Promised remove @ r#9654 for StreamItemIdAndRevision{notifKey=0|android|0|com.android.server.wm.AlertWindowNotification - com.archie.tf_classify_mod|1000, packageName=android, tag=com.android.server.wm.AlertWindowNotification - com.archie.tf_classify_mod, id=0, revision=0, originalRevision=0, updateCount=0} (@9653): SBN removed: StreamItemIdAndRevision{notifKey=0|android|0|com.android.server.wm.AlertWindowNotification - com.archie.tf_classify_mod|1000, packageName=android, tag=com.android.server.wm.AlertWindowNotification - com.archie.tf_classify_mod, id=0, revision=0, originalRevision=0, updateCount=0}
