--------- beginning of system
--------- beginning of crash
11-13 20:45:05.360  1120  1138 I ActivityManager: Force stopping com.archie.tf_classify_mod appid=10144 user=-1: installPackageLI
11-13 20:45:05.490  1120  1154 I PackageManager: Package com.archie.tf_classify_mod codePath changed from /data/app/com.archie.tf_classify_mod-ZF1gtMN2LIc_rqnkMskQIw== to /data/app/com.archie.tf_classify_mod-BQ_B6d1tvInfXA01rSYBPQ==; Retaining data and using new
11-13 20:45:05.491  1120  1154 W PackageManager: Code path for com.archie.tf_classify_mod changing from /data/app/com.archie.tf_classify_mod-ZF1gtMN2LIc_rqnkMskQIw== to /data/app/com.archie.tf_classify_mod-BQ_B6d1tvInfXA01rSYBPQ==
11-13 20:45:05.491  1120  1154 W PackageManager: Resource path for com.archie.tf_classify_mod changing from /data/app/com.archie.tf_classify_mod-ZF1gtMN2LIc_rqnkMskQIw== to /data/app/com.archie.tf_classify_mod-BQ_B6d1tvInfXA01rSYBPQ==
11-13 20:45:05.813  1120  1154 I ActivityManager: Force stopping com.archie.tf_classify_mod appid=10144 user=0: pkg removed
11-13 20:45:05.848  1120  1138 W BroadcastQueue: Background execution not allowed: receiving Intent { act=android.intent.action.PACKAGE_REMOVED dat=package:com.archie.tf_classify_mod flg=0x4000010 (has extras) } to com.android.musicfx/.Compatibility$Receiver
11-13 20:45:05.854  1120  1138 W BroadcastQueue: Background execution not allowed: receiving Intent { act=android.intent.action.PACKAGE_REMOVED dat=package:com.archie.tf_classify_mod flg=0x4000010 (has extras) } to com.android.vending/com.google.android.finsky.packagemanager.impl.PackageMonitorReceiverImpl$RegisteredReceiver
11-13 20:45:05.854  1120  1138 W BroadcastQueue: Background execution not allowed: receiving Intent { act=android.intent.action.PACKAGE_REMOVED dat=package:com.archie.tf_classify_mod flg=0x4000010 (has extras) } to com.android.vending/com.google.android.finsky.instantapps.appmanagement.InstantAppRemoveMonitor
11-13 20:45:05.904  1120  1669 W BroadcastQueue: Background execution not allowed: receiving Intent { act=android.intent.action.PACKAGE_REMOVED dat=package:com.archie.tf_classify_mod flg=0x4000010 (has extras) } to com.google.android.googlequicksearchbox/com.google.android.apps.gsa.googlequicksearchbox.GelStubAppWatcher
11-13 20:45:05.909  1120  3062 I ActivityManager: START u0 {act=android.intent.action.MAIN cat=[android.intent.category.LAUNCHER] flg=0x10000000 cmp=com.archie.tf_classify_mod/.archie_mods.ModifiedClassifierActivity} from uid 2000
11-13 20:45:05.941  1120  1131 I ActivityManager: Start proc 25012:com.archie.tf_classify_mod/u0a144 for activity com.archie.tf_classify_mod/.archie_mods.ModifiedClassifierActivity
11-13 20:45:05.953  1120  1601 W BroadcastQueue: Background execution not allowed: receiving Intent { act=android.intent.action.PACKAGE_ADDED dat=package:com.archie.tf_classify_mod flg=0x4000010 (has extras) } to com.android.musicfx/.Compatibility$Receiver
11-13 20:45:05.961  1120  1138 W BroadcastQueue: Background execution not allowed: receiving Intent { act=android.intent.action.PACKAGE_ADDED dat=package:com.archie.tf_classify_mod flg=0x4000010 (has extras) } to com.android.vending/com.google.android.finsky.packagemanager.impl.PackageMonitorReceiverImpl$RegisteredReceiver
11-13 20:45:06.002  1120  1131 W BroadcastQueue: Background execution not allowed: receiving Intent { act=android.intent.action.PACKAGE_ADDED dat=package:com.archie.tf_classify_mod flg=0x4000010 (has extras) } to com.google.android.googlequicksearchbox/com.google.android.apps.gsa.googlequicksearchbox.GelStubAppWatcher
11-13 20:45:06.002  1120  1138 W BroadcastQueue: Background execution not allowed: receiving Intent { act=android.intent.action.PACKAGE_ADDED dat=package:com.archie.tf_classify_mod flg=0x4000010 (has extras) } to com.google.android.ims/.receivers.RcsAutoStartReceiver
11-13 20:45:06.013  1120  1625 W BroadcastQueue: Background execution not allowed: receiving Intent { act=android.intent.action.PACKAGE_REPLACED dat=package:com.archie.tf_classify_mod flg=0x4000010 (has extras) } to com.android.musicfx/.Compatibility$Receiver
11-13 20:45:06.013  1120  1138 W BroadcastQueue: Background execution not allowed: receiving Intent { act=android.intent.action.PACKAGE_REPLACED dat=package:com.archie.tf_classify_mod flg=0x4000010 (has extras) } to com.google.android.apps.photos/.account.full.FetchAccountPropertiesAppUpgradeBroadcastReceiver
11-13 20:45:06.013  1120  1138 W BroadcastQueue: Background execution not allowed: receiving Intent { act=android.intent.action.PACKAGE_REPLACED dat=package:com.archie.tf_classify_mod flg=0x4000010 (has extras) } to com.google.android.apps.photos/.account.full.SyncAccountsForLoginBroadcastReceiver
11-13 20:45:06.013  1120  1138 W BroadcastQueue: Background execution not allowed: receiving Intent { act=android.intent.action.PACKAGE_REPLACED dat=package:com.archie.tf_classify_mod flg=0x4000010 (has extras) } to com.google.android.apps.photos/.experiments.phenotype.full.PhenotypeAppUpgradeBroadcastReceiver
11-13 20:45:06.013  1120  1138 W BroadcastQueue: Background execution not allowed: receiving Intent { act=android.intent.action.PACKAGE_REPLACED dat=package:com.archie.tf_classify_mod flg=0x4000010 (has extras) } to com.google.android.apps.photos/.notificationchannels.AppUpdateBroadcastReceiver
11-13 20:45:06.038  1120  1601 W BroadcastQueue: Background execution not allowed: receiving Intent { act=android.intent.action.PACKAGE_REPLACED dat=package:com.archie.tf_classify_mod flg=0x4000010 (has extras) } to com.google.android.googlequicksearchbox/com.google.android.apps.gsa.googlequicksearchbox.GelStubAppWatcher
11-13 20:45:06.039  1120  1138 W BroadcastQueue: Background execution not allowed: receiving Intent { act=android.intent.action.PACKAGE_REPLACED dat=package:com.archie.tf_classify_mod flg=0x4000010 (has extras) } to com.google.android.ims/.receivers.RcsAutoStartReceiver
11-13 20:45:06.906  1120  3057 I ActivityManager: Start proc 25056:com.archie.tf_classify_mod:ResourceLoggerService/u0a144 for service com.archie.tf_classify_mod/edu.temple.gtc_core.services.ResourceLoggerService
11-13 20:45:06.918  1120  1625 I ActivityManager: Start proc 25062:com.archie.tf_classify_mod:FrameLoggerService/u0a144 for service com.archie.tf_classify_mod/edu.temple.gtc_core.services.FrameLoggerService
11-13 20:45:17.349  1120 12988 I ActivityManager: Force stopping com.archie.tf_classify_mod appid=10144 user=0: from pid 25179
11-13 20:45:17.349  1120 12988 I ActivityManager: Killing 25012:com.archie.tf_classify_mod/u0a144 (adj 0): stop com.archie.tf_classify_mod
11-13 20:45:17.351  1120 12988 W ActivityManager: Force removing ActivityRecord{77a2d2b u0 com.archie.tf_classify_mod/.archie_mods.ModifiedClassifierActivity t562}: app died, no saved state
11-13 20:45:17.353  1120 12988 I WindowManager: Failed to capture screenshot of Token{f5a7b21 ActivityRecord{77a2d2b u0 com.archie.tf_classify_mod/.archie_mods.ModifiedClassifierActivity t562 f}} appWin=Window{ff98b90 u0 com.archie.tf_classify_mod/com.archie.tf_classify_mod.archie_mods.ModifiedClassifierActivity} drawState=4
11-13 20:45:17.361  1120 12988 I ActivityManager: Killing 25062:com.archie.tf_classify_mod:FrameLoggerService/u0a144 (adj 200): stop com.archie.tf_classify_mod
11-13 20:45:17.361  1120 12988 W ActivityManager: Scheduling restart of crashed service com.archie.tf_classify_mod/edu.temple.gtc_core.services.FrameLoggerService in 1000ms
11-13 20:45:17.362  1120 12988 I ActivityManager: Killing 25056:com.archie.tf_classify_mod:ResourceLoggerService/u0a144 (adj 200): stop com.archie.tf_classify_mod
11-13 20:45:17.362  1120 12988 W ActivityManager: Scheduling restart of crashed service com.archie.tf_classify_mod/edu.temple.gtc_core.services.ResourceLoggerService in 10999ms
11-13 20:45:17.363  1120 12988 I ActivityManager:   Force stopping service ServiceRecord{c296aa7 u0 com.archie.tf_classify_mod/edu.temple.gtc_core.services.FrameLoggerService}
11-13 20:45:17.363  1120 12988 I ActivityManager:   Force stopping service ServiceRecord{2650766 u0 com.archie.tf_classify_mod/edu.temple.gtc_core.services.ResourceLoggerService}
11-13 20:45:17.378  1120  1626 I WindowManager: WIN DEATH: Window{65f248d u0 com.archie.tf_classify_mod}
11-13 20:45:17.383  1120  1669 I WindowManager: WIN DEATH: Window{6c4b97 u0 com.archie.tf_classify_mod}
11-13 20:45:17.391  1120  3062 I WindowManager: WIN DEATH: Window{7b08f31 u0 com.archie.tf_classify_mod}
11-13 20:45:19.564  1120 12988 I ActivityManager: START u0 {flg=0x10000000 cmp=com.archie.tf_classify_mod/.archie_mods.ModifiedClassifierActivity (has extras)} from uid 2000
11-13 20:45:19.586  1120  1131 I ActivityManager: Start proc 25204:com.archie.tf_classify_mod/u0a144 for activity com.archie.tf_classify_mod/.archie_mods.ModifiedClassifierActivity
11-13 20:45:20.469  1120 12988 I ActivityManager: Start proc 25238:com.archie.tf_classify_mod:ResourceLoggerService/u0a144 for service com.archie.tf_classify_mod/edu.temple.gtc_core.services.ResourceLoggerService
11-13 20:45:20.480  1120 12988 I ActivityManager: Start proc 25244:com.archie.tf_classify_mod:FrameLoggerService/u0a144 for service com.archie.tf_classify_mod/edu.temple.gtc_core.services.FrameLoggerService
11-13 20:46:22.499 25204 25349 E AndroidRuntime: FATAL EXCEPTION: Timer-2
11-13 20:46:22.499 25204 25349 E AndroidRuntime: Process: com.archie.tf_classify_mod, PID: 25204
11-13 20:46:22.499 25204 25349 E AndroidRuntime: java.lang.IllegalStateException: Timer already cancelled.
11-13 20:46:22.499 25204 25349 E AndroidRuntime: 	at java.util.Timer.sched(Timer.java:397)
11-13 20:46:22.499 25204 25349 E AndroidRuntime: 	at java.util.Timer.schedule(Timer.java:248)
11-13 20:46:22.499 25204 25349 E AndroidRuntime: 	at edu.temple.gtc_core.async.AsyncUxCollector$2.run(AsyncUxCollector.java:77)
11-13 20:46:22.499 25204 25349 E AndroidRuntime: 	at java.util.TimerThread.mainLoop(Timer.java:555)
11-13 20:46:22.499 25204 25349 E AndroidRuntime: 	at java.util.TimerThread.run(Timer.java:505)
11-13 20:46:22.519  1120  1139 I ActivityManager: Showing crash dialog for package com.archie.tf_classify_mod u0
11-13 20:46:50.030  1120  3061 I ActivityManager: Force stopping com.archie.tf_classify_mod appid=10144 user=0: from pid 25407
11-13 20:46:50.030  1120  3061 I ActivityManager: Killing 25204:com.archie.tf_classify_mod/u0a144 (adj 900): stop com.archie.tf_classify_mod
11-13 20:46:50.044  1120  3061 I ActivityManager: Killing 25244:com.archie.tf_classify_mod:FrameLoggerService/u0a144 (adj 200): stop com.archie.tf_classify_mod
11-13 20:46:50.078  1120  3061 I ActivityManager: Killing 25238:com.archie.tf_classify_mod:ResourceLoggerService/u0a144 (adj 200): stop com.archie.tf_classify_mod
11-13 20:46:50.079  1120  1601 I WindowManager: WIN DEATH: Window{ca6361b u0 com.archie.tf_classify_mod}
11-13 20:46:50.084  1120  3062 W ActivityManager: Ignoring remove of inactive process: ProcessRecord{3d9276e 0:com.archie.tf_classify_mod/u0a144}
11-13 20:46:50.101  1120  3062 I WindowManager: WIN DEATH: Window{3aa8591 u0 com.archie.tf_classify_mod}
11-13 20:46:50.124  1120  3062 W ActivityManager: Invalid packageName: com.archie.tf_classify_mod
11-13 20:46:50.169  1120  3062 I ActivityManager: START u0 {flg=0x10000000 cmp=com.archie.tf_classify_mod/.archie_mods.ModifiedClassifierActivity (has extras)} from uid 2000
11-13 20:46:50.187  1120  3061 I ActivityManager: Start proc 25418:com.archie.tf_classify_mod/u0a144 for activity com.archie.tf_classify_mod/.archie_mods.ModifiedClassifierActivity
11-13 20:46:51.084  1120  3061 I ActivityManager: Start proc 25456:com.archie.tf_classify_mod:ResourceLoggerService/u0a144 for service com.archie.tf_classify_mod/edu.temple.gtc_core.services.ResourceLoggerService
11-13 20:46:51.097  1120  3061 I ActivityManager: Start proc 25469:com.archie.tf_classify_mod:FrameLoggerService/u0a144 for service com.archie.tf_classify_mod/edu.temple.gtc_core.services.FrameLoggerService
11-13 20:47:53.105 25418 25571 E AndroidRuntime: FATAL EXCEPTION: Timer-2
11-13 20:47:53.105 25418 25571 E AndroidRuntime: Process: com.archie.tf_classify_mod, PID: 25418
11-13 20:47:53.105 25418 25571 E AndroidRuntime: java.lang.IllegalStateException: Timer already cancelled.
11-13 20:47:53.105 25418 25571 E AndroidRuntime: 	at java.util.Timer.sched(Timer.java:397)
11-13 20:47:53.105 25418 25571 E AndroidRuntime: 	at java.util.Timer.schedule(Timer.java:248)
11-13 20:47:53.105 25418 25571 E AndroidRuntime: 	at edu.temple.gtc_core.async.AsyncUxCollector$2.run(AsyncUxCollector.java:77)
11-13 20:47:53.105 25418 25571 E AndroidRuntime: 	at java.util.TimerThread.mainLoop(Timer.java:555)
11-13 20:47:53.105 25418 25571 E AndroidRuntime: 	at java.util.TimerThread.run(Timer.java:505)
11-13 20:47:53.130  1120  1139 I ActivityManager: Showing crash dialog for package com.archie.tf_classify_mod u0
11-13 20:48:20.571  1120  3062 I ActivityManager: Force stopping com.archie.tf_classify_mod appid=10144 user=0: from pid 25628
11-13 20:48:20.571  1120  3062 I ActivityManager: Killing 25418:com.archie.tf_classify_mod/u0a144 (adj 900): stop com.archie.tf_classify_mod
11-13 20:48:20.586  1120  3062 I ActivityManager: Killing 25469:com.archie.tf_classify_mod:FrameLoggerService/u0a144 (adj 200): stop com.archie.tf_classify_mod
11-13 20:48:20.619  1120  3062 I ActivityManager: Killing 25456:com.archie.tf_classify_mod:ResourceLoggerService/u0a144 (adj 200): stop com.archie.tf_classify_mod
11-13 20:48:20.620  1120 31012 I WindowManager: WIN DEATH: Window{d3e87f7 u0 com.archie.tf_classify_mod}
11-13 20:48:20.626  1120  1669 W ActivityManager: Ignoring remove of inactive process: ProcessRecord{bd8919c 0:com.archie.tf_classify_mod/u0a144}
11-13 20:48:20.636  1120  1601 I WindowManager: WIN DEATH: Window{550e32a u0 com.archie.tf_classify_mod}
11-13 20:48:20.676  1120  1669 W ActivityManager: Invalid packageName: com.archie.tf_classify_mod
11-13 20:48:20.774  1120  1669 I ActivityManager: START u0 {flg=0x10000000 cmp=com.archie.tf_classify_mod/.archie_mods.ModifiedClassifierActivity (has extras)} from uid 2000
11-13 20:48:20.796  1120  1601 I ActivityManager: Start proc 25643:com.archie.tf_classify_mod/u0a144 for activity com.archie.tf_classify_mod/.archie_mods.ModifiedClassifierActivity
11-13 20:48:21.685  1120 31012 I ActivityManager: Start proc 25714:com.archie.tf_classify_mod:ResourceLoggerService/u0a144 for service com.archie.tf_classify_mod/edu.temple.gtc_core.services.ResourceLoggerService
11-13 20:48:21.697  1120  1601 I ActivityManager: Start proc 25720:com.archie.tf_classify_mod:FrameLoggerService/u0a144 for service com.archie.tf_classify_mod/edu.temple.gtc_core.services.FrameLoggerService
11-13 20:50:20.540  1120  1601 I ActivityManager: Force stopping com.archie.tf_classify_mod appid=10144 user=0: from pid 26569
11-13 20:50:20.541  1120  1601 I ActivityManager: Killing 25643:com.archie.tf_classify_mod/u0a144 (adj 0): stop com.archie.tf_classify_mod
11-13 20:50:20.542  1120  1601 W ActivityManager: Force removing ActivityRecord{17a5812 u0 com.archie.tf_classify_mod/.archie_mods.ModifiedClassifierActivity t565}: app died, no saved state
11-13 20:50:20.543  1120  1601 I WindowManager: Failed to capture screenshot of Token{7d92be3 ActivityRecord{17a5812 u0 com.archie.tf_classify_mod/.archie_mods.ModifiedClassifierActivity t565 f}} appWin=Window{70f683c u0 com.archie.tf_classify_mod/com.archie.tf_classify_mod.archie_mods.ModifiedClassifierActivity} drawState=4
11-13 20:50:20.549  1120  1601 I ActivityManager: Killing 25720:com.archie.tf_classify_mod:FrameLoggerService/u0a144 (adj 200): stop com.archie.tf_classify_mod
11-13 20:50:20.549  1120  1601 W ActivityManager: Scheduling restart of crashed service com.archie.tf_classify_mod/edu.temple.gtc_core.services.FrameLoggerService in 1000ms
11-13 20:50:20.549  1120  1601 I ActivityManager: Killing 25714:com.archie.tf_classify_mod:ResourceLoggerService/u0a144 (adj 200): stop com.archie.tf_classify_mod
11-13 20:50:20.550  1120  1601 W ActivityManager: Scheduling restart of crashed service com.archie.tf_classify_mod/edu.temple.gtc_core.services.ResourceLoggerService in 11000ms
11-13 20:50:20.550  1120  1601 I ActivityManager:   Force stopping service ServiceRecord{b1ef840 u0 com.archie.tf_classify_mod/edu.temple.gtc_core.services.FrameLoggerService}
11-13 20:50:20.550  1120  1601 I ActivityManager:   Force stopping service ServiceRecord{3d257c3 u0 com.archie.tf_classify_mod/edu.temple.gtc_core.services.ResourceLoggerService}
11-13 20:50:20.580  1120  1601 I WindowManager: WIN DEATH: Window{f00f170 u0 com.archie.tf_classify_mod}
11-13 20:50:20.583  1120  1669 I WindowManager: WIN DEATH: Window{bc47122 u0 com.archie.tf_classify_mod}
11-13 20:50:20.591  1120  1601 I WindowManager: WIN DEATH: Window{93be00e u0 com.archie.tf_classify_mod}
11-13 20:50:20.594  1120  1130 W ActivityManager: Invalid packageName: com.archie.tf_classify_mod
11-13 20:51:57.102  1120  1669 I ActivityManager: START u0 {flg=0x10000000 cmp=com.archie.tf_classify_mod/.archie_mods.ModifiedClassifierActivity (has extras)} from uid 2000
11-13 20:51:57.113  1120  1668 I ActivityManager: Start proc 26613:com.archie.tf_classify_mod/u0a144 for activity com.archie.tf_classify_mod/.archie_mods.ModifiedClassifierActivity
11-13 20:51:57.984  1120  1130 I ActivityManager: Start proc 26651:com.archie.tf_classify_mod:ResourceLoggerService/u0a144 for service com.archie.tf_classify_mod/edu.temple.gtc_core.services.ResourceLoggerService
11-13 20:51:57.996  1120  1669 I ActivityManager: Start proc 26657:com.archie.tf_classify_mod:FrameLoggerService/u0a144 for service com.archie.tf_classify_mod/edu.temple.gtc_core.services.FrameLoggerService
11-13 20:57:27.787  1120  1668 I ActivityManager: Force stopping com.archie.tf_classify_mod appid=10144 user=0: from pid 26924
11-13 20:57:27.788  1120  1668 I ActivityManager: Killing 26613:com.archie.tf_classify_mod/u0a144 (adj 900): stop com.archie.tf_classify_mod
11-13 20:57:27.791  1120  1668 I ActivityManager: Killing 26657:com.archie.tf_classify_mod:FrameLoggerService/u0a144 (adj 200): stop com.archie.tf_classify_mod
11-13 20:57:27.794  1120  1668 I ActivityManager: Killing 26651:com.archie.tf_classify_mod:ResourceLoggerService/u0a144 (adj 200): stop com.archie.tf_classify_mod
11-13 20:57:27.823  1120  1668 I WindowManager: WIN DEATH: Window{1cd323f u0 com.archie.tf_classify_mod}
11-13 20:57:27.826  1120  2991 I WindowManager: WIN DEATH: Window{b1d9855 u0 com.archie.tf_classify_mod}
11-13 20:57:27.850  1120  3062 W ActivityManager: Invalid packageName: com.archie.tf_classify_mod
11-13 20:57:27.893  1120  3062 I ActivityManager: START u0 {flg=0x10000000 cmp=com.archie.tf_classify_mod/.archie_mods.ModifiedClassifierActivity (has extras)} from uid 2000
11-13 20:57:27.910  1120  3005 I ActivityManager: Start proc 26935:com.archie.tf_classify_mod/u0a144 for activity com.archie.tf_classify_mod/.archie_mods.ModifiedClassifierActivity
11-13 20:57:29.016  1120  1342 I ActivityManager: Start proc 26975:com.archie.tf_classify_mod:ResourceLoggerService/u0a144 for service com.archie.tf_classify_mod/edu.temple.gtc_core.services.ResourceLoggerService
11-13 20:57:29.028  1120  1342 I ActivityManager: Start proc 26981:com.archie.tf_classify_mod:FrameLoggerService/u0a144 for service com.archie.tf_classify_mod/edu.temple.gtc_core.services.FrameLoggerService
11-13 21:02:28.656  1120  1138 W ActivityManager: Activity pause timeout for ActivityRecord{73ee5ac u0 com.archie.tf_classify_mod/.archie_mods.ModifiedClassifierActivity t567 f}
11-13 21:02:58.612  1120  1342 I ActivityManager: Force stopping com.archie.tf_classify_mod appid=10144 user=0: from pid 27268
11-13 21:02:58.612  1120  1342 I ActivityManager: Killing 26935:com.archie.tf_classify_mod/u0a144 (adj 900): stop com.archie.tf_classify_mod
11-13 21:02:58.616  1120  1342 I ActivityManager: Killing 26981:com.archie.tf_classify_mod:FrameLoggerService/u0a144 (adj 200): stop com.archie.tf_classify_mod
11-13 21:02:58.619  1120  1342 I ActivityManager: Killing 26975:com.archie.tf_classify_mod:ResourceLoggerService/u0a144 (adj 200): stop com.archie.tf_classify_mod
11-13 21:02:58.638  1120  3004 I WindowManager: WIN DEATH: Window{62ea7c5 u0 com.archie.tf_classify_mod}
11-13 21:02:58.644  1120  1668 I WindowManager: WIN DEATH: Window{9e99110 u0 com.archie.tf_classify_mod}
11-13 21:02:58.676  1120  1668 W ActivityManager: Invalid packageName: com.archie.tf_classify_mod
11-13 21:02:58.780  1120  1668 I ActivityManager: START u0 {flg=0x10000000 cmp=com.archie.tf_classify_mod/.archie_mods.ModifiedClassifierActivity (has extras)} from uid 2000
11-13 21:02:58.799  1120  1342 I ActivityManager: Start proc 27279:com.archie.tf_classify_mod/u0a144 for activity com.archie.tf_classify_mod/.archie_mods.ModifiedClassifierActivity
11-13 21:02:59.673  1120  3062 I ActivityManager: Start proc 27318:com.archie.tf_classify_mod:ResourceLoggerService/u0a144 for service com.archie.tf_classify_mod/edu.temple.gtc_core.services.ResourceLoggerService
11-13 21:02:59.685  1120  1342 I ActivityManager: Start proc 27326:com.archie.tf_classify_mod:FrameLoggerService/u0a144 for service com.archie.tf_classify_mod/edu.temple.gtc_core.services.FrameLoggerService
--------- beginning of main
11-13 21:07:13.770 27279 27302 I chatty  : uid=10144(com.archie.tf_classify_mod) expire 1486 lines
11-13 21:07:21.865 27279 27301 I chatty  : uid=10144(com.archie.tf_classify_mod) expire 443 lines
11-13 21:07:29.874 27537 27537 I chatty  : uid=10144(com.archie.tf_classify_mod) top expire 2 lines
11-13 21:07:30.086 27326 27326 I chatty  : uid=10144(com.archie.tf_classify_mod) expire 6 lines
11-13 21:07:30.188 27318 27536 I chatty  : uid=10144(com.archie.tf_classify_mod) expire 3 lines
11-13 21:07:35.742 27279 27301 I chatty  : uid=10144(com.archie.tf_classify_mod) expire 690 lines
11-13 21:07:38.475 27279 27302 I chatty  : uid=10144(com.archie.tf_classify_mod) expire 1120 lines
11-13 21:07:59.236 27279 27279 D tf_classify_mod: ModifiedClassifierActivity: onPause com.archie.tf_classify_mod.archie_mods.ModifiedClassifierActivity@1ae6d11
11-13 21:07:59.540 27279 27279 D tf_classify_mod: ModifiedClassifierActivity: onStop com.archie.tf_classify_mod.archie_mods.ModifiedClassifierActivity@1ae6d11
11-13 21:07:59.543 27279 27279 D tf_classify_mod: ModifiedClassifierActivity: onDestroy com.archie.tf_classify_mod.archie_mods.ModifiedClassifierActivity@1ae6d11
11-13 21:07:59.561 27279 27279 I GtcCore : Output directory created at: /storage/emulated/0/Android/data/com.archie.tf_classify_mod/files/20181113_090759_audio
11-13 21:07:59.565 27279 27279 D GtcCore : Writing resource stats to file: /storage/emulated/0/Android/data/com.archie.tf_classify_mod/files/20181113_090759_UxResults.csv
11-13 21:07:59.565 27326 27326 D GtcCore : Writing resource stats to file: /storage/emulated/0/Android/data/com.archie.tf_classify_mod/files/20181113_090759_FrameStats.txt
11-13 21:07:59.566 27318 27318 D GtcCore : Writing resource stats to file: /storage/emulated/0/Android/data/com.archie.tf_classify_mod/files/20181113_090759_ResourceStats_TfClassify_Mod.txt
11-13 21:07:59.571  3044  3234 D BaseStreamManager: Promised remove @ r#9651 for StreamItemIdAndRevision{notifKey=0|com.archie.tf_classify_mod|543|null|10144, packageName=com.archie.tf_classify_mod, id=543, revision=0, originalRevision=0, updateCount=0} (@9650): SBN removed: StreamItemIdAndRevision{notifKey=0|com.archie.tf_classify_mod|543|null|10144, packageName=com.archie.tf_classify_mod, id=543, revision=0, originalRevision=0, updateCount=0}
11-13 21:07:59.572  3044  3234 D BaseStreamManager: Promised remove @ r#9652 for StreamItemIdAndRevision{notifKey=0|com.archie.tf_classify_mod|643|null|10144, packageName=com.archie.tf_classify_mod, id=643, revision=0, originalRevision=0, updateCount=0} (@9651): SBN removed: StreamItemIdAndRevision{notifKey=0|com.archie.tf_classify_mod|643|null|10144, packageName=com.archie.tf_classify_mod, id=643, revision=0, originalRevision=0, updateCount=0}
11-13 21:07:59.603 27279 27279 D GtcCore : Writing resource stats to file: /storage/emulated/0/Android/data/com.archie.tf_classify_mod/files/20181113_090759_ClassificationResults.csv
11-13 21:07:59.627 27279 27279 I opencv_colorblob_mod: BaseApplication: Writing resource stats to file: /storage/emulated/0/Android/data/com.archie.tf_classify_mod/files/20181113_090759_frames.csv
11-13 21:07:59.861 27279 27279 I opencv_colorblob_mod: BaseApplication: Writing resource stats to file: /storage/emulated/0/Android/data/com.archie.tf_classify_mod/files/20181113_090759_classification.csv
11-13 21:07:59.862 27279 27279 I opencv_colorblob_mod: BaseApplication: Writing resource stats to file: /storage/emulated/0/Android/data/com.archie.tf_classify_mod/files/20181113_090759_execSettings.csv
11-13 21:08:00.108  3044  3234 D BaseStreamManager: Promised remove @ r#9654 for StreamItemIdAndRevision{notifKey=0|android|0|com.android.server.wm.AlertWindowNotification - com.archie.tf_classify_mod|1000, packageName=android, tag=com.android.server.wm.AlertWindowNotification - com.archie.tf_classify_mod, id=0, revision=0, originalRevision=0, updateCount=0} (@9653): SBN removed: StreamItemIdAndRevision{notifKey=0|android|0|com.android.server.wm.AlertWindowNotification - com.archie.tf_classify_mod|1000, packageName=android, tag=com.android.server.wm.AlertWindowNotification - com.archie.tf_classify_mod, id=0, revision=0, originalRevision=0, updateCount=0}
11-13 21:08:29.499  1120  1131 I ActivityManager: Force stopping com.archie.tf_classify_mod appid=10144 user=0: from pid 27586
11-13 21:08:29.500  1120  1131 I ActivityManager: Killing 27279:com.archie.tf_classify_mod/u0a144 (adj 900): stop com.archie.tf_classify_mod
11-13 21:08:29.502  1120  1131 I ActivityManager: Killing 27326:com.archie.tf_classify_mod:FrameLoggerService/u0a144 (adj 200): stop com.archie.tf_classify_mod
11-13 21:08:29.504  1120  1131 I ActivityManager: Killing 27318:com.archie.tf_classify_mod:ResourceLoggerService/u0a144 (adj 200): stop com.archie.tf_classify_mod
11-13 21:08:29.509  3044  3235 D BaseStreamManager: Promised side-channel cancel-all @ r#9655 for com.archie.tf_classify_mod (@9654)
11-13 21:08:29.521  1120  1342 I WindowManager: WIN DEATH: Window{9ef0d3 u0 com.archie.tf_classify_mod}
11-13 21:08:29.523  1120  1641 I WindowManager: WIN DEATH: Window{21a8b0d u0 com.archie.tf_classify_mod}
11-13 21:08:29.548  1120  1131 W ActivityManager: Invalid packageName: com.archie.tf_classify_mod
11-13 21:08:29.607  1120  1131 I ActivityManager: START u0 {flg=0x10000000 cmp=com.archie.tf_classify_mod/.archie_mods.ModifiedClassifierActivity (has extras)} from uid 2000
11-13 21:08:29.625  1120  2989 I ActivityManager: Start proc 27597:com.archie.tf_classify_mod/u0a144 for activity com.archie.tf_classify_mod/.archie_mods.ModifiedClassifierActivity
11-13 21:08:29.871 27597 27597 D tf_classify_mod: ModifiedClassifierActivity: onCreate com.archie.tf_classify_mod.archie_mods.ModifiedClassifierActivity@1ae6d11
11-13 21:08:29.930 27597 27597 I GtcCore : Attempting to instantiate IConfigurationProfile class: com.archie.tf_classify_mod.archie_mods.ArchieTfConfigProfile
11-13 21:08:29.932 27597 27597 I GtcCore : Attempting to instantiate IInteractionProfile class: com.archie.tf_classify_mod.archie_mods.ArchieTfInteractionProfile
11-13 21:08:29.940 27597 27597 D tf_classify_mod: ModifiedClassifierActivity: onStart com.archie.tf_classify_mod.archie_mods.ModifiedClassifierActivity@1ae6d11
11-13 21:08:29.943 27597 27597 D tf_classify_mod: ModifiedClassifierActivity: onResume com.archie.tf_classify_mod.archie_mods.ModifiedClassifierActivity@1ae6d11
11-13 21:08:30.091  3044  3234 D BaseStreamManager: Promised set @ r#9656 for (android,tag=com.android.server.wm.AlertWindowNotification - com.archie.tf_classify_mod,id=0,notifKey=0|android|0|com.android.server.wm.AlertWindowNotification - com.archie.tf_classify_mod|1000)
11-13 21:08:30.091  3044  3235 D DynamicBucketRankerImpl: StreamItemIdAndRevision{notifKey=0|android|0|com.android.server.wm.AlertWindowNotification - com.archie.tf_classify_mod|1000, packageName=android, tag=com.android.server.wm.AlertWindowNotification - com.archie.tf_classify_mod, id=0, revision=9656, originalRevision=9656, updateCount=0} in bucket #3 (Ongoing)
11-13 21:08:30.925  1120  1131 I ActivityManager: Start proc 27637:com.archie.tf_classify_mod:ResourceLoggerService/u0a144 for service com.archie.tf_classify_mod/edu.temple.gtc_core.services.ResourceLoggerService
11-13 21:08:30.937  1120 12988 I ActivityManager: Start proc 27642:com.archie.tf_classify_mod:FrameLoggerService/u0a144 for service com.archie.tf_classify_mod/edu.temple.gtc_core.services.FrameLoggerService
11-13 21:08:31.159 27597 27619 E zygote64: No implementation found for void com.archie.tf_classify_mod.env.ImageUtils.convertYUV420ToARGB8888(byte[], byte[], byte[], int[], int, int, int, int, int, boolean) (tried Java_com_archie_tf_1classify_1mod_env_ImageUtils_convertYUV420ToARGB8888 and Java_com_archie_tf_1classify_1mod_env_ImageUtils_convertYUV420ToARGB8888___3B_3B_3B_3IIIIIIZ)
11-13 21:08:31.193  3044  3234 D BaseStreamManager: Promised set @ r#9658 for (com.archie.tf_classify_mod,tag=null,id=543,notifKey=0|com.archie.tf_classify_mod|543|null|10144)
11-13 21:08:31.194  3044  3235 D DynamicBucketRankerImpl: StreamItemIdAndRevision{notifKey=0|com.archie.tf_classify_mod|543|null|10144, packageName=com.archie.tf_classify_mod, id=543, revision=9658, originalRevision=9658, updateCount=0} in bucket #2 (UnreadRecentInterruptive)
11-13 21:08:31.213  3044  3234 D BaseStreamManager: Promised set @ r#9659 for (com.archie.tf_classify_mod,tag=null,id=643,notifKey=0|com.archie.tf_classify_mod|643|null|10144)
11-13 21:08:31.214  3044  3199 D DynamicBucketRankerImpl: StreamItemIdAndRevision{notifKey=0|com.archie.tf_classify_mod|643|null|10144, packageName=com.archie.tf_classify_mod, id=643, revision=9659, originalRevision=9659, updateCount=0} in bucket #2 (UnreadRecentInterruptive)
11-13 21:08:31.319  3044  3234 D BaseStreamManager: Promised set @ r#9660 for (android,tag=com.android.server.wm.AlertWindowNotification - com.archie.tf_classify_mod,id=0,notifKey=0|android|0|com.android.server.wm.AlertWindowNotification - com.archie.tf_classify_mod|1000)
11-13 21:08:31.320  3044  3199 D DynamicBucketRankerImpl: StreamItemIdAndRevision{notifKey=0|android|0|com.android.server.wm.AlertWindowNotification - com.archie.tf_classify_mod|1000, packageName=android, tag=com.android.server.wm.AlertWindowNotification - com.archie.tf_classify_mod, id=0, revision=9660, originalRevision=9656, updateCount=1} in bucket #3 (Ongoing)
11-13 21:08:31.345  3044  3234 D BaseStreamManager: Promised set @ r#9661 for (android,tag=com.android.server.wm.AlertWindowNotification - com.archie.tf_classify_mod,id=0,notifKey=0|android|0|com.android.server.wm.AlertWindowNotification - com.archie.tf_classify_mod|1000)
11-13 21:08:31.346  3044  3235 D DynamicBucketRankerImpl: StreamItemIdAndRevision{notifKey=0|android|0|com.android.server.wm.AlertWindowNotification - com.archie.tf_classify_mod|1000, packageName=android, tag=com.android.server.wm.AlertWindowNotification - com.archie.tf_classify_mod, id=0, revision=9661, originalRevision=9656, updateCount=2} in bucket #3 (Ongoing)
11-13 21:08:31.541 27637 27735 D GtcCore : PROCSTAT output: 27597 (tf_classify_mod) S 713 713 0 0 -1 1077952832 92211 0 0 0 192 24 0 0 10 -10 29 0 55650559 4645601280 72472 18446744073709551615 395448733696 395448750580 549281426976 549281414192 504164332652 0 4612 0 1073775864 0 0 0 17 5 0 0 0 0 0 395448756816 395448758280 395509432320 549281430349 549281430448 549281430448 549281431518 0
11-13 21:09:01.569 27637 27760 D GtcCore : PROCSTAT output: 27597 (tf_classify_mod) S 713 713 0 0 -1 1077952832 97336 0 0 0 331 66 0 0 10 -10 33 0 55650559 4655448064 50530 18446744073709551615 395448733696 395448750580 549281426976 549281414192 504164332652 0 4612 0 1073775864 0 0 0 17 4 0 0 0 0 0 395448756816 395448758280 395509432320 549281430349 549281430448 549281430448 549281431518 0
11-13 21:09:31.539 27637 27771 D GtcCore : PROCSTAT output: 27597 (tf_classify_mod) S 713 713 0 0 -1 1077952832 99147 0 0 0 449 110 0 0 10 -10 32 0 55650559 4655116288 50874 18446744073709551615 395448733696 395448750580 549281426976 549281414192 504164332652 0 4612 0 1073775864 0 0 0 17 4 0 0 0 0 0 395448756816 395448758280 395509432320 549281430349 549281430448 549281430448 549281431518 0
11-13 21:10:01.578 27637 27780 D GtcCore : PROCSTAT output: 27597 (tf_classify_mod) S 713 713 0 0 -1 1077952832 99738 0 0 0 561 146 0 0 10 -10 33 0 55650559 4656234496 51130 18446744073709551615 395448733696 395448750580 549281426976 549281414176 504164332652 0 4612 0 1073775864 0 0 0 17 4 0 0 0 0 0 395448756816 395448758280 395509432320 549281430349 549281430448 549281430448 549281431518 0
11-13 21:10:31.531 27637 27788 D GtcCore : PROCSTAT output: 27597 (tf_classify_mod) S 713 713 0 0 -1 1077952832 101399 0 0 0 670 188 0 0 10 -10 32 0 55650559 4655116288 51333 18446744073709551615 395448733696 395448750580 549281426976 549281414176 504164332652 0 4612 0 1073775864 0 0 0 17 4 0 0 0 0 0 395448756816 395448758280 395509432320 549281430349 549281430448 549281430448 549281431518 0
11-13 21:11:01.550 27637 27799 D GtcCore : PROCSTAT output: 27597 (tf_classify_mod) S 713 713 0 0 -1 1077952832 103241 0 0 0 781 228 0 0 10 -10 33 0 55650559 4656234496 51495 18446744073709551615 395448733696 395448750580 549281426976 549281414176 504164332652 0 4612 0 1073775864 0 0 0 17 4 0 0 0 0 0 395448756816 395448758280 395509432320 549281430349 549281430448 549281430448 549281431518 0
11-13 21:11:31.565 27637 27809 D GtcCore : PROCSTAT output: 27597 (tf_classify_mod) S 713 713 0 0 -1 1077952832 105074 0 0 0 885 273 0 0 10 -10 32 0 55650559 4655116288 51710 18446744073709551615 395448733696 395448750580 549281426976 549281414176 504164332652 0 4612 0 1073775864 0 0 0 17 4 0 0 0 0 0 395448756816 395448758280 395509432320 549281430349 549281430448 549281430448 549281431518 0
11-13 21:12:01.555 27637 27818 D GtcCore : PROCSTAT output: 27597 (tf_classify_mod) S 713 713 0 0 -1 1077952832 106664 0 0 0 992 312 0 0 10 -10 33 0 55650559 4656234496 51934 18446744073709551615 395448733696 395448750580 549281426976 549281414176 504164332652 0 4612 0 1073775864 0 0 0 17 4 0 0 0 0 0 395448756816 395448758280 395509432320 549281430349 549281430448 549281430448 549281431518 0
11-13 21:12:31.554 27637 27831 D GtcCore : PROCSTAT output: 27597 (tf_classify_mod) S 713 713 0 0 -1 1077952832 107359 0 0 0 1085 352 0 0 10 -10 32 0 55650559 4655116288 52141 18446744073709551615 395448733696 395448750580 549281426976 549281414176 504164332652 0 4612 0 1073775864 0 0 0 17 4 0 0 0 0 0 395448756816 395448758280 395509432320 549281430349 549281430448 549281430448 549281431518 0
11-13 21:13:01.604 27637 27846 D GtcCore : PROCSTAT output: 27597 (tf_classify_mod) S 713 713 0 0 -1 1077952832 108468 0 0 0 1188 390 0 0 10 -10 33 0 55650559 4656234496 52302 18446744073709551615 395448733696 395448750580 549281426976 549281414176 504164332652 0 4612 0 1073775864 0 0 0 17 4 0 0 0 0 0 395448756816 395448758280 395509432320 549281430349 549281430448 549281430448 549281431518 0
11-13 21:13:30.133 27597 27597 D tf_classify_mod: ModifiedClassifierActivity: onPause com.archie.tf_classify_mod.archie_mods.ModifiedClassifierActivity@1ae6d11
11-13 21:13:30.448 27597 27597 D tf_classify_mod: ModifiedClassifierActivity: onStop com.archie.tf_classify_mod.archie_mods.ModifiedClassifierActivity@1ae6d11
11-13 21:13:30.450 27597 27597 D tf_classify_mod: ModifiedClassifierActivity: onDestroy com.archie.tf_classify_mod.archie_mods.ModifiedClassifierActivity@1ae6d11
11-13 21:13:30.459  3044  3234 D BaseStreamManager: Promised remove @ r#9668 for StreamItemIdAndRevision{notifKey=0|com.archie.tf_classify_mod|543|null|10144, packageName=com.archie.tf_classify_mod, id=543, revision=0, originalRevision=0, updateCount=0} (@9667): SBN removed: StreamItemIdAndRevision{notifKey=0|com.archie.tf_classify_mod|543|null|10144, packageName=com.archie.tf_classify_mod, id=543, revision=0, originalRevision=0, updateCount=0}
11-13 21:13:30.463  3044  3234 D BaseStreamManager: Promised remove @ r#9669 for StreamItemIdAndRevision{notifKey=0|com.archie.tf_classify_mod|643|null|10144, packageName=com.archie.tf_classify_mod, id=643, revision=0, originalRevision=0, updateCount=0} (@9668): SBN removed: StreamItemIdAndRevision{notifKey=0|com.archie.tf_classify_mod|643|null|10144, packageName=com.archie.tf_classify_mod, id=643, revision=0, originalRevision=0, updateCount=0}
11-13 21:13:30.464 27637 27637 D GtcCore : Writing resource stats to file: /storage/emulated/0/Android/data/com.archie.tf_classify_mod/files/20181113_091330_ResourceStats_TfClassify_Mod.txt
11-13 21:13:30.466 27597 27597 I GtcCore : Output directory created at: /storage/emulated/0/Android/data/com.archie.tf_classify_mod/files/20181113_091330_audio
11-13 21:13:30.469 27642 27642 D GtcCore : Writing resource stats to file: /storage/emulated/0/Android/data/com.archie.tf_classify_mod/files/20181113_091330_FrameStats.txt
11-13 21:13:30.470 27597 27597 D GtcCore : Writing resource stats to file: /storage/emulated/0/Android/data/com.archie.tf_classify_mod/files/20181113_091330_UxResults.csv
11-13 21:13:30.475 27597 27597 D GtcCore : Writing resource stats to file: /storage/emulated/0/Android/data/com.archie.tf_classify_mod/files/20181113_091330_ClassificationResults.csv
11-13 21:13:30.481 27597 27597 I opencv_colorblob_mod: BaseApplication: Writing resource stats to file: /storage/emulated/0/Android/data/com.archie.tf_classify_mod/files/20181113_091330_frames.csv
11-13 21:13:30.634 27597 27597 I opencv_colorblob_mod: BaseApplication: Writing resource stats to file: /storage/emulated/0/Android/data/com.archie.tf_classify_mod/files/20181113_091330_classification.csv
11-13 21:13:30.635 27597 27597 I opencv_colorblob_mod: BaseApplication: Writing resource stats to file: /storage/emulated/0/Android/data/com.archie.tf_classify_mod/files/20181113_091330_execSettings.csv
11-13 21:13:30.870  3044  3234 D BaseStreamManager: Promised remove @ r#9671 for StreamItemIdAndRevision{notifKey=0|android|0|com.android.server.wm.AlertWindowNotification - com.archie.tf_classify_mod|1000, packageName=android, tag=com.android.server.wm.AlertWindowNotification - com.archie.tf_classify_mod, id=0, revision=0, originalRevision=0, updateCount=0} (@9670): SBN removed: StreamItemIdAndRevision{notifKey=0|android|0|com.android.server.wm.AlertWindowNotification - com.archie.tf_classify_mod|1000, packageName=android, tag=com.android.server.wm.AlertWindowNotification - com.archie.tf_classify_mod, id=0, revision=0, originalRevision=0, updateCount=0}
11-13 21:13:35.967   815  6448 I Camera2ClientBase: Closed Camera 0. Client was: com.archie.tf_classify_mod (PID 27597, UID 10144)
