--------- beginning of system
11-13 10:01:09.789  1120  1232 D PackageInstaller: Inherited files: [/data/app/com.archie.opencv_blobDetector_mod-HmvG1w3p9g-zLavgFrKq4Q==/base.apk, /data/app/com.archie.opencv_blobDetector_mod-HmvG1w3p9g-zLavgFrKq4Q==/split_lib_dependencies_apk.apk, /data/app/com.archie.opencv_blobDetector_mod-HmvG1w3p9g-zLavgFrKq4Q==/split_lib_resources_apk.apk, /data/app/com.archie.opencv_blobDetector_mod-HmvG1w3p9g-zLavgFrKq4Q==/split_lib_slice_0_apk.apk, /data/app/com.archie.opencv_blobDetector_mod-HmvG1w3p9g-zLavgFrKq4Q==/split_lib_slice_1_apk.apk, /data/app/com.archie.opencv_blobDetector_mod-HmvG1w3p9g-zLavgFrKq4Q==/split_lib_slice_2_apk.apk, /data/app/com.archie.opencv_blobDetector_mod-HmvG1w3p9g-zLavgFrKq4Q==/split_lib_slice_4_apk.apk, /data/app/com.archie.opencv_blobDetector_mod-HmvG1w3p9g-zLavgFrKq4Q==/split_lib_slice_5_apk.apk, /data/app/com.archie.opencv_blobDetector_mod-HmvG1w3p9g-zLavgFrKq4Q==/split_lib_slice_6_apk.apk, /data/app/com.archie.opencv_blobDetector_mod-HmvG1w3p9g-zLavgFrKq4Q==/split_lib_slice_7_apk.apk, /data/app/com.archie.opencv_blobDetector_mod-HmvG1w3p9g-zLavgFrKq4Q==/split_lib_slice_8_apk.apk, /data/app/com.archie.opencv_blobDetector_mod-HmvG1w3p9g-zLavgFrKq4Q==/split_lib_slice_9_apk.apk, /data/app/com.archie.opencv_blobDetector_mod-HmvG1w3p9g-zLavgFrKq4Q==/oat/arm64/base.odex, /data/app/com.archie.opencv_blobDetector_mod-HmvG1w3p9g-zLavgFrKq4Q==/oat/arm64/base.vdex]
11-13 10:01:12.086  1120  1138 I ActivityManager: Force stopping com.archie.opencv_blobDetector_mod appid=10153 user=-1: installPackageLI
11-13 10:01:12.149  1120  1154 I PackageManager: Package com.archie.opencv_blobDetector_mod codePath changed from /data/app/com.archie.opencv_blobDetector_mod-HmvG1w3p9g-zLavgFrKq4Q== to /data/app/com.archie.opencv_blobDetector_mod-ciDSvNJnKB7Q_NILaxXiYQ==; Retaining data and using new
11-13 10:01:12.149  1120  1154 W PackageManager: Code path for com.archie.opencv_blobDetector_mod changing from /data/app/com.archie.opencv_blobDetector_mod-HmvG1w3p9g-zLavgFrKq4Q== to /data/app/com.archie.opencv_blobDetector_mod-ciDSvNJnKB7Q_NILaxXiYQ==
11-13 10:01:12.149  1120  1154 W PackageManager: Resource path for com.archie.opencv_blobDetector_mod changing from /data/app/com.archie.opencv_blobDetector_mod-HmvG1w3p9g-zLavgFrKq4Q== to /data/app/com.archie.opencv_blobDetector_mod-ciDSvNJnKB7Q_NILaxXiYQ==
11-13 10:01:12.378  1120  1154 I ActivityManager: Force stopping com.archie.opencv_blobDetector_mod appid=10153 user=0: pkg removed
11-13 10:01:12.414  1120  1138 W BroadcastQueue: Background execution not allowed: receiving Intent { act=android.intent.action.PACKAGE_REMOVED dat=package:com.archie.opencv_blobDetector_mod flg=0x4000010 (has extras) } to com.android.musicfx/.Compatibility$Receiver
11-13 10:01:12.422  1120  1138 W BroadcastQueue: Background execution not allowed: receiving Intent { act=android.intent.action.PACKAGE_REMOVED dat=package:com.archie.opencv_blobDetector_mod flg=0x4000010 (has extras) } to com.android.vending/com.google.android.finsky.packagemanager.impl.PackageMonitorReceiverImpl$RegisteredReceiver
11-13 10:01:12.427  1120  1138 W BroadcastQueue: Background execution not allowed: receiving Intent { act=android.intent.action.PACKAGE_REMOVED dat=package:com.archie.opencv_blobDetector_mod flg=0x4000010 (has extras) } to com.android.vending/com.google.android.finsky.instantapps.appmanagement.InstantAppRemoveMonitor
11-13 10:01:12.447  1120 12988 W BroadcastQueue: Background execution not allowed: receiving Intent { act=android.intent.action.PACKAGE_REMOVED dat=package:com.archie.opencv_blobDetector_mod flg=0x4000010 (has extras) } to com.google.android.googlequicksearchbox/com.google.android.apps.gsa.googlequicksearchbox.GelStubAppWatcher
11-13 10:01:12.459  1120  1626 I ActivityManager: START u0 {act=android.intent.action.MAIN cat=[android.intent.category.LAUNCHER] flg=0x10000000 cmp=com.archie.opencv_blobDetector_mod/.archie_mods.ModifiedMainActivity} from uid 2000
11-13 10:01:12.480  1120 11408 W BroadcastQueue: Background execution not allowed: receiving Intent { act=android.intent.action.PACKAGE_ADDED dat=package:com.archie.opencv_blobDetector_mod flg=0x4000010 (has extras) } to com.android.musicfx/.Compatibility$Receiver
11-13 10:01:12.495  1120  2991 I ActivityManager: Start proc 15084:com.archie.opencv_blobDetector_mod/u0a153 for activity com.archie.opencv_blobDetector_mod/.archie_mods.ModifiedMainActivity
11-13 10:01:12.591  1120  1138 W BroadcastQueue: Background execution not allowed: receiving Intent { act=android.intent.action.PACKAGE_ADDED dat=package:com.archie.opencv_blobDetector_mod flg=0x4000010 (has extras) } to com.android.vending/com.google.android.finsky.packagemanager.impl.PackageMonitorReceiverImpl$RegisteredReceiver
11-13 10:01:12.623  1120  2989 W BroadcastQueue: Background execution not allowed: receiving Intent { act=android.intent.action.PACKAGE_ADDED dat=package:com.archie.opencv_blobDetector_mod flg=0x4000010 (has extras) } to com.google.android.googlequicksearchbox/com.google.android.apps.gsa.googlequicksearchbox.GelStubAppWatcher
11-13 10:01:12.623  1120  1138 W BroadcastQueue: Background execution not allowed: receiving Intent { act=android.intent.action.PACKAGE_ADDED dat=package:com.archie.opencv_blobDetector_mod flg=0x4000010 (has extras) } to com.google.android.ims/.receivers.RcsAutoStartReceiver
11-13 10:01:12.645  1120  1625 W BroadcastQueue: Background execution not allowed: receiving Intent { act=android.intent.action.PACKAGE_REPLACED dat=package:com.archie.opencv_blobDetector_mod flg=0x4000010 (has extras) } to com.android.musicfx/.Compatibility$Receiver
11-13 10:01:12.646  1120  1138 W BroadcastQueue: Background execution not allowed: receiving Intent { act=android.intent.action.PACKAGE_REPLACED dat=package:com.archie.opencv_blobDetector_mod flg=0x4000010 (has extras) } to com.google.android.apps.photos/.account.full.FetchAccountPropertiesAppUpgradeBroadcastReceiver
11-13 10:01:12.646  1120  1138 W BroadcastQueue: Background execution not allowed: receiving Intent { act=android.intent.action.PACKAGE_REPLACED dat=package:com.archie.opencv_blobDetector_mod flg=0x4000010 (has extras) } to com.google.android.apps.photos/.account.full.SyncAccountsForLoginBroadcastReceiver
11-13 10:01:12.646  1120  1138 W BroadcastQueue: Background execution not allowed: receiving Intent { act=android.intent.action.PACKAGE_REPLACED dat=package:com.archie.opencv_blobDetector_mod flg=0x4000010 (has extras) } to com.google.android.apps.photos/.experiments.phenotype.full.PhenotypeAppUpgradeBroadcastReceiver
11-13 10:01:12.646  1120  1138 W BroadcastQueue: Background execution not allowed: receiving Intent { act=android.intent.action.PACKAGE_REPLACED dat=package:com.archie.opencv_blobDetector_mod flg=0x4000010 (has extras) } to com.google.android.apps.photos/.notificationchannels.AppUpdateBroadcastReceiver
11-13 10:01:12.663  1120  1342 W BroadcastQueue: Background execution not allowed: receiving Intent { act=android.intent.action.PACKAGE_REPLACED dat=package:com.archie.opencv_blobDetector_mod flg=0x4000010 (has extras) } to com.google.android.googlequicksearchbox/com.google.android.apps.gsa.googlequicksearchbox.GelStubAppWatcher
11-13 10:01:12.667  1120  1138 W BroadcastQueue: Background execution not allowed: receiving Intent { act=android.intent.action.PACKAGE_REPLACED dat=package:com.archie.opencv_blobDetector_mod flg=0x4000010 (has extras) } to com.google.android.ims/.receivers.RcsAutoStartReceiver
11-13 10:01:13.071  1120  1235 I WindowManager: Screen frozen for +575ms due to Window{934dbc5 u0 Splash Screen com.archie.opencv_blobDetector_mod}
11-13 10:01:30.279  1120  1396 I ActivityManager: Force stopping com.archie.opencv_blobDetector_mod appid=10153 user=0: from pid 15341
11-13 10:01:30.279  1120  1396 I ActivityManager: Killing 15084:com.archie.opencv_blobDetector_mod/u0a153 (adj 0): stop com.archie.opencv_blobDetector_mod
11-13 10:01:30.280  1120  1396 W ActivityManager: Force removing ActivityRecord{39832a4 u0 com.archie.opencv_blobDetector_mod/.archie_mods.ModifiedMainActivity t526}: app died, no saved state
11-13 10:01:30.286  1120  1396 I WindowManager: Failed to capture screenshot of Token{613b80d ActivityRecord{39832a4 u0 com.archie.opencv_blobDetector_mod/.archie_mods.ModifiedMainActivity t526 f}} appWin=Window{d541f8c u0 com.archie.opencv_blobDetector_mod/com.archie.opencv_blobDetector_mod.archie_mods.ModifiedMainActivity} drawState=4
11-13 10:01:30.329  1120  1669 W WindowManager: Failed to report 'resized' to the client of Window{403d7e1 u0 com.archie.opencv_blobDetector_mod}, removing this window.
11-13 10:02:54.807  1120  1396 I ActivityManager: START u0 {flg=0x10000000 cmp=com.archie.opencv_blobDetector_mod/.archie_mods.ModifiedMainActivity (has extras)} from uid 2000
11-13 10:02:54.828  1120  1130 I ActivityManager: Start proc 15417:com.archie.opencv_blobDetector_mod/u0a153 for activity com.archie.opencv_blobDetector_mod/.archie_mods.ModifiedMainActivity
11-13 10:02:55.295  1120  1235 I WindowManager: Screen frozen for +472ms due to Window{7cace7 u0 Splash Screen com.archie.opencv_blobDetector_mod}
11-13 10:07:55.499  1120  3061 D VoldConnector: SND -> {20 volume mkdirs /storage/emulated/0/Android/data/com.archie.opencv_blobDetector_mod/files/}
11-13 10:07:55.580  1120  1235 I WindowManager: Failed to capture screenshot of Token{b621dfc ActivityRecord{ecfceef u0 com.archie.opencv_blobDetector_mod/.archie_mods.ModifiedMainActivity t527 f}} appWin=Window{e7d4956 u0 com.archie.opencv_blobDetector_mod/com.archie.opencv_blobDetector_mod.archie_mods.ModifiedMainActivity} drawState=4
11-13 10:08:25.459  1120 12988 I ActivityManager: Force stopping com.archie.opencv_blobDetector_mod appid=10153 user=0: from pid 15678
11-13 10:08:25.459  1120 12988 I ActivityManager: Killing 15417:com.archie.opencv_blobDetector_mod/u0a153 (adj 900): stop com.archie.opencv_blobDetector_mod
11-13 10:08:25.509  1120  1668 W ActivityManager: Invalid packageName: com.archie.opencv_blobDetector_mod
11-13 10:08:25.550  1120  1668 I ActivityManager: START u0 {flg=0x10000000 cmp=com.archie.opencv_blobDetector_mod/.archie_mods.ModifiedMainActivity (has extras)} from uid 2000
11-13 10:08:25.578  1120 12988 I ActivityManager: Start proc 15689:com.archie.opencv_blobDetector_mod/u0a153 for activity com.archie.opencv_blobDetector_mod/.archie_mods.ModifiedMainActivity
11-13 10:08:26.065  1120  1235 I WindowManager: Screen frozen for +489ms due to Window{51c8139 u0 Splash Screen com.archie.opencv_blobDetector_mod}
11-13 10:13:26.449  1120  1235 I WindowManager: Failed to capture screenshot of Token{f6275a6 ActivityRecord{9457301 u0 com.archie.opencv_blobDetector_mod/.archie_mods.ModifiedMainActivity t528 f}} appWin=Window{bc11f73 u0 com.archie.opencv_blobDetector_mod/com.archie.opencv_blobDetector_mod.archie_mods.ModifiedMainActivity} drawState=4
11-13 10:13:56.251  1120 11408 I ActivityManager: Force stopping com.archie.opencv_blobDetector_mod appid=10153 user=0: from pid 15958
11-13 10:13:56.251  1120 11408 I ActivityManager: Killing 15689:com.archie.opencv_blobDetector_mod/u0a153 (adj 900): stop com.archie.opencv_blobDetector_mod
11-13 10:13:56.304  1120  3057 W ActivityManager: Invalid packageName: com.archie.opencv_blobDetector_mod
11-13 10:13:56.347  1120  3057 I ActivityManager: START u0 {flg=0x10000000 cmp=com.archie.opencv_blobDetector_mod/.archie_mods.ModifiedMainActivity (has extras)} from uid 2000
11-13 10:13:56.365  1120  2989 I ActivityManager: Start proc 15969:com.archie.opencv_blobDetector_mod/u0a153 for activity com.archie.opencv_blobDetector_mod/.archie_mods.ModifiedMainActivity
11-13 10:13:56.915  1120  1235 I WindowManager: Screen frozen for +556ms due to Window{87837ad u0 Splash Screen com.archie.opencv_blobDetector_mod}
11-13 10:18:57.340  1120  1235 I WindowManager: Failed to capture screenshot of Token{ec0048a ActivityRecord{61e1ef5 u0 com.archie.opencv_blobDetector_mod/.archie_mods.ModifiedMainActivity t529 f}} appWin=Window{cfe08c7 u0 com.archie.opencv_blobDetector_mod/com.archie.opencv_blobDetector_mod.archie_mods.ModifiedMainActivity} drawState=4
11-13 10:19:27.048  1120  3004 I ActivityManager: Force stopping com.archie.opencv_blobDetector_mod appid=10153 user=0: from pid 16373
11-13 10:19:27.048  1120  3004 I ActivityManager: Killing 15969:com.archie.opencv_blobDetector_mod/u0a153 (adj 900): stop com.archie.opencv_blobDetector_mod
11-13 10:19:27.112  1120  1396 W ActivityManager: Invalid packageName: com.archie.opencv_blobDetector_mod
11-13 10:19:27.173  1120  1396 I ActivityManager: START u0 {flg=0x10000000 cmp=com.archie.opencv_blobDetector_mod/.archie_mods.ModifiedMainActivity (has extras)} from uid 2000
11-13 10:19:27.197  1120 12988 I ActivityManager: Start proc 16384:com.archie.opencv_blobDetector_mod/u0a153 for activity com.archie.opencv_blobDetector_mod/.archie_mods.ModifiedMainActivity
11-13 10:19:27.851  1120  1235 I WindowManager: Screen frozen for +657ms due to Window{713409b u0 Splash Screen com.archie.opencv_blobDetector_mod}
11-13 10:24:28.023  1120  1138 W ActivityManager: Activity pause timeout for ActivityRecord{451f023 u0 com.archie.opencv_blobDetector_mod/.archie_mods.ModifiedMainActivity t530 f}
11-13 10:24:28.228  1120  1235 I WindowManager: Failed to capture screenshot of Token{c201920 ActivityRecord{451f023 u0 com.archie.opencv_blobDetector_mod/.archie_mods.ModifiedMainActivity t530 f}} appWin=Window{26f8c05 u0 com.archie.opencv_blobDetector_mod/com.archie.opencv_blobDetector_mod.archie_mods.ModifiedMainActivity} drawState=4
11-13 10:24:57.866  1120  3004 I ActivityManager: Force stopping com.archie.opencv_blobDetector_mod appid=10153 user=0: from pid 16638
11-13 10:24:57.866  1120  3004 I ActivityManager: Killing 16384:com.archie.opencv_blobDetector_mod/u0a153 (adj 900): stop com.archie.opencv_blobDetector_mod
11-13 10:24:57.922  1120  3057 W ActivityManager: Invalid packageName: com.archie.opencv_blobDetector_mod
11-13 10:24:57.979  1120  3057 I ActivityManager: START u0 {flg=0x10000000 cmp=com.archie.opencv_blobDetector_mod/.archie_mods.ModifiedMainActivity (has extras)} from uid 2000
11-13 10:24:57.999  1120  3004 I ActivityManager: Start proc 16650:com.archie.opencv_blobDetector_mod/u0a153 for activity com.archie.opencv_blobDetector_mod/.archie_mods.ModifiedMainActivity
11-13 10:24:58.641  1120  1235 I WindowManager: Screen frozen for +641ms due to Window{5e0eee u0 Splash Screen com.archie.opencv_blobDetector_mod}
--------- beginning of main
11-13 10:27:53.769 16650 16650 I chatty  : uid=10153(com.archie.opencv_blobDetector_mod) expire 170 lines
11-13 10:27:56.591 16650 16726 I chatty  : uid=10153(com.archie.opencv_blobDetector_mod) expire 340 lines
11-13 10:27:59.458 16650 16650 I chatty  : uid=10153(com.archie.opencv_blobDetector_mod) expire 170 lines
11-13 10:28:02.279 16650 16726 I chatty  : uid=10153(com.archie.opencv_blobDetector_mod) expire 340 lines
11-13 10:28:05.149 16650 16650 I chatty  : uid=10153(com.archie.opencv_blobDetector_mod) expire 170 lines
11-13 10:28:07.969 16650 16726 I chatty  : uid=10153(com.archie.opencv_blobDetector_mod) expire 340 lines
11-13 10:28:10.839 16650 16650 I chatty  : uid=10153(com.archie.opencv_blobDetector_mod) expire 170 lines
11-13 10:28:13.658 16650 16726 I chatty  : uid=10153(com.archie.opencv_blobDetector_mod) expire 340 lines
11-13 10:28:16.529 16650 16650 I chatty  : uid=10153(com.archie.opencv_blobDetector_mod) expire 170 lines
11-13 10:28:19.350 16650 16726 I chatty  : uid=10153(com.archie.opencv_blobDetector_mod) expire 340 lines
11-13 10:28:22.217 16650 16650 I chatty  : uid=10153(com.archie.opencv_blobDetector_mod) expire 170 lines
11-13 10:28:25.039 16650 16726 I chatty  : uid=10153(com.archie.opencv_blobDetector_mod) expire 340 lines
11-13 10:28:27.907 16650 16650 I chatty  : uid=10153(com.archie.opencv_blobDetector_mod) expire 170 lines
11-13 10:28:30.730 16650 16726 I chatty  : uid=10153(com.archie.opencv_blobDetector_mod) expire 340 lines
11-13 10:28:33.596 16650 16650 I chatty  : uid=10153(com.archie.opencv_blobDetector_mod) expire 170 lines
11-13 10:28:36.419 16650 16726 I chatty  : uid=10153(com.archie.opencv_blobDetector_mod) expire 340 lines
11-13 10:28:39.287 16650 16650 I chatty  : uid=10153(com.archie.opencv_blobDetector_mod) expire 170 lines
11-13 10:28:42.107 16650 16726 I chatty  : uid=10153(com.archie.opencv_blobDetector_mod) expire 340 lines
11-13 10:28:44.977 16650 16650 I chatty  : uid=10153(com.archie.opencv_blobDetector_mod) expire 170 lines
11-13 10:28:47.799 16650 16726 I chatty  : uid=10153(com.archie.opencv_blobDetector_mod) expire 340 lines
11-13 10:28:50.666 16650 16650 I chatty  : uid=10153(com.archie.opencv_blobDetector_mod) expire 170 lines
11-13 10:28:53.488 16650 16726 I chatty  : uid=10153(com.archie.opencv_blobDetector_mod) expire 340 lines
11-13 10:28:56.356 16650 16650 I chatty  : uid=10153(com.archie.opencv_blobDetector_mod) expire 170 lines
11-13 10:28:59.177 16650 16726 I chatty  : uid=10153(com.archie.opencv_blobDetector_mod) expire 340 lines
11-13 10:29:02.046 16650 16650 I chatty  : uid=10153(com.archie.opencv_blobDetector_mod) expire 170 lines
11-13 10:29:04.868 16650 16726 I chatty  : uid=10153(com.archie.opencv_blobDetector_mod) expire 340 lines
11-13 10:29:07.738 16650 16650 I chatty  : uid=10153(com.archie.opencv_blobDetector_mod) expire 170 lines
11-13 10:29:10.556 16650 16726 I chatty  : uid=10153(com.archie.opencv_blobDetector_mod) expire 340 lines
11-13 10:29:13.425 16650 16650 I chatty  : uid=10153(com.archie.opencv_blobDetector_mod) expire 170 lines
11-13 10:29:16.246 16650 16726 I chatty  : uid=10153(com.archie.opencv_blobDetector_mod) expire 340 lines
11-13 10:29:19.115 16650 16650 I chatty  : uid=10153(com.archie.opencv_blobDetector_mod) expire 170 lines
11-13 10:29:21.937 16650 16726 I chatty  : uid=10153(com.archie.opencv_blobDetector_mod) expire 340 lines
11-13 10:29:24.806 16650 16650 I chatty  : uid=10153(com.archie.opencv_blobDetector_mod) expire 170 lines
11-13 10:29:27.628 16650 16726 I chatty  : uid=10153(com.archie.opencv_blobDetector_mod) expire 340 lines
11-13 10:29:30.494 16650 16650 I chatty  : uid=10153(com.archie.opencv_blobDetector_mod) expire 170 lines
11-13 10:29:33.317 16650 16726 I chatty  : uid=10153(com.archie.opencv_blobDetector_mod) expire 340 lines
11-13 10:29:36.184 16650 16650 I chatty  : uid=10153(com.archie.opencv_blobDetector_mod) expire 85 lines
11-13 10:29:58.812   815 19813 I Camera2ClientBase: Closed Camera 0. Client was: com.archie.opencv_blobDetector_mod (PID 16650, UID 10153)
11-13 10:29:58.971 16650 16650 I opencv_colorblob_mod: ColorBlobApplication: Writing resource stats to file: /storage/emulated/0/Android/data/com.archie.opencv_blobDetector_mod/files/20181113_102958_frames.csv
11-13 10:29:59.032  1120  1235 I WindowManager: Failed to capture screenshot of Token{4502497 ActivityRecord{4cbb316 u0 com.archie.opencv_blobDetector_mod/.archie_mods.ModifiedMainActivity t531 f}} appWin=Window{70fcc20 u0 com.archie.opencv_blobDetector_mod/com.archie.opencv_blobDetector_mod.archie_mods.ModifiedMainActivity} drawState=4
11-13 10:29:59.248 16650 16650 I opencv_colorblob_mod: ColorBlobApplication: Writing resource stats to file: /storage/emulated/0/Android/data/com.archie.opencv_blobDetector_mod/files/20181113_102958_classification.csv
11-13 10:29:59.249 16650 16650 I opencv_colorblob_mod: ColorBlobApplication: Writing resource stats to file: /storage/emulated/0/Android/data/com.archie.opencv_blobDetector_mod/files/20181113_102958_execSettings.csv
11-13 10:29:59.254   604   977 E BufferQueueProducer: [SurfaceView - com.archie.opencv_blobDetector_mod/com.archie.opencv_blobDetector_mod.archie_mods.ModifiedMainActivity#0] disconnect: not connected (req=2)
11-13 10:29:59.488  3044  3234 D BaseStreamManager: Promised remove @ r#9188 for StreamItemIdAndRevision{notifKey=0|android|0|com.android.server.wm.AlertWindowNotification - com.archie.opencv_blobDetector_mod|1000, packageName=android, tag=com.android.server.wm.AlertWindowNotification - com.archie.opencv_blobDetector_mod, id=0, revision=0, originalRevision=0, updateCount=0} (@9187): SBN removed: StreamItemIdAndRevision{notifKey=0|android|0|com.android.server.wm.AlertWindowNotification - com.archie.opencv_blobDetector_mod|1000, packageName=android, tag=com.android.server.wm.AlertWindowNotification - com.archie.opencv_blobDetector_mod, id=0, revision=0, originalRevision=0, updateCount=0}
