11-14 19:35:58.024  4385  4509 I chatty  : uid=10153(com.archie.opencv_blobDetector_mod) expire 446 lines
11-14 19:35:59.100  4385  4385 I chatty  : uid=10153(com.archie.opencv_blobDetector_mod) expire 64 lines
11-14 19:36:00.167  4385  4509 I chatty  : uid=10153(com.archie.opencv_blobDetector_mod) expire 445 lines
11-14 19:36:01.242  4385  4385 I chatty  : uid=10153(com.archie.opencv_blobDetector_mod) expire 65 lines
11-14 19:36:02.322  4385  4509 I chatty  : uid=10153(com.archie.opencv_blobDetector_mod) expire 221 lines
11-14 19:36:02.825  4419  4419 I chatty  : uid=10153 com.archie.opencv_blobDetector_mod:FrameLoggerService expire 2 lines
11-14 19:36:03.384  4385  4509 I chatty  : uid=10153(com.archie.opencv_blobDetector_mod) expire 223 lines
11-14 19:36:03.416  4385  4385 I chatty  : uid=10153(com.archie.opencv_blobDetector_mod) expire 64 lines
11-14 19:36:04.456  4385  4509 I chatty  : uid=10153(com.archie.opencv_blobDetector_mod) expire 446 lines
11-14 19:36:05.558  4385  4385 I chatty  : uid=10153(com.archie.opencv_blobDetector_mod) expire 64 lines
11-14 19:36:06.620  4385  4509 I chatty  : uid=10153(com.archie.opencv_blobDetector_mod) expire 446 lines
11-14 19:36:07.701  4385  4385 I chatty  : uid=10153(com.archie.opencv_blobDetector_mod) expire 64 lines
11-14 19:36:08.748  4385  4509 I chatty  : uid=10153(com.archie.opencv_blobDetector_mod) expire 445 lines
11-14 19:36:09.841  4385  4385 I chatty  : uid=10153(com.archie.opencv_blobDetector_mod) expire 64 lines
11-14 19:36:10.916  4385  4509 I chatty  : uid=10153(com.archie.opencv_blobDetector_mod) expire 445 lines
11-14 19:36:11.985  4385  4385 I chatty  : uid=10153(com.archie.opencv_blobDetector_mod) expire 32 lines
11-14 19:36:12.839  4419  4419 I chatty  : uid=10153 com.archie.opencv_blobDetector_mod:FrameLoggerService expire 2 lines
11-14 19:36:13.041  4385  4509 I chatty  : uid=10153(com.archie.opencv_blobDetector_mod) expire 222 lines
11-14 19:36:13.054  4385  4385 I chatty  : uid=10153(com.archie.opencv_blobDetector_mod) expire 64 lines
11-14 19:36:14.130  4385  4509 I chatty  : uid=10153(com.archie.opencv_blobDetector_mod) expire 447 lines
11-14 19:36:15.199  4385  4385 I chatty  : uid=10153(com.archie.opencv_blobDetector_mod) expire 64 lines
11-14 19:36:16.266  4385  4509 I chatty  : uid=10153(com.archie.opencv_blobDetector_mod) expire 446 lines
11-14 19:36:17.339  4385  4385 I chatty  : uid=10153(com.archie.opencv_blobDetector_mod) expire 65 lines
11-14 19:36:18.401  4385  4509 I chatty  : uid=10153(com.archie.opencv_blobDetector_mod) expire 446 lines
11-14 19:36:19.513  4385  4385 I chatty  : uid=10153(com.archie.opencv_blobDetector_mod) expire 63 lines
11-14 19:36:20.538  4385  4509 I chatty  : uid=10153(com.archie.opencv_blobDetector_mod) expire 445 lines
11-14 19:36:21.623  4385  4385 I chatty  : uid=10153(com.archie.opencv_blobDetector_mod) expire 32 lines
11-14 19:36:22.464  4689  4689 I chatty  : uid=10153(com.archie.opencv_blobDetector_mod) top expire 2 lines
11-14 19:36:22.682  4385  4509 I chatty  : uid=10153(com.archie.opencv_blobDetector_mod) expire 218 lines
11-14 19:36:22.696  4385  4385 I chatty  : uid=10153(com.archie.opencv_blobDetector_mod) expire 31 lines
11-14 19:36:22.742  4414  4688 I chatty  : uid=10153 com.archie.opencv_blobDetector_mod:ResourceLoggerService expire 3 lines
11-14 19:36:22.838  4419  4419 I chatty  : uid=10153 com.archie.opencv_blobDetector_mod:FrameLoggerService expire 2 lines
11-14 19:36:23.724  4385  4509 I chatty  : uid=10153(com.archie.opencv_blobDetector_mod) expire 223 lines
11-14 19:36:23.731  4385  4385 I chatty  : uid=10153(com.archie.opencv_blobDetector_mod) expire 65 lines
11-14 19:36:24.801  4385  4509 I chatty  : uid=10153(com.archie.opencv_blobDetector_mod) expire 445 lines
11-14 19:36:25.907  4385  4385 I chatty  : uid=10153(com.archie.opencv_blobDetector_mod) expire 64 lines
11-14 19:36:26.948  4385  4509 I chatty  : uid=10153(com.archie.opencv_blobDetector_mod) expire 446 lines
11-14 19:36:28.053  4385  4385 I chatty  : uid=10153(com.archie.opencv_blobDetector_mod) expire 64 lines
11-14 19:36:29.101  4385  4509 I chatty  : uid=10153(com.archie.opencv_blobDetector_mod) expire 446 lines
11-14 19:36:30.192  4385  4385 I chatty  : uid=10153(com.archie.opencv_blobDetector_mod) expire 64 lines
11-14 19:36:31.243  4385  4509 I chatty  : uid=10153(com.archie.opencv_blobDetector_mod) expire 444 lines
11-14 19:36:32.334  4385  4385 I chatty  : uid=10153(com.archie.opencv_blobDetector_mod) expire 32 lines
11-14 19:36:32.853  4419  4419 I chatty  : uid=10153 com.archie.opencv_blobDetector_mod:FrameLoggerService expire 2 lines
11-14 19:36:33.386  4385  4509 I chatty  : uid=10153(com.archie.opencv_blobDetector_mod) expire 223 lines
11-14 19:36:33.403  4385  4385 I chatty  : uid=10153(com.archie.opencv_blobDetector_mod) expire 64 lines
11-14 19:36:34.472  4385  4509 I chatty  : uid=10153(com.archie.opencv_blobDetector_mod) expire 446 lines
11-14 19:36:35.545  4385  4385 I chatty  : uid=10153(com.archie.opencv_blobDetector_mod) expire 65 lines
11-14 19:36:36.615  4385  4509 I chatty  : uid=10153(com.archie.opencv_blobDetector_mod) expire 445 lines
11-14 19:36:37.722  4385  4385 I chatty  : uid=10153(com.archie.opencv_blobDetector_mod) expire 64 lines
11-14 19:36:38.785  4385  4509 I chatty  : uid=10153(com.archie.opencv_blobDetector_mod) expire 446 lines
11-14 19:36:39.864  4385  4385 I chatty  : uid=10153(com.archie.opencv_blobDetector_mod) expire 64 lines
11-14 19:36:40.921  4385  4509 I chatty  : uid=10153(com.archie.opencv_blobDetector_mod) expire 444 lines
11-14 19:36:42.007  4385  4385 I chatty  : uid=10153(com.archie.opencv_blobDetector_mod) expire 32 lines
11-14 19:36:42.868  4419  4419 I chatty  : uid=10153 com.archie.opencv_blobDetector_mod:FrameLoggerService expire 2 lines
11-14 19:36:43.059  4385  4509 I chatty  : uid=10153(com.archie.opencv_blobDetector_mod) expire 223 lines
11-14 19:36:43.075  4385  4385 I chatty  : uid=10153(com.archie.opencv_blobDetector_mod) expire 64 lines
11-14 19:36:44.130  4385  4509 I chatty  : uid=10153(com.archie.opencv_blobDetector_mod) expire 223 lines
11-14 19:36:52.419   815   815 I Camera2ClientBase: Closed Camera 0. Client was: com.archie.opencv_blobDetector_mod (PID 4385, UID 10153)
11-14 19:36:52.582  3044  3234 D BaseStreamManager: Promised remove @ r#10276 for StreamItemIdAndRevision{notifKey=0|com.archie.opencv_blobDetector_mod|543|null|10153, packageName=com.archie.opencv_blobDetector_mod, id=543, revision=0, originalRevision=0, updateCount=0} (@10275): SBN removed: StreamItemIdAndRevision{notifKey=0|com.archie.opencv_blobDetector_mod|543|null|10153, packageName=com.archie.opencv_blobDetector_mod, id=543, revision=0, originalRevision=0, updateCount=0}
11-14 19:36:52.588  3044  3234 D BaseStreamManager: Promised remove @ r#10277 for StreamItemIdAndRevision{notifKey=0|com.archie.opencv_blobDetector_mod|643|null|10153, packageName=com.archie.opencv_blobDetector_mod, id=643, revision=0, originalRevision=0, updateCount=0} (@10276): SBN removed: StreamItemIdAndRevision{notifKey=0|com.archie.opencv_blobDetector_mod|643|null|10153, packageName=com.archie.opencv_blobDetector_mod, id=643, revision=0, originalRevision=0, updateCount=0}
11-14 19:36:52.589  4414  4414 D GtcCore : Writing resource stats to file: /storage/emulated/0/Android/data/com.archie.opencv_blobDetector_mod/files/20181114_073652_ResourceStats_OpenCV_BlobDetector_Mod.txt
11-14 19:36:52.590  4385  4385 I GtcCore : Output directory created at: /storage/emulated/0/Android/data/com.archie.opencv_blobDetector_mod/files/20181114_073652_audio
11-14 19:36:52.592  4385  4385 D GtcCore : Writing resource stats to file: /storage/emulated/0/Android/data/com.archie.opencv_blobDetector_mod/files/20181114_073652_UxResults.csv
11-14 19:36:52.596  4419  4419 D GtcCore : Writing resource stats to file: /storage/emulated/0/Android/data/com.archie.opencv_blobDetector_mod/files/20181114_073652_FrameStats.txt
11-14 19:36:52.625  4385  4385 D GtcCore : Writing resource stats to file: /storage/emulated/0/Android/data/com.archie.opencv_blobDetector_mod/files/20181114_073652_ClassificationResults.csv
11-14 19:36:52.654  1120  1235 I WindowManager: Failed to capture screenshot of Token{1295996 ActivityRecord{86ab0b1 u0 com.archie.opencv_blobDetector_mod/.archie_mods.ModifiedMainActivity t618 f}} appWin=Window{67244cc u0 com.archie.opencv_blobDetector_mod/com.archie.opencv_blobDetector_mod.archie_mods.ModifiedMainActivity} drawState=4
11-14 19:36:52.654  4385  4385 I opencv_colorblob_mod: BaseApplication: Writing resource stats to file: /storage/emulated/0/Android/data/com.archie.opencv_blobDetector_mod/files/20181114_073652_frames.csv
11-14 19:36:52.933  4385  4385 I opencv_colorblob_mod: BaseApplication: Writing resource stats to file: /storage/emulated/0/Android/data/com.archie.opencv_blobDetector_mod/files/20181114_073652_classification.csv
11-14 19:36:52.934  4385  4385 I opencv_colorblob_mod: BaseApplication: Writing resource stats to file: /storage/emulated/0/Android/data/com.archie.opencv_blobDetector_mod/files/20181114_073652_execSettings.csv
11-14 19:36:52.936   604  1832 E BufferQueueProducer: [SurfaceView - com.archie.opencv_blobDetector_mod/com.archie.opencv_blobDetector_mod.archie_mods.ModifiedMainActivity#0] disconnect: not connected (req=2)
11-14 19:36:53.165  3044  3234 D BaseStreamManager: Promised remove @ r#10279 for StreamItemIdAndRevision{notifKey=0|android|0|com.android.server.wm.AlertWindowNotification - com.archie.opencv_blobDetector_mod|1000, packageName=android, tag=com.android.server.wm.AlertWindowNotification - com.archie.opencv_blobDetector_mod, id=0, revision=0, originalRevision=0, updateCount=0} (@10278): SBN removed: StreamItemIdAndRevision{notifKey=0|android|0|com.android.server.wm.AlertWindowNotification - com.archie.opencv_blobDetector_mod|1000, packageName=android, tag=com.android.server.wm.AlertWindowNotification - com.archie.opencv_blobDetector_mod, id=0, revision=0, originalRevision=0, updateCount=0}
