--------- beginning of system
11-13 10:01:09.789  1120  1232 D PackageInstaller: Inherited files: [/data/app/com.archie.opencv_blobDetector_mod-HmvG1w3p9g-zLavgFrKq4Q==/base.apk, /data/app/com.archie.opencv_blobDetector_mod-HmvG1w3p9g-zLavgFrKq4Q==/split_lib_dependencies_apk.apk, /data/app/com.archie.opencv_blobDetector_mod-HmvG1w3p9g-zLavgFrKq4Q==/split_lib_resources_apk.apk, /data/app/com.archie.opencv_blobDetector_mod-HmvG1w3p9g-zLavgFrKq4Q==/split_lib_slice_0_apk.apk, /data/app/com.archie.opencv_blobDetector_mod-HmvG1w3p9g-zLavgFrKq4Q==/split_lib_slice_1_apk.apk, /data/app/com.archie.opencv_blobDetector_mod-HmvG1w3p9g-zLavgFrKq4Q==/split_lib_slice_2_apk.apk, /data/app/com.archie.opencv_blobDetector_mod-HmvG1w3p9g-zLavgFrKq4Q==/split_lib_slice_4_apk.apk, /data/app/com.archie.opencv_blobDetector_mod-HmvG1w3p9g-zLavgFrKq4Q==/split_lib_slice_5_apk.apk, /data/app/com.archie.opencv_blobDetector_mod-HmvG1w3p9g-zLavgFrKq4Q==/split_lib_slice_6_apk.apk, /data/app/com.archie.opencv_blobDetector_mod-HmvG1w3p9g-zLavgFrKq4Q==/split_lib_slice_7_apk.apk, /data/app/com.archie.opencv_blobDetector_mod-HmvG1w3p9g-zLavgFrKq4Q==/split_lib_slice_8_apk.apk, /data/app/com.archie.opencv_blobDetector_mod-HmvG1w3p9g-zLavgFrKq4Q==/split_lib_slice_9_apk.apk, /data/app/com.archie.opencv_blobDetector_mod-HmvG1w3p9g-zLavgFrKq4Q==/oat/arm64/base.odex, /data/app/com.archie.opencv_blobDetector_mod-HmvG1w3p9g-zLavgFrKq4Q==/oat/arm64/base.vdex]
11-13 10:01:12.086  1120  1138 I ActivityManager: Force stopping com.archie.opencv_blobDetector_mod appid=10153 user=-1: installPackageLI
11-13 10:01:12.149  1120  1154 I PackageManager: Package com.archie.opencv_blobDetector_mod codePath changed from /data/app/com.archie.opencv_blobDetector_mod-HmvG1w3p9g-zLavgFrKq4Q== to /data/app/com.archie.opencv_blobDetector_mod-ciDSvNJnKB7Q_NILaxXiYQ==; Retaining data and using new
11-13 10:01:12.149  1120  1154 W PackageManager: Code path for com.archie.opencv_blobDetector_mod changing from /data/app/com.archie.opencv_blobDetector_mod-HmvG1w3p9g-zLavgFrKq4Q== to /data/app/com.archie.opencv_blobDetector_mod-ciDSvNJnKB7Q_NILaxXiYQ==
11-13 10:01:12.149  1120  1154 W PackageManager: Resource path for com.archie.opencv_blobDetector_mod changing from /data/app/com.archie.opencv_blobDetector_mod-HmvG1w3p9g-zLavgFrKq4Q== to /data/app/com.archie.opencv_blobDetector_mod-ciDSvNJnKB7Q_NILaxXiYQ==
11-13 10:01:12.378  1120  1154 I ActivityManager: Force stopping com.archie.opencv_blobDetector_mod appid=10153 user=0: pkg removed
11-13 10:01:12.414  1120  1138 W BroadcastQueue: Background execution not allowed: receiving Intent { act=android.intent.action.PACKAGE_REMOVED dat=package:com.archie.opencv_blobDetector_mod flg=0x4000010 (has extras) } to com.android.musicfx/.Compatibility$Receiver
11-13 10:01:12.422  1120  1138 W BroadcastQueue: Background execution not allowed: receiving Intent { act=android.intent.action.PACKAGE_REMOVED dat=package:com.archie.opencv_blobDetector_mod flg=0x4000010 (has extras) } to com.android.vending/com.google.android.finsky.packagemanager.impl.PackageMonitorReceiverImpl$RegisteredReceiver
11-13 10:01:12.427  1120  1138 W BroadcastQueue: Background execution not allowed: receiving Intent { act=android.intent.action.PACKAGE_REMOVED dat=package:com.archie.opencv_blobDetector_mod flg=0x4000010 (has extras) } to com.android.vending/com.google.android.finsky.instantapps.appmanagement.InstantAppRemoveMonitor
11-13 10:01:12.447  1120 12988 W BroadcastQueue: Background execution not allowed: receiving Intent { act=android.intent.action.PACKAGE_REMOVED dat=package:com.archie.opencv_blobDetector_mod flg=0x4000010 (has extras) } to com.google.android.googlequicksearchbox/com.google.android.apps.gsa.googlequicksearchbox.GelStubAppWatcher
11-13 10:01:12.459  1120  1626 I ActivityManager: START u0 {act=android.intent.action.MAIN cat=[android.intent.category.LAUNCHER] flg=0x10000000 cmp=com.archie.opencv_blobDetector_mod/.archie_mods.ModifiedMainActivity} from uid 2000
11-13 10:01:12.480  1120 11408 W BroadcastQueue: Background execution not allowed: receiving Intent { act=android.intent.action.PACKAGE_ADDED dat=package:com.archie.opencv_blobDetector_mod flg=0x4000010 (has extras) } to com.android.musicfx/.Compatibility$Receiver
11-13 10:01:12.495  1120  2991 I ActivityManager: Start proc 15084:com.archie.opencv_blobDetector_mod/u0a153 for activity com.archie.opencv_blobDetector_mod/.archie_mods.ModifiedMainActivity
11-13 10:01:12.591  1120  1138 W BroadcastQueue: Background execution not allowed: receiving Intent { act=android.intent.action.PACKAGE_ADDED dat=package:com.archie.opencv_blobDetector_mod flg=0x4000010 (has extras) } to com.android.vending/com.google.android.finsky.packagemanager.impl.PackageMonitorReceiverImpl$RegisteredReceiver
11-13 10:01:12.623  1120  2989 W BroadcastQueue: Background execution not allowed: receiving Intent { act=android.intent.action.PACKAGE_ADDED dat=package:com.archie.opencv_blobDetector_mod flg=0x4000010 (has extras) } to com.google.android.googlequicksearchbox/com.google.android.apps.gsa.googlequicksearchbox.GelStubAppWatcher
11-13 10:01:12.623  1120  1138 W BroadcastQueue: Background execution not allowed: receiving Intent { act=android.intent.action.PACKAGE_ADDED dat=package:com.archie.opencv_blobDetector_mod flg=0x4000010 (has extras) } to com.google.android.ims/.receivers.RcsAutoStartReceiver
11-13 10:01:12.645  1120  1625 W BroadcastQueue: Background execution not allowed: receiving Intent { act=android.intent.action.PACKAGE_REPLACED dat=package:com.archie.opencv_blobDetector_mod flg=0x4000010 (has extras) } to com.android.musicfx/.Compatibility$Receiver
11-13 10:01:12.646  1120  1138 W BroadcastQueue: Background execution not allowed: receiving Intent { act=android.intent.action.PACKAGE_REPLACED dat=package:com.archie.opencv_blobDetector_mod flg=0x4000010 (has extras) } to com.google.android.apps.photos/.account.full.FetchAccountPropertiesAppUpgradeBroadcastReceiver
11-13 10:01:12.646  1120  1138 W BroadcastQueue: Background execution not allowed: receiving Intent { act=android.intent.action.PACKAGE_REPLACED dat=package:com.archie.opencv_blobDetector_mod flg=0x4000010 (has extras) } to com.google.android.apps.photos/.account.full.SyncAccountsForLoginBroadcastReceiver
11-13 10:01:12.646  1120  1138 W BroadcastQueue: Background execution not allowed: receiving Intent { act=android.intent.action.PACKAGE_REPLACED dat=package:com.archie.opencv_blobDetector_mod flg=0x4000010 (has extras) } to com.google.android.apps.photos/.experiments.phenotype.full.PhenotypeAppUpgradeBroadcastReceiver
11-13 10:01:12.646  1120  1138 W BroadcastQueue: Background execution not allowed: receiving Intent { act=android.intent.action.PACKAGE_REPLACED dat=package:com.archie.opencv_blobDetector_mod flg=0x4000010 (has extras) } to com.google.android.apps.photos/.notificationchannels.AppUpdateBroadcastReceiver
11-13 10:01:12.663  1120  1342 W BroadcastQueue: Background execution not allowed: receiving Intent { act=android.intent.action.PACKAGE_REPLACED dat=package:com.archie.opencv_blobDetector_mod flg=0x4000010 (has extras) } to com.google.android.googlequicksearchbox/com.google.android.apps.gsa.googlequicksearchbox.GelStubAppWatcher
11-13 10:01:12.667  1120  1138 W BroadcastQueue: Background execution not allowed: receiving Intent { act=android.intent.action.PACKAGE_REPLACED dat=package:com.archie.opencv_blobDetector_mod flg=0x4000010 (has extras) } to com.google.android.ims/.receivers.RcsAutoStartReceiver
11-13 10:01:13.071  1120  1235 I WindowManager: Screen frozen for +575ms due to Window{934dbc5 u0 Splash Screen com.archie.opencv_blobDetector_mod}
11-13 10:01:30.279  1120  1396 I ActivityManager: Force stopping com.archie.opencv_blobDetector_mod appid=10153 user=0: from pid 15341
11-13 10:01:30.279  1120  1396 I ActivityManager: Killing 15084:com.archie.opencv_blobDetector_mod/u0a153 (adj 0): stop com.archie.opencv_blobDetector_mod
11-13 10:01:30.280  1120  1396 W ActivityManager: Force removing ActivityRecord{39832a4 u0 com.archie.opencv_blobDetector_mod/.archie_mods.ModifiedMainActivity t526}: app died, no saved state
11-13 10:01:30.286  1120  1396 I WindowManager: Failed to capture screenshot of Token{613b80d ActivityRecord{39832a4 u0 com.archie.opencv_blobDetector_mod/.archie_mods.ModifiedMainActivity t526 f}} appWin=Window{d541f8c u0 com.archie.opencv_blobDetector_mod/com.archie.opencv_blobDetector_mod.archie_mods.ModifiedMainActivity} drawState=4
11-13 10:01:30.329  1120  1669 W WindowManager: Failed to report 'resized' to the client of Window{403d7e1 u0 com.archie.opencv_blobDetector_mod}, removing this window.
11-13 10:02:54.807  1120  1396 I ActivityManager: START u0 {flg=0x10000000 cmp=com.archie.opencv_blobDetector_mod/.archie_mods.ModifiedMainActivity (has extras)} from uid 2000
11-13 10:02:54.828  1120  1130 I ActivityManager: Start proc 15417:com.archie.opencv_blobDetector_mod/u0a153 for activity com.archie.opencv_blobDetector_mod/.archie_mods.ModifiedMainActivity
11-13 10:02:55.295  1120  1235 I WindowManager: Screen frozen for +472ms due to Window{7cace7 u0 Splash Screen com.archie.opencv_blobDetector_mod}
11-13 10:07:55.499  1120  3061 D VoldConnector: SND -> {20 volume mkdirs /storage/emulated/0/Android/data/com.archie.opencv_blobDetector_mod/files/}
11-13 10:07:55.580  1120  1235 I WindowManager: Failed to capture screenshot of Token{b621dfc ActivityRecord{ecfceef u0 com.archie.opencv_blobDetector_mod/.archie_mods.ModifiedMainActivity t527 f}} appWin=Window{e7d4956 u0 com.archie.opencv_blobDetector_mod/com.archie.opencv_blobDetector_mod.archie_mods.ModifiedMainActivity} drawState=4
11-13 10:08:25.459  1120 12988 I ActivityManager: Force stopping com.archie.opencv_blobDetector_mod appid=10153 user=0: from pid 15678
11-13 10:08:25.459  1120 12988 I ActivityManager: Killing 15417:com.archie.opencv_blobDetector_mod/u0a153 (adj 900): stop com.archie.opencv_blobDetector_mod
11-13 10:08:25.509  1120  1668 W ActivityManager: Invalid packageName: com.archie.opencv_blobDetector_mod
11-13 10:08:25.550  1120  1668 I ActivityManager: START u0 {flg=0x10000000 cmp=com.archie.opencv_blobDetector_mod/.archie_mods.ModifiedMainActivity (has extras)} from uid 2000
11-13 10:08:25.578  1120 12988 I ActivityManager: Start proc 15689:com.archie.opencv_blobDetector_mod/u0a153 for activity com.archie.opencv_blobDetector_mod/.archie_mods.ModifiedMainActivity
11-13 10:08:26.065  1120  1235 I WindowManager: Screen frozen for +489ms due to Window{51c8139 u0 Splash Screen com.archie.opencv_blobDetector_mod}
11-13 10:13:26.449  1120  1235 I WindowManager: Failed to capture screenshot of Token{f6275a6 ActivityRecord{9457301 u0 com.archie.opencv_blobDetector_mod/.archie_mods.ModifiedMainActivity t528 f}} appWin=Window{bc11f73 u0 com.archie.opencv_blobDetector_mod/com.archie.opencv_blobDetector_mod.archie_mods.ModifiedMainActivity} drawState=4
11-13 10:13:56.251  1120 11408 I ActivityManager: Force stopping com.archie.opencv_blobDetector_mod appid=10153 user=0: from pid 15958
11-13 10:13:56.251  1120 11408 I ActivityManager: Killing 15689:com.archie.opencv_blobDetector_mod/u0a153 (adj 900): stop com.archie.opencv_blobDetector_mod
11-13 10:13:56.304  1120  3057 W ActivityManager: Invalid packageName: com.archie.opencv_blobDetector_mod
11-13 10:13:56.347  1120  3057 I ActivityManager: START u0 {flg=0x10000000 cmp=com.archie.opencv_blobDetector_mod/.archie_mods.ModifiedMainActivity (has extras)} from uid 2000
11-13 10:13:56.365  1120  2989 I ActivityManager: Start proc 15969:com.archie.opencv_blobDetector_mod/u0a153 for activity com.archie.opencv_blobDetector_mod/.archie_mods.ModifiedMainActivity
11-13 10:13:56.915  1120  1235 I WindowManager: Screen frozen for +556ms due to Window{87837ad u0 Splash Screen com.archie.opencv_blobDetector_mod}
11-13 10:18:57.340  1120  1235 I WindowManager: Failed to capture screenshot of Token{ec0048a ActivityRecord{61e1ef5 u0 com.archie.opencv_blobDetector_mod/.archie_mods.ModifiedMainActivity t529 f}} appWin=Window{cfe08c7 u0 com.archie.opencv_blobDetector_mod/com.archie.opencv_blobDetector_mod.archie_mods.ModifiedMainActivity} drawState=4
11-13 10:19:27.048  1120  3004 I ActivityManager: Force stopping com.archie.opencv_blobDetector_mod appid=10153 user=0: from pid 16373
11-13 10:19:27.048  1120  3004 I ActivityManager: Killing 15969:com.archie.opencv_blobDetector_mod/u0a153 (adj 900): stop com.archie.opencv_blobDetector_mod
11-13 10:19:27.112  1120  1396 W ActivityManager: Invalid packageName: com.archie.opencv_blobDetector_mod
11-13 10:19:27.173  1120  1396 I ActivityManager: START u0 {flg=0x10000000 cmp=com.archie.opencv_blobDetector_mod/.archie_mods.ModifiedMainActivity (has extras)} from uid 2000
11-13 10:19:27.197  1120 12988 I ActivityManager: Start proc 16384:com.archie.opencv_blobDetector_mod/u0a153 for activity com.archie.opencv_blobDetector_mod/.archie_mods.ModifiedMainActivity
11-13 10:19:27.851  1120  1235 I WindowManager: Screen frozen for +657ms due to Window{713409b u0 Splash Screen com.archie.opencv_blobDetector_mod}
--------- beginning of main
11-13 10:22:10.661 16384 16461 I chatty  : uid=10153(com.archie.opencv_blobDetector_mod) expire 340 lines
11-13 10:22:13.504 16384 16384 I chatty  : uid=10153(com.archie.opencv_blobDetector_mod) expire 170 lines
11-13 10:22:16.352 16384 16461 I chatty  : uid=10153(com.archie.opencv_blobDetector_mod) expire 340 lines
11-13 10:22:19.194 16384 16384 I chatty  : uid=10153(com.archie.opencv_blobDetector_mod) expire 170 lines
11-13 10:22:22.040 16384 16461 I chatty  : uid=10153(com.archie.opencv_blobDetector_mod) expire 340 lines
11-13 10:22:24.884 16384 16384 I chatty  : uid=10153(com.archie.opencv_blobDetector_mod) expire 170 lines
11-13 10:22:27.729 16384 16461 I chatty  : uid=10153(com.archie.opencv_blobDetector_mod) expire 340 lines
11-13 10:22:30.574 16384 16384 I chatty  : uid=10153(com.archie.opencv_blobDetector_mod) expire 170 lines
11-13 10:22:33.420 16384 16461 I chatty  : uid=10153(com.archie.opencv_blobDetector_mod) expire 340 lines
11-13 10:22:36.265 16384 16384 I chatty  : uid=10153(com.archie.opencv_blobDetector_mod) expire 170 lines
11-13 10:22:39.109 16384 16461 I chatty  : uid=10153(com.archie.opencv_blobDetector_mod) expire 340 lines
11-13 10:22:41.953 16384 16384 I chatty  : uid=10153(com.archie.opencv_blobDetector_mod) expire 170 lines
11-13 10:22:44.857 16384 16461 I chatty  : uid=10153(com.archie.opencv_blobDetector_mod) expire 340 lines
11-13 10:22:47.701 16384 16384 I chatty  : uid=10153(com.archie.opencv_blobDetector_mod) expire 170 lines
11-13 10:22:50.548 16384 16461 I chatty  : uid=10153(com.archie.opencv_blobDetector_mod) expire 340 lines
11-13 10:22:53.391 16384 16384 I chatty  : uid=10153(com.archie.opencv_blobDetector_mod) expire 170 lines
11-13 10:22:56.237 16384 16461 I chatty  : uid=10153(com.archie.opencv_blobDetector_mod) expire 340 lines
11-13 10:22:59.081 16384 16384 I chatty  : uid=10153(com.archie.opencv_blobDetector_mod) expire 170 lines
11-13 10:23:01.927 16384 16461 I chatty  : uid=10153(com.archie.opencv_blobDetector_mod) expire 340 lines
11-13 10:23:04.771 16384 16384 I chatty  : uid=10153(com.archie.opencv_blobDetector_mod) expire 170 lines
11-13 10:23:07.615 16384 16461 I chatty  : uid=10153(com.archie.opencv_blobDetector_mod) expire 340 lines
11-13 10:23:10.460 16384 16384 I chatty  : uid=10153(com.archie.opencv_blobDetector_mod) expire 170 lines
11-13 10:23:13.306 16384 16461 I chatty  : uid=10153(com.archie.opencv_blobDetector_mod) expire 340 lines
11-13 10:23:16.150 16384 16384 I chatty  : uid=10153(com.archie.opencv_blobDetector_mod) expire 170 lines
11-13 10:23:18.995 16384 16461 I chatty  : uid=10153(com.archie.opencv_blobDetector_mod) expire 340 lines
11-13 10:23:21.840 16384 16384 I chatty  : uid=10153(com.archie.opencv_blobDetector_mod) expire 170 lines
11-13 10:23:24.687 16384 16461 I chatty  : uid=10153(com.archie.opencv_blobDetector_mod) expire 340 lines
11-13 10:23:27.528 16384 16384 I chatty  : uid=10153(com.archie.opencv_blobDetector_mod) expire 170 lines
11-13 10:23:30.375 16384 16461 I chatty  : uid=10153(com.archie.opencv_blobDetector_mod) expire 340 lines
11-13 10:23:33.219 16384 16384 I chatty  : uid=10153(com.archie.opencv_blobDetector_mod) expire 170 lines
11-13 10:23:36.065 16384 16461 I chatty  : uid=10153(com.archie.opencv_blobDetector_mod) expire 340 lines
11-13 10:23:38.908 16384 16384 I chatty  : uid=10153(com.archie.opencv_blobDetector_mod) expire 170 lines
11-13 10:23:41.754 16384 16461 I chatty  : uid=10153(com.archie.opencv_blobDetector_mod) expire 340 lines
11-13 10:23:44.598 16384 16384 I chatty  : uid=10153(com.archie.opencv_blobDetector_mod) expire 170 lines
11-13 10:23:47.444 16384 16461 I chatty  : uid=10153(com.archie.opencv_blobDetector_mod) expire 340 lines
11-13 10:23:50.289 16384 16384 I chatty  : uid=10153(com.archie.opencv_blobDetector_mod) expire 170 lines
11-13 10:23:53.135 16384 16461 I chatty  : uid=10153(com.archie.opencv_blobDetector_mod) expire 340 lines
11-13 10:23:55.978 16384 16384 I chatty  : uid=10153(com.archie.opencv_blobDetector_mod) expire 170 lines
11-13 10:23:58.824 16384 16461 I chatty  : uid=10153(com.archie.opencv_blobDetector_mod) expire 340 lines
11-13 10:24:01.669 16384 16384 I chatty  : uid=10153(com.archie.opencv_blobDetector_mod) expire 170 lines
11-13 10:24:04.515 16384 16461 I chatty  : uid=10153(com.archie.opencv_blobDetector_mod) expire 340 lines
11-13 10:24:07.356 16384 16384 I chatty  : uid=10153(com.archie.opencv_blobDetector_mod) expire 85 lines
11-13 10:24:28.023  1120  1138 W ActivityManager: Activity pause timeout for ActivityRecord{451f023 u0 com.archie.opencv_blobDetector_mod/.archie_mods.ModifiedMainActivity t530 f}
11-13 10:24:28.030   815 12991 I Camera2ClientBase: Closed Camera 0. Client was: com.archie.opencv_blobDetector_mod (PID 16384, UID 10153)
11-13 10:24:28.162 16384 16384 I opencv_colorblob_mod: ColorBlobApplication: Writing resource stats to file: /storage/emulated/0/Android/data/com.archie.opencv_blobDetector_mod/files/20181113_102428_frames.csv
11-13 10:24:28.228  1120  1235 I WindowManager: Failed to capture screenshot of Token{c201920 ActivityRecord{451f023 u0 com.archie.opencv_blobDetector_mod/.archie_mods.ModifiedMainActivity t530 f}} appWin=Window{26f8c05 u0 com.archie.opencv_blobDetector_mod/com.archie.opencv_blobDetector_mod.archie_mods.ModifiedMainActivity} drawState=4
11-13 10:24:28.437 16384 16384 I opencv_colorblob_mod: ColorBlobApplication: Writing resource stats to file: /storage/emulated/0/Android/data/com.archie.opencv_blobDetector_mod/files/20181113_102428_classification.csv
11-13 10:24:28.439 16384 16384 I opencv_colorblob_mod: ColorBlobApplication: Writing resource stats to file: /storage/emulated/0/Android/data/com.archie.opencv_blobDetector_mod/files/20181113_102428_execSettings.csv
11-13 10:24:28.441   604   977 E BufferQueueProducer: [SurfaceView - com.archie.opencv_blobDetector_mod/com.archie.opencv_blobDetector_mod.archie_mods.ModifiedMainActivity#0] disconnect: not connected (req=2)
11-13 10:24:28.681  3044  3234 D BaseStreamManager: Promised remove @ r#9185 for StreamItemIdAndRevision{notifKey=0|android|0|com.android.server.wm.AlertWindowNotification - com.archie.opencv_blobDetector_mod|1000, packageName=android, tag=com.android.server.wm.AlertWindowNotification - com.archie.opencv_blobDetector_mod, id=0, revision=0, originalRevision=0, updateCount=0} (@9184): SBN removed: StreamItemIdAndRevision{notifKey=0|android|0|com.android.server.wm.AlertWindowNotification - com.archie.opencv_blobDetector_mod|1000, packageName=android, tag=com.android.server.wm.AlertWindowNotification - com.archie.opencv_blobDetector_mod, id=0, revision=0, originalRevision=0, updateCount=0}
