--------- beginning of system
11-13 10:01:09.789  1120  1232 D PackageInstaller: Inherited files: [/data/app/com.archie.opencv_blobDetector_mod-HmvG1w3p9g-zLavgFrKq4Q==/base.apk, /data/app/com.archie.opencv_blobDetector_mod-HmvG1w3p9g-zLavgFrKq4Q==/split_lib_dependencies_apk.apk, /data/app/com.archie.opencv_blobDetector_mod-HmvG1w3p9g-zLavgFrKq4Q==/split_lib_resources_apk.apk, /data/app/com.archie.opencv_blobDetector_mod-HmvG1w3p9g-zLavgFrKq4Q==/split_lib_slice_0_apk.apk, /data/app/com.archie.opencv_blobDetector_mod-HmvG1w3p9g-zLavgFrKq4Q==/split_lib_slice_1_apk.apk, /data/app/com.archie.opencv_blobDetector_mod-HmvG1w3p9g-zLavgFrKq4Q==/split_lib_slice_2_apk.apk, /data/app/com.archie.opencv_blobDetector_mod-HmvG1w3p9g-zLavgFrKq4Q==/split_lib_slice_4_apk.apk, /data/app/com.archie.opencv_blobDetector_mod-HmvG1w3p9g-zLavgFrKq4Q==/split_lib_slice_5_apk.apk, /data/app/com.archie.opencv_blobDetector_mod-HmvG1w3p9g-zLavgFrKq4Q==/split_lib_slice_6_apk.apk, /data/app/com.archie.opencv_blobDetector_mod-HmvG1w3p9g-zLavgFrKq4Q==/split_lib_slice_7_apk.apk, /data/app/com.archie.opencv_blobDetector_mod-HmvG1w3p9g-zLavgFrKq4Q==/split_lib_slice_8_apk.apk, /data/app/com.archie.opencv_blobDetector_mod-HmvG1w3p9g-zLavgFrKq4Q==/split_lib_slice_9_apk.apk, /data/app/com.archie.opencv_blobDetector_mod-HmvG1w3p9g-zLavgFrKq4Q==/oat/arm64/base.odex, /data/app/com.archie.opencv_blobDetector_mod-HmvG1w3p9g-zLavgFrKq4Q==/oat/arm64/base.vdex]
11-13 10:01:12.086  1120  1138 I ActivityManager: Force stopping com.archie.opencv_blobDetector_mod appid=10153 user=-1: installPackageLI
11-13 10:01:12.149  1120  1154 I PackageManager: Package com.archie.opencv_blobDetector_mod codePath changed from /data/app/com.archie.opencv_blobDetector_mod-HmvG1w3p9g-zLavgFrKq4Q== to /data/app/com.archie.opencv_blobDetector_mod-ciDSvNJnKB7Q_NILaxXiYQ==; Retaining data and using new
11-13 10:01:12.149  1120  1154 W PackageManager: Code path for com.archie.opencv_blobDetector_mod changing from /data/app/com.archie.opencv_blobDetector_mod-HmvG1w3p9g-zLavgFrKq4Q== to /data/app/com.archie.opencv_blobDetector_mod-ciDSvNJnKB7Q_NILaxXiYQ==
11-13 10:01:12.149  1120  1154 W PackageManager: Resource path for com.archie.opencv_blobDetector_mod changing from /data/app/com.archie.opencv_blobDetector_mod-HmvG1w3p9g-zLavgFrKq4Q== to /data/app/com.archie.opencv_blobDetector_mod-ciDSvNJnKB7Q_NILaxXiYQ==
11-13 10:01:12.378  1120  1154 I ActivityManager: Force stopping com.archie.opencv_blobDetector_mod appid=10153 user=0: pkg removed
11-13 10:01:12.414  1120  1138 W BroadcastQueue: Background execution not allowed: receiving Intent { act=android.intent.action.PACKAGE_REMOVED dat=package:com.archie.opencv_blobDetector_mod flg=0x4000010 (has extras) } to com.android.musicfx/.Compatibility$Receiver
11-13 10:01:12.422  1120  1138 W BroadcastQueue: Background execution not allowed: receiving Intent { act=android.intent.action.PACKAGE_REMOVED dat=package:com.archie.opencv_blobDetector_mod flg=0x4000010 (has extras) } to com.android.vending/com.google.android.finsky.packagemanager.impl.PackageMonitorReceiverImpl$RegisteredReceiver
11-13 10:01:12.427  1120  1138 W BroadcastQueue: Background execution not allowed: receiving Intent { act=android.intent.action.PACKAGE_REMOVED dat=package:com.archie.opencv_blobDetector_mod flg=0x4000010 (has extras) } to com.android.vending/com.google.android.finsky.instantapps.appmanagement.InstantAppRemoveMonitor
11-13 10:01:12.447  1120 12988 W BroadcastQueue: Background execution not allowed: receiving Intent { act=android.intent.action.PACKAGE_REMOVED dat=package:com.archie.opencv_blobDetector_mod flg=0x4000010 (has extras) } to com.google.android.googlequicksearchbox/com.google.android.apps.gsa.googlequicksearchbox.GelStubAppWatcher
11-13 10:01:12.459  1120  1626 I ActivityManager: START u0 {act=android.intent.action.MAIN cat=[android.intent.category.LAUNCHER] flg=0x10000000 cmp=com.archie.opencv_blobDetector_mod/.archie_mods.ModifiedMainActivity} from uid 2000
11-13 10:01:12.480  1120 11408 W BroadcastQueue: Background execution not allowed: receiving Intent { act=android.intent.action.PACKAGE_ADDED dat=package:com.archie.opencv_blobDetector_mod flg=0x4000010 (has extras) } to com.android.musicfx/.Compatibility$Receiver
11-13 10:01:12.495  1120  2991 I ActivityManager: Start proc 15084:com.archie.opencv_blobDetector_mod/u0a153 for activity com.archie.opencv_blobDetector_mod/.archie_mods.ModifiedMainActivity
11-13 10:01:12.591  1120  1138 W BroadcastQueue: Background execution not allowed: receiving Intent { act=android.intent.action.PACKAGE_ADDED dat=package:com.archie.opencv_blobDetector_mod flg=0x4000010 (has extras) } to com.android.vending/com.google.android.finsky.packagemanager.impl.PackageMonitorReceiverImpl$RegisteredReceiver
11-13 10:01:12.623  1120  2989 W BroadcastQueue: Background execution not allowed: receiving Intent { act=android.intent.action.PACKAGE_ADDED dat=package:com.archie.opencv_blobDetector_mod flg=0x4000010 (has extras) } to com.google.android.googlequicksearchbox/com.google.android.apps.gsa.googlequicksearchbox.GelStubAppWatcher
11-13 10:01:12.623  1120  1138 W BroadcastQueue: Background execution not allowed: receiving Intent { act=android.intent.action.PACKAGE_ADDED dat=package:com.archie.opencv_blobDetector_mod flg=0x4000010 (has extras) } to com.google.android.ims/.receivers.RcsAutoStartReceiver
11-13 10:01:12.645  1120  1625 W BroadcastQueue: Background execution not allowed: receiving Intent { act=android.intent.action.PACKAGE_REPLACED dat=package:com.archie.opencv_blobDetector_mod flg=0x4000010 (has extras) } to com.android.musicfx/.Compatibility$Receiver
11-13 10:01:12.646  1120  1138 W BroadcastQueue: Background execution not allowed: receiving Intent { act=android.intent.action.PACKAGE_REPLACED dat=package:com.archie.opencv_blobDetector_mod flg=0x4000010 (has extras) } to com.google.android.apps.photos/.account.full.FetchAccountPropertiesAppUpgradeBroadcastReceiver
11-13 10:01:12.646  1120  1138 W BroadcastQueue: Background execution not allowed: receiving Intent { act=android.intent.action.PACKAGE_REPLACED dat=package:com.archie.opencv_blobDetector_mod flg=0x4000010 (has extras) } to com.google.android.apps.photos/.account.full.SyncAccountsForLoginBroadcastReceiver
11-13 10:01:12.646  1120  1138 W BroadcastQueue: Background execution not allowed: receiving Intent { act=android.intent.action.PACKAGE_REPLACED dat=package:com.archie.opencv_blobDetector_mod flg=0x4000010 (has extras) } to com.google.android.apps.photos/.experiments.phenotype.full.PhenotypeAppUpgradeBroadcastReceiver
11-13 10:01:12.646  1120  1138 W BroadcastQueue: Background execution not allowed: receiving Intent { act=android.intent.action.PACKAGE_REPLACED dat=package:com.archie.opencv_blobDetector_mod flg=0x4000010 (has extras) } to com.google.android.apps.photos/.notificationchannels.AppUpdateBroadcastReceiver
11-13 10:01:12.663  1120  1342 W BroadcastQueue: Background execution not allowed: receiving Intent { act=android.intent.action.PACKAGE_REPLACED dat=package:com.archie.opencv_blobDetector_mod flg=0x4000010 (has extras) } to com.google.android.googlequicksearchbox/com.google.android.apps.gsa.googlequicksearchbox.GelStubAppWatcher
11-13 10:01:12.667  1120  1138 W BroadcastQueue: Background execution not allowed: receiving Intent { act=android.intent.action.PACKAGE_REPLACED dat=package:com.archie.opencv_blobDetector_mod flg=0x4000010 (has extras) } to com.google.android.ims/.receivers.RcsAutoStartReceiver
11-13 10:01:13.071  1120  1235 I WindowManager: Screen frozen for +575ms due to Window{934dbc5 u0 Splash Screen com.archie.opencv_blobDetector_mod}
11-13 10:01:30.279  1120  1396 I ActivityManager: Force stopping com.archie.opencv_blobDetector_mod appid=10153 user=0: from pid 15341
11-13 10:01:30.279  1120  1396 I ActivityManager: Killing 15084:com.archie.opencv_blobDetector_mod/u0a153 (adj 0): stop com.archie.opencv_blobDetector_mod
11-13 10:01:30.280  1120  1396 W ActivityManager: Force removing ActivityRecord{39832a4 u0 com.archie.opencv_blobDetector_mod/.archie_mods.ModifiedMainActivity t526}: app died, no saved state
11-13 10:01:30.286  1120  1396 I WindowManager: Failed to capture screenshot of Token{613b80d ActivityRecord{39832a4 u0 com.archie.opencv_blobDetector_mod/.archie_mods.ModifiedMainActivity t526 f}} appWin=Window{d541f8c u0 com.archie.opencv_blobDetector_mod/com.archie.opencv_blobDetector_mod.archie_mods.ModifiedMainActivity} drawState=4
11-13 10:01:30.329  1120  1669 W WindowManager: Failed to report 'resized' to the client of Window{403d7e1 u0 com.archie.opencv_blobDetector_mod}, removing this window.
11-13 10:02:54.807  1120  1396 I ActivityManager: START u0 {flg=0x10000000 cmp=com.archie.opencv_blobDetector_mod/.archie_mods.ModifiedMainActivity (has extras)} from uid 2000
11-13 10:02:54.828  1120  1130 I ActivityManager: Start proc 15417:com.archie.opencv_blobDetector_mod/u0a153 for activity com.archie.opencv_blobDetector_mod/.archie_mods.ModifiedMainActivity
11-13 10:02:55.295  1120  1235 I WindowManager: Screen frozen for +472ms due to Window{7cace7 u0 Splash Screen com.archie.opencv_blobDetector_mod}
--------- beginning of main
11-13 10:07:33.266 15417 15417 I chatty  : uid=10153(com.archie.opencv_blobDetector_mod) expire 57 lines
11-13 10:07:34.200 15417 15492 I chatty  : uid=10153(com.archie.opencv_blobDetector_mod) expire 451 lines
11-13 10:07:35.172 15417 15417 I chatty  : uid=10153(com.archie.opencv_blobDetector_mod) expire 59 lines
11-13 10:07:36.154 15417 15492 I chatty  : uid=10153(com.archie.opencv_blobDetector_mod) expire 453 lines
11-13 10:07:37.146 15417 15417 I chatty  : uid=10153(com.archie.opencv_blobDetector_mod) expire 57 lines
11-13 10:07:38.086 15417 15492 I chatty  : uid=10153(com.archie.opencv_blobDetector_mod) expire 451 lines
11-13 10:07:39.053 15417 15417 I chatty  : uid=10153(com.archie.opencv_blobDetector_mod) expire 58 lines
11-13 10:07:40.028 15417 15492 I chatty  : uid=10153(com.archie.opencv_blobDetector_mod) expire 453 lines
11-13 10:07:40.996 15417 15417 I chatty  : uid=10153(com.archie.opencv_blobDetector_mod) expire 58 lines
11-13 10:07:41.955 15417 15492 I chatty  : uid=10153(com.archie.opencv_blobDetector_mod) expire 452 lines
11-13 10:07:42.937 15417 15417 I chatty  : uid=10153(com.archie.opencv_blobDetector_mod) expire 58 lines
11-13 10:07:43.906 15417 15492 I chatty  : uid=10153(com.archie.opencv_blobDetector_mod) expire 452 lines
11-13 10:07:44.878 15417 15417 I chatty  : uid=10153(com.archie.opencv_blobDetector_mod) expire 58 lines
11-13 10:07:45.846 15417 15492 I chatty  : uid=10153(com.archie.opencv_blobDetector_mod) expire 452 lines
11-13 10:07:46.821 15417 15417 I chatty  : uid=10153(com.archie.opencv_blobDetector_mod) expire 58 lines
11-13 10:07:47.781 15417 15492 I chatty  : uid=10153(com.archie.opencv_blobDetector_mod) expire 226 lines
11-13 10:07:55.374   815 12991 I Camera2ClientBase: Closed Camera 0. Client was: com.archie.opencv_blobDetector_mod (PID 15417, UID 10153)
11-13 10:07:55.499  1120  3061 D VoldConnector: SND -> {20 volume mkdirs /storage/emulated/0/Android/data/com.archie.opencv_blobDetector_mod/files/}
11-13 10:07:55.504 15417 15417 I opencv_colorblob_mod: ColorBlobApplication: Writing resource stats to file: /storage/emulated/0/Android/data/com.archie.opencv_blobDetector_mod/files/20181113_100755_frames.csv
11-13 10:07:55.580  1120  1235 I WindowManager: Failed to capture screenshot of Token{b621dfc ActivityRecord{ecfceef u0 com.archie.opencv_blobDetector_mod/.archie_mods.ModifiedMainActivity t527 f}} appWin=Window{e7d4956 u0 com.archie.opencv_blobDetector_mod/com.archie.opencv_blobDetector_mod.archie_mods.ModifiedMainActivity} drawState=4
11-13 10:07:55.707 15417 15417 I opencv_colorblob_mod: ColorBlobApplication: Writing resource stats to file: /storage/emulated/0/Android/data/com.archie.opencv_blobDetector_mod/files/20181113_100755_classification.csv
11-13 10:07:55.708 15417 15417 I opencv_colorblob_mod: ColorBlobApplication: Writing resource stats to file: /storage/emulated/0/Android/data/com.archie.opencv_blobDetector_mod/files/20181113_100755_execSettings.csv
11-13 10:07:55.709   604  1304 E BufferQueueProducer: [SurfaceView - com.archie.opencv_blobDetector_mod/com.archie.opencv_blobDetector_mod.archie_mods.ModifiedMainActivity#0] disconnect: not connected (req=2)
11-13 10:07:55.940  3044  3234 D BaseStreamManager: Promised remove @ r#9175 for StreamItemIdAndRevision{notifKey=0|android|0|com.android.server.wm.AlertWindowNotification - com.archie.opencv_blobDetector_mod|1000, packageName=android, tag=com.android.server.wm.AlertWindowNotification - com.archie.opencv_blobDetector_mod, id=0, revision=0, originalRevision=0, updateCount=0} (@9174): SBN removed: StreamItemIdAndRevision{notifKey=0|android|0|com.android.server.wm.AlertWindowNotification - com.archie.opencv_blobDetector_mod|1000, packageName=android, tag=com.android.server.wm.AlertWindowNotification - com.archie.opencv_blobDetector_mod, id=0, revision=0, originalRevision=0, updateCount=0}
