--------- beginning of system
--------- beginning of crash
11-13 20:45:05.360  1120  1138 I ActivityManager: Force stopping com.archie.tf_classify_mod appid=10144 user=-1: installPackageLI
11-13 20:45:05.490  1120  1154 I PackageManager: Package com.archie.tf_classify_mod codePath changed from /data/app/com.archie.tf_classify_mod-ZF1gtMN2LIc_rqnkMskQIw== to /data/app/com.archie.tf_classify_mod-BQ_B6d1tvInfXA01rSYBPQ==; Retaining data and using new
11-13 20:45:05.491  1120  1154 W PackageManager: Code path for com.archie.tf_classify_mod changing from /data/app/com.archie.tf_classify_mod-ZF1gtMN2LIc_rqnkMskQIw== to /data/app/com.archie.tf_classify_mod-BQ_B6d1tvInfXA01rSYBPQ==
11-13 20:45:05.491  1120  1154 W PackageManager: Resource path for com.archie.tf_classify_mod changing from /data/app/com.archie.tf_classify_mod-ZF1gtMN2LIc_rqnkMskQIw== to /data/app/com.archie.tf_classify_mod-BQ_B6d1tvInfXA01rSYBPQ==
11-13 20:45:05.813  1120  1154 I ActivityManager: Force stopping com.archie.tf_classify_mod appid=10144 user=0: pkg removed
11-13 20:45:05.848  1120  1138 W BroadcastQueue: Background execution not allowed: receiving Intent { act=android.intent.action.PACKAGE_REMOVED dat=package:com.archie.tf_classify_mod flg=0x4000010 (has extras) } to com.android.musicfx/.Compatibility$Receiver
11-13 20:45:05.854  1120  1138 W BroadcastQueue: Background execution not allowed: receiving Intent { act=android.intent.action.PACKAGE_REMOVED dat=package:com.archie.tf_classify_mod flg=0x4000010 (has extras) } to com.android.vending/com.google.android.finsky.packagemanager.impl.PackageMonitorReceiverImpl$RegisteredReceiver
11-13 20:45:05.854  1120  1138 W BroadcastQueue: Background execution not allowed: receiving Intent { act=android.intent.action.PACKAGE_REMOVED dat=package:com.archie.tf_classify_mod flg=0x4000010 (has extras) } to com.android.vending/com.google.android.finsky.instantapps.appmanagement.InstantAppRemoveMonitor
11-13 20:45:05.904  1120  1669 W BroadcastQueue: Background execution not allowed: receiving Intent { act=android.intent.action.PACKAGE_REMOVED dat=package:com.archie.tf_classify_mod flg=0x4000010 (has extras) } to com.google.android.googlequicksearchbox/com.google.android.apps.gsa.googlequicksearchbox.GelStubAppWatcher
11-13 20:45:05.909  1120  3062 I ActivityManager: START u0 {act=android.intent.action.MAIN cat=[android.intent.category.LAUNCHER] flg=0x10000000 cmp=com.archie.tf_classify_mod/.archie_mods.ModifiedClassifierActivity} from uid 2000
11-13 20:45:05.941  1120  1131 I ActivityManager: Start proc 25012:com.archie.tf_classify_mod/u0a144 for activity com.archie.tf_classify_mod/.archie_mods.ModifiedClassifierActivity
11-13 20:45:05.953  1120  1601 W BroadcastQueue: Background execution not allowed: receiving Intent { act=android.intent.action.PACKAGE_ADDED dat=package:com.archie.tf_classify_mod flg=0x4000010 (has extras) } to com.android.musicfx/.Compatibility$Receiver
11-13 20:45:05.961  1120  1138 W BroadcastQueue: Background execution not allowed: receiving Intent { act=android.intent.action.PACKAGE_ADDED dat=package:com.archie.tf_classify_mod flg=0x4000010 (has extras) } to com.android.vending/com.google.android.finsky.packagemanager.impl.PackageMonitorReceiverImpl$RegisteredReceiver
11-13 20:45:06.002  1120  1131 W BroadcastQueue: Background execution not allowed: receiving Intent { act=android.intent.action.PACKAGE_ADDED dat=package:com.archie.tf_classify_mod flg=0x4000010 (has extras) } to com.google.android.googlequicksearchbox/com.google.android.apps.gsa.googlequicksearchbox.GelStubAppWatcher
11-13 20:45:06.002  1120  1138 W BroadcastQueue: Background execution not allowed: receiving Intent { act=android.intent.action.PACKAGE_ADDED dat=package:com.archie.tf_classify_mod flg=0x4000010 (has extras) } to com.google.android.ims/.receivers.RcsAutoStartReceiver
11-13 20:45:06.013  1120  1625 W BroadcastQueue: Background execution not allowed: receiving Intent { act=android.intent.action.PACKAGE_REPLACED dat=package:com.archie.tf_classify_mod flg=0x4000010 (has extras) } to com.android.musicfx/.Compatibility$Receiver
11-13 20:45:06.013  1120  1138 W BroadcastQueue: Background execution not allowed: receiving Intent { act=android.intent.action.PACKAGE_REPLACED dat=package:com.archie.tf_classify_mod flg=0x4000010 (has extras) } to com.google.android.apps.photos/.account.full.FetchAccountPropertiesAppUpgradeBroadcastReceiver
11-13 20:45:06.013  1120  1138 W BroadcastQueue: Background execution not allowed: receiving Intent { act=android.intent.action.PACKAGE_REPLACED dat=package:com.archie.tf_classify_mod flg=0x4000010 (has extras) } to com.google.android.apps.photos/.account.full.SyncAccountsForLoginBroadcastReceiver
11-13 20:45:06.013  1120  1138 W BroadcastQueue: Background execution not allowed: receiving Intent { act=android.intent.action.PACKAGE_REPLACED dat=package:com.archie.tf_classify_mod flg=0x4000010 (has extras) } to com.google.android.apps.photos/.experiments.phenotype.full.PhenotypeAppUpgradeBroadcastReceiver
11-13 20:45:06.013  1120  1138 W BroadcastQueue: Background execution not allowed: receiving Intent { act=android.intent.action.PACKAGE_REPLACED dat=package:com.archie.tf_classify_mod flg=0x4000010 (has extras) } to com.google.android.apps.photos/.notificationchannels.AppUpdateBroadcastReceiver
11-13 20:45:06.038  1120  1601 W BroadcastQueue: Background execution not allowed: receiving Intent { act=android.intent.action.PACKAGE_REPLACED dat=package:com.archie.tf_classify_mod flg=0x4000010 (has extras) } to com.google.android.googlequicksearchbox/com.google.android.apps.gsa.googlequicksearchbox.GelStubAppWatcher
11-13 20:45:06.039  1120  1138 W BroadcastQueue: Background execution not allowed: receiving Intent { act=android.intent.action.PACKAGE_REPLACED dat=package:com.archie.tf_classify_mod flg=0x4000010 (has extras) } to com.google.android.ims/.receivers.RcsAutoStartReceiver
11-13 20:45:06.906  1120  3057 I ActivityManager: Start proc 25056:com.archie.tf_classify_mod:ResourceLoggerService/u0a144 for service com.archie.tf_classify_mod/edu.temple.gtc_core.services.ResourceLoggerService
11-13 20:45:06.918  1120  1625 I ActivityManager: Start proc 25062:com.archie.tf_classify_mod:FrameLoggerService/u0a144 for service com.archie.tf_classify_mod/edu.temple.gtc_core.services.FrameLoggerService
11-13 20:45:17.349  1120 12988 I ActivityManager: Force stopping com.archie.tf_classify_mod appid=10144 user=0: from pid 25179
11-13 20:45:17.349  1120 12988 I ActivityManager: Killing 25012:com.archie.tf_classify_mod/u0a144 (adj 0): stop com.archie.tf_classify_mod
11-13 20:45:17.351  1120 12988 W ActivityManager: Force removing ActivityRecord{77a2d2b u0 com.archie.tf_classify_mod/.archie_mods.ModifiedClassifierActivity t562}: app died, no saved state
11-13 20:45:17.353  1120 12988 I WindowManager: Failed to capture screenshot of Token{f5a7b21 ActivityRecord{77a2d2b u0 com.archie.tf_classify_mod/.archie_mods.ModifiedClassifierActivity t562 f}} appWin=Window{ff98b90 u0 com.archie.tf_classify_mod/com.archie.tf_classify_mod.archie_mods.ModifiedClassifierActivity} drawState=4
11-13 20:45:17.361  1120 12988 I ActivityManager: Killing 25062:com.archie.tf_classify_mod:FrameLoggerService/u0a144 (adj 200): stop com.archie.tf_classify_mod
11-13 20:45:17.361  1120 12988 W ActivityManager: Scheduling restart of crashed service com.archie.tf_classify_mod/edu.temple.gtc_core.services.FrameLoggerService in 1000ms
11-13 20:45:17.362  1120 12988 I ActivityManager: Killing 25056:com.archie.tf_classify_mod:ResourceLoggerService/u0a144 (adj 200): stop com.archie.tf_classify_mod
11-13 20:45:17.362  1120 12988 W ActivityManager: Scheduling restart of crashed service com.archie.tf_classify_mod/edu.temple.gtc_core.services.ResourceLoggerService in 10999ms
11-13 20:45:17.363  1120 12988 I ActivityManager:   Force stopping service ServiceRecord{c296aa7 u0 com.archie.tf_classify_mod/edu.temple.gtc_core.services.FrameLoggerService}
11-13 20:45:17.363  1120 12988 I ActivityManager:   Force stopping service ServiceRecord{2650766 u0 com.archie.tf_classify_mod/edu.temple.gtc_core.services.ResourceLoggerService}
11-13 20:45:17.378  1120  1626 I WindowManager: WIN DEATH: Window{65f248d u0 com.archie.tf_classify_mod}
11-13 20:45:17.383  1120  1669 I WindowManager: WIN DEATH: Window{6c4b97 u0 com.archie.tf_classify_mod}
11-13 20:45:17.391  1120  3062 I WindowManager: WIN DEATH: Window{7b08f31 u0 com.archie.tf_classify_mod}
11-13 20:45:19.564  1120 12988 I ActivityManager: START u0 {flg=0x10000000 cmp=com.archie.tf_classify_mod/.archie_mods.ModifiedClassifierActivity (has extras)} from uid 2000
11-13 20:45:19.586  1120  1131 I ActivityManager: Start proc 25204:com.archie.tf_classify_mod/u0a144 for activity com.archie.tf_classify_mod/.archie_mods.ModifiedClassifierActivity
11-13 20:45:20.469  1120 12988 I ActivityManager: Start proc 25238:com.archie.tf_classify_mod:ResourceLoggerService/u0a144 for service com.archie.tf_classify_mod/edu.temple.gtc_core.services.ResourceLoggerService
11-13 20:45:20.480  1120 12988 I ActivityManager: Start proc 25244:com.archie.tf_classify_mod:FrameLoggerService/u0a144 for service com.archie.tf_classify_mod/edu.temple.gtc_core.services.FrameLoggerService
11-13 20:46:22.499 25204 25349 E AndroidRuntime: FATAL EXCEPTION: Timer-2
11-13 20:46:22.499 25204 25349 E AndroidRuntime: Process: com.archie.tf_classify_mod, PID: 25204
11-13 20:46:22.499 25204 25349 E AndroidRuntime: java.lang.IllegalStateException: Timer already cancelled.
11-13 20:46:22.499 25204 25349 E AndroidRuntime: 	at java.util.Timer.sched(Timer.java:397)
11-13 20:46:22.499 25204 25349 E AndroidRuntime: 	at java.util.Timer.schedule(Timer.java:248)
11-13 20:46:22.499 25204 25349 E AndroidRuntime: 	at edu.temple.gtc_core.async.AsyncUxCollector$2.run(AsyncUxCollector.java:77)
11-13 20:46:22.499 25204 25349 E AndroidRuntime: 	at java.util.TimerThread.mainLoop(Timer.java:555)
11-13 20:46:22.499 25204 25349 E AndroidRuntime: 	at java.util.TimerThread.run(Timer.java:505)
11-13 20:46:22.519  1120  1139 I ActivityManager: Showing crash dialog for package com.archie.tf_classify_mod u0
11-13 20:46:50.030  1120  3061 I ActivityManager: Force stopping com.archie.tf_classify_mod appid=10144 user=0: from pid 25407
11-13 20:46:50.030  1120  3061 I ActivityManager: Killing 25204:com.archie.tf_classify_mod/u0a144 (adj 900): stop com.archie.tf_classify_mod
11-13 20:46:50.044  1120  3061 I ActivityManager: Killing 25244:com.archie.tf_classify_mod:FrameLoggerService/u0a144 (adj 200): stop com.archie.tf_classify_mod
11-13 20:46:50.078  1120  3061 I ActivityManager: Killing 25238:com.archie.tf_classify_mod:ResourceLoggerService/u0a144 (adj 200): stop com.archie.tf_classify_mod
11-13 20:46:50.079  1120  1601 I WindowManager: WIN DEATH: Window{ca6361b u0 com.archie.tf_classify_mod}
11-13 20:46:50.084  1120  3062 W ActivityManager: Ignoring remove of inactive process: ProcessRecord{3d9276e 0:com.archie.tf_classify_mod/u0a144}
11-13 20:46:50.101  1120  3062 I WindowManager: WIN DEATH: Window{3aa8591 u0 com.archie.tf_classify_mod}
11-13 20:46:50.124  1120  3062 W ActivityManager: Invalid packageName: com.archie.tf_classify_mod
11-13 20:46:50.169  1120  3062 I ActivityManager: START u0 {flg=0x10000000 cmp=com.archie.tf_classify_mod/.archie_mods.ModifiedClassifierActivity (has extras)} from uid 2000
11-13 20:46:50.187  1120  3061 I ActivityManager: Start proc 25418:com.archie.tf_classify_mod/u0a144 for activity com.archie.tf_classify_mod/.archie_mods.ModifiedClassifierActivity
11-13 20:46:51.084  1120  3061 I ActivityManager: Start proc 25456:com.archie.tf_classify_mod:ResourceLoggerService/u0a144 for service com.archie.tf_classify_mod/edu.temple.gtc_core.services.ResourceLoggerService
11-13 20:46:51.097  1120  3061 I ActivityManager: Start proc 25469:com.archie.tf_classify_mod:FrameLoggerService/u0a144 for service com.archie.tf_classify_mod/edu.temple.gtc_core.services.FrameLoggerService
11-13 20:47:53.105 25418 25571 E AndroidRuntime: FATAL EXCEPTION: Timer-2
11-13 20:47:53.105 25418 25571 E AndroidRuntime: Process: com.archie.tf_classify_mod, PID: 25418
11-13 20:47:53.105 25418 25571 E AndroidRuntime: java.lang.IllegalStateException: Timer already cancelled.
11-13 20:47:53.105 25418 25571 E AndroidRuntime: 	at java.util.Timer.sched(Timer.java:397)
11-13 20:47:53.105 25418 25571 E AndroidRuntime: 	at java.util.Timer.schedule(Timer.java:248)
11-13 20:47:53.105 25418 25571 E AndroidRuntime: 	at edu.temple.gtc_core.async.AsyncUxCollector$2.run(AsyncUxCollector.java:77)
11-13 20:47:53.105 25418 25571 E AndroidRuntime: 	at java.util.TimerThread.mainLoop(Timer.java:555)
11-13 20:47:53.105 25418 25571 E AndroidRuntime: 	at java.util.TimerThread.run(Timer.java:505)
11-13 20:47:53.130  1120  1139 I ActivityManager: Showing crash dialog for package com.archie.tf_classify_mod u0
11-13 20:48:20.571  1120  3062 I ActivityManager: Force stopping com.archie.tf_classify_mod appid=10144 user=0: from pid 25628
11-13 20:48:20.571  1120  3062 I ActivityManager: Killing 25418:com.archie.tf_classify_mod/u0a144 (adj 900): stop com.archie.tf_classify_mod
11-13 20:48:20.586  1120  3062 I ActivityManager: Killing 25469:com.archie.tf_classify_mod:FrameLoggerService/u0a144 (adj 200): stop com.archie.tf_classify_mod
11-13 20:48:20.619  1120  3062 I ActivityManager: Killing 25456:com.archie.tf_classify_mod:ResourceLoggerService/u0a144 (adj 200): stop com.archie.tf_classify_mod
11-13 20:48:20.620  1120 31012 I WindowManager: WIN DEATH: Window{d3e87f7 u0 com.archie.tf_classify_mod}
11-13 20:48:20.626  1120  1669 W ActivityManager: Ignoring remove of inactive process: ProcessRecord{bd8919c 0:com.archie.tf_classify_mod/u0a144}
11-13 20:48:20.636  1120  1601 I WindowManager: WIN DEATH: Window{550e32a u0 com.archie.tf_classify_mod}
11-13 20:48:20.676  1120  1669 W ActivityManager: Invalid packageName: com.archie.tf_classify_mod
11-13 20:48:20.774  1120  1669 I ActivityManager: START u0 {flg=0x10000000 cmp=com.archie.tf_classify_mod/.archie_mods.ModifiedClassifierActivity (has extras)} from uid 2000
11-13 20:48:20.796  1120  1601 I ActivityManager: Start proc 25643:com.archie.tf_classify_mod/u0a144 for activity com.archie.tf_classify_mod/.archie_mods.ModifiedClassifierActivity
11-13 20:48:21.685  1120 31012 I ActivityManager: Start proc 25714:com.archie.tf_classify_mod:ResourceLoggerService/u0a144 for service com.archie.tf_classify_mod/edu.temple.gtc_core.services.ResourceLoggerService
11-13 20:48:21.697  1120  1601 I ActivityManager: Start proc 25720:com.archie.tf_classify_mod:FrameLoggerService/u0a144 for service com.archie.tf_classify_mod/edu.temple.gtc_core.services.FrameLoggerService
11-13 20:50:20.540  1120  1601 I ActivityManager: Force stopping com.archie.tf_classify_mod appid=10144 user=0: from pid 26569
11-13 20:50:20.541  1120  1601 I ActivityManager: Killing 25643:com.archie.tf_classify_mod/u0a144 (adj 0): stop com.archie.tf_classify_mod
11-13 20:50:20.542  1120  1601 W ActivityManager: Force removing ActivityRecord{17a5812 u0 com.archie.tf_classify_mod/.archie_mods.ModifiedClassifierActivity t565}: app died, no saved state
11-13 20:50:20.543  1120  1601 I WindowManager: Failed to capture screenshot of Token{7d92be3 ActivityRecord{17a5812 u0 com.archie.tf_classify_mod/.archie_mods.ModifiedClassifierActivity t565 f}} appWin=Window{70f683c u0 com.archie.tf_classify_mod/com.archie.tf_classify_mod.archie_mods.ModifiedClassifierActivity} drawState=4
11-13 20:50:20.549  1120  1601 I ActivityManager: Killing 25720:com.archie.tf_classify_mod:FrameLoggerService/u0a144 (adj 200): stop com.archie.tf_classify_mod
11-13 20:50:20.549  1120  1601 W ActivityManager: Scheduling restart of crashed service com.archie.tf_classify_mod/edu.temple.gtc_core.services.FrameLoggerService in 1000ms
11-13 20:50:20.549  1120  1601 I ActivityManager: Killing 25714:com.archie.tf_classify_mod:ResourceLoggerService/u0a144 (adj 200): stop com.archie.tf_classify_mod
11-13 20:50:20.550  1120  1601 W ActivityManager: Scheduling restart of crashed service com.archie.tf_classify_mod/edu.temple.gtc_core.services.ResourceLoggerService in 11000ms
11-13 20:50:20.550  1120  1601 I ActivityManager:   Force stopping service ServiceRecord{b1ef840 u0 com.archie.tf_classify_mod/edu.temple.gtc_core.services.FrameLoggerService}
11-13 20:50:20.550  1120  1601 I ActivityManager:   Force stopping service ServiceRecord{3d257c3 u0 com.archie.tf_classify_mod/edu.temple.gtc_core.services.ResourceLoggerService}
11-13 20:50:20.580  1120  1601 I WindowManager: WIN DEATH: Window{f00f170 u0 com.archie.tf_classify_mod}
11-13 20:50:20.583  1120  1669 I WindowManager: WIN DEATH: Window{bc47122 u0 com.archie.tf_classify_mod}
11-13 20:50:20.591  1120  1601 I WindowManager: WIN DEATH: Window{93be00e u0 com.archie.tf_classify_mod}
11-13 20:50:20.594  1120  1130 W ActivityManager: Invalid packageName: com.archie.tf_classify_mod
11-13 20:51:57.102  1120  1669 I ActivityManager: START u0 {flg=0x10000000 cmp=com.archie.tf_classify_mod/.archie_mods.ModifiedClassifierActivity (has extras)} from uid 2000
11-13 20:51:57.113  1120  1668 I ActivityManager: Start proc 26613:com.archie.tf_classify_mod/u0a144 for activity com.archie.tf_classify_mod/.archie_mods.ModifiedClassifierActivity
11-13 20:51:57.984  1120  1130 I ActivityManager: Start proc 26651:com.archie.tf_classify_mod:ResourceLoggerService/u0a144 for service com.archie.tf_classify_mod/edu.temple.gtc_core.services.ResourceLoggerService
11-13 20:51:57.996  1120  1669 I ActivityManager: Start proc 26657:com.archie.tf_classify_mod:FrameLoggerService/u0a144 for service com.archie.tf_classify_mod/edu.temple.gtc_core.services.FrameLoggerService
11-13 20:57:27.787  1120  1668 I ActivityManager: Force stopping com.archie.tf_classify_mod appid=10144 user=0: from pid 26924
11-13 20:57:27.788  1120  1668 I ActivityManager: Killing 26613:com.archie.tf_classify_mod/u0a144 (adj 900): stop com.archie.tf_classify_mod
11-13 20:57:27.791  1120  1668 I ActivityManager: Killing 26657:com.archie.tf_classify_mod:FrameLoggerService/u0a144 (adj 200): stop com.archie.tf_classify_mod
11-13 20:57:27.794  1120  1668 I ActivityManager: Killing 26651:com.archie.tf_classify_mod:ResourceLoggerService/u0a144 (adj 200): stop com.archie.tf_classify_mod
11-13 20:57:27.823  1120  1668 I WindowManager: WIN DEATH: Window{1cd323f u0 com.archie.tf_classify_mod}
11-13 20:57:27.826  1120  2991 I WindowManager: WIN DEATH: Window{b1d9855 u0 com.archie.tf_classify_mod}
11-13 20:57:27.850  1120  3062 W ActivityManager: Invalid packageName: com.archie.tf_classify_mod
11-13 20:57:27.893  1120  3062 I ActivityManager: START u0 {flg=0x10000000 cmp=com.archie.tf_classify_mod/.archie_mods.ModifiedClassifierActivity (has extras)} from uid 2000
11-13 20:57:27.910  1120  3005 I ActivityManager: Start proc 26935:com.archie.tf_classify_mod/u0a144 for activity com.archie.tf_classify_mod/.archie_mods.ModifiedClassifierActivity
11-13 20:57:29.016  1120  1342 I ActivityManager: Start proc 26975:com.archie.tf_classify_mod:ResourceLoggerService/u0a144 for service com.archie.tf_classify_mod/edu.temple.gtc_core.services.ResourceLoggerService
11-13 20:57:29.028  1120  1342 I ActivityManager: Start proc 26981:com.archie.tf_classify_mod:FrameLoggerService/u0a144 for service com.archie.tf_classify_mod/edu.temple.gtc_core.services.FrameLoggerService
11-13 21:02:28.656  1120  1138 W ActivityManager: Activity pause timeout for ActivityRecord{73ee5ac u0 com.archie.tf_classify_mod/.archie_mods.ModifiedClassifierActivity t567 f}
11-13 21:02:58.612  1120  1342 I ActivityManager: Force stopping com.archie.tf_classify_mod appid=10144 user=0: from pid 27268
11-13 21:02:58.612  1120  1342 I ActivityManager: Killing 26935:com.archie.tf_classify_mod/u0a144 (adj 900): stop com.archie.tf_classify_mod
11-13 21:02:58.616  1120  1342 I ActivityManager: Killing 26981:com.archie.tf_classify_mod:FrameLoggerService/u0a144 (adj 200): stop com.archie.tf_classify_mod
11-13 21:02:58.619  1120  1342 I ActivityManager: Killing 26975:com.archie.tf_classify_mod:ResourceLoggerService/u0a144 (adj 200): stop com.archie.tf_classify_mod
11-13 21:02:58.638  1120  3004 I WindowManager: WIN DEATH: Window{62ea7c5 u0 com.archie.tf_classify_mod}
11-13 21:02:58.644  1120  1668 I WindowManager: WIN DEATH: Window{9e99110 u0 com.archie.tf_classify_mod}
11-13 21:02:58.676  1120  1668 W ActivityManager: Invalid packageName: com.archie.tf_classify_mod
11-13 21:02:58.780  1120  1668 I ActivityManager: START u0 {flg=0x10000000 cmp=com.archie.tf_classify_mod/.archie_mods.ModifiedClassifierActivity (has extras)} from uid 2000
11-13 21:02:58.799  1120  1342 I ActivityManager: Start proc 27279:com.archie.tf_classify_mod/u0a144 for activity com.archie.tf_classify_mod/.archie_mods.ModifiedClassifierActivity
11-13 21:02:59.673  1120  3062 I ActivityManager: Start proc 27318:com.archie.tf_classify_mod:ResourceLoggerService/u0a144 for service com.archie.tf_classify_mod/edu.temple.gtc_core.services.ResourceLoggerService
11-13 21:02:59.685  1120  1342 I ActivityManager: Start proc 27326:com.archie.tf_classify_mod:FrameLoggerService/u0a144 for service com.archie.tf_classify_mod/edu.temple.gtc_core.services.FrameLoggerService
11-13 21:08:29.499  1120  1131 I ActivityManager: Force stopping com.archie.tf_classify_mod appid=10144 user=0: from pid 27586
11-13 21:08:29.500  1120  1131 I ActivityManager: Killing 27279:com.archie.tf_classify_mod/u0a144 (adj 900): stop com.archie.tf_classify_mod
11-13 21:08:29.502  1120  1131 I ActivityManager: Killing 27326:com.archie.tf_classify_mod:FrameLoggerService/u0a144 (adj 200): stop com.archie.tf_classify_mod
11-13 21:08:29.504  1120  1131 I ActivityManager: Killing 27318:com.archie.tf_classify_mod:ResourceLoggerService/u0a144 (adj 200): stop com.archie.tf_classify_mod
11-13 21:08:29.521  1120  1342 I WindowManager: WIN DEATH: Window{9ef0d3 u0 com.archie.tf_classify_mod}
11-13 21:08:29.523  1120  1641 I WindowManager: WIN DEATH: Window{21a8b0d u0 com.archie.tf_classify_mod}
11-13 21:08:29.548  1120  1131 W ActivityManager: Invalid packageName: com.archie.tf_classify_mod
11-13 21:08:29.607  1120  1131 I ActivityManager: START u0 {flg=0x10000000 cmp=com.archie.tf_classify_mod/.archie_mods.ModifiedClassifierActivity (has extras)} from uid 2000
11-13 21:08:29.625  1120  2989 I ActivityManager: Start proc 27597:com.archie.tf_classify_mod/u0a144 for activity com.archie.tf_classify_mod/.archie_mods.ModifiedClassifierActivity
11-13 21:08:30.925  1120  1131 I ActivityManager: Start proc 27637:com.archie.tf_classify_mod:ResourceLoggerService/u0a144 for service com.archie.tf_classify_mod/edu.temple.gtc_core.services.ResourceLoggerService
11-13 21:08:30.937  1120 12988 I ActivityManager: Start proc 27642:com.archie.tf_classify_mod:FrameLoggerService/u0a144 for service com.archie.tf_classify_mod/edu.temple.gtc_core.services.FrameLoggerService
11-13 21:14:00.319  1120  3004 I ActivityManager: Force stopping com.archie.tf_classify_mod appid=10144 user=0: from pid 27899
11-13 21:14:00.319  1120  3004 I ActivityManager: Killing 27597:com.archie.tf_classify_mod/u0a144 (adj 900): stop com.archie.tf_classify_mod
11-13 21:14:00.326  1120  3004 I ActivityManager: Killing 27642:com.archie.tf_classify_mod:FrameLoggerService/u0a144 (adj 200): stop com.archie.tf_classify_mod
11-13 21:14:00.330  1120  3004 I ActivityManager: Killing 27637:com.archie.tf_classify_mod:ResourceLoggerService/u0a144 (adj 200): stop com.archie.tf_classify_mod
11-13 21:14:00.350  1120 12988 I WindowManager: WIN DEATH: Window{3c7987d u0 com.archie.tf_classify_mod}
11-13 21:14:00.353  1120  3057 I WindowManager: WIN DEATH: Window{a3aa941 u0 com.archie.tf_classify_mod}
11-13 21:14:00.374  1120  3004 W ActivityManager: Invalid packageName: com.archie.tf_classify_mod
11-13 21:14:00.419  1120  3004 I ActivityManager: START u0 {flg=0x10000000 cmp=com.archie.tf_classify_mod/.archie_mods.ModifiedClassifierActivity (has extras)} from uid 2000
11-13 21:14:00.433  1120  3057 I ActivityManager: Start proc 27910:com.archie.tf_classify_mod/u0a144 for activity com.archie.tf_classify_mod/.archie_mods.ModifiedClassifierActivity
11-13 21:14:01.309  1120  3004 I ActivityManager: Start proc 27949:com.archie.tf_classify_mod:ResourceLoggerService/u0a144 for service com.archie.tf_classify_mod/edu.temple.gtc_core.services.ResourceLoggerService
11-13 21:14:01.320  1120  3004 I ActivityManager: Start proc 27956:com.archie.tf_classify_mod:FrameLoggerService/u0a144 for service com.archie.tf_classify_mod/edu.temple.gtc_core.services.FrameLoggerService
11-13 21:19:31.098  1120 31012 I ActivityManager: Force stopping com.archie.tf_classify_mod appid=10144 user=0: from pid 28214
11-13 21:19:31.098  1120 31012 I ActivityManager: Killing 27910:com.archie.tf_classify_mod/u0a144 (adj 900): stop com.archie.tf_classify_mod
11-13 21:19:31.118  1120 31012 I ActivityManager: Killing 27956:com.archie.tf_classify_mod:FrameLoggerService/u0a144 (adj 200): stop com.archie.tf_classify_mod
11-13 21:19:31.127  1120 31012 I ActivityManager: Killing 27949:com.archie.tf_classify_mod:ResourceLoggerService/u0a144 (adj 200): stop com.archie.tf_classify_mod
11-13 21:19:31.158  1120  1625 I WindowManager: WIN DEATH: Window{a4a1d47 u0 com.archie.tf_classify_mod}
11-13 21:19:31.166  1120  3004 I WindowManager: WIN DEATH: Window{3688e0 u0 com.archie.tf_classify_mod}
11-13 21:19:31.207  1120  3004 W ActivityManager: Invalid packageName: com.archie.tf_classify_mod
11-13 21:19:31.423  1120  3004 I ActivityManager: START u0 {flg=0x10000000 cmp=com.archie.tf_classify_mod/.archie_mods.ModifiedClassifierActivity (has extras)} from uid 2000
11-13 21:19:31.442  1120  3005 I ActivityManager: Start proc 28229:com.archie.tf_classify_mod/u0a144 for activity com.archie.tf_classify_mod/.archie_mods.ModifiedClassifierActivity
11-13 21:19:32.760  1120 11408 I ActivityManager: Start proc 28300:com.archie.tf_classify_mod:ResourceLoggerService/u0a144 for service com.archie.tf_classify_mod/edu.temple.gtc_core.services.ResourceLoggerService
11-13 21:19:32.783  1120  1625 I ActivityManager: Start proc 28307:com.archie.tf_classify_mod:FrameLoggerService/u0a144 for service com.archie.tf_classify_mod/edu.temple.gtc_core.services.FrameLoggerService
11-13 21:44:41.506  1120 31013 I ActivityManager: Force stopping com.archie.tf_classify_mod appid=10144 user=0: from pid 7146
11-13 21:44:41.507  1120 31013 I ActivityManager: Killing 28229:com.archie.tf_classify_mod/u0a144 (adj 0): stop com.archie.tf_classify_mod
11-13 21:44:41.514  1120 31013 W ActivityManager: Force removing ActivityRecord{ad34bb4 u0 com.archie.tf_classify_mod/.archie_mods.ModifiedClassifierActivity t571}: app died, no saved state
11-13 21:44:41.516  1120 31013 I WindowManager: Failed to capture screenshot of Token{e4043dd ActivityRecord{ad34bb4 u0 com.archie.tf_classify_mod/.archie_mods.ModifiedClassifierActivity t571 f}} appWin=Window{e58374e u0 com.archie.tf_classify_mod/com.archie.tf_classify_mod.archie_mods.ModifiedClassifierActivity} drawState=4
11-13 21:44:41.529  1120 31013 I ActivityManager: Killing 28307:com.archie.tf_classify_mod:FrameLoggerService/u0a144 (adj 200): stop com.archie.tf_classify_mod
11-13 21:44:41.530  1120 31013 W ActivityManager: Scheduling restart of crashed service com.archie.tf_classify_mod/edu.temple.gtc_core.services.FrameLoggerService in 1000ms
11-13 21:44:41.536  1120 31013 I ActivityManager: Killing 28300:com.archie.tf_classify_mod:ResourceLoggerService/u0a144 (adj 200): stop com.archie.tf_classify_mod
11-13 21:44:41.536  1120 31013 W ActivityManager: Scheduling restart of crashed service com.archie.tf_classify_mod/edu.temple.gtc_core.services.ResourceLoggerService in 10994ms
11-13 21:44:41.540  1120 31013 I ActivityManager:   Force stopping service ServiceRecord{890f4bd u0 com.archie.tf_classify_mod/edu.temple.gtc_core.services.FrameLoggerService}
11-13 21:44:41.540  1120 31013 I ActivityManager:   Force stopping service ServiceRecord{e6b414 u0 com.archie.tf_classify_mod/edu.temple.gtc_core.services.ResourceLoggerService}
11-13 21:44:41.558  1120  1668 I WindowManager: WIN DEATH: Window{794fc98 u0 com.archie.tf_classify_mod}
11-13 21:44:41.561  1120  1641 I WindowManager: WIN DEATH: Window{a10e050 u0 com.archie.tf_classify_mod}
11-13 21:44:41.565  1120  1626 I WindowManager: WIN DEATH: Window{1286929 u0 com.archie.tf_classify_mod}
11-13 21:44:41.584  1120  3062 W ActivityManager: Invalid packageName: com.archie.tf_classify_mod
11-14 06:18:13.046  1120  1396 I ActivityManager: START u0 {flg=0x10000000 cmp=com.archie.tf_classify_mod/.archie_mods.ModifiedClassifierActivity (has extras)} from uid 2000
11-14 06:18:13.067  1120  3062 I ActivityManager: Start proc 15031:com.archie.tf_classify_mod/u0a144 for activity com.archie.tf_classify_mod/.archie_mods.ModifiedClassifierActivity
11-14 06:18:13.946  1120  1396 I ActivityManager: Start proc 15070:com.archie.tf_classify_mod:ResourceLoggerService/u0a144 for service com.archie.tf_classify_mod/edu.temple.gtc_core.services.ResourceLoggerService
11-14 06:18:13.957  1120  3062 I ActivityManager: Start proc 15076:com.archie.tf_classify_mod:FrameLoggerService/u0a144 for service com.archie.tf_classify_mod/edu.temple.gtc_core.services.FrameLoggerService
--------- beginning of main
11-14 06:20:11.166 15031 15052 I chatty  : uid=10144(com.archie.tf_classify_mod) expire 185 lines
11-14 06:20:13.558 15031 15053 I chatty  : uid=10144(com.archie.tf_classify_mod) expire 155 lines
11-14 06:20:14.131 15233 15233 I chatty  : uid=10144(com.archie.tf_classify_mod) top expire 2 lines
11-14 06:20:14.288 15076 15076 I chatty  : uid=10144 com.archie.tf_classify_mod:FrameLoggerService expire 2 lines
11-14 06:20:14.436 15070 15232 I chatty  : uid=10144 com.archie.tf_classify_mod:ResourceLoggerService expire 3 lines
11-14 06:20:15.961 15031 15236 I chatty  : uid=10144(com.archie.tf_classify_mod) expire 1 line
11-14 06:20:16.021 15031 15052 I chatty  : uid=10144(com.archie.tf_classify_mod) expire 95 lines
11-14 06:20:16.025 15031 15053 I chatty  : uid=10144(com.archie.tf_classify_mod) expire 324 lines
11-14 06:20:18.716 15031 15052 I chatty  : uid=10144(com.archie.tf_classify_mod) expire 186 lines
11-14 06:20:21.082 15031 15053 I chatty  : uid=10144(com.archie.tf_classify_mod) expire 319 lines
11-14 06:20:23.630 15031 15052 I chatty  : uid=10144(com.archie.tf_classify_mod) expire 94 lines
11-14 06:20:24.302 15076 15076 I chatty  : uid=10144 com.archie.tf_classify_mod:FrameLoggerService expire 2 lines
11-14 06:20:26.057 15031 15053 I chatty  : uid=10144(com.archie.tf_classify_mod) expire 160 lines
11-14 06:20:26.185 15031 15052 I chatty  : uid=10144(com.archie.tf_classify_mod) expire 189 lines
11-14 06:20:28.608 15031 15053 I chatty  : uid=10144(com.archie.tf_classify_mod) expire 323 lines
11-14 06:20:31.119 15031 15052 I chatty  : uid=10144(com.archie.tf_classify_mod) expire 187 lines
11-14 06:20:33.665 15031 15053 I chatty  : uid=10144(com.archie.tf_classify_mod) expire 159 lines
11-14 06:20:34.316 15076 15076 I chatty  : uid=10144 com.archie.tf_classify_mod:FrameLoggerService expire 2 lines
11-14 06:20:36.161 15031 15052 I chatty  : uid=10144(com.archie.tf_classify_mod) expire 93 lines
11-14 06:20:36.175 15031 15053 I chatty  : uid=10144(com.archie.tf_classify_mod) expire 326 lines
11-14 06:20:38.861 15031 15052 I chatty  : uid=10144(com.archie.tf_classify_mod) expire 182 lines
11-14 06:20:41.274 15031 15053 I chatty  : uid=10144(com.archie.tf_classify_mod) expire 161 lines
11-14 06:20:42.942 15076 15092 I chatty  : uid=10144(com.archie.tf_classify_mod) Jit thread pool expire 3 lines
11-14 06:20:43.824 15031 15053 I chatty  : uid=10144(com.archie.tf_classify_mod) expire 156 lines
11-14 06:20:43.842 15031 15052 I chatty  : uid=10144(com.archie.tf_classify_mod) expire 92 lines
11-14 06:20:44.141 15244 15244 I chatty  : uid=10144(com.archie.tf_classify_mod) top expire 2 lines
11-14 06:20:44.330 15076 15076 I chatty  : uid=10144 com.archie.tf_classify_mod:FrameLoggerService expire 2 lines
11-14 06:20:44.431 15070 15243 I chatty  : uid=10144 com.archie.tf_classify_mod:ResourceLoggerService expire 3 lines
11-14 06:20:46.284 15031 15052 I chatty  : uid=10144(com.archie.tf_classify_mod) expire 97 lines
11-14 06:20:46.290 15031 15053 I chatty  : uid=10144(com.archie.tf_classify_mod) expire 322 lines
11-14 06:20:48.894 15031 15052 I chatty  : uid=10144(com.archie.tf_classify_mod) expire 182 lines
11-14 06:20:51.349 15031 15053 I chatty  : uid=10144(com.archie.tf_classify_mod) expire 160 lines
11-14 06:20:51.786 15070 15081 I chatty  : uid=10144(com.archie.tf_classify_mod) Jit thread pool expire 3 lines
11-14 06:20:52.920 15031 15046 I chatty  : uid=10144(com.archie.tf_classify_mod) Profile Saver expire 1 line
11-14 06:20:53.866 15031 15052 I chatty  : uid=10144(com.archie.tf_classify_mod) expire 98 lines
11-14 06:20:53.898 15031 15053 I chatty  : uid=10144(com.archie.tf_classify_mod) expire 155 lines
11-14 06:20:54.333 15076 15076 I chatty  : uid=10144 com.archie.tf_classify_mod:FrameLoggerService expire 2 lines
11-14 06:20:56.323 15031 15053 I chatty  : uid=10144(com.archie.tf_classify_mod) expire 164 lines
11-14 06:20:56.488 15031 15052 I chatty  : uid=10144(com.archie.tf_classify_mod) expire 187 lines
11-14 06:20:58.874 15031 15053 I chatty  : uid=10144(com.archie.tf_classify_mod) expire 321 lines
11-14 06:21:01.362 15031 15052 I chatty  : uid=10144(com.archie.tf_classify_mod) expire 184 lines
11-14 06:21:03.904 15031 15053 I chatty  : uid=10144(com.archie.tf_classify_mod) expire 162 lines
11-14 06:21:04.342 15076 15076 I chatty  : uid=10144 com.archie.tf_classify_mod:FrameLoggerService expire 2 lines
11-14 06:21:06.440 15031 15053 I chatty  : uid=10144(com.archie.tf_classify_mod) expire 157 lines
11-14 06:21:06.506 15031 15052 I chatty  : uid=10144(com.archie.tf_classify_mod) expire 189 lines
11-14 06:21:08.906 15031 15053 I chatty  : uid=10144(com.archie.tf_classify_mod) expire 328 lines
11-14 06:21:11.542 15031 15052 I chatty  : uid=10144(com.archie.tf_classify_mod) expire 183 lines
11-14 06:21:14.132 15031 15053 I chatty  : uid=10144(com.archie.tf_classify_mod) expire 155 lines
11-14 06:21:14.147 15252 15252 I chatty  : uid=10144(com.archie.tf_classify_mod) top expire 2 lines
11-14 06:21:14.356 15076 15076 I chatty  : uid=10144 com.archie.tf_classify_mod:FrameLoggerService expire 2 lines
11-14 06:21:14.425 15070 15251 I chatty  : uid=10144 com.archie.tf_classify_mod:ResourceLoggerService expire 3 lines
11-14 06:21:15.965 15031 15255 I chatty  : uid=10144(com.archie.tf_classify_mod) expire 1 line
11-14 06:21:16.531 15031 15052 I chatty  : uid=10144(com.archie.tf_classify_mod) expire 97 lines
11-14 06:21:16.557 15031 15053 I chatty  : uid=10144(com.archie.tf_classify_mod) expire 322 lines
11-14 06:21:19.163 15031 15052 I chatty  : uid=10144(com.archie.tf_classify_mod) expire 186 lines
11-14 06:21:21.576 15031 15053 I chatty  : uid=10144(com.archie.tf_classify_mod) expire 319 lines
11-14 06:21:24.160 15031 15052 I chatty  : uid=10144(com.archie.tf_classify_mod) expire 94 lines
11-14 06:21:24.371 15076 15076 I chatty  : uid=10144 com.archie.tf_classify_mod:FrameLoggerService expire 2 lines
11-14 06:21:26.715 15031 15053 I chatty  : uid=10144(com.archie.tf_classify_mod) expire 164 lines
11-14 06:21:26.870 15031 15052 I chatty  : uid=10144(com.archie.tf_classify_mod) expire 189 lines
11-14 06:21:29.308 15031 15053 I chatty  : uid=10144(com.archie.tf_classify_mod) expire 321 lines
11-14 06:21:31.948 15031 15052 I chatty  : uid=10144(com.archie.tf_classify_mod) expire 182 lines
11-14 06:21:34.323 15031 15053 I chatty  : uid=10144(com.archie.tf_classify_mod) expire 162 lines
11-14 06:21:34.386 15076 15076 I chatty  : uid=10144 com.archie.tf_classify_mod:FrameLoggerService expire 2 lines
11-14 06:21:36.875 15031 15053 I chatty  : uid=10144(com.archie.tf_classify_mod) expire 157 lines
11-14 06:21:36.898 15031 15052 I chatty  : uid=10144(com.archie.tf_classify_mod) expire 189 lines
11-14 06:21:39.340 15031 15053 I chatty  : uid=10144(com.archie.tf_classify_mod) expire 322 lines
11-14 06:21:41.973 15031 15052 I chatty  : uid=10144(com.archie.tf_classify_mod) expire 96 lines
11-14 06:21:44.144 15265 15265 I chatty  : uid=10144(com.archie.tf_classify_mod) top expire 2 lines
11-14 06:21:44.397 15031 15052 I chatty  : uid=10144(com.archie.tf_classify_mod) expire 88 lines
11-14 06:21:44.399 15031 15053 I chatty  : uid=10144(com.archie.tf_classify_mod) expire 159 lines
11-14 06:21:44.401 15076 15076 I chatty  : uid=10144 com.archie.tf_classify_mod:FrameLoggerService expire 2 lines
11-14 06:21:44.415 15070 15264 I chatty  : uid=10144 com.archie.tf_classify_mod:ResourceLoggerService expire 3 lines
11-14 06:21:46.261 15031 15036 I chatty  : uid=10144(com.archie.tf_classify_mod) Jit thread pool expire 2 lines
11-14 06:21:46.867 15031 15052 I chatty  : uid=10144(com.archie.tf_classify_mod) expire 94 lines
11-14 06:21:46.908 15031 15053 I chatty  : uid=10144(com.archie.tf_classify_mod) expire 323 lines
11-14 06:21:49.490 15031 15052 I chatty  : uid=10144(com.archie.tf_classify_mod) expire 191 lines
11-14 06:21:52.007 15031 15053 I chatty  : uid=10144(com.archie.tf_classify_mod) expire 312 lines
11-14 06:21:54.415 15076 15076 I chatty  : uid=10144 com.archie.tf_classify_mod:FrameLoggerService expire 2 lines
11-14 06:21:54.515 15031 15052 I chatty  : uid=10144(com.archie.tf_classify_mod) expire 190 lines
11-14 06:21:56.773 15031 15053 I chatty  : uid=10144(com.archie.tf_classify_mod) expire 321 lines
11-14 06:21:59.348 15031 15052 I chatty  : uid=10144(com.archie.tf_classify_mod) expire 191 lines
11-14 06:22:01.788 15031 15053 I chatty  : uid=10144(com.archie.tf_classify_mod) expire 319 lines
11-14 06:22:04.338 15031 15052 I chatty  : uid=10144(com.archie.tf_classify_mod) expire 95 lines
11-14 06:22:04.432 15076 15076 I chatty  : uid=10144 com.archie.tf_classify_mod:FrameLoggerService expire 2 lines
11-14 06:22:06.786 15031 15053 I chatty  : uid=10144(com.archie.tf_classify_mod) expire 164 lines
11-14 06:22:06.934 15031 15052 I chatty  : uid=10144(com.archie.tf_classify_mod) expire 184 lines
11-14 06:22:09.356 15031 15053 I chatty  : uid=10144(com.archie.tf_classify_mod) expire 321 lines
11-14 06:22:11.975 15031 15052 I chatty  : uid=10144(com.archie.tf_classify_mod) expire 89 lines
11-14 06:22:14.141 15273 15273 I chatty  : uid=10144(com.archie.tf_classify_mod) top expire 2 lines
11-14 06:22:14.446 15076 15076 I chatty  : uid=10144 com.archie.tf_classify_mod:FrameLoggerService expire 2 lines
11-14 06:22:14.451 15070 15272 I chatty  : uid=10144 com.archie.tf_classify_mod:ResourceLoggerService expire 3 lines
11-14 06:22:14.479 15031 15052 I chatty  : uid=10144(com.archie.tf_classify_mod) expire 97 lines
11-14 06:22:14.497 15031 15053 I chatty  : uid=10144(com.archie.tf_classify_mod) expire 157 lines
11-14 06:22:15.961 15031 15276 I chatty  : uid=10144(com.archie.tf_classify_mod) expire 1 line
11-14 06:22:16.949 15031 15052 I chatty  : uid=10144(com.archie.tf_classify_mod) expire 92 lines
11-14 06:22:16.964 15031 15053 I chatty  : uid=10144(com.archie.tf_classify_mod) expire 320 lines
11-14 06:22:19.596 15031 15052 I chatty  : uid=10144(com.archie.tf_classify_mod) expire 183 lines
11-14 06:22:22.022 15031 15053 I chatty  : uid=10144(com.archie.tf_classify_mod) expire 168 lines
11-14 06:22:24.461 15076 15076 I chatty  : uid=10144 com.archie.tf_classify_mod:FrameLoggerService expire 2 lines
11-14 06:22:25.186 15031 15052 I chatty  : uid=10144(com.archie.tf_classify_mod) expire 77 lines
11-14 06:22:25.205 15031 15053 I chatty  : uid=10144(com.archie.tf_classify_mod) expire 348 lines
11-14 06:22:28.546 15031 15052 I chatty  : uid=10144(com.archie.tf_classify_mod) expire 184 lines
11-14 06:22:31.589 15031 15053 I chatty  : uid=10144(com.archie.tf_classify_mod) expire 321 lines
11-14 06:22:34.424 15031 15052 I chatty  : uid=10144(com.archie.tf_classify_mod) expire 88 lines
11-14 06:22:34.461 15076 15076 I chatty  : uid=10144 com.archie.tf_classify_mod:FrameLoggerService expire 2 lines
11-14 06:22:37.433 15031 15052 I chatty  : uid=10144(com.archie.tf_classify_mod) expire 97 lines
11-14 06:22:37.491 15031 15053 I chatty  : uid=10144(com.archie.tf_classify_mod) expire 312 lines
11-14 06:22:40.624 15031 15052 I chatty  : uid=10144(com.archie.tf_classify_mod) expire 98 lines
11-14 06:22:41.430 15031 15036 I chatty  : uid=10144(com.archie.tf_classify_mod) Jit thread pool expire 3 lines
11-14 06:22:43.363 15031 15053 I chatty  : uid=10144(com.archie.tf_classify_mod) expire 150 lines
11-14 06:22:43.399 15031 15052 I chatty  : uid=10144(com.archie.tf_classify_mod) expire 98 lines
11-14 06:22:44.141 15288 15288 I chatty  : uid=10144(com.archie.tf_classify_mod) top expire 2 lines
11-14 06:22:44.461 15076 15076 I chatty  : uid=10144 com.archie.tf_classify_mod:FrameLoggerService expire 2 lines
11-14 06:22:44.471 15070 15287 I chatty  : uid=10144 com.archie.tf_classify_mod:ResourceLoggerService expire 3 lines
11-14 06:22:46.070 15031 15053 I chatty  : uid=10144(com.archie.tf_classify_mod) expire 157 lines
11-14 06:22:46.129 15031 15052 I chatty  : uid=10144(com.archie.tf_classify_mod) expire 198 lines
11-14 06:22:48.928 15031 15053 I chatty  : uid=10144(com.archie.tf_classify_mod) expire 309 lines
11-14 06:22:51.785 15031 15052 I chatty  : uid=10144(com.archie.tf_classify_mod) expire 99 lines
11-14 06:22:54.477 15076 15076 I chatty  : uid=10144 com.archie.tf_classify_mod:FrameLoggerService expire 2 lines
11-14 06:23:13.547 15031 15031 D tf_classify_mod: ModifiedClassifierActivity: onPause com.archie.tf_classify_mod.archie_mods.ModifiedClassifierActivity@1ae6d11
11-14 06:23:13.867 15031 15031 D tf_classify_mod: ModifiedClassifierActivity: onStop com.archie.tf_classify_mod.archie_mods.ModifiedClassifierActivity@1ae6d11
11-14 06:23:13.869 15031 15031 D tf_classify_mod: ModifiedClassifierActivity: onDestroy com.archie.tf_classify_mod.archie_mods.ModifiedClassifierActivity@1ae6d11
11-14 06:23:13.879  3044  3234 D BaseStreamManager: Promised remove @ r#9726 for StreamItemIdAndRevision{notifKey=0|com.archie.tf_classify_mod|543|null|10144, packageName=com.archie.tf_classify_mod, id=543, revision=0, originalRevision=0, updateCount=0} (@9725): SBN removed: StreamItemIdAndRevision{notifKey=0|com.archie.tf_classify_mod|543|null|10144, packageName=com.archie.tf_classify_mod, id=543, revision=0, originalRevision=0, updateCount=0}
11-14 06:23:13.885  3044  3234 D BaseStreamManager: Promised remove @ r#9727 for StreamItemIdAndRevision{notifKey=0|com.archie.tf_classify_mod|643|null|10144, packageName=com.archie.tf_classify_mod, id=643, revision=0, originalRevision=0, updateCount=0} (@9726): SBN removed: StreamItemIdAndRevision{notifKey=0|com.archie.tf_classify_mod|643|null|10144, packageName=com.archie.tf_classify_mod, id=643, revision=0, originalRevision=0, updateCount=0}
11-14 06:23:13.887 15031 15031 I GtcCore : Output directory created at: /storage/emulated/0/Android/data/com.archie.tf_classify_mod/files/20181114_062313_audio
11-14 06:23:13.889 15031 15031 D GtcCore : Writing resource stats to file: /storage/emulated/0/Android/data/com.archie.tf_classify_mod/files/20181114_062313_UxResults.csv
11-14 06:23:13.890 15070 15070 D GtcCore : Writing resource stats to file: /storage/emulated/0/Android/data/com.archie.tf_classify_mod/files/20181114_062313_ResourceStats_TfClassify_Mod.txt
11-14 06:23:13.894 15076 15076 D GtcCore : Writing resource stats to file: /storage/emulated/0/Android/data/com.archie.tf_classify_mod/files/20181114_062313_FrameStats.txt
11-14 06:23:13.918 15031 15031 D GtcCore : Writing resource stats to file: /storage/emulated/0/Android/data/com.archie.tf_classify_mod/files/20181114_062313_ClassificationResults.csv
11-14 06:23:13.933 15031 15031 I opencv_colorblob_mod: BaseApplication: Writing resource stats to file: /storage/emulated/0/Android/data/com.archie.tf_classify_mod/files/20181114_062313_frames.csv
11-14 06:23:13.981   815 12991 I Camera2ClientBase: Closed Camera 0. Client was: com.archie.tf_classify_mod (PID 15031, UID 10144)
11-14 06:23:14.089 15031 15031 I opencv_colorblob_mod: BaseApplication: Writing resource stats to file: /storage/emulated/0/Android/data/com.archie.tf_classify_mod/files/20181114_062313_classification.csv
11-14 06:23:14.093 15031 15031 I opencv_colorblob_mod: BaseApplication: Writing resource stats to file: /storage/emulated/0/Android/data/com.archie.tf_classify_mod/files/20181114_062313_execSettings.csv
11-14 06:23:14.330  3044  3234 D BaseStreamManager: Promised remove @ r#9729 for StreamItemIdAndRevision{notifKey=0|android|0|com.android.server.wm.AlertWindowNotification - com.archie.tf_classify_mod|1000, packageName=android, tag=com.android.server.wm.AlertWindowNotification - com.archie.tf_classify_mod, id=0, revision=0, originalRevision=0, updateCount=0} (@9728): SBN removed: StreamItemIdAndRevision{notifKey=0|android|0|com.android.server.wm.AlertWindowNotification - com.archie.tf_classify_mod|1000, packageName=android, tag=com.android.server.wm.AlertWindowNotification - com.archie.tf_classify_mod, id=0, revision=0, originalRevision=0, updateCount=0}
