--------- beginning of system
11-14 20:43:21.605  1120  3004 I ActivityManager: Force stopping com.archie.opencv_blobDetector appid=10151 user=0: from pid 18606
11-14 20:43:21.606  1120  3004 I ActivityManager: Killing 18408:com.archie.opencv_blobDetector/u0a151 (adj 900): stop com.archie.opencv_blobDetector
11-14 20:43:24.492  1120  1601 I ActivityManager: Force stopping com.archie.opencv_blobDetector appid=10151 user=0: from pid 18656
11-14 20:43:24.578  1120  3005 I ActivityManager: START u0 {act=android.intent.action.MAIN cat=[android.intent.category.LAUNCHER] flg=0x10000000 cmp=com.archie.opencv_blobDetector/.MainActivity} from uid 2000
11-14 20:43:24.597  1120  3005 I ActivityManager: Start proc 18667:com.archie.opencv_blobDetector/u0a151 for activity com.archie.opencv_blobDetector/.MainActivity
11-14 20:43:25.047  1120  1235 I WindowManager: Screen frozen for +456ms due to Window{cbe2503 u0 com.archie.opencv_blobDetector}
11-14 20:43:28.980  1120 31012 I ActivityManager: Force stopping com.archie.opencv_blobDetector appid=10151 user=0: from pid 18833
11-14 20:43:28.981  1120 31012 I ActivityManager: Killing 18667:com.archie.opencv_blobDetector/u0a151 (adj 900): stop com.archie.opencv_blobDetector
11-14 20:45:17.199  1120  1232 D PackageInstaller: Inherited files: [/data/app/com.archie.opencv_blobDetector-lik4NejRdZsPYZjKpOSJyw==/base.apk, /data/app/com.archie.opencv_blobDetector-lik4NejRdZsPYZjKpOSJyw==/split_lib_dependencies_apk.apk, /data/app/com.archie.opencv_blobDetector-lik4NejRdZsPYZjKpOSJyw==/split_lib_resources_apk.apk, /data/app/com.archie.opencv_blobDetector-lik4NejRdZsPYZjKpOSJyw==/split_lib_slice_0_apk.apk, /data/app/com.archie.opencv_blobDetector-lik4NejRdZsPYZjKpOSJyw==/split_lib_slice_1_apk.apk, /data/app/com.archie.opencv_blobDetector-lik4NejRdZsPYZjKpOSJyw==/split_lib_slice_3_apk.apk, /data/app/com.archie.opencv_blobDetector-lik4NejRdZsPYZjKpOSJyw==/split_lib_slice_4_apk.apk, /data/app/com.archie.opencv_blobDetector-lik4NejRdZsPYZjKpOSJyw==/split_lib_slice_5_apk.apk, /data/app/com.archie.opencv_blobDetector-lik4NejRdZsPYZjKpOSJyw==/split_lib_slice_6_apk.apk, /data/app/com.archie.opencv_blobDetector-lik4NejRdZsPYZjKpOSJyw==/split_lib_slice_7_apk.apk, /data/app/com.archie.opencv_blobDetector-lik4NejRdZsPYZjKpOSJyw==/split_lib_slice_8_apk.apk, /data/app/com.archie.opencv_blobDetector-lik4NejRdZsPYZjKpOSJyw==/split_lib_slice_9_apk.apk, /data/app/com.archie.opencv_blobDetector-lik4NejRdZsPYZjKpOSJyw==/oat/arm64/base.odex, /data/app/com.archie.opencv_blobDetector-lik4NejRdZsPYZjKpOSJyw==/oat/arm64/base.vdex]
11-14 20:45:19.009  1120  1138 I ActivityManager: Force stopping com.archie.opencv_blobDetector appid=10151 user=-1: installPackageLI
11-14 20:45:19.065  1120  1154 I PackageManager: Package com.archie.opencv_blobDetector codePath changed from /data/app/com.archie.opencv_blobDetector-lik4NejRdZsPYZjKpOSJyw== to /data/app/com.archie.opencv_blobDetector-AgCh0j9SYrzjUTxuLQJRPA==; Retaining data and using new
11-14 20:45:19.065  1120  1154 W PackageManager: Code path for com.archie.opencv_blobDetector changing from /data/app/com.archie.opencv_blobDetector-lik4NejRdZsPYZjKpOSJyw== to /data/app/com.archie.opencv_blobDetector-AgCh0j9SYrzjUTxuLQJRPA==
11-14 20:45:19.065  1120  1154 W PackageManager: Resource path for com.archie.opencv_blobDetector changing from /data/app/com.archie.opencv_blobDetector-lik4NejRdZsPYZjKpOSJyw== to /data/app/com.archie.opencv_blobDetector-AgCh0j9SYrzjUTxuLQJRPA==
11-14 20:45:19.295  1120  1154 I ActivityManager: Force stopping com.archie.opencv_blobDetector appid=10151 user=0: pkg removed
11-14 20:45:19.299  1120  1138 W BroadcastQueue: Background execution not allowed: receiving Intent { act=android.intent.action.PACKAGE_REMOVED dat=package:com.archie.opencv_blobDetector flg=0x4000010 (has extras) } to com.android.musicfx/.Compatibility$Receiver
11-14 20:45:19.299  1120  1138 W BroadcastQueue: Background execution not allowed: receiving Intent { act=android.intent.action.PACKAGE_REMOVED dat=package:com.archie.opencv_blobDetector flg=0x4000010 (has extras) } to com.android.vending/com.google.android.finsky.packagemanager.impl.PackageMonitorReceiverImpl$RegisteredReceiver
11-14 20:45:19.299  1120  1138 W BroadcastQueue: Background execution not allowed: receiving Intent { act=android.intent.action.PACKAGE_REMOVED dat=package:com.archie.opencv_blobDetector flg=0x4000010 (has extras) } to com.android.vending/com.google.android.finsky.instantapps.appmanagement.InstantAppRemoveMonitor
11-14 20:45:19.350  1120 12988 W BroadcastQueue: Background execution not allowed: receiving Intent { act=android.intent.action.PACKAGE_REMOVED dat=package:com.archie.opencv_blobDetector flg=0x4000010 (has extras) } to com.google.android.googlequicksearchbox/com.google.android.apps.gsa.googlequicksearchbox.GelStubAppWatcher
11-14 20:45:19.368  1120 31012 W BroadcastQueue: Background execution not allowed: receiving Intent { act=android.intent.action.PACKAGE_ADDED dat=package:com.archie.opencv_blobDetector flg=0x4000010 (has extras) } to com.android.musicfx/.Compatibility$Receiver
11-14 20:45:19.373  1120  1138 W BroadcastQueue: Background execution not allowed: receiving Intent { act=android.intent.action.PACKAGE_ADDED dat=package:com.archie.opencv_blobDetector flg=0x4000010 (has extras) } to com.android.vending/com.google.android.finsky.packagemanager.impl.PackageMonitorReceiverImpl$RegisteredReceiver
11-14 20:45:19.377  1120  1342 I ActivityManager: START u0 {act=android.intent.action.MAIN cat=[android.intent.category.LAUNCHER] flg=0x10000000 cmp=com.archie.opencv_blobDetector/.MainActivity} from uid 2000
11-14 20:45:19.421  1120  3061 I ActivityManager: Start proc 18965:com.archie.opencv_blobDetector/u0a151 for activity com.archie.opencv_blobDetector/.MainActivity
11-14 20:45:19.538  1120  3062 W BroadcastQueue: Background execution not allowed: receiving Intent { act=android.intent.action.PACKAGE_ADDED dat=package:com.archie.opencv_blobDetector flg=0x4000010 (has extras) } to com.google.android.googlequicksearchbox/com.google.android.apps.gsa.googlequicksearchbox.GelStubAppWatcher
11-14 20:45:19.539  1120  1138 W BroadcastQueue: Background execution not allowed: receiving Intent { act=android.intent.action.PACKAGE_ADDED dat=package:com.archie.opencv_blobDetector flg=0x4000010 (has extras) } to com.google.android.ims/.receivers.RcsAutoStartReceiver
11-14 20:45:19.543  1120  3062 W BroadcastQueue: Background execution not allowed: receiving Intent { act=android.intent.action.PACKAGE_REPLACED dat=package:com.archie.opencv_blobDetector flg=0x4000010 (has extras) } to com.android.musicfx/.Compatibility$Receiver
11-14 20:45:19.543  1120  1138 W BroadcastQueue: Background execution not allowed: receiving Intent { act=android.intent.action.PACKAGE_REPLACED dat=package:com.archie.opencv_blobDetector flg=0x4000010 (has extras) } to com.google.android.apps.photos/.account.full.FetchAccountPropertiesAppUpgradeBroadcastReceiver
11-14 20:45:19.543  1120  1138 W BroadcastQueue: Background execution not allowed: receiving Intent { act=android.intent.action.PACKAGE_REPLACED dat=package:com.archie.opencv_blobDetector flg=0x4000010 (has extras) } to com.google.android.apps.photos/.account.full.SyncAccountsForLoginBroadcastReceiver
11-14 20:45:19.543  1120  1138 W BroadcastQueue: Background execution not allowed: receiving Intent { act=android.intent.action.PACKAGE_REPLACED dat=package:com.archie.opencv_blobDetector flg=0x4000010 (has extras) } to com.google.android.apps.photos/.experiments.phenotype.full.PhenotypeAppUpgradeBroadcastReceiver
11-14 20:45:19.543  1120  1138 W BroadcastQueue: Background execution not allowed: receiving Intent { act=android.intent.action.PACKAGE_REPLACED dat=package:com.archie.opencv_blobDetector flg=0x4000010 (has extras) } to com.google.android.apps.photos/.notificationchannels.AppUpdateBroadcastReceiver
11-14 20:45:19.578  1120  1130 W BroadcastQueue: Background execution not allowed: receiving Intent { act=android.intent.action.PACKAGE_REPLACED dat=package:com.archie.opencv_blobDetector flg=0x4000010 (has extras) } to com.google.android.googlequicksearchbox/com.google.android.apps.gsa.googlequicksearchbox.GelStubAppWatcher
11-14 20:45:19.578  1120  1138 W BroadcastQueue: Background execution not allowed: receiving Intent { act=android.intent.action.PACKAGE_REPLACED dat=package:com.archie.opencv_blobDetector flg=0x4000010 (has extras) } to com.google.android.ims/.receivers.RcsAutoStartReceiver
11-14 20:45:19.911  1120  1235 I WindowManager: Screen frozen for +490ms due to Window{6094f63 u0 Splash Screen com.archie.opencv_blobDetector}
11-14 20:45:22.598  1120 12988 I ActivityManager: Force stopping com.archie.opencv_blobDetector appid=10151 user=0: from pid 19107
11-14 20:45:22.598  1120 12988 I ActivityManager: Killing 18965:com.archie.opencv_blobDetector/u0a151 (adj 0): stop com.archie.opencv_blobDetector
11-14 20:45:22.598  1120 12988 W ActivityManager: Force removing ActivityRecord{7684ea9 u0 com.archie.opencv_blobDetector/.MainActivity t629}: app died, no saved state
11-14 20:45:22.600  1120 12988 I WindowManager: Failed to capture screenshot of Token{5e803cf ActivityRecord{7684ea9 u0 com.archie.opencv_blobDetector/.MainActivity t629 f}} appWin=Window{ee14c69 u0 com.archie.opencv_blobDetector/com.archie.opencv_blobDetector.MainActivity} drawState=4
11-14 20:45:22.641  1120  2989 I WindowManager: WIN DEATH: Window{2db489f u0 com.archie.opencv_blobDetector}
11-14 20:46:03.659  1120  2989 I ActivityManager: START u0 {flg=0x10000000 cmp=com.archie.opencv_blobDetector/.MainActivity (has extras)} from uid 2000
11-14 20:46:03.685  1120  1625 I ActivityManager: Start proc 19157:com.archie.opencv_blobDetector/u0a151 for activity com.archie.opencv_blobDetector/.MainActivity
11-14 20:46:04.178  1120  1235 I WindowManager: Screen frozen for +489ms due to Window{38b70b8 u0 com.archie.opencv_blobDetector/com.archie.opencv_blobDetector.MainActivity}
11-14 20:51:04.520  1120  1235 I WindowManager: Failed to capture screenshot of Token{78f0c6e ActivityRecord{7ce87e9 u0 com.archie.opencv_blobDetector/.MainActivity t630 f}} appWin=Window{38b70b8 u0 com.archie.opencv_blobDetector/com.archie.opencv_blobDetector.MainActivity} drawState=4
11-14 20:51:34.368  1120  1641 I ActivityManager: Force stopping com.archie.opencv_blobDetector appid=10151 user=0: from pid 19488
11-14 20:51:34.369  1120  1641 I ActivityManager: Killing 19157:com.archie.opencv_blobDetector/u0a151 (adj 900): stop com.archie.opencv_blobDetector
11-14 20:51:34.416  1120  3057 W ActivityManager: Invalid packageName: com.archie.opencv_blobDetector
11-14 20:51:34.462  1120  3057 I ActivityManager: START u0 {flg=0x10000000 cmp=com.archie.opencv_blobDetector/.MainActivity (has extras)} from uid 2000
11-14 20:51:34.479  1120  3061 I ActivityManager: Start proc 19500:com.archie.opencv_blobDetector/u0a151 for activity com.archie.opencv_blobDetector/.MainActivity
11-14 20:51:34.953  1120  1235 I WindowManager: Screen frozen for +473ms due to Window{6a505f4 u0 Splash Screen com.archie.opencv_blobDetector}
11-14 20:56:35.215  1120  1138 W ActivityManager: Activity pause timeout for ActivityRecord{2d275c u0 com.archie.opencv_blobDetector/.MainActivity t631 f}
11-14 20:56:35.478  1120  1235 I WindowManager: Failed to capture screenshot of Token{25ffa65 ActivityRecord{2d275c u0 com.archie.opencv_blobDetector/.MainActivity t631 f}} appWin=Window{bc55fb6 u0 com.archie.opencv_blobDetector/com.archie.opencv_blobDetector.MainActivity} drawState=4
11-14 20:57:05.123  1120  3057 I ActivityManager: Force stopping com.archie.opencv_blobDetector appid=10151 user=0: from pid 19807
11-14 20:57:05.123  1120  3057 I ActivityManager: Killing 19500:com.archie.opencv_blobDetector/u0a151 (adj 900): stop com.archie.opencv_blobDetector
11-14 20:57:05.187  1120  3057 W ActivityManager: Invalid packageName: com.archie.opencv_blobDetector
11-14 20:57:05.282  1120  3057 I ActivityManager: START u0 {flg=0x10000000 cmp=com.archie.opencv_blobDetector/.MainActivity (has extras)} from uid 2000
11-14 20:57:05.306  1120  1626 I ActivityManager: Start proc 19819:com.archie.opencv_blobDetector/u0a151 for activity com.archie.opencv_blobDetector/.MainActivity
11-14 20:57:05.862  1120  1235 I WindowManager: Screen frozen for +557ms due to Window{8469251 u0 Splash Screen com.archie.opencv_blobDetector}
11-14 21:02:06.116  1120  1138 W ActivityManager: Activity pause timeout for ActivityRecord{7fbd919 u0 com.archie.opencv_blobDetector/.MainActivity t632 f}
11-14 21:02:06.365  1120  1235 I WindowManager: Failed to capture screenshot of Token{4b73dde ActivityRecord{7fbd919 u0 com.archie.opencv_blobDetector/.MainActivity t632 f}} appWin=Window{d09acb u0 com.archie.opencv_blobDetector/com.archie.opencv_blobDetector.MainActivity} drawState=4
11-14 21:02:36.029  1120  1625 I ActivityManager: Force stopping com.archie.opencv_blobDetector appid=10151 user=0: from pid 20074
11-14 21:02:36.029  1120  1625 I ActivityManager: Killing 19819:com.archie.opencv_blobDetector/u0a151 (adj 900): stop com.archie.opencv_blobDetector
11-14 21:02:36.087  1120  1396 W ActivityManager: Invalid packageName: com.archie.opencv_blobDetector
11-14 21:02:36.130  1120  1396 I ActivityManager: START u0 {flg=0x10000000 cmp=com.archie.opencv_blobDetector/.MainActivity (has extras)} from uid 2000
11-14 21:02:36.152  1120  1130 I ActivityManager: Start proc 20086:com.archie.opencv_blobDetector/u0a151 for activity com.archie.opencv_blobDetector/.MainActivity
11-14 21:02:36.728  1120  1235 I WindowManager: Screen frozen for +573ms due to Window{1f2c9bc u0 Splash Screen com.archie.opencv_blobDetector}
--------- beginning of main
11-14 21:05:42.691 20086 20086 I chatty  : uid=10151(com.archie.opencv_blobDetector) expire 107 lines
11-14 21:05:44.482 20086 20160 I chatty  : uid=10151(com.archie.opencv_blobDetector) expire 403 lines
11-14 21:05:46.272 20086 20086 I chatty  : uid=10151(com.archie.opencv_blobDetector) expire 107 lines
11-14 21:05:48.037 20086 20160 I chatty  : uid=10151(com.archie.opencv_blobDetector) expire 403 lines
11-14 21:05:49.852 20086 20086 I chatty  : uid=10151(com.archie.opencv_blobDetector) expire 106 lines
11-14 21:05:51.623 20086 20160 I chatty  : uid=10151(com.archie.opencv_blobDetector) expire 403 lines
11-14 21:05:53.402 20086 20086 I chatty  : uid=10151(com.archie.opencv_blobDetector) expire 107 lines
11-14 21:05:55.184 20086 20160 I chatty  : uid=10151(com.archie.opencv_blobDetector) expire 404 lines
11-14 21:05:56.981 20086 20086 I chatty  : uid=10151(com.archie.opencv_blobDetector) expire 107 lines
11-14 21:05:58.755 20086 20160 I chatty  : uid=10151(com.archie.opencv_blobDetector) expire 402 lines
11-14 21:06:00.560 20086 20086 I chatty  : uid=10151(com.archie.opencv_blobDetector) expire 107 lines
11-14 21:06:02.344 20086 20160 I chatty  : uid=10151(com.archie.opencv_blobDetector) expire 403 lines
11-14 21:06:04.143 20086 20086 I chatty  : uid=10151(com.archie.opencv_blobDetector) expire 53 lines
11-14 21:06:05.460 20086 20097 I chatty  : uid=10151(com.archie.opencv_blobDetector) HeapTaskDaemon expire 1 line
11-14 21:06:05.897 20086 20160 I chatty  : uid=10151(com.archie.opencv_blobDetector) expire 201 lines
11-14 21:06:05.917 20086 20086 I chatty  : uid=10151(com.archie.opencv_blobDetector) expire 107 lines
11-14 21:06:07.691 20086 20160 I chatty  : uid=10151(com.archie.opencv_blobDetector) expire 404 lines
11-14 21:06:09.497 20086 20086 I chatty  : uid=10151(com.archie.opencv_blobDetector) expire 107 lines
11-14 21:06:11.259 20086 20160 I chatty  : uid=10151(com.archie.opencv_blobDetector) expire 402 lines
11-14 21:06:13.081 20086 20086 I chatty  : uid=10151(com.archie.opencv_blobDetector) expire 106 lines
11-14 21:06:14.858 20086 20160 I chatty  : uid=10151(com.archie.opencv_blobDetector) expire 404 lines
11-14 21:06:16.629 20086 20086 I chatty  : uid=10151(com.archie.opencv_blobDetector) expire 108 lines
11-14 21:06:18.429 20086 20160 I chatty  : uid=10151(com.archie.opencv_blobDetector) expire 403 lines
11-14 21:06:20.243 20086 20086 I chatty  : uid=10151(com.archie.opencv_blobDetector) expire 106 lines
11-14 21:06:21.995 20086 20160 I chatty  : uid=10151(com.archie.opencv_blobDetector) expire 402 lines
11-14 21:06:23.790 20086 20086 I chatty  : uid=10151(com.archie.opencv_blobDetector) expire 53 lines
11-14 21:06:23.824 20086 20091 I chatty  : uid=10151(com.archie.opencv_blobDetector) Jit thread pool expire 2 lines
11-14 21:06:25.563 20086 20086 I chatty  : uid=10151(com.archie.opencv_blobDetector) expire 54 lines
11-14 21:06:25.574 20086 20160 I chatty  : uid=10151(com.archie.opencv_blobDetector) expire 402 lines
11-14 21:06:27.373 20086 20086 I chatty  : uid=10151(com.archie.opencv_blobDetector) expire 107 lines
11-14 21:06:29.151 20086 20160 I chatty  : uid=10151(com.archie.opencv_blobDetector) expire 201 lines
11-14 21:06:29.522 20086 20097 I chatty  : uid=10151(com.archie.opencv_blobDetector) HeapTaskDaemon expire 1 line
11-14 21:06:30.921 20086 20160 I chatty  : uid=10151(com.archie.opencv_blobDetector) expire 202 lines
11-14 21:06:30.954 20086 20086 I chatty  : uid=10151(com.archie.opencv_blobDetector) expire 107 lines
11-14 21:06:32.711 20086 20160 I chatty  : uid=10151(com.archie.opencv_blobDetector) expire 403 lines
11-14 21:06:34.535 20086 20086 I chatty  : uid=10151(com.archie.opencv_blobDetector) expire 106 lines
11-14 21:06:36.277 20086 20160 I chatty  : uid=10151(com.archie.opencv_blobDetector) expire 403 lines
11-14 21:06:38.081 20086 20086 I chatty  : uid=10151(com.archie.opencv_blobDetector) expire 107 lines
11-14 21:06:39.874 20086 20160 I chatty  : uid=10151(com.archie.opencv_blobDetector) expire 404 lines
11-14 21:06:41.663 20086 20086 I chatty  : uid=10151(com.archie.opencv_blobDetector) expire 107 lines
11-14 21:06:43.433 20086 20160 I chatty  : uid=10151(com.archie.opencv_blobDetector) expire 403 lines
11-14 21:06:45.243 20086 20086 I chatty  : uid=10151(com.archie.opencv_blobDetector) expire 107 lines
11-14 21:06:47.010 20086 20160 I chatty  : uid=10151(com.archie.opencv_blobDetector) expire 403 lines
11-14 21:06:48.824 20086 20086 I chatty  : uid=10151(com.archie.opencv_blobDetector) expire 107 lines
11-14 21:06:50.609 20086 20160 I chatty  : uid=10151(com.archie.opencv_blobDetector) expire 402 lines
11-14 21:06:52.406 20086 20086 I chatty  : uid=10151(com.archie.opencv_blobDetector) expire 107 lines
11-14 21:06:54.181 20086 20160 I chatty  : uid=10151(com.archie.opencv_blobDetector) expire 403 lines
11-14 21:06:55.985 20086 20086 I chatty  : uid=10151(com.archie.opencv_blobDetector) expire 107 lines
11-14 21:06:57.795 20086 20160 I chatty  : uid=10151(com.archie.opencv_blobDetector) expire 403 lines
11-14 21:06:59.567 20086 20086 I chatty  : uid=10151(com.archie.opencv_blobDetector) expire 107 lines
11-14 21:07:01.343 20086 20160 I chatty  : uid=10151(com.archie.opencv_blobDetector) expire 403 lines
11-14 21:07:03.148 20086 20086 I chatty  : uid=10151(com.archie.opencv_blobDetector) expire 107 lines
11-14 21:07:04.955 20086 20160 I chatty  : uid=10151(com.archie.opencv_blobDetector) expire 403 lines
11-14 21:07:06.732 20086 20086 I chatty  : uid=10151(com.archie.opencv_blobDetector) expire 108 lines
11-14 21:07:08.531 20086 20160 I chatty  : uid=10151(com.archie.opencv_blobDetector) expire 403 lines
11-14 21:07:10.343 20086 20086 I chatty  : uid=10151(com.archie.opencv_blobDetector) expire 107 lines
11-14 21:07:12.107 20086 20160 I chatty  : uid=10151(com.archie.opencv_blobDetector) expire 403 lines
11-14 21:07:13.926 20086 20086 I chatty  : uid=10151(com.archie.opencv_blobDetector) expire 107 lines
11-14 21:07:15.720 20086 20160 I chatty  : uid=10151(com.archie.opencv_blobDetector) expire 403 lines
11-14 21:07:17.507 20086 20086 I chatty  : uid=10151(com.archie.opencv_blobDetector) expire 107 lines
11-14 21:07:19.284 20086 20160 I chatty  : uid=10151(com.archie.opencv_blobDetector) expire 402 lines
11-14 21:07:21.090 20086 20086 I chatty  : uid=10151(com.archie.opencv_blobDetector) expire 54 lines
11-14 21:07:36.965  1120  1138 W ActivityManager: Activity pause timeout for ActivityRecord{3305a24 u0 com.archie.opencv_blobDetector/.MainActivity t633 f}
11-14 21:07:37.001   815  2080 I Camera2ClientBase: Closed Camera 0. Client was: com.archie.opencv_blobDetector (PID 20086, UID 10151)
11-14 21:07:37.093 20086 20086 I case_study_core: BaseApplication: Writing resource stats to file: /storage/emulated/0/Android/data/com.archie.opencv_blobDetector/files/20181114_090737_execSettings.csv
11-14 21:07:37.106 20086 20086 I case_study_core: BaseApplication: Writing resource stats to file: /storage/emulated/0/Android/data/com.archie.opencv_blobDetector/files/20181114_090737_frames.csv
11-14 21:07:37.173  1120  1235 I WindowManager: Failed to capture screenshot of Token{2e5898d ActivityRecord{3305a24 u0 com.archie.opencv_blobDetector/.MainActivity t633 f}} appWin=Window{c37ee3e u0 com.archie.opencv_blobDetector/com.archie.opencv_blobDetector.MainActivity} drawState=4
11-14 21:07:37.383 20086 20086 I case_study_core: BaseApplication: Writing resource stats to file: /storage/emulated/0/Android/data/com.archie.opencv_blobDetector/files/20181114_090737_classification.csv
11-14 21:07:37.478 20086 20086 I case_study_core: BaseApplication: Writing resource stats to file: /storage/emulated/0/Android/data/com.archie.opencv_blobDetector/files/20181114_090737_execSettings.csv
11-14 21:07:37.480   604  1832 E BufferQueueProducer: [SurfaceView - com.archie.opencv_blobDetector/com.archie.opencv_blobDetector.MainActivity#0] disconnect: not connected (req=2)
11-14 21:07:37.506  3044  3234 D BaseStreamManager: Promised remove @ r#10425 for StreamItemIdAndRevision{notifKey=0|android|0|com.android.server.wm.AlertWindowNotification - com.archie.opencv_blobDetector|1000, packageName=android, tag=com.android.server.wm.AlertWindowNotification - com.archie.opencv_blobDetector, id=0, revision=0, originalRevision=0, updateCount=0} (@10424): SBN removed: StreamItemIdAndRevision{notifKey=0|android|0|com.android.server.wm.AlertWindowNotification - com.archie.opencv_blobDetector|1000, packageName=android, tag=com.android.server.wm.AlertWindowNotification - com.archie.opencv_blobDetector, id=0, revision=0, originalRevision=0, updateCount=0}
