--------- beginning of system
11-14 20:43:21.605  1120  3004 I ActivityManager: Force stopping com.archie.opencv_blobDetector appid=10151 user=0: from pid 18606
11-14 20:43:21.606  1120  3004 I ActivityManager: Killing 18408:com.archie.opencv_blobDetector/u0a151 (adj 900): stop com.archie.opencv_blobDetector
11-14 20:43:24.492  1120  1601 I ActivityManager: Force stopping com.archie.opencv_blobDetector appid=10151 user=0: from pid 18656
11-14 20:43:24.578  1120  3005 I ActivityManager: START u0 {act=android.intent.action.MAIN cat=[android.intent.category.LAUNCHER] flg=0x10000000 cmp=com.archie.opencv_blobDetector/.MainActivity} from uid 2000
11-14 20:43:24.597  1120  3005 I ActivityManager: Start proc 18667:com.archie.opencv_blobDetector/u0a151 for activity com.archie.opencv_blobDetector/.MainActivity
11-14 20:43:25.047  1120  1235 I WindowManager: Screen frozen for +456ms due to Window{cbe2503 u0 com.archie.opencv_blobDetector}
11-14 20:43:28.980  1120 31012 I ActivityManager: Force stopping com.archie.opencv_blobDetector appid=10151 user=0: from pid 18833
11-14 20:43:28.981  1120 31012 I ActivityManager: Killing 18667:com.archie.opencv_blobDetector/u0a151 (adj 900): stop com.archie.opencv_blobDetector
11-14 20:45:17.199  1120  1232 D PackageInstaller: Inherited files: [/data/app/com.archie.opencv_blobDetector-lik4NejRdZsPYZjKpOSJyw==/base.apk, /data/app/com.archie.opencv_blobDetector-lik4NejRdZsPYZjKpOSJyw==/split_lib_dependencies_apk.apk, /data/app/com.archie.opencv_blobDetector-lik4NejRdZsPYZjKpOSJyw==/split_lib_resources_apk.apk, /data/app/com.archie.opencv_blobDetector-lik4NejRdZsPYZjKpOSJyw==/split_lib_slice_0_apk.apk, /data/app/com.archie.opencv_blobDetector-lik4NejRdZsPYZjKpOSJyw==/split_lib_slice_1_apk.apk, /data/app/com.archie.opencv_blobDetector-lik4NejRdZsPYZjKpOSJyw==/split_lib_slice_3_apk.apk, /data/app/com.archie.opencv_blobDetector-lik4NejRdZsPYZjKpOSJyw==/split_lib_slice_4_apk.apk, /data/app/com.archie.opencv_blobDetector-lik4NejRdZsPYZjKpOSJyw==/split_lib_slice_5_apk.apk, /data/app/com.archie.opencv_blobDetector-lik4NejRdZsPYZjKpOSJyw==/split_lib_slice_6_apk.apk, /data/app/com.archie.opencv_blobDetector-lik4NejRdZsPYZjKpOSJyw==/split_lib_slice_7_apk.apk, /data/app/com.archie.opencv_blobDetector-lik4NejRdZsPYZjKpOSJyw==/split_lib_slice_8_apk.apk, /data/app/com.archie.opencv_blobDetector-lik4NejRdZsPYZjKpOSJyw==/split_lib_slice_9_apk.apk, /data/app/com.archie.opencv_blobDetector-lik4NejRdZsPYZjKpOSJyw==/oat/arm64/base.odex, /data/app/com.archie.opencv_blobDetector-lik4NejRdZsPYZjKpOSJyw==/oat/arm64/base.vdex]
11-14 20:45:19.009  1120  1138 I ActivityManager: Force stopping com.archie.opencv_blobDetector appid=10151 user=-1: installPackageLI
11-14 20:45:19.065  1120  1154 I PackageManager: Package com.archie.opencv_blobDetector codePath changed from /data/app/com.archie.opencv_blobDetector-lik4NejRdZsPYZjKpOSJyw== to /data/app/com.archie.opencv_blobDetector-AgCh0j9SYrzjUTxuLQJRPA==; Retaining data and using new
11-14 20:45:19.065  1120  1154 W PackageManager: Code path for com.archie.opencv_blobDetector changing from /data/app/com.archie.opencv_blobDetector-lik4NejRdZsPYZjKpOSJyw== to /data/app/com.archie.opencv_blobDetector-AgCh0j9SYrzjUTxuLQJRPA==
11-14 20:45:19.065  1120  1154 W PackageManager: Resource path for com.archie.opencv_blobDetector changing from /data/app/com.archie.opencv_blobDetector-lik4NejRdZsPYZjKpOSJyw== to /data/app/com.archie.opencv_blobDetector-AgCh0j9SYrzjUTxuLQJRPA==
11-14 20:45:19.295  1120  1154 I ActivityManager: Force stopping com.archie.opencv_blobDetector appid=10151 user=0: pkg removed
11-14 20:45:19.299  1120  1138 W BroadcastQueue: Background execution not allowed: receiving Intent { act=android.intent.action.PACKAGE_REMOVED dat=package:com.archie.opencv_blobDetector flg=0x4000010 (has extras) } to com.android.musicfx/.Compatibility$Receiver
11-14 20:45:19.299  1120  1138 W BroadcastQueue: Background execution not allowed: receiving Intent { act=android.intent.action.PACKAGE_REMOVED dat=package:com.archie.opencv_blobDetector flg=0x4000010 (has extras) } to com.android.vending/com.google.android.finsky.packagemanager.impl.PackageMonitorReceiverImpl$RegisteredReceiver
11-14 20:45:19.299  1120  1138 W BroadcastQueue: Background execution not allowed: receiving Intent { act=android.intent.action.PACKAGE_REMOVED dat=package:com.archie.opencv_blobDetector flg=0x4000010 (has extras) } to com.android.vending/com.google.android.finsky.instantapps.appmanagement.InstantAppRemoveMonitor
11-14 20:45:19.350  1120 12988 W BroadcastQueue: Background execution not allowed: receiving Intent { act=android.intent.action.PACKAGE_REMOVED dat=package:com.archie.opencv_blobDetector flg=0x4000010 (has extras) } to com.google.android.googlequicksearchbox/com.google.android.apps.gsa.googlequicksearchbox.GelStubAppWatcher
11-14 20:45:19.368  1120 31012 W BroadcastQueue: Background execution not allowed: receiving Intent { act=android.intent.action.PACKAGE_ADDED dat=package:com.archie.opencv_blobDetector flg=0x4000010 (has extras) } to com.android.musicfx/.Compatibility$Receiver
11-14 20:45:19.373  1120  1138 W BroadcastQueue: Background execution not allowed: receiving Intent { act=android.intent.action.PACKAGE_ADDED dat=package:com.archie.opencv_blobDetector flg=0x4000010 (has extras) } to com.android.vending/com.google.android.finsky.packagemanager.impl.PackageMonitorReceiverImpl$RegisteredReceiver
11-14 20:45:19.377  1120  1342 I ActivityManager: START u0 {act=android.intent.action.MAIN cat=[android.intent.category.LAUNCHER] flg=0x10000000 cmp=com.archie.opencv_blobDetector/.MainActivity} from uid 2000
11-14 20:45:19.421  1120  3061 I ActivityManager: Start proc 18965:com.archie.opencv_blobDetector/u0a151 for activity com.archie.opencv_blobDetector/.MainActivity
11-14 20:45:19.538  1120  3062 W BroadcastQueue: Background execution not allowed: receiving Intent { act=android.intent.action.PACKAGE_ADDED dat=package:com.archie.opencv_blobDetector flg=0x4000010 (has extras) } to com.google.android.googlequicksearchbox/com.google.android.apps.gsa.googlequicksearchbox.GelStubAppWatcher
11-14 20:45:19.539  1120  1138 W BroadcastQueue: Background execution not allowed: receiving Intent { act=android.intent.action.PACKAGE_ADDED dat=package:com.archie.opencv_blobDetector flg=0x4000010 (has extras) } to com.google.android.ims/.receivers.RcsAutoStartReceiver
11-14 20:45:19.543  1120  3062 W BroadcastQueue: Background execution not allowed: receiving Intent { act=android.intent.action.PACKAGE_REPLACED dat=package:com.archie.opencv_blobDetector flg=0x4000010 (has extras) } to com.android.musicfx/.Compatibility$Receiver
11-14 20:45:19.543  1120  1138 W BroadcastQueue: Background execution not allowed: receiving Intent { act=android.intent.action.PACKAGE_REPLACED dat=package:com.archie.opencv_blobDetector flg=0x4000010 (has extras) } to com.google.android.apps.photos/.account.full.FetchAccountPropertiesAppUpgradeBroadcastReceiver
11-14 20:45:19.543  1120  1138 W BroadcastQueue: Background execution not allowed: receiving Intent { act=android.intent.action.PACKAGE_REPLACED dat=package:com.archie.opencv_blobDetector flg=0x4000010 (has extras) } to com.google.android.apps.photos/.account.full.SyncAccountsForLoginBroadcastReceiver
11-14 20:45:19.543  1120  1138 W BroadcastQueue: Background execution not allowed: receiving Intent { act=android.intent.action.PACKAGE_REPLACED dat=package:com.archie.opencv_blobDetector flg=0x4000010 (has extras) } to com.google.android.apps.photos/.experiments.phenotype.full.PhenotypeAppUpgradeBroadcastReceiver
11-14 20:45:19.543  1120  1138 W BroadcastQueue: Background execution not allowed: receiving Intent { act=android.intent.action.PACKAGE_REPLACED dat=package:com.archie.opencv_blobDetector flg=0x4000010 (has extras) } to com.google.android.apps.photos/.notificationchannels.AppUpdateBroadcastReceiver
11-14 20:45:19.578  1120  1130 W BroadcastQueue: Background execution not allowed: receiving Intent { act=android.intent.action.PACKAGE_REPLACED dat=package:com.archie.opencv_blobDetector flg=0x4000010 (has extras) } to com.google.android.googlequicksearchbox/com.google.android.apps.gsa.googlequicksearchbox.GelStubAppWatcher
11-14 20:45:19.578  1120  1138 W BroadcastQueue: Background execution not allowed: receiving Intent { act=android.intent.action.PACKAGE_REPLACED dat=package:com.archie.opencv_blobDetector flg=0x4000010 (has extras) } to com.google.android.ims/.receivers.RcsAutoStartReceiver
11-14 20:45:19.911  1120  1235 I WindowManager: Screen frozen for +490ms due to Window{6094f63 u0 Splash Screen com.archie.opencv_blobDetector}
11-14 20:45:22.598  1120 12988 I ActivityManager: Force stopping com.archie.opencv_blobDetector appid=10151 user=0: from pid 19107
11-14 20:45:22.598  1120 12988 I ActivityManager: Killing 18965:com.archie.opencv_blobDetector/u0a151 (adj 0): stop com.archie.opencv_blobDetector
11-14 20:45:22.598  1120 12988 W ActivityManager: Force removing ActivityRecord{7684ea9 u0 com.archie.opencv_blobDetector/.MainActivity t629}: app died, no saved state
11-14 20:45:22.600  1120 12988 I WindowManager: Failed to capture screenshot of Token{5e803cf ActivityRecord{7684ea9 u0 com.archie.opencv_blobDetector/.MainActivity t629 f}} appWin=Window{ee14c69 u0 com.archie.opencv_blobDetector/com.archie.opencv_blobDetector.MainActivity} drawState=4
11-14 20:45:22.641  1120  2989 I WindowManager: WIN DEATH: Window{2db489f u0 com.archie.opencv_blobDetector}
11-14 20:46:03.659  1120  2989 I ActivityManager: START u0 {flg=0x10000000 cmp=com.archie.opencv_blobDetector/.MainActivity (has extras)} from uid 2000
11-14 20:46:03.685  1120  1625 I ActivityManager: Start proc 19157:com.archie.opencv_blobDetector/u0a151 for activity com.archie.opencv_blobDetector/.MainActivity
11-14 20:46:04.178  1120  1235 I WindowManager: Screen frozen for +489ms due to Window{38b70b8 u0 com.archie.opencv_blobDetector/com.archie.opencv_blobDetector.MainActivity}
11-14 20:51:04.520  1120  1235 I WindowManager: Failed to capture screenshot of Token{78f0c6e ActivityRecord{7ce87e9 u0 com.archie.opencv_blobDetector/.MainActivity t630 f}} appWin=Window{38b70b8 u0 com.archie.opencv_blobDetector/com.archie.opencv_blobDetector.MainActivity} drawState=4
11-14 20:51:34.368  1120  1641 I ActivityManager: Force stopping com.archie.opencv_blobDetector appid=10151 user=0: from pid 19488
11-14 20:51:34.369  1120  1641 I ActivityManager: Killing 19157:com.archie.opencv_blobDetector/u0a151 (adj 900): stop com.archie.opencv_blobDetector
11-14 20:51:34.416  1120  3057 W ActivityManager: Invalid packageName: com.archie.opencv_blobDetector
11-14 20:51:34.462  1120  3057 I ActivityManager: START u0 {flg=0x10000000 cmp=com.archie.opencv_blobDetector/.MainActivity (has extras)} from uid 2000
11-14 20:51:34.479  1120  3061 I ActivityManager: Start proc 19500:com.archie.opencv_blobDetector/u0a151 for activity com.archie.opencv_blobDetector/.MainActivity
11-14 20:51:34.953  1120  1235 I WindowManager: Screen frozen for +473ms due to Window{6a505f4 u0 Splash Screen com.archie.opencv_blobDetector}
--------- beginning of main
11-14 20:55:05.406 19500 19574 I chatty  : uid=10151(com.archie.opencv_blobDetector) expire 415 lines
11-14 20:55:07.012 19500 19500 I chatty  : uid=10151(com.archie.opencv_blobDetector) expire 95 lines
11-14 20:55:08.593 19500 19574 I chatty  : uid=10151(com.archie.opencv_blobDetector) expire 415 lines
11-14 20:55:10.191 19500 19500 I chatty  : uid=10151(com.archie.opencv_blobDetector) expire 95 lines
11-14 20:55:11.784 19500 19574 I chatty  : uid=10151(com.archie.opencv_blobDetector) expire 414 lines
11-14 20:55:13.374 19500 19500 I chatty  : uid=10151(com.archie.opencv_blobDetector) expire 95 lines
11-14 20:55:14.951 19500 19574 I chatty  : uid=10151(com.archie.opencv_blobDetector) expire 415 lines
11-14 20:55:16.553 19500 19500 I chatty  : uid=10151(com.archie.opencv_blobDetector) expire 95 lines
11-14 20:55:18.138 19500 19574 I chatty  : uid=10151(com.archie.opencv_blobDetector) expire 206 lines
11-14 20:55:18.241 19500 19508 I chatty  : uid=10151(com.archie.opencv_blobDetector) Jit thread pool expire 2 lines
11-14 20:55:19.729 19500 19500 I chatty  : uid=10151(com.archie.opencv_blobDetector) expire 48 lines
11-14 20:55:19.731 19500 19574 I chatty  : uid=10151(com.archie.opencv_blobDetector) expire 414 lines
11-14 20:55:21.339 19500 19500 I chatty  : uid=10151(com.archie.opencv_blobDetector) expire 95 lines
11-14 20:55:22.911 19500 19574 I chatty  : uid=10151(com.archie.opencv_blobDetector) expire 415 lines
11-14 20:55:24.519 19500 19500 I chatty  : uid=10151(com.archie.opencv_blobDetector) expire 95 lines
11-14 20:55:26.095 19500 19574 I chatty  : uid=10151(com.archie.opencv_blobDetector) expire 416 lines
11-14 20:55:27.698 19500 19500 I chatty  : uid=10151(com.archie.opencv_blobDetector) expire 95 lines
11-14 20:55:29.286 19500 19574 I chatty  : uid=10151(com.archie.opencv_blobDetector) expire 414 lines
11-14 20:55:30.876 19500 19500 I chatty  : uid=10151(com.archie.opencv_blobDetector) expire 95 lines
11-14 20:55:32.451 19500 19574 I chatty  : uid=10151(com.archie.opencv_blobDetector) expire 416 lines
11-14 20:55:34.058 19500 19500 I chatty  : uid=10151(com.archie.opencv_blobDetector) expire 95 lines
11-14 20:55:35.646 19500 19574 I chatty  : uid=10151(com.archie.opencv_blobDetector) expire 414 lines
11-14 20:55:37.234 19500 19500 I chatty  : uid=10151(com.archie.opencv_blobDetector) expire 95 lines
11-14 20:55:38.817 19500 19574 I chatty  : uid=10151(com.archie.opencv_blobDetector) expire 415 lines
11-14 20:55:40.414 19500 19500 I chatty  : uid=10151(com.archie.opencv_blobDetector) expire 95 lines
11-14 20:55:42.000 19500 19574 I chatty  : uid=10151(com.archie.opencv_blobDetector) expire 415 lines
11-14 20:55:43.595 19500 19500 I chatty  : uid=10151(com.archie.opencv_blobDetector) expire 95 lines
11-14 20:55:45.176 19500 19574 I chatty  : uid=10151(com.archie.opencv_blobDetector) expire 415 lines
11-14 20:55:46.777 19500 19500 I chatty  : uid=10151(com.archie.opencv_blobDetector) expire 96 lines
11-14 20:55:48.364 19500 19574 I chatty  : uid=10151(com.archie.opencv_blobDetector) expire 415 lines
11-14 20:55:49.985 19500 19500 I chatty  : uid=10151(com.archie.opencv_blobDetector) expire 95 lines
11-14 20:55:51.557 19500 19574 I chatty  : uid=10151(com.archie.opencv_blobDetector) expire 415 lines
11-14 20:55:53.168 19500 19500 I chatty  : uid=10151(com.archie.opencv_blobDetector) expire 95 lines
11-14 20:55:54.741 19500 19574 I chatty  : uid=10151(com.archie.opencv_blobDetector) expire 415 lines
11-14 20:55:56.346 19500 19500 I chatty  : uid=10151(com.archie.opencv_blobDetector) expire 95 lines
11-14 20:55:57.918 19500 19574 I chatty  : uid=10151(com.archie.opencv_blobDetector) expire 415 lines
11-14 20:55:59.526 19500 19500 I chatty  : uid=10151(com.archie.opencv_blobDetector) expire 95 lines
11-14 20:56:01.101 19500 19574 I chatty  : uid=10151(com.archie.opencv_blobDetector) expire 415 lines
11-14 20:56:02.707 19500 19500 I chatty  : uid=10151(com.archie.opencv_blobDetector) expire 95 lines
11-14 20:56:04.282 19500 19574 I chatty  : uid=10151(com.archie.opencv_blobDetector) expire 414 lines
11-14 20:56:05.887 19500 19500 I chatty  : uid=10151(com.archie.opencv_blobDetector) expire 96 lines
11-14 20:56:07.466 19500 19574 I chatty  : uid=10151(com.archie.opencv_blobDetector) expire 415 lines
11-14 20:56:09.099 19500 19500 I chatty  : uid=10151(com.archie.opencv_blobDetector) expire 95 lines
11-14 20:56:10.648 19500 19574 I chatty  : uid=10151(com.archie.opencv_blobDetector) expire 415 lines
11-14 20:56:12.277 19500 19500 I chatty  : uid=10151(com.archie.opencv_blobDetector) expire 95 lines
11-14 20:56:13.849 19500 19574 I chatty  : uid=10151(com.archie.opencv_blobDetector) expire 415 lines
11-14 20:56:15.458 19500 19500 I chatty  : uid=10151(com.archie.opencv_blobDetector) expire 95 lines
11-14 20:56:17.032 19500 19574 I chatty  : uid=10151(com.archie.opencv_blobDetector) expire 415 lines
11-14 20:56:18.637 19500 19500 I chatty  : uid=10151(com.archie.opencv_blobDetector) expire 95 lines
11-14 20:56:20.206 19500 19574 I chatty  : uid=10151(com.archie.opencv_blobDetector) expire 414 lines
11-14 20:56:21.814 19500 19500 I chatty  : uid=10151(com.archie.opencv_blobDetector) expire 48 lines
11-14 20:56:35.215  1120  1138 W ActivityManager: Activity pause timeout for ActivityRecord{2d275c u0 com.archie.opencv_blobDetector/.MainActivity t631 f}
11-14 20:56:35.218   815  6448 I Camera2ClientBase: Closed Camera 0. Client was: com.archie.opencv_blobDetector (PID 19500, UID 10151)
11-14 20:56:35.394 19500 19500 I case_study_core: BaseApplication: Writing resource stats to file: /storage/emulated/0/Android/data/com.archie.opencv_blobDetector/files/20181114_085635_execSettings.csv
11-14 20:56:35.400 19500 19500 I case_study_core: BaseApplication: Writing resource stats to file: /storage/emulated/0/Android/data/com.archie.opencv_blobDetector/files/20181114_085635_frames.csv
11-14 20:56:35.478  1120  1235 I WindowManager: Failed to capture screenshot of Token{25ffa65 ActivityRecord{2d275c u0 com.archie.opencv_blobDetector/.MainActivity t631 f}} appWin=Window{bc55fb6 u0 com.archie.opencv_blobDetector/com.archie.opencv_blobDetector.MainActivity} drawState=4
11-14 20:56:35.621 19500 19500 I case_study_core: BaseApplication: Writing resource stats to file: /storage/emulated/0/Android/data/com.archie.opencv_blobDetector/files/20181114_085635_classification.csv
11-14 20:56:35.711 19500 19500 I case_study_core: BaseApplication: Writing resource stats to file: /storage/emulated/0/Android/data/com.archie.opencv_blobDetector/files/20181114_085635_execSettings.csv
11-14 20:56:35.713   604   624 E BufferQueueProducer: [SurfaceView - com.archie.opencv_blobDetector/com.archie.opencv_blobDetector.MainActivity#0] disconnect: not connected (req=2)
11-14 20:56:35.735  3044  3234 D BaseStreamManager: Promised remove @ r#10418 for StreamItemIdAndRevision{notifKey=0|android|0|com.android.server.wm.AlertWindowNotification - com.archie.opencv_blobDetector|1000, packageName=android, tag=com.android.server.wm.AlertWindowNotification - com.archie.opencv_blobDetector, id=0, revision=0, originalRevision=0, updateCount=0} (@10417): SBN removed: StreamItemIdAndRevision{notifKey=0|android|0|com.android.server.wm.AlertWindowNotification - com.archie.opencv_blobDetector|1000, packageName=android, tag=com.android.server.wm.AlertWindowNotification - com.archie.opencv_blobDetector, id=0, revision=0, originalRevision=0, updateCount=0}
