--------- beginning of system
11-14 20:43:21.605  1120  3004 I ActivityManager: Force stopping com.archie.opencv_blobDetector appid=10151 user=0: from pid 18606
11-14 20:43:21.606  1120  3004 I ActivityManager: Killing 18408:com.archie.opencv_blobDetector/u0a151 (adj 900): stop com.archie.opencv_blobDetector
11-14 20:43:24.492  1120  1601 I ActivityManager: Force stopping com.archie.opencv_blobDetector appid=10151 user=0: from pid 18656
11-14 20:43:24.578  1120  3005 I ActivityManager: START u0 {act=android.intent.action.MAIN cat=[android.intent.category.LAUNCHER] flg=0x10000000 cmp=com.archie.opencv_blobDetector/.MainActivity} from uid 2000
11-14 20:43:24.597  1120  3005 I ActivityManager: Start proc 18667:com.archie.opencv_blobDetector/u0a151 for activity com.archie.opencv_blobDetector/.MainActivity
11-14 20:43:25.047  1120  1235 I WindowManager: Screen frozen for +456ms due to Window{cbe2503 u0 com.archie.opencv_blobDetector}
11-14 20:43:28.980  1120 31012 I ActivityManager: Force stopping com.archie.opencv_blobDetector appid=10151 user=0: from pid 18833
11-14 20:43:28.981  1120 31012 I ActivityManager: Killing 18667:com.archie.opencv_blobDetector/u0a151 (adj 900): stop com.archie.opencv_blobDetector
11-14 20:45:17.199  1120  1232 D PackageInstaller: Inherited files: [/data/app/com.archie.opencv_blobDetector-lik4NejRdZsPYZjKpOSJyw==/base.apk, /data/app/com.archie.opencv_blobDetector-lik4NejRdZsPYZjKpOSJyw==/split_lib_dependencies_apk.apk, /data/app/com.archie.opencv_blobDetector-lik4NejRdZsPYZjKpOSJyw==/split_lib_resources_apk.apk, /data/app/com.archie.opencv_blobDetector-lik4NejRdZsPYZjKpOSJyw==/split_lib_slice_0_apk.apk, /data/app/com.archie.opencv_blobDetector-lik4NejRdZsPYZjKpOSJyw==/split_lib_slice_1_apk.apk, /data/app/com.archie.opencv_blobDetector-lik4NejRdZsPYZjKpOSJyw==/split_lib_slice_3_apk.apk, /data/app/com.archie.opencv_blobDetector-lik4NejRdZsPYZjKpOSJyw==/split_lib_slice_4_apk.apk, /data/app/com.archie.opencv_blobDetector-lik4NejRdZsPYZjKpOSJyw==/split_lib_slice_5_apk.apk, /data/app/com.archie.opencv_blobDetector-lik4NejRdZsPYZjKpOSJyw==/split_lib_slice_6_apk.apk, /data/app/com.archie.opencv_blobDetector-lik4NejRdZsPYZjKpOSJyw==/split_lib_slice_7_apk.apk, /data/app/com.archie.opencv_blobDetector-lik4NejRdZsPYZjKpOSJyw==/split_lib_slice_8_apk.apk, /data/app/com.archie.opencv_blobDetector-lik4NejRdZsPYZjKpOSJyw==/split_lib_slice_9_apk.apk, /data/app/com.archie.opencv_blobDetector-lik4NejRdZsPYZjKpOSJyw==/oat/arm64/base.odex, /data/app/com.archie.opencv_blobDetector-lik4NejRdZsPYZjKpOSJyw==/oat/arm64/base.vdex]
11-14 20:45:19.009  1120  1138 I ActivityManager: Force stopping com.archie.opencv_blobDetector appid=10151 user=-1: installPackageLI
11-14 20:45:19.065  1120  1154 I PackageManager: Package com.archie.opencv_blobDetector codePath changed from /data/app/com.archie.opencv_blobDetector-lik4NejRdZsPYZjKpOSJyw== to /data/app/com.archie.opencv_blobDetector-AgCh0j9SYrzjUTxuLQJRPA==; Retaining data and using new
11-14 20:45:19.065  1120  1154 W PackageManager: Code path for com.archie.opencv_blobDetector changing from /data/app/com.archie.opencv_blobDetector-lik4NejRdZsPYZjKpOSJyw== to /data/app/com.archie.opencv_blobDetector-AgCh0j9SYrzjUTxuLQJRPA==
11-14 20:45:19.065  1120  1154 W PackageManager: Resource path for com.archie.opencv_blobDetector changing from /data/app/com.archie.opencv_blobDetector-lik4NejRdZsPYZjKpOSJyw== to /data/app/com.archie.opencv_blobDetector-AgCh0j9SYrzjUTxuLQJRPA==
11-14 20:45:19.295  1120  1154 I ActivityManager: Force stopping com.archie.opencv_blobDetector appid=10151 user=0: pkg removed
11-14 20:45:19.299  1120  1138 W BroadcastQueue: Background execution not allowed: receiving Intent { act=android.intent.action.PACKAGE_REMOVED dat=package:com.archie.opencv_blobDetector flg=0x4000010 (has extras) } to com.android.musicfx/.Compatibility$Receiver
11-14 20:45:19.299  1120  1138 W BroadcastQueue: Background execution not allowed: receiving Intent { act=android.intent.action.PACKAGE_REMOVED dat=package:com.archie.opencv_blobDetector flg=0x4000010 (has extras) } to com.android.vending/com.google.android.finsky.packagemanager.impl.PackageMonitorReceiverImpl$RegisteredReceiver
11-14 20:45:19.299  1120  1138 W BroadcastQueue: Background execution not allowed: receiving Intent { act=android.intent.action.PACKAGE_REMOVED dat=package:com.archie.opencv_blobDetector flg=0x4000010 (has extras) } to com.android.vending/com.google.android.finsky.instantapps.appmanagement.InstantAppRemoveMonitor
11-14 20:45:19.350  1120 12988 W BroadcastQueue: Background execution not allowed: receiving Intent { act=android.intent.action.PACKAGE_REMOVED dat=package:com.archie.opencv_blobDetector flg=0x4000010 (has extras) } to com.google.android.googlequicksearchbox/com.google.android.apps.gsa.googlequicksearchbox.GelStubAppWatcher
11-14 20:45:19.368  1120 31012 W BroadcastQueue: Background execution not allowed: receiving Intent { act=android.intent.action.PACKAGE_ADDED dat=package:com.archie.opencv_blobDetector flg=0x4000010 (has extras) } to com.android.musicfx/.Compatibility$Receiver
11-14 20:45:19.373  1120  1138 W BroadcastQueue: Background execution not allowed: receiving Intent { act=android.intent.action.PACKAGE_ADDED dat=package:com.archie.opencv_blobDetector flg=0x4000010 (has extras) } to com.android.vending/com.google.android.finsky.packagemanager.impl.PackageMonitorReceiverImpl$RegisteredReceiver
11-14 20:45:19.377  1120  1342 I ActivityManager: START u0 {act=android.intent.action.MAIN cat=[android.intent.category.LAUNCHER] flg=0x10000000 cmp=com.archie.opencv_blobDetector/.MainActivity} from uid 2000
11-14 20:45:19.421  1120  3061 I ActivityManager: Start proc 18965:com.archie.opencv_blobDetector/u0a151 for activity com.archie.opencv_blobDetector/.MainActivity
11-14 20:45:19.538  1120  3062 W BroadcastQueue: Background execution not allowed: receiving Intent { act=android.intent.action.PACKAGE_ADDED dat=package:com.archie.opencv_blobDetector flg=0x4000010 (has extras) } to com.google.android.googlequicksearchbox/com.google.android.apps.gsa.googlequicksearchbox.GelStubAppWatcher
11-14 20:45:19.539  1120  1138 W BroadcastQueue: Background execution not allowed: receiving Intent { act=android.intent.action.PACKAGE_ADDED dat=package:com.archie.opencv_blobDetector flg=0x4000010 (has extras) } to com.google.android.ims/.receivers.RcsAutoStartReceiver
11-14 20:45:19.543  1120  3062 W BroadcastQueue: Background execution not allowed: receiving Intent { act=android.intent.action.PACKAGE_REPLACED dat=package:com.archie.opencv_blobDetector flg=0x4000010 (has extras) } to com.android.musicfx/.Compatibility$Receiver
11-14 20:45:19.543  1120  1138 W BroadcastQueue: Background execution not allowed: receiving Intent { act=android.intent.action.PACKAGE_REPLACED dat=package:com.archie.opencv_blobDetector flg=0x4000010 (has extras) } to com.google.android.apps.photos/.account.full.FetchAccountPropertiesAppUpgradeBroadcastReceiver
11-14 20:45:19.543  1120  1138 W BroadcastQueue: Background execution not allowed: receiving Intent { act=android.intent.action.PACKAGE_REPLACED dat=package:com.archie.opencv_blobDetector flg=0x4000010 (has extras) } to com.google.android.apps.photos/.account.full.SyncAccountsForLoginBroadcastReceiver
11-14 20:45:19.543  1120  1138 W BroadcastQueue: Background execution not allowed: receiving Intent { act=android.intent.action.PACKAGE_REPLACED dat=package:com.archie.opencv_blobDetector flg=0x4000010 (has extras) } to com.google.android.apps.photos/.experiments.phenotype.full.PhenotypeAppUpgradeBroadcastReceiver
11-14 20:45:19.543  1120  1138 W BroadcastQueue: Background execution not allowed: receiving Intent { act=android.intent.action.PACKAGE_REPLACED dat=package:com.archie.opencv_blobDetector flg=0x4000010 (has extras) } to com.google.android.apps.photos/.notificationchannels.AppUpdateBroadcastReceiver
11-14 20:45:19.578  1120  1130 W BroadcastQueue: Background execution not allowed: receiving Intent { act=android.intent.action.PACKAGE_REPLACED dat=package:com.archie.opencv_blobDetector flg=0x4000010 (has extras) } to com.google.android.googlequicksearchbox/com.google.android.apps.gsa.googlequicksearchbox.GelStubAppWatcher
11-14 20:45:19.578  1120  1138 W BroadcastQueue: Background execution not allowed: receiving Intent { act=android.intent.action.PACKAGE_REPLACED dat=package:com.archie.opencv_blobDetector flg=0x4000010 (has extras) } to com.google.android.ims/.receivers.RcsAutoStartReceiver
11-14 20:45:19.911  1120  1235 I WindowManager: Screen frozen for +490ms due to Window{6094f63 u0 Splash Screen com.archie.opencv_blobDetector}
11-14 20:45:22.598  1120 12988 I ActivityManager: Force stopping com.archie.opencv_blobDetector appid=10151 user=0: from pid 19107
11-14 20:45:22.598  1120 12988 I ActivityManager: Killing 18965:com.archie.opencv_blobDetector/u0a151 (adj 0): stop com.archie.opencv_blobDetector
11-14 20:45:22.598  1120 12988 W ActivityManager: Force removing ActivityRecord{7684ea9 u0 com.archie.opencv_blobDetector/.MainActivity t629}: app died, no saved state
11-14 20:45:22.600  1120 12988 I WindowManager: Failed to capture screenshot of Token{5e803cf ActivityRecord{7684ea9 u0 com.archie.opencv_blobDetector/.MainActivity t629 f}} appWin=Window{ee14c69 u0 com.archie.opencv_blobDetector/com.archie.opencv_blobDetector.MainActivity} drawState=4
11-14 20:45:22.641  1120  2989 I WindowManager: WIN DEATH: Window{2db489f u0 com.archie.opencv_blobDetector}
11-14 20:46:03.659  1120  2989 I ActivityManager: START u0 {flg=0x10000000 cmp=com.archie.opencv_blobDetector/.MainActivity (has extras)} from uid 2000
11-14 20:46:03.685  1120  1625 I ActivityManager: Start proc 19157:com.archie.opencv_blobDetector/u0a151 for activity com.archie.opencv_blobDetector/.MainActivity
11-14 20:46:04.178  1120  1235 I WindowManager: Screen frozen for +489ms due to Window{38b70b8 u0 com.archie.opencv_blobDetector/com.archie.opencv_blobDetector.MainActivity}
--------- beginning of main
11-14 20:49:46.099 19157 19230 I chatty  : uid=10151(com.archie.opencv_blobDetector) expire 420 lines
11-14 20:49:47.628 19157 19157 I chatty  : uid=10151(com.archie.opencv_blobDetector) expire 90 lines
11-14 20:49:49.113 19157 19230 I chatty  : uid=10151(com.archie.opencv_blobDetector) expire 420 lines
11-14 20:49:50.641 19157 19157 I chatty  : uid=10151(com.archie.opencv_blobDetector) expire 91 lines
11-14 20:49:52.145 19157 19230 I chatty  : uid=10151(com.archie.opencv_blobDetector) expire 418 lines
11-14 20:49:53.685 19157 19157 I chatty  : uid=10151(com.archie.opencv_blobDetector) expire 45 lines
11-14 20:49:54.564 19157 19168 I chatty  : uid=10151(com.archie.opencv_blobDetector) HeapTaskDaemon expire 1 line
11-14 20:49:55.183 19157 19230 I chatty  : uid=10151(com.archie.opencv_blobDetector) expire 210 lines
11-14 20:49:55.192 19157 19157 I chatty  : uid=10151(com.archie.opencv_blobDetector) expire 91 lines
11-14 20:49:56.702 19157 19230 I chatty  : uid=10151(com.archie.opencv_blobDetector) expire 419 lines
11-14 20:49:58.237 19157 19157 I chatty  : uid=10151(com.archie.opencv_blobDetector) expire 91 lines
11-14 20:49:59.742 19157 19230 I chatty  : uid=10151(com.archie.opencv_blobDetector) expire 419 lines
11-14 20:50:01.287 19157 19157 I chatty  : uid=10151(com.archie.opencv_blobDetector) expire 91 lines
11-14 20:50:02.780 19157 19230 I chatty  : uid=10151(com.archie.opencv_blobDetector) expire 419 lines
11-14 20:50:04.326 19157 19157 I chatty  : uid=10151(com.archie.opencv_blobDetector) expire 91 lines
11-14 20:50:05.823 19157 19230 I chatty  : uid=10151(com.archie.opencv_blobDetector) expire 419 lines
11-14 20:50:07.374 19157 19157 I chatty  : uid=10151(com.archie.opencv_blobDetector) expire 91 lines
11-14 20:50:08.867 19157 19230 I chatty  : uid=10151(com.archie.opencv_blobDetector) expire 419 lines
11-14 20:50:10.421 19157 19157 I chatty  : uid=10151(com.archie.opencv_blobDetector) expire 91 lines
11-14 20:50:11.927 19157 19230 I chatty  : uid=10151(com.archie.opencv_blobDetector) expire 419 lines
11-14 20:50:13.465 19157 19157 I chatty  : uid=10151(com.archie.opencv_blobDetector) expire 91 lines
11-14 20:50:14.967 19157 19230 I chatty  : uid=10151(com.archie.opencv_blobDetector) expire 419 lines
11-14 20:50:16.511 19157 19157 I chatty  : uid=10151(com.archie.opencv_blobDetector) expire 91 lines
11-14 20:50:18.015 19157 19230 I chatty  : uid=10151(com.archie.opencv_blobDetector) expire 419 lines
11-14 20:50:19.556 19157 19157 I chatty  : uid=10151(com.archie.opencv_blobDetector) expire 91 lines
11-14 20:50:21.059 19157 19230 I chatty  : uid=10151(com.archie.opencv_blobDetector) expire 419 lines
11-14 20:50:22.606 19157 19157 I chatty  : uid=10151(com.archie.opencv_blobDetector) expire 91 lines
11-14 20:50:24.101 19157 19230 I chatty  : uid=10151(com.archie.opencv_blobDetector) expire 419 lines
11-14 20:50:25.653 19157 19157 I chatty  : uid=10151(com.archie.opencv_blobDetector) expire 91 lines
11-14 20:50:27.157 19157 19230 I chatty  : uid=10151(com.archie.opencv_blobDetector) expire 419 lines
11-14 20:50:28.692 19157 19157 I chatty  : uid=10151(com.archie.opencv_blobDetector) expire 90 lines
11-14 20:50:30.183 19157 19230 I chatty  : uid=10151(com.archie.opencv_blobDetector) expire 419 lines
11-14 20:50:31.706 19157 19157 I chatty  : uid=10151(com.archie.opencv_blobDetector) expire 91 lines
11-14 20:50:33.217 19157 19230 I chatty  : uid=10151(com.archie.opencv_blobDetector) expire 420 lines
11-14 20:50:34.752 19157 19157 I chatty  : uid=10151(com.archie.opencv_blobDetector) expire 91 lines
11-14 20:50:36.264 19157 19230 I chatty  : uid=10151(com.archie.opencv_blobDetector) expire 419 lines
11-14 20:50:37.796 19157 19157 I chatty  : uid=10151(com.archie.opencv_blobDetector) expire 90 lines
11-14 20:50:39.288 19157 19230 I chatty  : uid=10151(com.archie.opencv_blobDetector) expire 420 lines
11-14 20:50:40.809 19157 19157 I chatty  : uid=10151(com.archie.opencv_blobDetector) expire 90 lines
11-14 20:50:42.307 19157 19230 I chatty  : uid=10151(com.archie.opencv_blobDetector) expire 419 lines
11-14 20:50:43.824 19157 19157 I chatty  : uid=10151(com.archie.opencv_blobDetector) expire 91 lines
11-14 20:50:45.344 19157 19230 I chatty  : uid=10151(com.archie.opencv_blobDetector) expire 419 lines
11-14 20:50:46.869 19157 19157 I chatty  : uid=10151(com.archie.opencv_blobDetector) expire 91 lines
11-14 20:50:48.378 19157 19230 I chatty  : uid=10151(com.archie.opencv_blobDetector) expire 419 lines
11-14 20:50:49.913 19157 19157 I chatty  : uid=10151(com.archie.opencv_blobDetector) expire 46 lines
11-14 20:51:04.306   815  6448 I Camera2ClientBase: Closed Camera 0. Client was: com.archie.opencv_blobDetector (PID 19157, UID 10151)
11-14 20:51:04.438 19157 19157 I case_study_core: BaseApplication: Writing resource stats to file: /storage/emulated/0/Android/data/com.archie.opencv_blobDetector/files/20181114_085104_execSettings.csv
11-14 20:51:04.442 19157 19157 I case_study_core: BaseApplication: Writing resource stats to file: /storage/emulated/0/Android/data/com.archie.opencv_blobDetector/files/20181114_085104_frames.csv
11-14 20:51:04.520  1120  1235 I WindowManager: Failed to capture screenshot of Token{78f0c6e ActivityRecord{7ce87e9 u0 com.archie.opencv_blobDetector/.MainActivity t630 f}} appWin=Window{38b70b8 u0 com.archie.opencv_blobDetector/com.archie.opencv_blobDetector.MainActivity} drawState=4
11-14 20:51:04.644 19157 19157 I case_study_core: BaseApplication: Writing resource stats to file: /storage/emulated/0/Android/data/com.archie.opencv_blobDetector/files/20181114_085104_classification.csv
11-14 20:51:04.720 19157 19157 I case_study_core: BaseApplication: Writing resource stats to file: /storage/emulated/0/Android/data/com.archie.opencv_blobDetector/files/20181114_085104_execSettings.csv
11-14 20:51:04.721   604  1832 E BufferQueueProducer: [SurfaceView - com.archie.opencv_blobDetector/com.archie.opencv_blobDetector.MainActivity#0] disconnect: not connected (req=2)
11-14 20:51:04.946  3044  3234 D BaseStreamManager: Promised remove @ r#10415 for StreamItemIdAndRevision{notifKey=0|android|0|com.android.server.wm.AlertWindowNotification - com.archie.opencv_blobDetector|1000, packageName=android, tag=com.android.server.wm.AlertWindowNotification - com.archie.opencv_blobDetector, id=0, revision=0, originalRevision=0, updateCount=0} (@10414): SBN removed: StreamItemIdAndRevision{notifKey=0|android|0|com.android.server.wm.AlertWindowNotification - com.archie.opencv_blobDetector|1000, packageName=android, tag=com.android.server.wm.AlertWindowNotification - com.archie.opencv_blobDetector, id=0, revision=0, originalRevision=0, updateCount=0}
