--------- beginning of system
11-13 19:25:18.949  1120 31012 I ActivityManager: START u0 {flg=0x10000000 cmp=com.archie.tf_speech_mod/.archie_mods.ModifiedSpeechActivity (has extras)} from uid 2000
11-13 19:25:18.967  1120 31013 I ActivityManager: Start proc 8096:com.archie.tf_speech_mod/u0a148 for activity com.archie.tf_speech_mod/.archie_mods.ModifiedSpeechActivity
11-13 19:25:19.203  1120 31013 I ActivityManager: Start proc 8116:com.archie.tf_speech_mod:ResourceLoggerService/u0a148 for service com.archie.tf_speech_mod/edu.temple.gtc_core.services.ResourceLoggerService
11-13 19:25:19.215  1120 31012 I ActivityManager: Start proc 8122:com.archie.tf_speech_mod:FrameLoggerService/u0a148 for service com.archie.tf_speech_mod/edu.temple.gtc_core.services.FrameLoggerService
--------- beginning of crash
11-13 19:26:21.228  8096  8229 E AndroidRuntime: FATAL EXCEPTION: Timer-2
11-13 19:26:21.228  8096  8229 E AndroidRuntime: Process: com.archie.tf_speech_mod, PID: 8096
11-13 19:26:21.228  8096  8229 E AndroidRuntime: java.lang.IllegalStateException: Timer already cancelled.
11-13 19:26:21.228  8096  8229 E AndroidRuntime: 	at java.util.Timer.sched(Timer.java:397)
11-13 19:26:21.228  8096  8229 E AndroidRuntime: 	at java.util.Timer.schedule(Timer.java:248)
11-13 19:26:21.228  8096  8229 E AndroidRuntime: 	at edu.temple.gtc_core.async.AsyncUxCollector$2.run(AsyncUxCollector.java:77)
11-13 19:26:21.228  8096  8229 E AndroidRuntime: 	at java.util.TimerThread.mainLoop(Timer.java:555)
11-13 19:26:21.228  8096  8229 E AndroidRuntime: 	at java.util.TimerThread.run(Timer.java:505)
11-13 19:26:21.242  1120  1139 I ActivityManager: Showing crash dialog for package com.archie.tf_speech_mod u0
11-13 19:26:50.502  1120  1131 I ActivityManager: Force stopping com.archie.tf_speech_mod appid=10148 user=0: from pid 9488
11-13 19:26:50.503  1120  1131 I ActivityManager: Killing 8116:com.archie.tf_speech_mod:ResourceLoggerService/u0a148 (adj 200): stop com.archie.tf_speech_mod
11-13 19:26:50.518  1120  1131 I ActivityManager: Killing 8096:com.archie.tf_speech_mod/u0a148 (adj 900): stop com.archie.tf_speech_mod
11-13 19:26:50.521  1120  3062 I WindowManager: WIN DEATH: Window{ecb68a0 u0 com.archie.tf_speech_mod}
11-13 19:26:50.552  1120  1131 I ActivityManager: Killing 8122:com.archie.tf_speech_mod:FrameLoggerService/u0a148 (adj 200): stop com.archie.tf_speech_mod
11-13 19:26:50.573  1120  3062 I WindowManager: WIN DEATH: Window{62f8515 u0 com.archie.tf_speech_mod}
11-13 19:26:50.578  1120 31013 W ActivityManager: Ignoring remove of inactive process: ProcessRecord{da6269c 0:com.archie.tf_speech_mod/u0a148}
11-13 19:26:50.625  1120  3004 W ActivityManager: Invalid packageName: com.archie.tf_speech_mod
11-13 19:26:50.663  1120  3004 I ActivityManager: START u0 {flg=0x10000000 cmp=com.archie.tf_speech_mod/.archie_mods.ModifiedSpeechActivity (has extras)} from uid 2000
11-13 19:26:50.677  1120  1130 I ActivityManager: Start proc 9499:com.archie.tf_speech_mod/u0a148 for activity com.archie.tf_speech_mod/.archie_mods.ModifiedSpeechActivity
11-13 19:26:50.911  1120  3004 I ActivityManager: Start proc 9522:com.archie.tf_speech_mod:ResourceLoggerService/u0a148 for service com.archie.tf_speech_mod/edu.temple.gtc_core.services.ResourceLoggerService
11-13 19:26:50.923  1120  1130 I ActivityManager: Start proc 9528:com.archie.tf_speech_mod:FrameLoggerService/u0a148 for service com.archie.tf_speech_mod/edu.temple.gtc_core.services.FrameLoggerService
11-13 19:27:52.941  9499  9641 E AndroidRuntime: FATAL EXCEPTION: Timer-2
11-13 19:27:52.941  9499  9641 E AndroidRuntime: Process: com.archie.tf_speech_mod, PID: 9499
11-13 19:27:52.941  9499  9641 E AndroidRuntime: java.lang.IllegalStateException: Timer already cancelled.
11-13 19:27:52.941  9499  9641 E AndroidRuntime: 	at java.util.Timer.sched(Timer.java:397)
11-13 19:27:52.941  9499  9641 E AndroidRuntime: 	at java.util.Timer.schedule(Timer.java:248)
11-13 19:27:52.941  9499  9641 E AndroidRuntime: 	at edu.temple.gtc_core.async.AsyncUxCollector$2.run(AsyncUxCollector.java:77)
11-13 19:27:52.941  9499  9641 E AndroidRuntime: 	at java.util.TimerThread.mainLoop(Timer.java:555)
11-13 19:27:52.941  9499  9641 E AndroidRuntime: 	at java.util.TimerThread.run(Timer.java:505)
11-13 19:27:52.957  1120  1139 I ActivityManager: Showing crash dialog for package com.archie.tf_speech_mod u0
11-13 19:28:22.591  1120  1641 I ActivityManager: Force stopping com.archie.tf_speech_mod appid=10148 user=0: from pid 10880
11-13 19:28:22.591  1120  1641 I ActivityManager: Killing 9522:com.archie.tf_speech_mod:ResourceLoggerService/u0a148 (adj 200): stop com.archie.tf_speech_mod
11-13 19:28:22.601  1120  1641 I ActivityManager: Killing 9499:com.archie.tf_speech_mod/u0a148 (adj 900): stop com.archie.tf_speech_mod
11-13 19:28:22.618  1120  1641 I ActivityManager: Killing 9528:com.archie.tf_speech_mod:FrameLoggerService/u0a148 (adj 200): stop com.archie.tf_speech_mod
11-13 19:28:22.634  1120  3004 I WindowManager: WIN DEATH: Window{5db8472 u0 com.archie.tf_speech_mod}
11-13 19:28:22.652  1120 11408 I WindowManager: WIN DEATH: Window{75975be u0 com.archie.tf_speech_mod}
11-13 19:28:22.686  1120  1131 W ActivityManager: Ignoring remove of inactive process: ProcessRecord{83ac709 0:com.archie.tf_speech_mod/u0a148}
11-13 19:28:22.762  1120  1130 W ActivityManager: Invalid packageName: com.archie.tf_speech_mod
11-13 19:28:22.856  1120  1130 I ActivityManager: START u0 {flg=0x10000000 cmp=com.archie.tf_speech_mod/.archie_mods.ModifiedSpeechActivity (has extras)} from uid 2000
11-13 19:28:22.874  1120  1625 I ActivityManager: Start proc 10891:com.archie.tf_speech_mod/u0a148 for activity com.archie.tf_speech_mod/.archie_mods.ModifiedSpeechActivity
11-13 19:28:23.119  1120  1130 I ActivityManager: Start proc 10912:com.archie.tf_speech_mod:ResourceLoggerService/u0a148 for service com.archie.tf_speech_mod/edu.temple.gtc_core.services.ResourceLoggerService
11-13 19:28:23.131  1120  1130 I ActivityManager: Start proc 10921:com.archie.tf_speech_mod:FrameLoggerService/u0a148 for service com.archie.tf_speech_mod/edu.temple.gtc_core.services.FrameLoggerService
11-13 19:28:48.403  1120 31013 I ActivityManager: Killing 10891:com.archie.tf_speech_mod/u0a148 (adj 900): remove task
11-13 19:28:55.786  1120  1641 I ActivityManager: Force stopping com.archie.tf_speech_mod appid=10148 user=0: from pid 11568
11-13 19:28:55.786  1120  1641 I ActivityManager: Killing 10912:com.archie.tf_speech_mod:ResourceLoggerService/u0a148 (adj 200): stop com.archie.tf_speech_mod
11-13 19:28:55.790  1120  1641 I ActivityManager: Killing 10921:com.archie.tf_speech_mod:FrameLoggerService/u0a148 (adj 200): stop com.archie.tf_speech_mod
11-13 19:28:55.806  1120 31012 I WindowManager: WIN DEATH: Window{87a4f6a u0 com.archie.tf_speech_mod}
11-13 19:28:55.809  1120  1669 I WindowManager: WIN DEATH: Window{c65f836 u0 com.archie.tf_speech_mod}
11-13 19:28:55.872  1120  1669 I ActivityManager: START u0 {act=android.intent.action.MAIN cat=[android.intent.category.LAUNCHER] flg=0x10000000 cmp=com.archie.tf_speech_mod/.archie_mods.ModifiedSpeechActivity} from uid 2000
11-13 19:28:55.894  1120  3057 I ActivityManager: Start proc 11580:com.archie.tf_speech_mod/u0a148 for activity com.archie.tf_speech_mod/.archie_mods.ModifiedSpeechActivity
11-13 19:28:56.141  1120  1601 I ActivityManager: Start proc 11611:com.archie.tf_speech_mod:ResourceLoggerService/u0a148 for service com.archie.tf_speech_mod/edu.temple.gtc_core.services.ResourceLoggerService
11-13 19:28:56.157  1120  1669 I ActivityManager: Start proc 11625:com.archie.tf_speech_mod:FrameLoggerService/u0a148 for service com.archie.tf_speech_mod/edu.temple.gtc_core.services.FrameLoggerService
11-13 19:28:57.134  1120  1396 I ActivityManager: Force stopping com.archie.tf_speech_mod appid=10148 user=0: from pid 11704
11-13 19:28:57.135  1120  1396 I ActivityManager: Killing 11611:com.archie.tf_speech_mod:ResourceLoggerService/u0a148 (adj 200): stop com.archie.tf_speech_mod
11-13 19:28:57.135  1120  1396 W ActivityManager: Scheduling restart of crashed service com.archie.tf_speech_mod/edu.temple.gtc_core.services.ResourceLoggerService in 1000ms
11-13 19:28:57.137  1120  1396 I ActivityManager: Killing 11580:com.archie.tf_speech_mod/u0a148 (adj 0): stop com.archie.tf_speech_mod
11-13 19:28:57.141  1120  1396 W ActivityManager: Force removing ActivityRecord{70e7f43 u0 com.archie.tf_speech_mod/.archie_mods.ModifiedSpeechActivity t547}: app died, no saved state
11-13 19:28:57.143  1120  1396 I WindowManager: Failed to capture screenshot of Token{cc4c9c0 ActivityRecord{70e7f43 u0 com.archie.tf_speech_mod/.archie_mods.ModifiedSpeechActivity t547 f}} appWin=Window{a2e74b4 u0 com.archie.tf_speech_mod/com.archie.tf_speech_mod.archie_mods.ModifiedSpeechActivity} drawState=4
11-13 19:28:57.149  1120  3061 I WindowManager: WIN DEATH: Window{cc305d9 u0 com.archie.tf_speech_mod}
11-13 19:28:57.155  1120  1396 I ActivityManager: Killing 11625:com.archie.tf_speech_mod:FrameLoggerService/u0a148 (adj 200): stop com.archie.tf_speech_mod
11-13 19:28:57.155  1120  1396 W ActivityManager: Scheduling restart of crashed service com.archie.tf_speech_mod/edu.temple.gtc_core.services.FrameLoggerService in 10980ms
11-13 19:28:57.156  1120  1396 I ActivityManager:   Force stopping service ServiceRecord{42e83a1 u0 com.archie.tf_speech_mod/edu.temple.gtc_core.services.ResourceLoggerService}
11-13 19:28:57.156  1120  1396 I ActivityManager:   Force stopping service ServiceRecord{36f49c6 u0 com.archie.tf_speech_mod/edu.temple.gtc_core.services.FrameLoggerService}
11-13 19:28:57.163  1120  3004 I WindowManager: WIN DEATH: Window{fba7e1c u0 com.archie.tf_speech_mod}
11-13 19:28:57.174  1120  1396 I WindowManager: WIN DEATH: Window{24103aa u0 com.archie.tf_speech_mod}
11-13 19:33:16.238  1120  1232 D PackageInstaller: Inherited files: [/data/app/com.archie.tf_speech_mod-8sYtgzZIH_t8GYjDsGVXag==/base.apk, /data/app/com.archie.tf_speech_mod-8sYtgzZIH_t8GYjDsGVXag==/split_lib_dependencies_apk.apk, /data/app/com.archie.tf_speech_mod-8sYtgzZIH_t8GYjDsGVXag==/split_lib_resources_apk.apk, /data/app/com.archie.tf_speech_mod-8sYtgzZIH_t8GYjDsGVXag==/split_lib_slice_1_apk.apk, /data/app/com.archie.tf_speech_mod-8sYtgzZIH_t8GYjDsGVXag==/split_lib_slice_2_apk.apk, /data/app/com.archie.tf_speech_mod-8sYtgzZIH_t8GYjDsGVXag==/split_lib_slice_3_apk.apk, /data/app/com.archie.tf_speech_mod-8sYtgzZIH_t8GYjDsGVXag==/split_lib_slice_4_apk.apk, /data/app/com.archie.tf_speech_mod-8sYtgzZIH_t8GYjDsGVXag==/split_lib_slice_5_apk.apk, /data/app/com.archie.tf_speech_mod-8sYtgzZIH_t8GYjDsGVXag==/split_lib_slice_6_apk.apk, /data/app/com.archie.tf_speech_mod-8sYtgzZIH_t8GYjDsGVXag==/split_lib_slice_7_apk.apk, /data/app/com.archie.tf_speech_mod-8sYtgzZIH_t8GYjDsGVXag==/split_lib_slice_8_apk.apk, /data/app/com.archie.tf_speech_mod-8sYtgzZIH_t8GYjDsGVXag==/split_lib_slice_9_apk.apk, /data/app/com.archie.tf_speech_mod-8sYtgzZIH_t8GYjDsGVXag==/oat/arm64/base.odex, /data/app/com.archie.tf_speech_mod-8sYtgzZIH_t8GYjDsGVXag==/oat/arm64/base.vdex]
11-13 19:33:17.905  1120  1138 I ActivityManager: Force stopping com.archie.tf_speech_mod appid=10148 user=-1: installPackageLI
11-13 19:33:17.978  1120  1154 I PackageManager: Package com.archie.tf_speech_mod codePath changed from /data/app/com.archie.tf_speech_mod-8sYtgzZIH_t8GYjDsGVXag== to /data/app/com.archie.tf_speech_mod-9wY5z0pTK1WBbdu-0z9eiA==; Retaining data and using new
11-13 19:33:17.978  1120  1154 W PackageManager: Code path for com.archie.tf_speech_mod changing from /data/app/com.archie.tf_speech_mod-8sYtgzZIH_t8GYjDsGVXag== to /data/app/com.archie.tf_speech_mod-9wY5z0pTK1WBbdu-0z9eiA==
11-13 19:33:17.978  1120  1154 W PackageManager: Resource path for com.archie.tf_speech_mod changing from /data/app/com.archie.tf_speech_mod-8sYtgzZIH_t8GYjDsGVXag== to /data/app/com.archie.tf_speech_mod-9wY5z0pTK1WBbdu-0z9eiA==
11-13 19:33:18.200  1120  1154 I ActivityManager: Force stopping com.archie.tf_speech_mod appid=10148 user=0: pkg removed
11-13 19:33:18.214  1120  1138 W BroadcastQueue: Background execution not allowed: receiving Intent { act=android.intent.action.PACKAGE_REMOVED dat=package:com.archie.tf_speech_mod flg=0x4000010 (has extras) } to com.android.musicfx/.Compatibility$Receiver
11-13 19:33:18.214  1120  1138 W BroadcastQueue: Background execution not allowed: receiving Intent { act=android.intent.action.PACKAGE_REMOVED dat=package:com.archie.tf_speech_mod flg=0x4000010 (has extras) } to com.android.vending/com.google.android.finsky.packagemanager.impl.PackageMonitorReceiverImpl$RegisteredReceiver
11-13 19:33:18.214  1120  1138 W BroadcastQueue: Background execution not allowed: receiving Intent { act=android.intent.action.PACKAGE_REMOVED dat=package:com.archie.tf_speech_mod flg=0x4000010 (has extras) } to com.android.vending/com.google.android.finsky.instantapps.appmanagement.InstantAppRemoveMonitor
11-13 19:33:18.265  1120 31012 I ActivityManager: START u0 {act=android.intent.action.MAIN cat=[android.intent.category.LAUNCHER] flg=0x10000000 cmp=com.archie.tf_speech_mod/.archie_mods.ModifiedSpeechActivity} from uid 2000
11-13 19:33:18.301  1120  3061 I ActivityManager: Start proc 11872:com.archie.tf_speech_mod/u0a148 for activity com.archie.tf_speech_mod/.archie_mods.ModifiedSpeechActivity
11-13 19:33:18.319  1120  3005 W BroadcastQueue: Background execution not allowed: receiving Intent { act=android.intent.action.PACKAGE_REMOVED dat=package:com.archie.tf_speech_mod flg=0x4000010 (has extras) } to com.google.android.googlequicksearchbox/com.google.android.apps.gsa.googlequicksearchbox.GelStubAppWatcher
11-13 19:33:18.334  1120  3005 W BroadcastQueue: Background execution not allowed: receiving Intent { act=android.intent.action.PACKAGE_ADDED dat=package:com.archie.tf_speech_mod flg=0x4000010 (has extras) } to com.android.musicfx/.Compatibility$Receiver
11-13 19:33:18.334  1120  1138 W BroadcastQueue: Background execution not allowed: receiving Intent { act=android.intent.action.PACKAGE_ADDED dat=package:com.archie.tf_speech_mod flg=0x4000010 (has extras) } to com.android.vending/com.google.android.finsky.packagemanager.impl.PackageMonitorReceiverImpl$RegisteredReceiver
11-13 19:33:18.373  1120  3057 W BroadcastQueue: Background execution not allowed: receiving Intent { act=android.intent.action.PACKAGE_ADDED dat=package:com.archie.tf_speech_mod flg=0x4000010 (has extras) } to com.google.android.googlequicksearchbox/com.google.android.apps.gsa.googlequicksearchbox.GelStubAppWatcher
11-13 19:33:18.373  1120  1138 W BroadcastQueue: Background execution not allowed: receiving Intent { act=android.intent.action.PACKAGE_ADDED dat=package:com.archie.tf_speech_mod flg=0x4000010 (has extras) } to com.google.android.ims/.receivers.RcsAutoStartReceiver
11-13 19:33:18.394  1120 11408 W BroadcastQueue: Background execution not allowed: receiving Intent { act=android.intent.action.PACKAGE_REPLACED dat=package:com.archie.tf_speech_mod flg=0x4000010 (has extras) } to com.android.musicfx/.Compatibility$Receiver
11-13 19:33:18.394  1120  1138 W BroadcastQueue: Background execution not allowed: receiving Intent { act=android.intent.action.PACKAGE_REPLACED dat=package:com.archie.tf_speech_mod flg=0x4000010 (has extras) } to com.google.android.apps.photos/.account.full.FetchAccountPropertiesAppUpgradeBroadcastReceiver
11-13 19:33:18.394  1120  1138 W BroadcastQueue: Background execution not allowed: receiving Intent { act=android.intent.action.PACKAGE_REPLACED dat=package:com.archie.tf_speech_mod flg=0x4000010 (has extras) } to com.google.android.apps.photos/.account.full.SyncAccountsForLoginBroadcastReceiver
11-13 19:33:18.394  1120  1138 W BroadcastQueue: Background execution not allowed: receiving Intent { act=android.intent.action.PACKAGE_REPLACED dat=package:com.archie.tf_speech_mod flg=0x4000010 (has extras) } to com.google.android.apps.photos/.experiments.phenotype.full.PhenotypeAppUpgradeBroadcastReceiver
11-13 19:33:18.394  1120  1138 W BroadcastQueue: Background execution not allowed: receiving Intent { act=android.intent.action.PACKAGE_REPLACED dat=package:com.archie.tf_speech_mod flg=0x4000010 (has extras) } to com.google.android.apps.photos/.notificationchannels.AppUpdateBroadcastReceiver
11-13 19:33:18.424  1120 31012 W BroadcastQueue: Background execution not allowed: receiving Intent { act=android.intent.action.PACKAGE_REPLACED dat=package:com.archie.tf_speech_mod flg=0x4000010 (has extras) } to com.google.android.googlequicksearchbox/com.google.android.apps.gsa.googlequicksearchbox.GelStubAppWatcher
11-13 19:33:18.425  1120  1138 W BroadcastQueue: Background execution not allowed: receiving Intent { act=android.intent.action.PACKAGE_REPLACED dat=package:com.archie.tf_speech_mod flg=0x4000010 (has extras) } to com.google.android.ims/.receivers.RcsAutoStartReceiver
11-13 19:33:18.601  1120  1131 I ActivityManager: Start proc 11928:com.archie.tf_speech_mod:ResourceLoggerService/u0a148 for service com.archie.tf_speech_mod/edu.temple.gtc_core.services.ResourceLoggerService
11-13 19:33:18.613  1120  2989 I ActivityManager: Start proc 11934:com.archie.tf_speech_mod:FrameLoggerService/u0a148 for service com.archie.tf_speech_mod/edu.temple.gtc_core.services.FrameLoggerService
11-13 19:33:24.154  1120 11408 I ActivityManager: Force stopping com.archie.tf_speech_mod appid=10148 user=0: from pid 12130
11-13 19:33:24.154  1120 11408 I ActivityManager: Killing 11928:com.archie.tf_speech_mod:ResourceLoggerService/u0a148 (adj 200): stop com.archie.tf_speech_mod
11-13 19:33:24.154  1120 11408 W ActivityManager: Scheduling restart of crashed service com.archie.tf_speech_mod/edu.temple.gtc_core.services.ResourceLoggerService in 1000ms
11-13 19:33:24.155  1120 11408 I ActivityManager: Killing 11872:com.archie.tf_speech_mod/u0a148 (adj 0): stop com.archie.tf_speech_mod
11-13 19:33:24.156  1120 11408 W ActivityManager: Force removing ActivityRecord{7a2369e u0 com.archie.tf_speech_mod/.archie_mods.ModifiedSpeechActivity t548}: app died, no saved state
11-13 19:33:24.160  1120 11408 I WindowManager: Failed to capture screenshot of Token{8e9957f ActivityRecord{7a2369e u0 com.archie.tf_speech_mod/.archie_mods.ModifiedSpeechActivity t548 f}} appWin=Window{3b6df22 u0 com.archie.tf_speech_mod/com.archie.tf_speech_mod.archie_mods.ModifiedSpeechActivity} drawState=4
11-13 19:33:24.166  1120 11408 I ActivityManager: Killing 11934:com.archie.tf_speech_mod:FrameLoggerService/u0a148 (adj 200): stop com.archie.tf_speech_mod
11-13 19:33:24.167  1120 11408 W ActivityManager: Scheduling restart of crashed service com.archie.tf_speech_mod/edu.temple.gtc_core.services.FrameLoggerService in 10988ms
11-13 19:33:24.172  1120 11408 I ActivityManager:   Force stopping service ServiceRecord{1b89717 u0 com.archie.tf_speech_mod/edu.temple.gtc_core.services.ResourceLoggerService}
11-13 19:33:24.172  1120 11408 I ActivityManager:   Force stopping service ServiceRecord{c6b8704 u0 com.archie.tf_speech_mod/edu.temple.gtc_core.services.FrameLoggerService}
11-13 19:33:24.178  1120  1130 I WindowManager: WIN DEATH: Window{961520f u0 com.archie.tf_speech_mod}
11-13 19:33:24.192  1120 31012 I WindowManager: WIN DEATH: Window{3a700ca u0 com.archie.tf_speech_mod}
11-13 19:33:24.207  1120  1601 I WindowManager: WIN DEATH: Window{95e5c88 u0 com.archie.tf_speech_mod}
11-13 19:33:36.021  1120  1131 I ActivityManager: START u0 {flg=0x10000000 cmp=com.archie.tf_speech_mod/.archie_mods.ModifiedSpeechActivity (has extras)} from uid 2000
11-13 19:33:36.043  1120  1601 I ActivityManager: Start proc 12149:com.archie.tf_speech_mod/u0a148 for activity com.archie.tf_speech_mod/.archie_mods.ModifiedSpeechActivity
11-13 19:33:36.294  1120  1131 I ActivityManager: Start proc 12169:com.archie.tf_speech_mod:ResourceLoggerService/u0a148 for service com.archie.tf_speech_mod/edu.temple.gtc_core.services.ResourceLoggerService
11-13 19:33:36.305  1120  1131 I ActivityManager: Start proc 12175:com.archie.tf_speech_mod:FrameLoggerService/u0a148 for service com.archie.tf_speech_mod/edu.temple.gtc_core.services.FrameLoggerService
11-13 19:34:38.324 12149 12316 E AndroidRuntime: FATAL EXCEPTION: Timer-2
11-13 19:34:38.324 12149 12316 E AndroidRuntime: Process: com.archie.tf_speech_mod, PID: 12149
11-13 19:34:38.324 12149 12316 E AndroidRuntime: java.lang.IllegalStateException: Timer already cancelled.
11-13 19:34:38.324 12149 12316 E AndroidRuntime: 	at java.util.Timer.sched(Timer.java:397)
11-13 19:34:38.324 12149 12316 E AndroidRuntime: 	at java.util.Timer.schedule(Timer.java:248)
11-13 19:34:38.324 12149 12316 E AndroidRuntime: 	at edu.temple.gtc_core.async.AsyncUxCollector$2.run(AsyncUxCollector.java:77)
11-13 19:34:38.324 12149 12316 E AndroidRuntime: 	at java.util.TimerThread.mainLoop(Timer.java:555)
11-13 19:34:38.324 12149 12316 E AndroidRuntime: 	at java.util.TimerThread.run(Timer.java:505)
11-13 19:34:38.348  1120  1139 I ActivityManager: Showing crash dialog for package com.archie.tf_speech_mod u0
11-13 19:35:07.795  1120 31012 I ActivityManager: Force stopping com.archie.tf_speech_mod appid=10148 user=0: from pid 13561
11-13 19:35:07.795  1120 31012 I ActivityManager: Killing 12169:com.archie.tf_speech_mod:ResourceLoggerService/u0a148 (adj 200): stop com.archie.tf_speech_mod
11-13 19:35:07.802  1120 31012 I ActivityManager: Killing 12149:com.archie.tf_speech_mod/u0a148 (adj 900): stop com.archie.tf_speech_mod
11-13 19:35:07.819  1120 31012 I ActivityManager: Killing 12175:com.archie.tf_speech_mod:FrameLoggerService/u0a148 (adj 200): stop com.archie.tf_speech_mod
11-13 19:35:07.853  1120 12988 I WindowManager: WIN DEATH: Window{57dc29 u0 com.archie.tf_speech_mod}
11-13 19:35:07.853  1120  1131 W ActivityManager: Ignoring remove of inactive process: ProcessRecord{4b4c1b2 0:com.archie.tf_speech_mod/u0a148}
11-13 19:35:07.854  1120  2989 I WindowManager: WIN DEATH: Window{b0d37d6 u0 com.archie.tf_speech_mod}
11-13 19:35:07.890  1120 12988 W ActivityManager: Invalid packageName: com.archie.tf_speech_mod
11-13 19:35:07.931  1120 12988 I ActivityManager: START u0 {flg=0x10000000 cmp=com.archie.tf_speech_mod/.archie_mods.ModifiedSpeechActivity (has extras)} from uid 2000
11-13 19:35:07.949  1120  1131 I ActivityManager: Start proc 13572:com.archie.tf_speech_mod/u0a148 for activity com.archie.tf_speech_mod/.archie_mods.ModifiedSpeechActivity
11-13 19:35:08.195  1120 12988 I ActivityManager: Start proc 13593:com.archie.tf_speech_mod:ResourceLoggerService/u0a148 for service com.archie.tf_speech_mod/edu.temple.gtc_core.services.ResourceLoggerService
11-13 19:35:08.206  1120 12988 I ActivityManager: Start proc 13599:com.archie.tf_speech_mod:FrameLoggerService/u0a148 for service com.archie.tf_speech_mod/edu.temple.gtc_core.services.FrameLoggerService
11-13 19:36:10.225 13572 13715 E AndroidRuntime: FATAL EXCEPTION: Timer-2
11-13 19:36:10.225 13572 13715 E AndroidRuntime: Process: com.archie.tf_speech_mod, PID: 13572
11-13 19:36:10.225 13572 13715 E AndroidRuntime: java.lang.IllegalStateException: Timer already cancelled.
11-13 19:36:10.225 13572 13715 E AndroidRuntime: 	at java.util.Timer.sched(Timer.java:397)
11-13 19:36:10.225 13572 13715 E AndroidRuntime: 	at java.util.Timer.schedule(Timer.java:248)
11-13 19:36:10.225 13572 13715 E AndroidRuntime: 	at edu.temple.gtc_core.async.AsyncUxCollector$2.run(AsyncUxCollector.java:77)
11-13 19:36:10.225 13572 13715 E AndroidRuntime: 	at java.util.TimerThread.mainLoop(Timer.java:555)
11-13 19:36:10.225 13572 13715 E AndroidRuntime: 	at java.util.TimerThread.run(Timer.java:505)
11-13 19:36:10.243  1120  1139 I ActivityManager: Showing crash dialog for package com.archie.tf_speech_mod u0
11-13 19:36:39.739  1120  2989 I ActivityManager: Force stopping com.archie.tf_speech_mod appid=10148 user=0: from pid 14967
11-13 19:36:39.739  1120  2989 I ActivityManager: Killing 13593:com.archie.tf_speech_mod:ResourceLoggerService/u0a148 (adj 200): stop com.archie.tf_speech_mod
11-13 19:36:39.755  1120  2989 I ActivityManager: Killing 13572:com.archie.tf_speech_mod/u0a148 (adj 900): stop com.archie.tf_speech_mod
11-13 19:36:39.772  1120  2989 I ActivityManager: Killing 13599:com.archie.tf_speech_mod:FrameLoggerService/u0a148 (adj 200): stop com.archie.tf_speech_mod
11-13 19:36:39.788  1120  1130 I WindowManager: WIN DEATH: Window{14d7c44 u0 com.archie.tf_speech_mod}
11-13 19:36:39.808  1120  3004 I WindowManager: WIN DEATH: Window{ad85329 u0 com.archie.tf_speech_mod}
11-13 19:36:39.814  1120 31012 W ActivityManager: Ignoring remove of inactive process: ProcessRecord{fe1cf80 0:com.archie.tf_speech_mod/u0a148}
11-13 19:36:39.879  1120 31012 W ActivityManager: Invalid packageName: com.archie.tf_speech_mod
11-13 19:36:39.963  1120 31012 I ActivityManager: START u0 {flg=0x10000000 cmp=com.archie.tf_speech_mod/.archie_mods.ModifiedSpeechActivity (has extras)} from uid 2000
11-13 19:36:39.981  1120  1626 I ActivityManager: Start proc 14982:com.archie.tf_speech_mod/u0a148 for activity com.archie.tf_speech_mod/.archie_mods.ModifiedSpeechActivity
11-13 19:36:40.234  1120 31012 I ActivityManager: Start proc 15008:com.archie.tf_speech_mod:ResourceLoggerService/u0a148 for service com.archie.tf_speech_mod/edu.temple.gtc_core.services.ResourceLoggerService
11-13 19:36:40.247  1120  1626 I ActivityManager: Start proc 15014:com.archie.tf_speech_mod:FrameLoggerService/u0a148 for service com.archie.tf_speech_mod/edu.temple.gtc_core.services.FrameLoggerService
11-13 19:37:07.840  1120  2989 I ActivityManager: Killing 14982:com.archie.tf_speech_mod/u0a148 (adj 900): remove task
11-13 19:37:13.262  1120  1232 D PackageInstaller: Inherited files: [/data/app/com.archie.tf_speech_mod-9wY5z0pTK1WBbdu-0z9eiA==/base.apk, /data/app/com.archie.tf_speech_mod-9wY5z0pTK1WBbdu-0z9eiA==/split_lib_dependencies_apk.apk, /data/app/com.archie.tf_speech_mod-9wY5z0pTK1WBbdu-0z9eiA==/split_lib_resources_apk.apk, /data/app/com.archie.tf_speech_mod-9wY5z0pTK1WBbdu-0z9eiA==/split_lib_slice_0_apk.apk, /data/app/com.archie.tf_speech_mod-9wY5z0pTK1WBbdu-0z9eiA==/split_lib_slice_1_apk.apk, /data/app/com.archie.tf_speech_mod-9wY5z0pTK1WBbdu-0z9eiA==/split_lib_slice_3_apk.apk, /data/app/com.archie.tf_speech_mod-9wY5z0pTK1WBbdu-0z9eiA==/split_lib_slice_4_apk.apk, /data/app/com.archie.tf_speech_mod-9wY5z0pTK1WBbdu-0z9eiA==/split_lib_slice_5_apk.apk, /data/app/com.archie.tf_speech_mod-9wY5z0pTK1WBbdu-0z9eiA==/split_lib_slice_6_apk.apk, /data/app/com.archie.tf_speech_mod-9wY5z0pTK1WBbdu-0z9eiA==/split_lib_slice_7_apk.apk, /data/app/com.archie.tf_speech_mod-9wY5z0pTK1WBbdu-0z9eiA==/split_lib_slice_8_apk.apk, /data/app/com.archie.tf_speech_mod-9wY5z0pTK1WBbdu-0z9eiA==/split_lib_slice_9_apk.apk, /data/app/com.archie.tf_speech_mod-9wY5z0pTK1WBbdu-0z9eiA==/oat/arm64/base.odex, /data/app/com.archie.tf_speech_mod-9wY5z0pTK1WBbdu-0z9eiA==/oat/arm64/base.vdex]
11-13 19:37:14.583  1120  1138 I ActivityManager: Force stopping com.archie.tf_speech_mod appid=10148 user=-1: installPackageLI
11-13 19:37:14.583  1120  1138 I ActivityManager: Killing 15008:com.archie.tf_speech_mod:ResourceLoggerService/u0a148 (adj 200): stop com.archie.tf_speech_mod
11-13 19:37:14.594  1120  1138 I ActivityManager: Killing 15014:com.archie.tf_speech_mod:FrameLoggerService/u0a148 (adj 200): stop com.archie.tf_speech_mod
11-13 19:37:14.616  1120  2989 I WindowManager: WIN DEATH: Window{d86dfe5 u0 com.archie.tf_speech_mod}
11-13 19:37:14.620  1120 31012 I WindowManager: WIN DEATH: Window{bcb5886 u0 com.archie.tf_speech_mod}
11-13 19:37:14.627  1120  1154 I PackageManager: Package com.archie.tf_speech_mod codePath changed from /data/app/com.archie.tf_speech_mod-9wY5z0pTK1WBbdu-0z9eiA== to /data/app/com.archie.tf_speech_mod-UlXKteKeOuBpWrhb2RnD1g==; Retaining data and using new
11-13 19:37:14.627  1120  1154 W PackageManager: Code path for com.archie.tf_speech_mod changing from /data/app/com.archie.tf_speech_mod-9wY5z0pTK1WBbdu-0z9eiA== to /data/app/com.archie.tf_speech_mod-UlXKteKeOuBpWrhb2RnD1g==
11-13 19:37:14.627  1120  1154 W PackageManager: Resource path for com.archie.tf_speech_mod changing from /data/app/com.archie.tf_speech_mod-9wY5z0pTK1WBbdu-0z9eiA== to /data/app/com.archie.tf_speech_mod-UlXKteKeOuBpWrhb2RnD1g==
11-13 19:37:14.847  1120  1154 I ActivityManager: Force stopping com.archie.tf_speech_mod appid=10148 user=0: pkg removed
11-13 19:37:14.904  1120  1138 W BroadcastQueue: Background execution not allowed: receiving Intent { act=android.intent.action.PACKAGE_REMOVED dat=package:com.archie.tf_speech_mod flg=0x4000010 (has extras) } to com.android.musicfx/.Compatibility$Receiver
11-13 19:37:14.904  1120  1138 W BroadcastQueue: Background execution not allowed: receiving Intent { act=android.intent.action.PACKAGE_REMOVED dat=package:com.archie.tf_speech_mod flg=0x4000010 (has extras) } to com.android.vending/com.google.android.finsky.packagemanager.impl.PackageMonitorReceiverImpl$RegisteredReceiver
11-13 19:37:14.905  1120  1138 W BroadcastQueue: Background execution not allowed: receiving Intent { act=android.intent.action.PACKAGE_REMOVED dat=package:com.archie.tf_speech_mod flg=0x4000010 (has extras) } to com.android.vending/com.google.android.finsky.instantapps.appmanagement.InstantAppRemoveMonitor
11-13 19:37:14.945  1120  1669 W BroadcastQueue: Background execution not allowed: receiving Intent { act=android.intent.action.PACKAGE_REMOVED dat=package:com.archie.tf_speech_mod flg=0x4000010 (has extras) } to com.google.android.googlequicksearchbox/com.google.android.apps.gsa.googlequicksearchbox.GelStubAppWatcher
11-13 19:37:14.960  1120  2991 I ActivityManager: START u0 {act=android.intent.action.MAIN cat=[android.intent.category.LAUNCHER] flg=0x10000000 cmp=com.archie.tf_speech_mod/.archie_mods.ModifiedSpeechActivity} from uid 2000
11-13 19:37:15.008  1120  3062 I ActivityManager: Start proc 15898:com.archie.tf_speech_mod/u0a148 for activity com.archie.tf_speech_mod/.archie_mods.ModifiedSpeechActivity
11-13 19:37:15.015  1120  1601 W BroadcastQueue: Background execution not allowed: receiving Intent { act=android.intent.action.PACKAGE_ADDED dat=package:com.archie.tf_speech_mod flg=0x4000010 (has extras) } to com.android.musicfx/.Compatibility$Receiver
11-13 19:37:15.015  1120  1138 W BroadcastQueue: Background execution not allowed: receiving Intent { act=android.intent.action.PACKAGE_ADDED dat=package:com.archie.tf_speech_mod flg=0x4000010 (has extras) } to com.android.vending/com.google.android.finsky.packagemanager.impl.PackageMonitorReceiverImpl$RegisteredReceiver
11-13 19:37:15.050  1120  1625 W BroadcastQueue: Background execution not allowed: receiving Intent { act=android.intent.action.PACKAGE_ADDED dat=package:com.archie.tf_speech_mod flg=0x4000010 (has extras) } to com.google.android.googlequicksearchbox/com.google.android.apps.gsa.googlequicksearchbox.GelStubAppWatcher
11-13 19:37:15.050  1120  1138 W BroadcastQueue: Background execution not allowed: receiving Intent { act=android.intent.action.PACKAGE_ADDED dat=package:com.archie.tf_speech_mod flg=0x4000010 (has extras) } to com.google.android.ims/.receivers.RcsAutoStartReceiver
11-13 19:37:15.058  1120  3061 W BroadcastQueue: Background execution not allowed: receiving Intent { act=android.intent.action.PACKAGE_REPLACED dat=package:com.archie.tf_speech_mod flg=0x4000010 (has extras) } to com.android.musicfx/.Compatibility$Receiver
11-13 19:37:15.059  1120  1138 W BroadcastQueue: Background execution not allowed: receiving Intent { act=android.intent.action.PACKAGE_REPLACED dat=package:com.archie.tf_speech_mod flg=0x4000010 (has extras) } to com.google.android.apps.photos/.account.full.FetchAccountPropertiesAppUpgradeBroadcastReceiver
11-13 19:37:15.059  1120  1138 W BroadcastQueue: Background execution not allowed: receiving Intent { act=android.intent.action.PACKAGE_REPLACED dat=package:com.archie.tf_speech_mod flg=0x4000010 (has extras) } to com.google.android.apps.photos/.account.full.SyncAccountsForLoginBroadcastReceiver
11-13 19:37:15.059  1120  1138 W BroadcastQueue: Background execution not allowed: receiving Intent { act=android.intent.action.PACKAGE_REPLACED dat=package:com.archie.tf_speech_mod flg=0x4000010 (has extras) } to com.google.android.apps.photos/.experiments.phenotype.full.PhenotypeAppUpgradeBroadcastReceiver
11-13 19:37:15.059  1120  1138 W BroadcastQueue: Background execution not allowed: receiving Intent { act=android.intent.action.PACKAGE_REPLACED dat=package:com.archie.tf_speech_mod flg=0x4000010 (has extras) } to com.google.android.apps.photos/.notificationchannels.AppUpdateBroadcastReceiver
11-13 19:37:15.090  1120  1626 W BroadcastQueue: Background execution not allowed: receiving Intent { act=android.intent.action.PACKAGE_REPLACED dat=package:com.archie.tf_speech_mod flg=0x4000010 (has extras) } to com.google.android.googlequicksearchbox/com.google.android.apps.gsa.googlequicksearchbox.GelStubAppWatcher
11-13 19:37:15.090  1120  1138 W BroadcastQueue: Background execution not allowed: receiving Intent { act=android.intent.action.PACKAGE_REPLACED dat=package:com.archie.tf_speech_mod flg=0x4000010 (has extras) } to com.google.android.ims/.receivers.RcsAutoStartReceiver
11-13 19:37:15.325  1120 31012 I ActivityManager: Start proc 15932:com.archie.tf_speech_mod:ResourceLoggerService/u0a148 for service com.archie.tf_speech_mod/edu.temple.gtc_core.services.ResourceLoggerService
11-13 19:37:15.338  1120 31012 I ActivityManager: Start proc 15939:com.archie.tf_speech_mod:FrameLoggerService/u0a148 for service com.archie.tf_speech_mod/edu.temple.gtc_core.services.FrameLoggerService
11-13 19:37:16.130  1120  1669 I ActivityManager: Force stopping com.archie.tf_speech_mod appid=10148 user=0: from pid 16018
11-13 19:37:16.130  1120  1669 I ActivityManager: Killing 15932:com.archie.tf_speech_mod:ResourceLoggerService/u0a148 (adj 200): stop com.archie.tf_speech_mod
11-13 19:37:16.131  1120  1669 W ActivityManager: Scheduling restart of crashed service com.archie.tf_speech_mod/edu.temple.gtc_core.services.ResourceLoggerService in 1000ms
11-13 19:37:16.133  1120  1669 I ActivityManager: Killing 15898:com.archie.tf_speech_mod/u0a148 (adj 0): stop com.archie.tf_speech_mod
11-13 19:37:16.135  1120  1669 W ActivityManager: Force removing ActivityRecord{ee70035 u0 com.archie.tf_speech_mod/.archie_mods.ModifiedSpeechActivity t552}: app died, no saved state
11-13 19:37:16.137  1120  1669 I WindowManager: Failed to capture screenshot of Token{8696cca ActivityRecord{ee70035 u0 com.archie.tf_speech_mod/.archie_mods.ModifiedSpeechActivity t552 f}} appWin=Window{76424b7 u0 com.archie.tf_speech_mod/com.archie.tf_speech_mod.archie_mods.ModifiedSpeechActivity} drawState=4
11-13 19:37:16.145  1120  1669 I ActivityManager: Killing 15939:com.archie.tf_speech_mod:FrameLoggerService/u0a148 (adj 200): stop com.archie.tf_speech_mod
11-13 19:37:16.146  1120  1669 W ActivityManager: Scheduling restart of crashed service com.archie.tf_speech_mod/edu.temple.gtc_core.services.FrameLoggerService in 10984ms
11-13 19:37:16.147  1120  1669 I ActivityManager:   Force stopping service ServiceRecord{f6e6878 u0 com.archie.tf_speech_mod/edu.temple.gtc_core.services.ResourceLoggerService}
11-13 19:37:16.147  1120  1669 I ActivityManager:   Force stopping service ServiceRecord{aa73b51 u0 com.archie.tf_speech_mod/edu.temple.gtc_core.services.FrameLoggerService}
11-13 19:37:16.149  1120 31012 I WindowManager: WIN DEATH: Window{6ed5cbf u0 com.archie.tf_speech_mod}
11-13 19:37:16.160  1120  1641 I WindowManager: WIN DEATH: Window{ef1ce90 u0 com.archie.tf_speech_mod}
11-13 19:37:16.163  1120  1131 I WindowManager: WIN DEATH: Window{7f14f45 u0 com.archie.tf_speech_mod}
11-13 19:37:20.712  1120 31012 I ActivityManager: START u0 {flg=0x10000000 cmp=com.archie.tf_speech_mod/.archie_mods.ModifiedSpeechActivity (has extras)} from uid 2000
11-13 19:37:20.728  1120  2991 I ActivityManager: Start proc 16026:com.archie.tf_speech_mod/u0a148 for activity com.archie.tf_speech_mod/.archie_mods.ModifiedSpeechActivity
11-13 19:37:20.977  1120 31012 I ActivityManager: Start proc 16046:com.archie.tf_speech_mod:ResourceLoggerService/u0a148 for service com.archie.tf_speech_mod/edu.temple.gtc_core.services.ResourceLoggerService
11-13 19:37:20.989  1120  2991 I ActivityManager: Start proc 16052:com.archie.tf_speech_mod:FrameLoggerService/u0a148 for service com.archie.tf_speech_mod/edu.temple.gtc_core.services.FrameLoggerService
11-13 19:38:22.999 16026 16160 E AndroidRuntime: FATAL EXCEPTION: Timer-2
11-13 19:38:22.999 16026 16160 E AndroidRuntime: Process: com.archie.tf_speech_mod, PID: 16026
11-13 19:38:22.999 16026 16160 E AndroidRuntime: java.lang.IllegalStateException: Timer already cancelled.
11-13 19:38:22.999 16026 16160 E AndroidRuntime: 	at java.util.Timer.sched(Timer.java:397)
11-13 19:38:22.999 16026 16160 E AndroidRuntime: 	at java.util.Timer.schedule(Timer.java:248)
11-13 19:38:22.999 16026 16160 E AndroidRuntime: 	at edu.temple.gtc_core.async.AsyncUxCollector$2.run(AsyncUxCollector.java:77)
11-13 19:38:22.999 16026 16160 E AndroidRuntime: 	at java.util.TimerThread.mainLoop(Timer.java:555)
11-13 19:38:22.999 16026 16160 E AndroidRuntime: 	at java.util.TimerThread.run(Timer.java:505)
11-13 19:38:23.027  1120  1139 I ActivityManager: Showing crash dialog for package com.archie.tf_speech_mod u0
11-13 19:38:52.505  1120  1131 I ActivityManager: Force stopping com.archie.tf_speech_mod appid=10148 user=0: from pid 17373
11-13 19:38:52.505  1120  1131 I ActivityManager: Killing 16046:com.archie.tf_speech_mod:ResourceLoggerService/u0a148 (adj 200): stop com.archie.tf_speech_mod
11-13 19:38:52.528  1120  1131 I ActivityManager: Killing 16026:com.archie.tf_speech_mod/u0a148 (adj 900): stop com.archie.tf_speech_mod
11-13 19:38:52.542  1120  3005 I WindowManager: WIN DEATH: Window{7650a5f u0 com.archie.tf_speech_mod}
11-13 19:38:52.543  1120  1131 I ActivityManager: Killing 16052:com.archie.tf_speech_mod:FrameLoggerService/u0a148 (adj 200): stop com.archie.tf_speech_mod
11-13 19:38:52.577  1120 11408 I WindowManager: WIN DEATH: Window{3f4aeb9 u0 com.archie.tf_speech_mod}
11-13 19:38:52.581  1120 31012 W ActivityManager: Ignoring remove of inactive process: ProcessRecord{9635a4e 0:com.archie.tf_speech_mod/u0a148}
11-13 19:38:52.628  1120  3005 W ActivityManager: Invalid packageName: com.archie.tf_speech_mod
11-13 19:38:52.710  1120  3005 I ActivityManager: START u0 {flg=0x10000000 cmp=com.archie.tf_speech_mod/.archie_mods.ModifiedSpeechActivity (has extras)} from uid 2000
11-13 19:38:52.731  1120 11408 I ActivityManager: Start proc 17384:com.archie.tf_speech_mod/u0a148 for activity com.archie.tf_speech_mod/.archie_mods.ModifiedSpeechActivity
11-13 19:38:52.970  1120  3005 I ActivityManager: Start proc 17405:com.archie.tf_speech_mod:ResourceLoggerService/u0a148 for service com.archie.tf_speech_mod/edu.temple.gtc_core.services.ResourceLoggerService
11-13 19:38:52.981  1120  3005 I ActivityManager: Start proc 17411:com.archie.tf_speech_mod:FrameLoggerService/u0a148 for service com.archie.tf_speech_mod/edu.temple.gtc_core.services.FrameLoggerService
11-13 19:39:39.570  1120 31012 I ActivityManager: Killing 17384:com.archie.tf_speech_mod/u0a148 (adj 900): remove task
11-13 19:39:46.502  1120  3062 I ActivityManager: Force stopping com.archie.tf_speech_mod appid=10148 user=0: from pid 18470
11-13 19:39:46.502  1120  3062 I ActivityManager: Killing 17405:com.archie.tf_speech_mod:ResourceLoggerService/u0a148 (adj 200): stop com.archie.tf_speech_mod
11-13 19:39:46.505  1120  3062 I ActivityManager: Killing 17411:com.archie.tf_speech_mod:FrameLoggerService/u0a148 (adj 200): stop com.archie.tf_speech_mod
11-13 19:39:46.518  1120  2991 I WindowManager: WIN DEATH: Window{52e3811 u0 com.archie.tf_speech_mod}
11-13 19:39:46.521  1120  1626 I WindowManager: WIN DEATH: Window{723bb02 u0 com.archie.tf_speech_mod}
11-13 19:39:46.576  1120  3057 I ActivityManager: START u0 {act=android.intent.action.MAIN cat=[android.intent.category.LAUNCHER] flg=0x10000000 cmp=com.archie.tf_speech_mod/.archie_mods.ModifiedSpeechActivity} from uid 2000
11-13 19:39:46.593  1120  3057 I ActivityManager: Start proc 18482:com.archie.tf_speech_mod/u0a148 for activity com.archie.tf_speech_mod/.archie_mods.ModifiedSpeechActivity
11-13 19:39:46.839  1120  1626 I ActivityManager: Start proc 18510:com.archie.tf_speech_mod:ResourceLoggerService/u0a148 for service com.archie.tf_speech_mod/edu.temple.gtc_core.services.ResourceLoggerService
11-13 19:39:46.853  1120  3057 I ActivityManager: Start proc 18516:com.archie.tf_speech_mod:FrameLoggerService/u0a148 for service com.archie.tf_speech_mod/edu.temple.gtc_core.services.FrameLoggerService
11-13 19:39:48.276  1120  3057 I ActivityManager: Force stopping com.archie.tf_speech_mod appid=10148 user=0: from pid 18610
11-13 19:39:48.276  1120  3057 I ActivityManager: Killing 18510:com.archie.tf_speech_mod:ResourceLoggerService/u0a148 (adj 200): stop com.archie.tf_speech_mod
11-13 19:39:48.276  1120  3057 W ActivityManager: Scheduling restart of crashed service com.archie.tf_speech_mod/edu.temple.gtc_core.services.ResourceLoggerService in 1000ms
11-13 19:39:48.278  1120  3057 I ActivityManager: Killing 18482:com.archie.tf_speech_mod/u0a148 (adj 0): stop com.archie.tf_speech_mod
11-13 19:39:48.279  1120  3057 W ActivityManager: Force removing ActivityRecord{3b5de71 u0 com.archie.tf_speech_mod/.archie_mods.ModifiedSpeechActivity t555}: app died, no saved state
11-13 19:39:48.281  1120  3057 I WindowManager: Failed to capture screenshot of Token{a9c5456 ActivityRecord{3b5de71 u0 com.archie.tf_speech_mod/.archie_mods.ModifiedSpeechActivity t555 f}} appWin=Window{55834ea u0 com.archie.tf_speech_mod/com.archie.tf_speech_mod.archie_mods.ModifiedSpeechActivity} drawState=4
11-13 19:39:48.288  1120  3057 I ActivityManager: Killing 18516:com.archie.tf_speech_mod:FrameLoggerService/u0a148 (adj 200): stop com.archie.tf_speech_mod
11-13 19:39:48.288  1120  3057 W ActivityManager: Scheduling restart of crashed service com.archie.tf_speech_mod/edu.temple.gtc_core.services.FrameLoggerService in 10988ms
11-13 19:39:48.290  1120  3057 I ActivityManager:   Force stopping service ServiceRecord{5fe7abf u0 com.archie.tf_speech_mod/edu.temple.gtc_core.services.ResourceLoggerService}
11-13 19:39:48.290  1120  3057 I ActivityManager:   Force stopping service ServiceRecord{57aa58c u0 com.archie.tf_speech_mod/edu.temple.gtc_core.services.FrameLoggerService}
11-13 19:39:48.296  1120  1130 I WindowManager: WIN DEATH: Window{7bb02b7 u0 com.archie.tf_speech_mod}
11-13 19:39:48.304  1120  3061 I WindowManager: WIN DEATH: Window{7258592 u0 com.archie.tf_speech_mod}
11-13 19:39:48.309  1120  1396 I WindowManager: WIN DEATH: Window{14b490 u0 com.archie.tf_speech_mod}
11-13 19:40:19.866  1120 31012 I ActivityManager: START u0 {flg=0x10000000 cmp=com.archie.tf_speech_mod/.archie_mods.ModifiedSpeechActivity (has extras)} from uid 2000
11-13 19:40:19.884  1120  1130 I ActivityManager: Start proc 18627:com.archie.tf_speech_mod/u0a148 for activity com.archie.tf_speech_mod/.archie_mods.ModifiedSpeechActivity
11-13 19:40:20.139  1120  1130 I ActivityManager: Start proc 18648:com.archie.tf_speech_mod:ResourceLoggerService/u0a148 for service com.archie.tf_speech_mod/edu.temple.gtc_core.services.ResourceLoggerService
11-13 19:40:20.151  1120 31012 I ActivityManager: Start proc 18654:com.archie.tf_speech_mod:FrameLoggerService/u0a148 for service com.archie.tf_speech_mod/edu.temple.gtc_core.services.FrameLoggerService
11-13 19:45:52.159  1120 31012 I ActivityManager: Force stopping com.archie.tf_speech_mod appid=10148 user=0: from pid 24811
11-13 19:45:52.159  1120 31012 I ActivityManager: Killing 18648:com.archie.tf_speech_mod:ResourceLoggerService/u0a148 (adj 200): stop com.archie.tf_speech_mod
11-13 19:45:52.164  1120 31012 I ActivityManager: Killing 18627:com.archie.tf_speech_mod/u0a148 (adj 900): stop com.archie.tf_speech_mod
11-13 19:45:52.167  1120 31012 I ActivityManager: Killing 18654:com.archie.tf_speech_mod:FrameLoggerService/u0a148 (adj 200): stop com.archie.tf_speech_mod
11-13 19:45:52.187  1120  1396 I WindowManager: WIN DEATH: Window{4a91e81 u0 com.archie.tf_speech_mod}
11-13 19:45:52.194  1120  2989 I WindowManager: WIN DEATH: Window{4ac23b2 u0 com.archie.tf_speech_mod}
11-13 19:45:52.208  1120  2989 W ActivityManager: Invalid packageName: com.archie.tf_speech_mod
11-13 19:45:52.252  1120  2989 I ActivityManager: START u0 {flg=0x10000000 cmp=com.archie.tf_speech_mod/.archie_mods.ModifiedSpeechActivity (has extras)} from uid 2000
11-13 19:45:52.267  1120 12988 I ActivityManager: Start proc 24822:com.archie.tf_speech_mod/u0a148 for activity com.archie.tf_speech_mod/.archie_mods.ModifiedSpeechActivity
11-13 19:45:52.515  1120  2989 I ActivityManager: Start proc 24843:com.archie.tf_speech_mod:ResourceLoggerService/u0a148 for service com.archie.tf_speech_mod/edu.temple.gtc_core.services.ResourceLoggerService
11-13 19:45:52.526  1120 12988 I ActivityManager: Start proc 24849:com.archie.tf_speech_mod:FrameLoggerService/u0a148 for service com.archie.tf_speech_mod/edu.temple.gtc_core.services.FrameLoggerService
11-13 19:51:24.286  1120  2989 I ActivityManager: Force stopping com.archie.tf_speech_mod appid=10148 user=0: from pid 30715
11-13 19:51:24.286  1120  2989 I ActivityManager: Killing 24843:com.archie.tf_speech_mod:ResourceLoggerService/u0a148 (adj 200): stop com.archie.tf_speech_mod
11-13 19:51:24.292  1120  2989 I ActivityManager: Killing 24822:com.archie.tf_speech_mod/u0a148 (adj 900): stop com.archie.tf_speech_mod
11-13 19:51:24.300  1120  2989 I ActivityManager: Killing 24849:com.archie.tf_speech_mod:FrameLoggerService/u0a148 (adj 200): stop com.archie.tf_speech_mod
11-13 19:51:24.313  1120  3005 I WindowManager: WIN DEATH: Window{cccb7dd u0 com.archie.tf_speech_mod}
11-13 19:51:24.316  1120  2989 I WindowManager: WIN DEATH: Window{63a92a1 u0 com.archie.tf_speech_mod}
11-13 19:51:24.349  1120  2989 W ActivityManager: Invalid packageName: com.archie.tf_speech_mod
11-13 19:51:24.401  1120  2989 I ActivityManager: START u0 {flg=0x10000000 cmp=com.archie.tf_speech_mod/.archie_mods.ModifiedSpeechActivity (has extras)} from uid 2000
11-13 19:51:24.418  1120  1626 I ActivityManager: Start proc 30727:com.archie.tf_speech_mod/u0a148 for activity com.archie.tf_speech_mod/.archie_mods.ModifiedSpeechActivity
11-13 19:51:24.692  1120  1131 I ActivityManager: Start proc 30753:com.archie.tf_speech_mod:ResourceLoggerService/u0a148 for service com.archie.tf_speech_mod/edu.temple.gtc_core.services.ResourceLoggerService
11-13 19:51:24.703  1120  1131 I ActivityManager: Start proc 30759:com.archie.tf_speech_mod:FrameLoggerService/u0a148 for service com.archie.tf_speech_mod/edu.temple.gtc_core.services.FrameLoggerService
11-13 19:56:56.597  1120  1626 I ActivityManager: Force stopping com.archie.tf_speech_mod appid=10148 user=0: from pid 5573
11-13 19:56:56.597  1120  1626 I ActivityManager: Killing 30753:com.archie.tf_speech_mod:ResourceLoggerService/u0a148 (adj 200): stop com.archie.tf_speech_mod
11-13 19:56:56.600  1120  1626 I ActivityManager: Killing 30727:com.archie.tf_speech_mod/u0a148 (adj 900): stop com.archie.tf_speech_mod
11-13 19:56:56.608  1120  1626 I ActivityManager: Killing 30759:com.archie.tf_speech_mod:FrameLoggerService/u0a148 (adj 200): stop com.archie.tf_speech_mod
11-13 19:56:56.627  1120 31012 I WindowManager: WIN DEATH: Window{4889fec u0 com.archie.tf_speech_mod}
11-13 19:56:56.633  1120 31012 I WindowManager: WIN DEATH: Window{639b543 u0 com.archie.tf_speech_mod}
11-13 19:56:56.658  1120  1396 W ActivityManager: Invalid packageName: com.archie.tf_speech_mod
11-13 19:56:56.700  1120  1396 I ActivityManager: START u0 {flg=0x10000000 cmp=com.archie.tf_speech_mod/.archie_mods.ModifiedSpeechActivity (has extras)} from uid 2000
11-13 19:56:56.715  1120  1396 I ActivityManager: Start proc 5584:com.archie.tf_speech_mod/u0a148 for activity com.archie.tf_speech_mod/.archie_mods.ModifiedSpeechActivity
11-13 19:56:56.981  1120  1396 I ActivityManager: Start proc 5605:com.archie.tf_speech_mod:ResourceLoggerService/u0a148 for service com.archie.tf_speech_mod/edu.temple.gtc_core.services.ResourceLoggerService
11-13 19:56:56.993  1120 31012 I ActivityManager: Start proc 5611:com.archie.tf_speech_mod:FrameLoggerService/u0a148 for service com.archie.tf_speech_mod/edu.temple.gtc_core.services.FrameLoggerService
11-13 20:02:28.639  1120 31012 I ActivityManager: Force stopping com.archie.tf_speech_mod appid=10148 user=0: from pid 11611
11-13 20:02:28.639  1120 31012 I ActivityManager: Killing 5605:com.archie.tf_speech_mod:ResourceLoggerService/u0a148 (adj 200): stop com.archie.tf_speech_mod
11-13 20:02:28.645  1120 31012 I ActivityManager: Killing 5584:com.archie.tf_speech_mod/u0a148 (adj 900): stop com.archie.tf_speech_mod
11-13 20:02:28.646  1120 31012 I ActivityManager: Killing 5611:com.archie.tf_speech_mod:FrameLoggerService/u0a148 (adj 200): stop com.archie.tf_speech_mod
11-13 20:02:28.668  1120 31013 I WindowManager: WIN DEATH: Window{68b23ee u0 com.archie.tf_speech_mod}
11-13 20:02:28.670  1120  2991 I WindowManager: WIN DEATH: Window{19b16ab u0 com.archie.tf_speech_mod}
11-13 20:02:28.698  1120  3004 W ActivityManager: Invalid packageName: com.archie.tf_speech_mod
11-13 20:02:28.752  1120  3004 I ActivityManager: START u0 {flg=0x10000000 cmp=com.archie.tf_speech_mod/.archie_mods.ModifiedSpeechActivity (has extras)} from uid 2000
11-13 20:02:28.771  1120  1396 I ActivityManager: Start proc 11622:com.archie.tf_speech_mod/u0a148 for activity com.archie.tf_speech_mod/.archie_mods.ModifiedSpeechActivity
11-13 20:02:29.067  1120  1641 I ActivityManager: Start proc 11643:com.archie.tf_speech_mod:ResourceLoggerService/u0a148 for service com.archie.tf_speech_mod/edu.temple.gtc_core.services.ResourceLoggerService
11-13 20:02:29.079  1120  1641 I ActivityManager: Start proc 11649:com.archie.tf_speech_mod:FrameLoggerService/u0a148 for service com.archie.tf_speech_mod/edu.temple.gtc_core.services.FrameLoggerService
--------- beginning of main
