12-11 11:07:06.247  1118  1134 W BroadcastQueue: Background execution not allowed: receiving Intent { act=android.intent.action.PACKAGE_ADDED dat=package:com.archie.drone_tracker flg=0x4000010 (has extras) } to com.google.android.gms/.chimera.GmsIntentOperationService$PersistentTrustedReceiver
12-11 11:07:06.247  1118  1134 W BroadcastQueue: Background execution not allowed: receiving Intent { act=android.intent.action.PACKAGE_ADDED dat=package:com.archie.drone_tracker flg=0x4000010 (has extras) } to com.google.android.googlequicksearchbox/com.google.android.apps.gsa.googlequicksearchbox.GelStubAppWatcher
12-11 11:07:06.248  1118  1134 W BroadcastQueue: Background execution not allowed: receiving Intent { act=android.intent.action.PACKAGE_ADDED dat=package:com.archie.drone_tracker flg=0x4000010 (has extras) } to com.google.android.ims/.receivers.RcsAutoStartReceiver
12-11 11:07:06.271  1118  1406 W BroadcastQueue: Background execution not allowed: receiving Intent { act=android.intent.action.PACKAGE_REPLACED dat=package:com.archie.drone_tracker flg=0x4000010 (has extras) } to com.android.musicfx/.Compatibility$Receiver
12-11 11:07:06.293  1118  1134 W BroadcastQueue: Background execution not allowed: receiving Intent { act=android.intent.action.PACKAGE_REPLACED dat=package:com.archie.drone_tracker flg=0x4000010 (has extras) } to com.google.android.apps.photos/.account.full.FetchAccountPropertiesAppUpgradeBroadcastReceiver
12-11 11:07:06.293  1118  1134 W BroadcastQueue: Background execution not allowed: receiving Intent { act=android.intent.action.PACKAGE_REPLACED dat=package:com.archie.drone_tracker flg=0x4000010 (has extras) } to com.google.android.apps.photos/.account.full.SyncAccountsForLoginBroadcastReceiver
12-11 11:07:06.293  1118  1134 W BroadcastQueue: Background execution not allowed: receiving Intent { act=android.intent.action.PACKAGE_REPLACED dat=package:com.archie.drone_tracker flg=0x4000010 (has extras) } to com.google.android.apps.photos/.experiments.phenotype.full.PhenotypeAppUpgradeBroadcastReceiver
12-11 11:07:06.293  1118  1134 W BroadcastQueue: Background execution not allowed: receiving Intent { act=android.intent.action.PACKAGE_REPLACED dat=package:com.archie.drone_tracker flg=0x4000010 (has extras) } to com.google.android.apps.photos/.notificationchannels.AppUpdateBroadcastReceiver
12-11 11:07:06.293  1118  1134 W BroadcastQueue: Background execution not allowed: receiving Intent { act=android.intent.action.PACKAGE_REPLACED dat=package:com.archie.drone_tracker flg=0x4000010 (has extras) } to com.google.android.gms/.gass.chimera.PackageChangeBroadcastReceiver
12-11 11:07:06.293  1118  1134 W BroadcastQueue: Background execution not allowed: receiving Intent { act=android.intent.action.PACKAGE_REPLACED dat=package:com.archie.drone_tracker flg=0x4000010 (has extras) } to com.google.android.gms/.chimera.GmsIntentOperationService$PersistentTrustedReceiver
12-11 11:07:06.293  1118  1134 W BroadcastQueue: Background execution not allowed: receiving Intent { act=android.intent.action.PACKAGE_REPLACED dat=package:com.archie.drone_tracker flg=0x4000010 (has extras) } to com.google.android.googlequicksearchbox/com.google.android.apps.gsa.googlequicksearchbox.GelStubAppWatcher
12-11 11:07:06.293  1118  1134 W BroadcastQueue: Background execution not allowed: receiving Intent { act=android.intent.action.PACKAGE_REPLACED dat=package:com.archie.drone_tracker flg=0x4000010 (has extras) } to com.google.android.ims/.receivers.RcsAutoStartReceiver
12-11 11:07:07.002  1118  2809 I ActivityManager: START u0 {act=android.intent.action.MAIN cat=[android.intent.category.LAUNCHER] flg=0x10200000 cmp=com.archie.drone_tracker/com.unity3d.player.UnityPlayerActivity} from uid 2000
12-11 11:07:07.021  1118  1628 I ActivityManager: Start proc 13640:com.archie.drone_tracker/u0a155 for activity com.archie.drone_tracker/com.unity3d.player.UnityPlayerActivity
12-11 11:07:07.189 13640 13655 I chatty  : uid=10155(com.archie.drone_tracker) identical 14 lines
12-11 11:07:41.688  1118  2820 I ActivityManager: Killing 13640:com.archie.drone_tracker/u0a155 (adj 900): remove task
12-11 11:07:41.729  1118  2814 I WindowManager: WIN DEATH: Window{fe026d5 u0 com.archie.drone_tracker/com.unity3d.player.UnityPlayerActivity}
12-11 11:08:25.823  1118  1134 I ActivityManager: Force stopping com.archie.drone_tracker appid=10155 user=-1: installPackageLI
12-11 11:08:25.921  1118  1148 I PackageManager: Package com.archie.drone_tracker codePath changed from /data/app/com.archie.drone_tracker-VRjViw8hdJPRShfAdUF2dA== to /data/app/com.archie.drone_tracker-cTJDXRwI3_CMEcg3IRvPEg==; Retaining data and using new
12-11 11:08:25.921  1118  1148 W PackageManager: Code path for com.archie.drone_tracker changing from /data/app/com.archie.drone_tracker-VRjViw8hdJPRShfAdUF2dA== to /data/app/com.archie.drone_tracker-cTJDXRwI3_CMEcg3IRvPEg==
12-11 11:08:25.921  1118  1148 W PackageManager: Resource path for com.archie.drone_tracker changing from /data/app/com.archie.drone_tracker-VRjViw8hdJPRShfAdUF2dA== to /data/app/com.archie.drone_tracker-cTJDXRwI3_CMEcg3IRvPEg==
12-11 11:08:26.182  1118  1148 I ActivityManager: Force stopping com.archie.drone_tracker appid=10155 user=0: pkg removed
12-11 11:08:26.200  1118  1134 W BroadcastQueue: Background execution not allowed: receiving Intent { act=android.intent.action.PACKAGE_REMOVED dat=package:com.archie.drone_tracker flg=0x4000010 (has extras) } to com.android.musicfx/.Compatibility$Receiver
12-11 11:08:26.200  1118  1134 W BroadcastQueue: Background execution not allowed: receiving Intent { act=android.intent.action.PACKAGE_REMOVED dat=package:com.archie.drone_tracker flg=0x4000010 (has extras) } to com.android.vending/com.google.android.finsky.packagemanager.impl.PackageMonitorReceiverImpl$RegisteredReceiver
12-11 11:08:26.200  1118  1134 W BroadcastQueue: Background execution not allowed: receiving Intent { act=android.intent.action.PACKAGE_REMOVED dat=package:com.archie.drone_tracker flg=0x4000010 (has extras) } to com.android.vending/com.google.android.finsky.instantapps.appmanagement.InstantAppRemoveMonitor
12-11 11:08:26.212  1118  1134 W BroadcastQueue: Background execution not allowed: receiving Intent { act=android.intent.action.PACKAGE_REMOVED dat=package:com.archie.drone_tracker flg=0x4000010 (has extras) } to com.google.android.gms/.games.chimera.GamesSystemBroadcastReceiverProxy
12-11 11:08:26.212  1118  1134 W BroadcastQueue: Background execution not allowed: receiving Intent { act=android.intent.action.PACKAGE_REMOVED dat=package:com.archie.drone_tracker flg=0x4000010 (has extras) } to com.google.android.gms/.photos.autobackup.PhotosAppUninstalledReceiver
12-11 11:08:26.212  1118  1134 W BroadcastQueue: Background execution not allowed: receiving Intent { act=android.intent.action.PACKAGE_REMOVED dat=package:com.archie.drone_tracker flg=0x4000010 (has extras) } to com.google.android.gms/.chimera.GmsIntentOperationService$PersistentTrustedReceiver
12-11 11:08:26.213  1118  1134 W BroadcastQueue: Background execution not allowed: receiving Intent { act=android.intent.action.PACKAGE_REMOVED dat=package:com.archie.drone_tracker flg=0x4000010 (has extras) } to com.google.android.googlequicksearchbox/com.google.android.apps.gsa.googlequicksearchbox.GelStubAppWatcher
12-11 11:08:26.228  1118  2819 W BroadcastQueue: Background execution not allowed: receiving Intent { act=android.intent.action.PACKAGE_ADDED dat=package:com.archie.drone_tracker flg=0x4000010 (has extras) } to com.android.musicfx/.Compatibility$Receiver
12-11 11:08:26.229  1118  1134 W BroadcastQueue: Background execution not allowed: receiving Intent { act=android.intent.action.PACKAGE_ADDED dat=package:com.archie.drone_tracker flg=0x4000010 (has extras) } to com.android.vending/com.google.android.finsky.packagemanager.impl.PackageMonitorReceiverImpl$RegisteredReceiver
12-11 11:08:26.229  1118  1134 W BroadcastQueue: Background execution not allowed: receiving Intent { act=android.intent.action.PACKAGE_ADDED dat=package:com.archie.drone_tracker flg=0x4000010 (has extras) } to com.google.android.gms/.games.chimera.GamesSystemBroadcastReceiverProxy
12-11 11:08:26.229  1118  1134 W BroadcastQueue: Background execution not allowed: receiving Intent { act=android.intent.action.PACKAGE_ADDED dat=package:com.archie.drone_tracker flg=0x4000010 (has extras) } to com.google.android.gms/.gass.chimera.PackageChangeBroadcastReceiver
12-11 11:08:26.229  1118  1134 W BroadcastQueue: Background execution not allowed: receiving Intent { act=android.intent.action.PACKAGE_ADDED dat=package:com.archie.drone_tracker flg=0x4000010 (has extras) } to com.google.android.gms/.chimera.GmsIntentOperationService$PersistentTrustedReceiver
12-11 11:08:26.229  1118  1134 W BroadcastQueue: Background execution not allowed: receiving Intent { act=android.intent.action.PACKAGE_ADDED dat=package:com.archie.drone_tracker flg=0x4000010 (has extras) } to com.google.android.googlequicksearchbox/com.google.android.apps.gsa.googlequicksearchbox.GelStubAppWatcher
12-11 11:08:26.229  1118  1134 W BroadcastQueue: Background execution not allowed: receiving Intent { act=android.intent.action.PACKAGE_ADDED dat=package:com.archie.drone_tracker flg=0x4000010 (has extras) } to com.google.android.ims/.receivers.RcsAutoStartReceiver
12-11 11:08:26.252  1118  1634 W BroadcastQueue: Background execution not allowed: receiving Intent { act=android.intent.action.PACKAGE_REPLACED dat=package:com.archie.drone_tracker flg=0x4000010 (has extras) } to com.android.musicfx/.Compatibility$Receiver
12-11 11:08:26.252  1118  1134 W BroadcastQueue: Background execution not allowed: receiving Intent { act=android.intent.action.PACKAGE_REPLACED dat=package:com.archie.drone_tracker flg=0x4000010 (has extras) } to com.google.android.apps.photos/.account.full.FetchAccountPropertiesAppUpgradeBroadcastReceiver
12-11 11:08:26.252  1118  1134 W BroadcastQueue: Background execution not allowed: receiving Intent { act=android.intent.action.PACKAGE_REPLACED dat=package:com.archie.drone_tracker flg=0x4000010 (has extras) } to com.google.android.apps.photos/.account.full.SyncAccountsForLoginBroadcastReceiver
12-11 11:08:26.252  1118  1134 W BroadcastQueue: Background execution not allowed: receiving Intent { act=android.intent.action.PACKAGE_REPLACED dat=package:com.archie.drone_tracker flg=0x4000010 (has extras) } to com.google.android.apps.photos/.experiments.phenotype.full.PhenotypeAppUpgradeBroadcastReceiver
12-11 11:08:26.252  1118  1134 W BroadcastQueue: Background execution not allowed: receiving Intent { act=android.intent.action.PACKAGE_REPLACED dat=package:com.archie.drone_tracker flg=0x4000010 (has extras) } to com.google.android.apps.photos/.notificationchannels.AppUpdateBroadcastReceiver
12-11 11:08:26.252  1118  1134 W BroadcastQueue: Background execution not allowed: receiving Intent { act=android.intent.action.PACKAGE_REPLACED dat=package:com.archie.drone_tracker flg=0x4000010 (has extras) } to com.google.android.gms/.gass.chimera.PackageChangeBroadcastReceiver
12-11 11:08:26.253  1118  1134 W BroadcastQueue: Background execution not allowed: receiving Intent { act=android.intent.action.PACKAGE_REPLACED dat=package:com.archie.drone_tracker flg=0x4000010 (has extras) } to com.google.android.gms/.chimera.GmsIntentOperationService$PersistentTrustedReceiver
12-11 11:08:26.253  1118  1134 W BroadcastQueue: Background execution not allowed: receiving Intent { act=android.intent.action.PACKAGE_REPLACED dat=package:com.archie.drone_tracker flg=0x4000010 (has extras) } to com.google.android.googlequicksearchbox/com.google.android.apps.gsa.googlequicksearchbox.GelStubAppWatcher
12-11 11:08:26.253  1118  1134 W BroadcastQueue: Background execution not allowed: receiving Intent { act=android.intent.action.PACKAGE_REPLACED dat=package:com.archie.drone_tracker flg=0x4000010 (has extras) } to com.google.android.ims/.receivers.RcsAutoStartReceiver
12-11 11:08:27.034  1118  1667 I ActivityManager: START u0 {act=android.intent.action.MAIN cat=[android.intent.category.LAUNCHER] flg=0x10200000 cmp=com.archie.drone_tracker/com.unity3d.player.UnityPlayerActivity} from uid 2000
12-11 11:08:27.060  1118  2814 I ActivityManager: Start proc 13920:com.archie.drone_tracker/u0a155 for activity com.archie.drone_tracker/com.unity3d.player.UnityPlayerActivity
12-11 11:08:27.228 13920 13936 I chatty  : uid=10155(com.archie.drone_tracker) identical 14 lines
12-11 11:08:46.101  1118  2809 I ActivityManager: Killing 13920:com.archie.drone_tracker/u0a155 (adj 900): remove task
12-11 11:08:46.138  1118  1667 I WindowManager: WIN DEATH: Window{f2549dd u0 com.archie.drone_tracker/com.unity3d.player.UnityPlayerActivity}
12-11 11:09:16.093  1118  1502 I ActivityManager: START u0 {flg=0x10000000 cmp=com.archie.drone_tracker/com.unity3d.player.UnityPlayerActivity} from uid 2000
12-11 11:09:16.114  1118  2814 I ActivityManager: Start proc 14109:com.archie.drone_tracker/u0a155 for activity com.archie.drone_tracker/com.unity3d.player.UnityPlayerActivity
12-11 11:09:16.287 14109 14124 I chatty  : uid=10155(com.archie.drone_tracker) identical 14 lines
12-11 11:09:32.582  1118  2814 I ActivityManager: Killing 14109:com.archie.drone_tracker/u0a155 (adj 900): remove task
12-11 11:09:32.631  1118  1633 I WindowManager: WIN DEATH: Window{4dbc12c u0 com.archie.drone_tracker/com.unity3d.player.UnityPlayerActivity}
12-11 11:09:35.173  1118  2808 I ActivityManager: START u0 {flg=0x10000000 cmp=com.archie.drone_tracker/com.unity3d.player.UnityPlayerActivity} from uid 2000
12-11 11:09:35.189  1118  1667 I ActivityManager: Start proc 14284:com.archie.drone_tracker/u0a155 for activity com.archie.drone_tracker/com.unity3d.player.UnityPlayerActivity
12-11 11:09:35.355 14284 14299 I chatty  : uid=10155(com.archie.drone_tracker) identical 14 lines
12-11 11:09:42.744  1118  2808 I ActivityManager: Killing 14284:com.archie.drone_tracker/u0a155 (adj 900): remove task
12-11 11:09:42.783  1118  1502 I WindowManager: WIN DEATH: Window{108074f u0 com.archie.drone_tracker/com.unity3d.player.UnityPlayerActivity}
12-11 11:11:11.094  1118  1598 I ActivityManager: START u0 {flg=0x10000000 cmp=com.archie.drone_tracker/.com.unity3d.player.UnityPlayerActivity (has extras)} from uid 2000
12-11 11:12:04.369  1118  1502 I ActivityManager: START u0 {flg=0x10000000 cmp=com.archie.drone_tracker/com.unity3d.player.UnityPlayerActivity (has extras)} from uid 2000
12-11 11:12:04.385  1118  1598 I ActivityManager: Start proc 14562:com.archie.drone_tracker/u0a155 for activity com.archie.drone_tracker/com.unity3d.player.UnityPlayerActivity
12-11 11:12:04.560 14562 14582 I chatty  : uid=10155(com.archie.drone_tracker) identical 14 lines
12-11 11:16:37.309  1118  1134 W ActivityManager: Activity pause timeout for ActivityRecord{6c0288c u0 com.archie.drone_tracker/com.unity3d.player.UnityPlayerActivity t19}
12-11 11:16:37.606  1118  2820 I ActivityManager: Killing 14562:com.archie.drone_tracker/u0a155 (adj 900): remove task
12-11 11:16:37.652  1118  1628 I WindowManager: WIN DEATH: Window{77256a7 u0 com.archie.drone_tracker/com.unity3d.player.UnityPlayerActivity}
12-11 11:16:53.436  1118  2809 I ActivityManager: START u0 {flg=0x10000000 cmp=com.archie.drone_tracker/com.unity3d.player.UnityPlayerActivity (has extras)} from uid 2000
12-11 11:16:53.462  1118  1406 I ActivityManager: Start proc 16448:com.archie.drone_tracker/u0a155 for activity com.archie.drone_tracker/com.unity3d.player.UnityPlayerActivity
12-11 11:16:53.626 16448 16468 I chatty  : uid=10155(com.archie.drone_tracker) identical 14 lines
12-11 11:17:53.982  1118  1628 I ActivityManager: Force stopping com.archie.drone_tracker appid=10155 user=0: from pid 16973
12-11 11:17:53.982  1118  1628 I ActivityManager: Killing 16448:com.archie.drone_tracker/u0a155 (adj 0): stop com.archie.drone_tracker
12-11 11:17:53.987  1118  1628 W ActivityManager: Force removing ActivityRecord{9419994 u0 com.archie.drone_tracker/com.unity3d.player.UnityPlayerActivity t20}: app died, no saved state
12-11 11:17:53.990  1118  1628 I WindowManager: Failed to capture screenshot of Token{a31ac3d ActivityRecord{9419994 u0 com.archie.drone_tracker/com.unity3d.player.UnityPlayerActivity t20 f}} appWin=Window{dc8bdcf u0 com.archie.drone_tracker/com.unity3d.player.UnityPlayerActivity} drawState=4
12-11 11:17:54.076  1118  1596 W ActivityManager: Invalid packageName: com.archie.drone_tracker
12-11 11:39:08.501  1118  1134 I ActivityManager: Force stopping com.archie.drone_tracker appid=10155 user=-1: installPackageLI
12-11 11:39:08.548  1118  1148 I PackageManager: Package com.archie.drone_tracker codePath changed from /data/app/com.archie.drone_tracker-cTJDXRwI3_CMEcg3IRvPEg== to /data/app/com.archie.drone_tracker-WbelSzrJF-gs9FKK4P--zA==; Retaining data and using new
12-11 11:39:08.548  1118  1148 W PackageManager: Code path for com.archie.drone_tracker changing from /data/app/com.archie.drone_tracker-cTJDXRwI3_CMEcg3IRvPEg== to /data/app/com.archie.drone_tracker-WbelSzrJF-gs9FKK4P--zA==
12-11 11:39:08.548  1118  1148 W PackageManager: Resource path for com.archie.drone_tracker changing from /data/app/com.archie.drone_tracker-cTJDXRwI3_CMEcg3IRvPEg== to /data/app/com.archie.drone_tracker-WbelSzrJF-gs9FKK4P--zA==
12-11 11:39:08.792  1118  1148 I ActivityManager: Force stopping com.archie.drone_tracker appid=10155 user=0: pkg removed
12-11 11:39:08.809  1118  1134 W BroadcastQueue: Background execution not allowed: receiving Intent { act=android.intent.action.PACKAGE_REMOVED dat=package:com.archie.drone_tracker flg=0x4000010 (has extras) } to com.android.musicfx/.Compatibility$Receiver
12-11 11:39:08.816  1118  1134 W BroadcastQueue: Background execution not allowed: receiving Intent { act=android.intent.action.PACKAGE_REMOVED dat=package:com.archie.drone_tracker flg=0x4000010 (has extras) } to com.android.vending/com.google.android.finsky.packagemanager.impl.PackageMonitorReceiverImpl$RegisteredReceiver
12-11 11:39:08.816  1118  1134 W BroadcastQueue: Background execution not allowed: receiving Intent { act=android.intent.action.PACKAGE_REMOVED dat=package:com.archie.drone_tracker flg=0x4000010 (has extras) } to com.android.vending/com.google.android.finsky.instantapps.appmanagement.InstantAppRemoveMonitor
12-11 11:39:08.816  1118  1134 W BroadcastQueue: Background execution not allowed: receiving Intent { act=android.intent.action.PACKAGE_REMOVED dat=package:com.archie.drone_tracker flg=0x4000010 (has extras) } to com.google.android.gms/.games.chimera.GamesSystemBroadcastReceiverProxy
12-11 11:39:08.817  1118  1134 W BroadcastQueue: Background execution not allowed: receiving Intent { act=android.intent.action.PACKAGE_REMOVED dat=package:com.archie.drone_tracker flg=0x4000010 (has extras) } to com.google.android.gms/.photos.autobackup.PhotosAppUninstalledReceiver
12-11 11:39:08.817  1118  1134 W BroadcastQueue: Background execution not allowed: receiving Intent { act=android.intent.action.PACKAGE_REMOVED dat=package:com.archie.drone_tracker flg=0x4000010 (has extras) } to com.google.android.gms/.chimera.GmsIntentOperationService$PersistentTrustedReceiver
12-11 11:39:08.817  1118  1134 W BroadcastQueue: Background execution not allowed: receiving Intent { act=android.intent.action.PACKAGE_REMOVED dat=package:com.archie.drone_tracker flg=0x4000010 (has extras) } to com.google.android.googlequicksearchbox/com.google.android.apps.gsa.googlequicksearchbox.GelStubAppWatcher
12-11 11:39:08.897  1118  1664 W BroadcastQueue: Background execution not allowed: receiving Intent { act=android.intent.action.PACKAGE_ADDED dat=package:com.archie.drone_tracker flg=0x4000010 (has extras) } to com.android.musicfx/.Compatibility$Receiver
12-11 11:39:08.897  1118  1134 W BroadcastQueue: Background execution not allowed: receiving Intent { act=android.intent.action.PACKAGE_ADDED dat=package:com.archie.drone_tracker flg=0x4000010 (has extras) } to com.android.vending/com.google.android.finsky.packagemanager.impl.PackageMonitorReceiverImpl$RegisteredReceiver
12-11 11:39:08.897  1118  1134 W BroadcastQueue: Background execution not allowed: receiving Intent { act=android.intent.action.PACKAGE_ADDED dat=package:com.archie.drone_tracker flg=0x4000010 (has extras) } to com.google.android.gms/.games.chimera.GamesSystemBroadcastReceiverProxy
12-11 11:39:08.897  1118  1134 W BroadcastQueue: Background execution not allowed: receiving Intent { act=android.intent.action.PACKAGE_ADDED dat=package:com.archie.drone_tracker flg=0x4000010 (has extras) } to com.google.android.gms/.gass.chimera.PackageChangeBroadcastReceiver
12-11 11:39:08.897  1118  1134 W BroadcastQueue: Background execution not allowed: receiving Intent { act=android.intent.action.PACKAGE_ADDED dat=package:com.archie.drone_tracker flg=0x4000010 (has extras) } to com.google.android.gms/.chimera.GmsIntentOperationService$PersistentTrustedReceiver
12-11 11:39:08.897  1118  1134 W BroadcastQueue: Background execution not allowed: receiving Intent { act=android.intent.action.PACKAGE_ADDED dat=package:com.archie.drone_tracker flg=0x4000010 (has extras) } to com.google.android.googlequicksearchbox/com.google.android.apps.gsa.googlequicksearchbox.GelStubAppWatcher
12-11 11:39:08.897  1118  1134 W BroadcastQueue: Background execution not allowed: receiving Intent { act=android.intent.action.PACKAGE_ADDED dat=package:com.archie.drone_tracker flg=0x4000010 (has extras) } to com.google.android.ims/.receivers.RcsAutoStartReceiver
12-11 11:39:08.912  1118  2810 W BroadcastQueue: Background execution not allowed: receiving Intent { act=android.intent.action.PACKAGE_REPLACED dat=package:com.archie.drone_tracker flg=0x4000010 (has extras) } to com.android.musicfx/.Compatibility$Receiver
12-11 11:39:08.912  1118  1134 W BroadcastQueue: Background execution not allowed: receiving Intent { act=android.intent.action.PACKAGE_REPLACED dat=package:com.archie.drone_tracker flg=0x4000010 (has extras) } to com.google.android.apps.photos/.account.full.FetchAccountPropertiesAppUpgradeBroadcastReceiver
12-11 11:39:08.912  1118  1134 W BroadcastQueue: Background execution not allowed: receiving Intent { act=android.intent.action.PACKAGE_REPLACED dat=package:com.archie.drone_tracker flg=0x4000010 (has extras) } to com.google.android.apps.photos/.account.full.SyncAccountsForLoginBroadcastReceiver
12-11 11:39:08.912  1118  1134 W BroadcastQueue: Background execution not allowed: receiving Intent { act=android.intent.action.PACKAGE_REPLACED dat=package:com.archie.drone_tracker flg=0x4000010 (has extras) } to com.google.android.apps.photos/.experiments.phenotype.full.PhenotypeAppUpgradeBroadcastReceiver
12-11 11:39:08.912  1118  1134 W BroadcastQueue: Background execution not allowed: receiving Intent { act=android.intent.action.PACKAGE_REPLACED dat=package:com.archie.drone_tracker flg=0x4000010 (has extras) } to com.google.android.apps.photos/.notificationchannels.AppUpdateBroadcastReceiver
12-11 11:39:08.912  1118  1134 W BroadcastQueue: Background execution not allowed: receiving Intent { act=android.intent.action.PACKAGE_REPLACED dat=package:com.archie.drone_tracker flg=0x4000010 (has extras) } to com.google.android.gms/.gass.chimera.PackageChangeBroadcastReceiver
12-11 11:39:08.913  1118  1134 W BroadcastQueue: Background execution not allowed: receiving Intent { act=android.intent.action.PACKAGE_REPLACED dat=package:com.archie.drone_tracker flg=0x4000010 (has extras) } to com.google.android.gms/.chimera.GmsIntentOperationService$PersistentTrustedReceiver
12-11 11:39:08.913  1118  1134 W BroadcastQueue: Background execution not allowed: receiving Intent { act=android.intent.action.PACKAGE_REPLACED dat=package:com.archie.drone_tracker flg=0x4000010 (has extras) } to com.google.android.googlequicksearchbox/com.google.android.apps.gsa.googlequicksearchbox.GelStubAppWatcher
12-11 11:39:08.913  1118  1134 W BroadcastQueue: Background execution not allowed: receiving Intent { act=android.intent.action.PACKAGE_REPLACED dat=package:com.archie.drone_tracker flg=0x4000010 (has extras) } to com.google.android.ims/.receivers.RcsAutoStartReceiver
12-11 11:39:09.574  1118  1628 I ActivityManager: START u0 {act=android.intent.action.MAIN cat=[android.intent.category.LAUNCHER] flg=0x10200000 cmp=com.archie.drone_tracker/com.unity3d.player.UnityPlayerActivity} from uid 2000
12-11 11:39:09.595  1118  1596 I ActivityManager: Start proc 17593:com.archie.drone_tracker/u0a155 for activity com.archie.drone_tracker/com.unity3d.player.UnityPlayerActivity
12-11 11:39:09.760 17593 17608 I chatty  : uid=10155(com.archie.drone_tracker) identical 14 lines
12-11 11:39:16.333  1118  1134 W ActivityManager: Activity pause timeout for ActivityRecord{7ae36b0 u0 com.archie.drone_tracker/com.unity3d.player.UnityPlayerActivity t21}
12-11 11:39:16.668  1118  1633 I ActivityManager: Killing 17593:com.archie.drone_tracker/u0a155 (adj 900): remove task
12-11 11:39:16.705  1118  1130 I WindowManager: WIN DEATH: Window{eee5e5b u0 com.archie.drone_tracker/com.unity3d.player.UnityPlayerActivity}
12-11 11:39:24.513  1118  2819 I ActivityManager: START u0 {flg=0x10000000 cmp=com.archie.drone_tracker/com.unity3d.player.UnityPlayerActivity (has extras)} from uid 2000
12-11 11:39:24.547  1118  2804 I ActivityManager: Start proc 17787:com.archie.drone_tracker/u0a155 for activity com.archie.drone_tracker/com.unity3d.player.UnityPlayerActivity
12-11 11:39:24.717 17787 17805 I chatty  : uid=10155(com.archie.drone_tracker) identical 14 lines
12-11 11:40:54.878  1118  1131 I ActivityManager: Force stopping com.archie.drone_tracker appid=10155 user=0: from pid 17962
12-11 11:40:54.878  1118  1131 I ActivityManager: Killing 17787:com.archie.drone_tracker/u0a155 (adj 0): stop com.archie.drone_tracker
12-11 11:40:54.883  1118  1131 W ActivityManager: Force removing ActivityRecord{dcf8e31 u0 com.archie.drone_tracker/com.unity3d.player.UnityPlayerActivity t22}: app died, no saved state
12-11 11:40:54.887  1118  1131 I WindowManager: Failed to capture screenshot of Token{998a916 ActivityRecord{dcf8e31 u0 com.archie.drone_tracker/com.unity3d.player.UnityPlayerActivity t22 f}} appWin=Window{4e29220 u0 com.archie.drone_tracker/com.unity3d.player.UnityPlayerActivity} drawState=4
12-11 11:40:54.979  1118  2814 W ActivityManager: Invalid packageName: com.archie.drone_tracker
12-11 11:40:55.100  1118  1664 I ActivityManager: START u0 {flg=0x10000000 cmp=com.archie.drone_tracker/com.unity3d.player.UnityPlayerActivity (has extras)} from uid 2000
12-11 11:40:55.117  1118  2815 I ActivityManager: Start proc 17991:com.archie.drone_tracker/u0a155 for activity com.archie.drone_tracker/com.unity3d.player.UnityPlayerActivity
12-11 11:40:55.307 17991 18014 I chatty  : uid=10155(com.archie.drone_tracker) identical 14 lines
12-11 11:41:55.529  1118  2808 I ActivityManager: Force stopping com.archie.drone_tracker appid=10155 user=0: from pid 18538
12-11 11:41:55.530  1118  2808 I ActivityManager: Killing 17991:com.archie.drone_tracker/u0a155 (adj 0): stop com.archie.drone_tracker
12-11 11:41:55.533  1118  2808 W ActivityManager: Force removing ActivityRecord{58c07d4 u0 com.archie.drone_tracker/com.unity3d.player.UnityPlayerActivity t23}: app died, no saved state
12-11 11:41:55.536  1118  2808 I WindowManager: Failed to capture screenshot of Token{8fa1d7d ActivityRecord{58c07d4 u0 com.archie.drone_tracker/com.unity3d.player.UnityPlayerActivity t23 f}} appWin=Window{91495fc u0 com.archie.drone_tracker/com.unity3d.player.UnityPlayerActivity} drawState=4
12-11 11:41:55.644  1118  1667 W ActivityManager: Invalid packageName: com.archie.drone_tracker
12-11 11:43:44.856  1118  1134 I ActivityManager: Force stopping com.archie.drone_tracker appid=10155 user=-1: installPackageLI
12-11 11:43:44.927  1118  1148 I PackageManager: Package com.archie.drone_tracker codePath changed from /data/app/com.archie.drone_tracker-WbelSzrJF-gs9FKK4P--zA== to /data/app/com.archie.drone_tracker-rgLcO8pbQWipLjCoP7Tf8A==; Retaining data and using new
12-11 11:43:44.927  1118  1148 W PackageManager: Code path for com.archie.drone_tracker changing from /data/app/com.archie.drone_tracker-WbelSzrJF-gs9FKK4P--zA== to /data/app/com.archie.drone_tracker-rgLcO8pbQWipLjCoP7Tf8A==
12-11 11:43:44.927  1118  1148 W PackageManager: Resource path for com.archie.drone_tracker changing from /data/app/com.archie.drone_tracker-WbelSzrJF-gs9FKK4P--zA== to /data/app/com.archie.drone_tracker-rgLcO8pbQWipLjCoP7Tf8A==
12-11 11:43:45.190  1118  1148 I ActivityManager: Force stopping com.archie.drone_tracker appid=10155 user=0: pkg removed
12-11 11:43:45.221  1118  1134 W BroadcastQueue: Background execution not allowed: receiving Intent { act=android.intent.action.PACKAGE_REMOVED dat=package:com.archie.drone_tracker flg=0x4000010 (has extras) } to com.android.musicfx/.Compatibility$Receiver
12-11 11:43:45.222  1118  1134 W BroadcastQueue: Background execution not allowed: receiving Intent { act=android.intent.action.PACKAGE_REMOVED dat=package:com.archie.drone_tracker flg=0x4000010 (has extras) } to com.android.vending/com.google.android.finsky.packagemanager.impl.PackageMonitorReceiverImpl$RegisteredReceiver
12-11 11:43:45.230  1118  1134 W BroadcastQueue: Background execution not allowed: receiving Intent { act=android.intent.action.PACKAGE_REMOVED dat=package:com.archie.drone_tracker flg=0x4000010 (has extras) } to com.android.vending/com.google.android.finsky.instantapps.appmanagement.InstantAppRemoveMonitor
12-11 11:43:45.230  1118  1134 W BroadcastQueue: Background execution not allowed: receiving Intent { act=android.intent.action.PACKAGE_REMOVED dat=package:com.archie.drone_tracker flg=0x4000010 (has extras) } to com.google.android.gms/.games.chimera.GamesSystemBroadcastReceiverProxy
12-11 11:43:45.230  1118  1134 W BroadcastQueue: Background execution not allowed: receiving Intent { act=android.intent.action.PACKAGE_REMOVED dat=package:com.archie.drone_tracker flg=0x4000010 (has extras) } to com.google.android.gms/.photos.autobackup.PhotosAppUninstalledReceiver
12-11 11:43:45.230  1118  1134 W BroadcastQueue: Background execution not allowed: receiving Intent { act=android.intent.action.PACKAGE_REMOVED dat=package:com.archie.drone_tracker flg=0x4000010 (has extras) } to com.google.android.gms/.chimera.GmsIntentOperationService$PersistentTrustedReceiver
12-11 11:43:45.230  1118  1134 W BroadcastQueue: Background execution not allowed: receiving Intent { act=android.intent.action.PACKAGE_REMOVED dat=package:com.archie.drone_tracker flg=0x4000010 (has extras) } to com.google.android.googlequicksearchbox/com.google.android.apps.gsa.googlequicksearchbox.GelStubAppWatcher
12-11 11:43:45.259  1118  1667 W BroadcastQueue: Background execution not allowed: receiving Intent { act=android.intent.action.PACKAGE_ADDED dat=package:com.archie.drone_tracker flg=0x4000010 (has extras) } to com.android.musicfx/.Compatibility$Receiver
12-11 11:43:45.259  1118  1134 W BroadcastQueue: Background execution not allowed: receiving Intent { act=android.intent.action.PACKAGE_ADDED dat=package:com.archie.drone_tracker flg=0x4000010 (has extras) } to com.android.vending/com.google.android.finsky.packagemanager.impl.PackageMonitorReceiverImpl$RegisteredReceiver
12-11 11:43:45.260  1118  1134 W BroadcastQueue: Background execution not allowed: receiving Intent { act=android.intent.action.PACKAGE_ADDED dat=package:com.archie.drone_tracker flg=0x4000010 (has extras) } to com.google.android.gms/.games.chimera.GamesSystemBroadcastReceiverProxy
12-11 11:43:45.260  1118  1134 W BroadcastQueue: Background execution not allowed: receiving Intent { act=android.intent.action.PACKAGE_ADDED dat=package:com.archie.drone_tracker flg=0x4000010 (has extras) } to com.google.android.gms/.gass.chimera.PackageChangeBroadcastReceiver
12-11 11:43:45.260  1118  1134 W BroadcastQueue: Background execution not allowed: receiving Intent { act=android.intent.action.PACKAGE_ADDED dat=package:com.archie.drone_tracker flg=0x4000010 (has extras) } to com.google.android.gms/.chimera.GmsIntentOperationService$PersistentTrustedReceiver
12-11 11:43:45.260  1118  1134 W BroadcastQueue: Background execution not allowed: receiving Intent { act=android.intent.action.PACKAGE_ADDED dat=package:com.archie.drone_tracker flg=0x4000010 (has extras) } to com.google.android.googlequicksearchbox/com.google.android.apps.gsa.googlequicksearchbox.GelStubAppWatcher
12-11 11:43:45.260  1118  1134 W BroadcastQueue: Background execution not allowed: receiving Intent { act=android.intent.action.PACKAGE_ADDED dat=package:com.archie.drone_tracker flg=0x4000010 (has extras) } to com.google.android.ims/.receivers.RcsAutoStartReceiver
12-11 11:43:45.270  1118  1667 W BroadcastQueue: Background execution not allowed: receiving Intent { act=android.intent.action.PACKAGE_REPLACED dat=package:com.archie.drone_tracker flg=0x4000010 (has extras) } to com.android.musicfx/.Compatibility$Receiver
12-11 11:43:45.270  1118  1134 W BroadcastQueue: Background execution not allowed: receiving Intent { act=android.intent.action.PACKAGE_REPLACED dat=package:com.archie.drone_tracker flg=0x4000010 (has extras) } to com.google.android.apps.photos/.account.full.FetchAccountPropertiesAppUpgradeBroadcastReceiver
12-11 11:43:45.270  1118  1134 W BroadcastQueue: Background execution not allowed: receiving Intent { act=android.intent.action.PACKAGE_REPLACED dat=package:com.archie.drone_tracker flg=0x4000010 (has extras) } to com.google.android.apps.photos/.account.full.SyncAccountsForLoginBroadcastReceiver
12-11 11:43:45.270  1118  1134 W BroadcastQueue: Background execution not allowed: receiving Intent { act=android.intent.action.PACKAGE_REPLACED dat=package:com.archie.drone_tracker flg=0x4000010 (has extras) } to com.google.android.apps.photos/.experiments.phenotype.full.PhenotypeAppUpgradeBroadcastReceiver
12-11 11:43:45.270  1118  1134 W BroadcastQueue: Background execution not allowed: receiving Intent { act=android.intent.action.PACKAGE_REPLACED dat=package:com.archie.drone_tracker flg=0x4000010 (has extras) } to com.google.android.apps.photos/.notificationchannels.AppUpdateBroadcastReceiver
12-11 11:43:45.270  1118  1134 W BroadcastQueue: Background execution not allowed: receiving Intent { act=android.intent.action.PACKAGE_REPLACED dat=package:com.archie.drone_tracker flg=0x4000010 (has extras) } to com.google.android.gms/.gass.chimera.PackageChangeBroadcastReceiver
12-11 11:43:45.270  1118  1134 W BroadcastQueue: Background execution not allowed: receiving Intent { act=android.intent.action.PACKAGE_REPLACED dat=package:com.archie.drone_tracker flg=0x4000010 (has extras) } to com.google.android.gms/.chimera.GmsIntentOperationService$PersistentTrustedReceiver
12-11 11:43:45.270  1118  1134 W BroadcastQueue: Background execution not allowed: receiving Intent { act=android.intent.action.PACKAGE_REPLACED dat=package:com.archie.drone_tracker flg=0x4000010 (has extras) } to com.google.android.googlequicksearchbox/com.google.android.apps.gsa.googlequicksearchbox.GelStubAppWatcher
12-11 11:43:45.270  1118  1134 W BroadcastQueue: Background execution not allowed: receiving Intent { act=android.intent.action.PACKAGE_REPLACED dat=package:com.archie.drone_tracker flg=0x4000010 (has extras) } to com.google.android.ims/.receivers.RcsAutoStartReceiver
12-11 11:43:46.044  1118  2815 I ActivityManager: START u0 {act=android.intent.action.MAIN cat=[android.intent.category.LAUNCHER] flg=0x10200000 cmp=com.archie.drone_tracker/com.unity3d.player.UnityPlayerActivity} from uid 2000
12-11 11:43:46.070  1118  2808 I ActivityManager: Start proc 18661:com.archie.drone_tracker/u0a155 for activity com.archie.drone_tracker/com.unity3d.player.UnityPlayerActivity
12-11 11:43:46.240 18661 18676 I chatty  : uid=10155(com.archie.drone_tracker) identical 14 lines
12-11 11:44:09.427  1118  2811 I ActivityManager: Killing 18661:com.archie.drone_tracker/u0a155 (adj 900): remove task
12-11 11:44:09.481  1118  2808 I WindowManager: WIN DEATH: Window{514e1c u0 com.archie.drone_tracker/com.unity3d.player.UnityPlayerActivity}
12-11 11:44:18.328  1118  2808 I ActivityManager: START u0 {flg=0x10000000 cmp=com.archie.drone_tracker/com.unity3d.player.UnityPlayerActivity (has extras)} from uid 2000
12-11 11:44:18.347  1118  1595 I ActivityManager: Start proc 18866:com.archie.drone_tracker/u0a155 for activity com.archie.drone_tracker/com.unity3d.player.UnityPlayerActivity
12-11 11:44:18.524 18866 18881 I chatty  : uid=10155(com.archie.drone_tracker) identical 14 lines
12-11 11:45:37.337  1118  1406 I WindowManager: Failed to capture screenshot of Token{a0b8a6 ActivityRecord{956e201 u0 com.archie.drone_tracker/com.unity3d.player.UnityPlayerActivity t25}} appWin=Window{ff68930 u0 com.archie.drone_tracker/com.unity3d.player.UnityPlayerActivity} drawState=4
12-11 11:45:37.787  1118  1134 W ActivityManager: Activity pause timeout for ActivityRecord{956e201 u0 com.archie.drone_tracker/com.unity3d.player.UnityPlayerActivity t25}
12-11 11:45:38.217  1118  1667 I ActivityManager: Killing 18866:com.archie.drone_tracker/u0a155 (adj 900): remove task
12-11 11:45:38.257  1118  1406 I WindowManager: WIN DEATH: Window{ff68930 u0 com.archie.drone_tracker/com.unity3d.player.UnityPlayerActivity}
12-11 11:54:09.184  1118  1134 I ActivityManager: Force stopping com.archie.drone_tracker appid=10155 user=-1: installPackageLI
12-11 11:54:09.297  1118  1148 I PackageManager: Package com.archie.drone_tracker codePath changed from /data/app/com.archie.drone_tracker-rgLcO8pbQWipLjCoP7Tf8A== to /data/app/com.archie.drone_tracker-KNRjzthWDIHyMdhGw9om0Q==; Retaining data and using new
12-11 11:54:09.297  1118  1148 W PackageManager: Code path for com.archie.drone_tracker changing from /data/app/com.archie.drone_tracker-rgLcO8pbQWipLjCoP7Tf8A== to /data/app/com.archie.drone_tracker-KNRjzthWDIHyMdhGw9om0Q==
12-11 11:54:09.297  1118  1148 W PackageManager: Resource path for com.archie.drone_tracker changing from /data/app/com.archie.drone_tracker-rgLcO8pbQWipLjCoP7Tf8A== to /data/app/com.archie.drone_tracker-KNRjzthWDIHyMdhGw9om0Q==
12-11 11:54:09.713  1118  1148 I ActivityManager: Force stopping com.archie.drone_tracker appid=10155 user=0: pkg removed
12-11 11:54:09.720  1118  1134 W BroadcastQueue: Background execution not allowed: receiving Intent { act=android.intent.action.PACKAGE_REMOVED dat=package:com.archie.drone_tracker flg=0x4000010 (has extras) } to com.android.musicfx/.Compatibility$Receiver
12-11 11:54:09.720  1118  1134 W BroadcastQueue: Background execution not allowed: receiving Intent { act=android.intent.action.PACKAGE_REMOVED dat=package:com.archie.drone_tracker flg=0x4000010 (has extras) } to com.android.vending/com.google.android.finsky.packagemanager.impl.PackageMonitorReceiverImpl$RegisteredReceiver
12-11 11:54:09.720  1118  1134 W BroadcastQueue: Background execution not allowed: receiving Intent { act=android.intent.action.PACKAGE_REMOVED dat=package:com.archie.drone_tracker flg=0x4000010 (has extras) } to com.android.vending/com.google.android.finsky.instantapps.appmanagement.InstantAppRemoveMonitor
12-11 11:54:09.721  1118  1134 W BroadcastQueue: Background execution not allowed: receiving Intent { act=android.intent.action.PACKAGE_REMOVED dat=package:com.archie.drone_tracker flg=0x4000010 (has extras) } to com.google.android.gms/.games.chimera.GamesSystemBroadcastReceiverProxy
12-11 11:54:09.721  1118  1134 W BroadcastQueue: Background execution not allowed: receiving Intent { act=android.intent.action.PACKAGE_REMOVED dat=package:com.archie.drone_tracker flg=0x4000010 (has extras) } to com.google.android.gms/.photos.autobackup.PhotosAppUninstalledReceiver
12-11 11:54:09.722  1118  1134 W BroadcastQueue: Background execution not allowed: receiving Intent { act=android.intent.action.PACKAGE_REMOVED dat=package:com.archie.drone_tracker flg=0x4000010 (has extras) } to com.google.android.gms/.chimera.GmsIntentOperationService$PersistentTrustedReceiver
12-11 11:54:09.722  1118  1134 W BroadcastQueue: Background execution not allowed: receiving Intent { act=android.intent.action.PACKAGE_REMOVED dat=package:com.archie.drone_tracker flg=0x4000010 (has extras) } to com.google.android.googlequicksearchbox/com.google.android.apps.gsa.googlequicksearchbox.GelStubAppWatcher
12-11 11:54:09.757  1118  2814 W BroadcastQueue: Background execution not allowed: receiving Intent { act=android.intent.action.PACKAGE_ADDED dat=package:com.archie.drone_tracker flg=0x4000010 (has extras) } to com.android.musicfx/.Compatibility$Receiver
12-11 11:54:09.757  1118  1134 W BroadcastQueue: Background execution not allowed: receiving Intent { act=android.intent.action.PACKAGE_ADDED dat=package:com.archie.drone_tracker flg=0x4000010 (has extras) } to com.android.vending/com.google.android.finsky.packagemanager.impl.PackageMonitorReceiverImpl$RegisteredReceiver
12-11 11:54:09.757  1118  1134 W BroadcastQueue: Background execution not allowed: receiving Intent { act=android.intent.action.PACKAGE_ADDED dat=package:com.archie.drone_tracker flg=0x4000010 (has extras) } to com.google.android.gms/.games.chimera.GamesSystemBroadcastReceiverProxy
12-11 11:54:09.757  1118  1134 W BroadcastQueue: Background execution not allowed: receiving Intent { act=android.intent.action.PACKAGE_ADDED dat=package:com.archie.drone_tracker flg=0x4000010 (has extras) } to com.google.android.gms/.gass.chimera.PackageChangeBroadcastReceiver
12-11 11:54:09.757  1118  1134 W BroadcastQueue: Background execution not allowed: receiving Intent { act=android.intent.action.PACKAGE_ADDED dat=package:com.archie.drone_tracker flg=0x4000010 (has extras) } to com.google.android.gms/.chimera.GmsIntentOperationService$PersistentTrustedReceiver
12-11 11:54:09.758  1118  1134 W BroadcastQueue: Background execution not allowed: receiving Intent { act=android.intent.action.PACKAGE_ADDED dat=package:com.archie.drone_tracker flg=0x4000010 (has extras) } to com.google.android.googlequicksearchbox/com.google.android.apps.gsa.googlequicksearchbox.GelStubAppWatcher
12-11 11:54:09.758  1118  1134 W BroadcastQueue: Background execution not allowed: receiving Intent { act=android.intent.action.PACKAGE_ADDED dat=package:com.archie.drone_tracker flg=0x4000010 (has extras) } to com.google.android.ims/.receivers.RcsAutoStartReceiver
12-11 11:54:09.774  1118  1598 W BroadcastQueue: Background execution not allowed: receiving Intent { act=android.intent.action.PACKAGE_REPLACED dat=package:com.archie.drone_tracker flg=0x4000010 (has extras) } to com.android.musicfx/.Compatibility$Receiver
12-11 11:54:09.774  1118  1134 W BroadcastQueue: Background execution not allowed: receiving Intent { act=android.intent.action.PACKAGE_REPLACED dat=package:com.archie.drone_tracker flg=0x4000010 (has extras) } to com.google.android.apps.photos/.account.full.FetchAccountPropertiesAppUpgradeBroadcastReceiver
12-11 11:54:09.774  1118  1134 W BroadcastQueue: Background execution not allowed: receiving Intent { act=android.intent.action.PACKAGE_REPLACED dat=package:com.archie.drone_tracker flg=0x4000010 (has extras) } to com.google.android.apps.photos/.account.full.SyncAccountsForLoginBroadcastReceiver
12-11 11:54:09.774  1118  1134 W BroadcastQueue: Background execution not allowed: receiving Intent { act=android.intent.action.PACKAGE_REPLACED dat=package:com.archie.drone_tracker flg=0x4000010 (has extras) } to com.google.android.apps.photos/.experiments.phenotype.full.PhenotypeAppUpgradeBroadcastReceiver
12-11 11:54:09.774  1118  1134 W BroadcastQueue: Background execution not allowed: receiving Intent { act=android.intent.action.PACKAGE_REPLACED dat=package:com.archie.drone_tracker flg=0x4000010 (has extras) } to com.google.android.apps.photos/.notificationchannels.AppUpdateBroadcastReceiver
12-11 11:54:09.774  1118  1134 W BroadcastQueue: Background execution not allowed: receiving Intent { act=android.intent.action.PACKAGE_REPLACED dat=package:com.archie.drone_tracker flg=0x4000010 (has extras) } to com.google.android.gms/.gass.chimera.PackageChangeBroadcastReceiver
12-11 11:54:09.774  1118  1134 W BroadcastQueue: Background execution not allowed: receiving Intent { act=android.intent.action.PACKAGE_REPLACED dat=package:com.archie.drone_tracker flg=0x4000010 (has extras) } to com.google.android.gms/.chimera.GmsIntentOperationService$PersistentTrustedReceiver
12-11 11:54:09.774  1118  1134 W BroadcastQueue: Background execution not allowed: receiving Intent { act=android.intent.action.PACKAGE_REPLACED dat=package:com.archie.drone_tracker flg=0x4000010 (has extras) } to com.google.android.googlequicksearchbox/com.google.android.apps.gsa.googlequicksearchbox.GelStubAppWatcher
12-11 11:54:09.774  1118  1134 W BroadcastQueue: Background execution not allowed: receiving Intent { act=android.intent.action.PACKAGE_REPLACED dat=package:com.archie.drone_tracker flg=0x4000010 (has extras) } to com.google.android.ims/.receivers.RcsAutoStartReceiver
12-11 11:54:10.540  1118  1406 I ActivityManager: START u0 {act=android.intent.action.MAIN cat=[android.intent.category.LAUNCHER] flg=0x10200000 cmp=com.archie.drone_tracker/com.unity3d.player.UnityPlayerActivity} from uid 2000
12-11 11:54:10.562  1118  1667 I ActivityManager: Start proc 19452:com.archie.drone_tracker/u0a155 for activity com.archie.drone_tracker/com.unity3d.player.UnityPlayerActivity
12-11 11:54:10.730 19452 19468 I chatty  : uid=10155(com.archie.drone_tracker) identical 14 lines
12-11 11:54:29.915  1118  1134 W ActivityManager: Activity pause timeout for ActivityRecord{6930be4 u0 com.archie.drone_tracker/com.unity3d.player.UnityPlayerActivity t28}
12-11 11:54:30.778  1118  1628 I ActivityManager: Killing 19452:com.archie.drone_tracker/u0a155 (adj 900): remove task
12-11 11:54:30.829  1118  2819 I WindowManager: WIN DEATH: Window{3f79875 u0 com.archie.drone_tracker/com.unity3d.player.UnityPlayerActivity}
12-11 11:54:36.643  1118  1598 I ActivityManager: START u0 {flg=0x10000000 cmp=com.archie.drone_tracker/com.unity3d.player.UnityPlayerActivity (has extras)} from uid 2000
12-11 11:54:36.664  1118 18820 I ActivityManager: Start proc 19660:com.archie.drone_tracker/u0a155 for activity com.archie.drone_tracker/com.unity3d.player.UnityPlayerActivity
12-11 11:54:36.834 19660 19675 I chatty  : uid=10155(com.archie.drone_tracker) identical 14 lines
12-11 11:58:56.028  1118  1667 I ActivityManager: Killing 19660:com.archie.drone_tracker/u0a155 (adj 900): remove task
12-11 11:58:56.076  1118  1633 I WindowManager: WIN DEATH: Window{2e398f2 u0 com.archie.drone_tracker/com.unity3d.player.UnityPlayerActivity}
--------- beginning of main
12-11 12:05:47.588 20355 20355 I dex2oat : /system/bin/dex2oat --input-vdex-fd=-1 --output-vdex-fd=18 --compiler-filter=quicken --classpath-dir=/data/app/com.archie.drone_tracker-7mJwnyKDUyrYf5kSih3-Hw== --class-loader-context=PCL[]
12-11 12:05:47.839  1118  1134 I ActivityManager: Force stopping com.archie.drone_tracker appid=10155 user=-1: installPackageLI
12-11 12:05:47.950  1118  1148 I PackageManager: Package com.archie.drone_tracker codePath changed from /data/app/com.archie.drone_tracker-KNRjzthWDIHyMdhGw9om0Q== to /data/app/com.archie.drone_tracker-7mJwnyKDUyrYf5kSih3-Hw==; Retaining data and using new
12-11 12:05:47.950  1118  1148 W PackageManager: Code path for com.archie.drone_tracker changing from /data/app/com.archie.drone_tracker-KNRjzthWDIHyMdhGw9om0Q== to /data/app/com.archie.drone_tracker-7mJwnyKDUyrYf5kSih3-Hw==
12-11 12:05:47.950  1118  1148 W PackageManager: Resource path for com.archie.drone_tracker changing from /data/app/com.archie.drone_tracker-KNRjzthWDIHyMdhGw9om0Q== to /data/app/com.archie.drone_tracker-7mJwnyKDUyrYf5kSih3-Hw==
12-11 12:05:48.375  1118  1148 I ActivityManager: Force stopping com.archie.drone_tracker appid=10155 user=0: pkg removed
12-11 12:05:48.388  1374  1374 D BluetoothMapAppObserver: The removed package is: com.archie.drone_tracker
12-11 12:05:48.389  1118  1134 W BroadcastQueue: Background execution not allowed: receiving Intent { act=android.intent.action.PACKAGE_REMOVED dat=package:com.archie.drone_tracker flg=0x4000010 (has extras) } to com.android.musicfx/.Compatibility$Receiver
12-11 12:05:48.389  1118  1134 W BroadcastQueue: Background execution not allowed: receiving Intent { act=android.intent.action.PACKAGE_REMOVED dat=package:com.archie.drone_tracker flg=0x4000010 (has extras) } to com.android.vending/com.google.android.finsky.packagemanager.impl.PackageMonitorReceiverImpl$RegisteredReceiver
12-11 12:05:48.397  1374  1374 D Avrcp   : AvrcpServiceBroadcastReceiver-> packageName: com.archie.drone_tracker
12-11 12:05:48.397  1374  1374 D Avrcp   : packageName: com.archie.drone_tracker removed: false
12-11 12:05:48.412  1118  1134 W BroadcastQueue: Background execution not allowed: receiving Intent { act=android.intent.action.PACKAGE_REMOVED dat=package:com.archie.drone_tracker flg=0x4000010 (has extras) } to com.android.vending/com.google.android.finsky.instantapps.appmanagement.InstantAppRemoveMonitor
12-11 12:05:48.412  1118  1134 W BroadcastQueue: Background execution not allowed: receiving Intent { act=android.intent.action.PACKAGE_REMOVED dat=package:com.archie.drone_tracker flg=0x4000010 (has extras) } to com.google.android.gms/.games.chimera.GamesSystemBroadcastReceiverProxy
12-11 12:05:48.412  1118  1134 W BroadcastQueue: Background execution not allowed: receiving Intent { act=android.intent.action.PACKAGE_REMOVED dat=package:com.archie.drone_tracker flg=0x4000010 (has extras) } to com.google.android.gms/.photos.autobackup.PhotosAppUninstalledReceiver
12-11 12:05:48.412  1118  1134 W BroadcastQueue: Background execution not allowed: receiving Intent { act=android.intent.action.PACKAGE_REMOVED dat=package:com.archie.drone_tracker flg=0x4000010 (has extras) } to com.google.android.gms/.chimera.GmsIntentOperationService$PersistentTrustedReceiver
