--------- beginning of system
12-11 10:33:18.584  1118  1134 I ActivityManager: Force stopping com.archie.drone_tracker appid=10155 user=-1: installPackageLI
12-11 10:33:18.629  1118  1148 I PackageManager: Package com.archie.drone_tracker codePath changed from /data/app/com.archie.drone_tracker-cDmvRI6xhr1ByJqdzm0y3Q== to /data/app/com.archie.drone_tracker-lVvqAsxVCvFdzw1JYBIXyw==; Retaining data and using new
12-11 10:33:18.629  1118  1148 W PackageManager: Code path for com.archie.drone_tracker changing from /data/app/com.archie.drone_tracker-cDmvRI6xhr1ByJqdzm0y3Q== to /data/app/com.archie.drone_tracker-lVvqAsxVCvFdzw1JYBIXyw==
12-11 10:33:18.629  1118  1148 W PackageManager: Resource path for com.archie.drone_tracker changing from /data/app/com.archie.drone_tracker-cDmvRI6xhr1ByJqdzm0y3Q== to /data/app/com.archie.drone_tracker-lVvqAsxVCvFdzw1JYBIXyw==
12-11 10:33:18.794  1118  1148 I ActivityManager: Force stopping com.archie.drone_tracker appid=10155 user=0: pkg removed
12-11 10:33:18.812  1118  1134 W BroadcastQueue: Background execution not allowed: receiving Intent { act=android.intent.action.PACKAGE_REMOVED dat=package:com.archie.drone_tracker flg=0x4000010 (has extras) } to com.android.musicfx/.Compatibility$Receiver
12-11 10:33:18.812  1118  1134 W BroadcastQueue: Background execution not allowed: receiving Intent { act=android.intent.action.PACKAGE_REMOVED dat=package:com.archie.drone_tracker flg=0x4000010 (has extras) } to com.android.vending/com.google.android.finsky.packagemanager.impl.PackageMonitorReceiverImpl$RegisteredReceiver
12-11 10:33:18.818  1118  1134 W BroadcastQueue: Background execution not allowed: receiving Intent { act=android.intent.action.PACKAGE_REMOVED dat=package:com.archie.drone_tracker flg=0x4000010 (has extras) } to com.android.vending/com.google.android.finsky.instantapps.appmanagement.InstantAppRemoveMonitor
12-11 10:33:18.818  1118  1134 W BroadcastQueue: Background execution not allowed: receiving Intent { act=android.intent.action.PACKAGE_REMOVED dat=package:com.archie.drone_tracker flg=0x4000010 (has extras) } to com.google.android.gms/.games.chimera.GamesSystemBroadcastReceiverProxy
12-11 10:33:18.818  1118  1134 W BroadcastQueue: Background execution not allowed: receiving Intent { act=android.intent.action.PACKAGE_REMOVED dat=package:com.archie.drone_tracker flg=0x4000010 (has extras) } to com.google.android.gms/.photos.autobackup.PhotosAppUninstalledReceiver
12-11 10:33:18.822  1118  1134 W BroadcastQueue: Background execution not allowed: receiving Intent { act=android.intent.action.PACKAGE_REMOVED dat=package:com.archie.drone_tracker flg=0x4000010 (has extras) } to com.google.android.gms/.chimera.GmsIntentOperationService$PersistentTrustedReceiver
12-11 10:33:18.822  1118  1134 W BroadcastQueue: Background execution not allowed: receiving Intent { act=android.intent.action.PACKAGE_REMOVED dat=package:com.archie.drone_tracker flg=0x4000010 (has extras) } to com.google.android.googlequicksearchbox/com.google.android.apps.gsa.googlequicksearchbox.GelStubAppWatcher
12-11 10:33:18.847  1118  2811 W BroadcastQueue: Background execution not allowed: receiving Intent { act=android.intent.action.PACKAGE_ADDED dat=package:com.archie.drone_tracker flg=0x4000010 (has extras) } to com.android.musicfx/.Compatibility$Receiver
12-11 10:33:18.848  1118  1134 W BroadcastQueue: Background execution not allowed: receiving Intent { act=android.intent.action.PACKAGE_ADDED dat=package:com.archie.drone_tracker flg=0x4000010 (has extras) } to com.android.vending/com.google.android.finsky.packagemanager.impl.PackageMonitorReceiverImpl$RegisteredReceiver
12-11 10:33:18.848  1118  1134 W BroadcastQueue: Background execution not allowed: receiving Intent { act=android.intent.action.PACKAGE_ADDED dat=package:com.archie.drone_tracker flg=0x4000010 (has extras) } to com.google.android.gms/.games.chimera.GamesSystemBroadcastReceiverProxy
12-11 10:33:18.848  1118  1134 W BroadcastQueue: Background execution not allowed: receiving Intent { act=android.intent.action.PACKAGE_ADDED dat=package:com.archie.drone_tracker flg=0x4000010 (has extras) } to com.google.android.gms/.gass.chimera.PackageChangeBroadcastReceiver
12-11 10:33:18.848  1118  1134 W BroadcastQueue: Background execution not allowed: receiving Intent { act=android.intent.action.PACKAGE_ADDED dat=package:com.archie.drone_tracker flg=0x4000010 (has extras) } to com.google.android.gms/.chimera.GmsIntentOperationService$PersistentTrustedReceiver
12-11 10:33:18.848  1118  1134 W BroadcastQueue: Background execution not allowed: receiving Intent { act=android.intent.action.PACKAGE_ADDED dat=package:com.archie.drone_tracker flg=0x4000010 (has extras) } to com.google.android.googlequicksearchbox/com.google.android.apps.gsa.googlequicksearchbox.GelStubAppWatcher
12-11 10:33:18.848  1118  1134 W BroadcastQueue: Background execution not allowed: receiving Intent { act=android.intent.action.PACKAGE_ADDED dat=package:com.archie.drone_tracker flg=0x4000010 (has extras) } to com.google.android.ims/.receivers.RcsAutoStartReceiver
12-11 10:33:18.861  1118  1131 W BroadcastQueue: Background execution not allowed: receiving Intent { act=android.intent.action.PACKAGE_REPLACED dat=package:com.archie.drone_tracker flg=0x4000010 (has extras) } to com.android.musicfx/.Compatibility$Receiver
12-11 10:33:18.861  1118  1134 W BroadcastQueue: Background execution not allowed: receiving Intent { act=android.intent.action.PACKAGE_REPLACED dat=package:com.archie.drone_tracker flg=0x4000010 (has extras) } to com.google.android.apps.photos/.account.full.FetchAccountPropertiesAppUpgradeBroadcastReceiver
12-11 10:33:18.861  1118  1134 W BroadcastQueue: Background execution not allowed: receiving Intent { act=android.intent.action.PACKAGE_REPLACED dat=package:com.archie.drone_tracker flg=0x4000010 (has extras) } to com.google.android.apps.photos/.account.full.SyncAccountsForLoginBroadcastReceiver
12-11 10:33:18.861  1118  1134 W BroadcastQueue: Background execution not allowed: receiving Intent { act=android.intent.action.PACKAGE_REPLACED dat=package:com.archie.drone_tracker flg=0x4000010 (has extras) } to com.google.android.apps.photos/.experiments.phenotype.full.PhenotypeAppUpgradeBroadcastReceiver
12-11 10:33:18.862  1118  1134 W BroadcastQueue: Background execution not allowed: receiving Intent { act=android.intent.action.PACKAGE_REPLACED dat=package:com.archie.drone_tracker flg=0x4000010 (has extras) } to com.google.android.apps.photos/.notificationchannels.AppUpdateBroadcastReceiver
12-11 10:33:18.862  1118  1134 W BroadcastQueue: Background execution not allowed: receiving Intent { act=android.intent.action.PACKAGE_REPLACED dat=package:com.archie.drone_tracker flg=0x4000010 (has extras) } to com.google.android.gms/.gass.chimera.PackageChangeBroadcastReceiver
12-11 10:33:18.862  1118  1134 W BroadcastQueue: Background execution not allowed: receiving Intent { act=android.intent.action.PACKAGE_REPLACED dat=package:com.archie.drone_tracker flg=0x4000010 (has extras) } to com.google.android.gms/.chimera.GmsIntentOperationService$PersistentTrustedReceiver
12-11 10:33:18.862  1118  1134 W BroadcastQueue: Background execution not allowed: receiving Intent { act=android.intent.action.PACKAGE_REPLACED dat=package:com.archie.drone_tracker flg=0x4000010 (has extras) } to com.google.android.googlequicksearchbox/com.google.android.apps.gsa.googlequicksearchbox.GelStubAppWatcher
12-11 10:33:18.862  1118  1134 W BroadcastQueue: Background execution not allowed: receiving Intent { act=android.intent.action.PACKAGE_REPLACED dat=package:com.archie.drone_tracker flg=0x4000010 (has extras) } to com.google.android.ims/.receivers.RcsAutoStartReceiver
12-11 10:33:19.534  1118  1634 I ActivityManager: START u0 {act=android.intent.action.MAIN cat=[android.intent.category.LAUNCHER] flg=0x10200000 cmp=com.archie.drone_tracker/com.unity3d.player.UnityPlayerActivity} from uid 2000
12-11 10:33:19.558  1118  1664 I ActivityManager: Start proc 10163:com.archie.drone_tracker/u0a155 for activity com.archie.drone_tracker/com.unity3d.player.UnityPlayerActivity
12-11 10:33:19.775 10163 10179 I chatty  : uid=10155(com.archie.drone_tracker) identical 14 lines
12-11 10:34:57.857  1118  2820 I ActivityManager: Killing 10163:com.archie.drone_tracker/u0a155 (adj 900): remove task
12-11 10:34:57.903  1118  1595 I WindowManager: WIN DEATH: Window{448c095 u0 com.archie.drone_tracker/com.unity3d.player.UnityPlayerActivity}
12-11 10:36:15.282  1118  1134 I ActivityManager: Force stopping com.archie.drone_tracker appid=10155 user=-1: installPackageLI
12-11 10:36:15.396  1118  1148 I PackageManager: Package com.archie.drone_tracker codePath changed from /data/app/com.archie.drone_tracker-lVvqAsxVCvFdzw1JYBIXyw== to /data/app/com.archie.drone_tracker-zf66spg9e8-10GSHfihCwQ==; Retaining data and using new
12-11 10:36:15.396  1118  1148 W PackageManager: Code path for com.archie.drone_tracker changing from /data/app/com.archie.drone_tracker-lVvqAsxVCvFdzw1JYBIXyw== to /data/app/com.archie.drone_tracker-zf66spg9e8-10GSHfihCwQ==
12-11 10:36:15.397  1118  1148 W PackageManager: Resource path for com.archie.drone_tracker changing from /data/app/com.archie.drone_tracker-lVvqAsxVCvFdzw1JYBIXyw== to /data/app/com.archie.drone_tracker-zf66spg9e8-10GSHfihCwQ==
12-11 10:36:15.682  1118  1148 I ActivityManager: Force stopping com.archie.drone_tracker appid=10155 user=0: pkg removed
12-11 10:36:15.687  1118  1134 W BroadcastQueue: Background execution not allowed: receiving Intent { act=android.intent.action.PACKAGE_REMOVED dat=package:com.archie.drone_tracker flg=0x4000010 (has extras) } to com.android.musicfx/.Compatibility$Receiver
12-11 10:36:15.687  1118  1134 W BroadcastQueue: Background execution not allowed: receiving Intent { act=android.intent.action.PACKAGE_REMOVED dat=package:com.archie.drone_tracker flg=0x4000010 (has extras) } to com.android.vending/com.google.android.finsky.packagemanager.impl.PackageMonitorReceiverImpl$RegisteredReceiver
12-11 10:36:15.687  1118  1134 W BroadcastQueue: Background execution not allowed: receiving Intent { act=android.intent.action.PACKAGE_REMOVED dat=package:com.archie.drone_tracker flg=0x4000010 (has extras) } to com.android.vending/com.google.android.finsky.instantapps.appmanagement.InstantAppRemoveMonitor
12-11 10:36:15.687  1118  1134 W BroadcastQueue: Background execution not allowed: receiving Intent { act=android.intent.action.PACKAGE_REMOVED dat=package:com.archie.drone_tracker flg=0x4000010 (has extras) } to com.google.android.gms/.games.chimera.GamesSystemBroadcastReceiverProxy
12-11 10:36:15.687  1118  1134 W BroadcastQueue: Background execution not allowed: receiving Intent { act=android.intent.action.PACKAGE_REMOVED dat=package:com.archie.drone_tracker flg=0x4000010 (has extras) } to com.google.android.gms/.photos.autobackup.PhotosAppUninstalledReceiver
12-11 10:36:15.687  1118  1134 W BroadcastQueue: Background execution not allowed: receiving Intent { act=android.intent.action.PACKAGE_REMOVED dat=package:com.archie.drone_tracker flg=0x4000010 (has extras) } to com.google.android.gms/.chimera.GmsIntentOperationService$PersistentTrustedReceiver
12-11 10:36:15.687  1118  1134 W BroadcastQueue: Background execution not allowed: receiving Intent { act=android.intent.action.PACKAGE_REMOVED dat=package:com.archie.drone_tracker flg=0x4000010 (has extras) } to com.google.android.googlequicksearchbox/com.google.android.apps.gsa.googlequicksearchbox.GelStubAppWatcher
12-11 10:36:15.737  1118  1502 W BroadcastQueue: Background execution not allowed: receiving Intent { act=android.intent.action.PACKAGE_ADDED dat=package:com.archie.drone_tracker flg=0x4000010 (has extras) } to com.android.musicfx/.Compatibility$Receiver
12-11 10:36:15.737  1118  1134 W BroadcastQueue: Background execution not allowed: receiving Intent { act=android.intent.action.PACKAGE_ADDED dat=package:com.archie.drone_tracker flg=0x4000010 (has extras) } to com.android.vending/com.google.android.finsky.packagemanager.impl.PackageMonitorReceiverImpl$RegisteredReceiver
12-11 10:36:15.737  1118  1134 W BroadcastQueue: Background execution not allowed: receiving Intent { act=android.intent.action.PACKAGE_ADDED dat=package:com.archie.drone_tracker flg=0x4000010 (has extras) } to com.google.android.gms/.games.chimera.GamesSystemBroadcastReceiverProxy
12-11 10:36:15.738  1118  1134 W BroadcastQueue: Background execution not allowed: receiving Intent { act=android.intent.action.PACKAGE_ADDED dat=package:com.archie.drone_tracker flg=0x4000010 (has extras) } to com.google.android.gms/.gass.chimera.PackageChangeBroadcastReceiver
12-11 10:36:15.738  1118  1134 W BroadcastQueue: Background execution not allowed: receiving Intent { act=android.intent.action.PACKAGE_ADDED dat=package:com.archie.drone_tracker flg=0x4000010 (has extras) } to com.google.android.gms/.chimera.GmsIntentOperationService$PersistentTrustedReceiver
12-11 10:36:15.738  1118  1134 W BroadcastQueue: Background execution not allowed: receiving Intent { act=android.intent.action.PACKAGE_ADDED dat=package:com.archie.drone_tracker flg=0x4000010 (has extras) } to com.google.android.googlequicksearchbox/com.google.android.apps.gsa.googlequicksearchbox.GelStubAppWatcher
12-11 10:36:15.738  1118  1134 W BroadcastQueue: Background execution not allowed: receiving Intent { act=android.intent.action.PACKAGE_ADDED dat=package:com.archie.drone_tracker flg=0x4000010 (has extras) } to com.google.android.ims/.receivers.RcsAutoStartReceiver
12-11 10:36:15.748  1118  2811 W BroadcastQueue: Background execution not allowed: receiving Intent { act=android.intent.action.PACKAGE_REPLACED dat=package:com.archie.drone_tracker flg=0x4000010 (has extras) } to com.android.musicfx/.Compatibility$Receiver
12-11 10:36:15.748  1118  1134 W BroadcastQueue: Background execution not allowed: receiving Intent { act=android.intent.action.PACKAGE_REPLACED dat=package:com.archie.drone_tracker flg=0x4000010 (has extras) } to com.google.android.apps.photos/.account.full.FetchAccountPropertiesAppUpgradeBroadcastReceiver
12-11 10:36:15.749  1118  1134 W BroadcastQueue: Background execution not allowed: receiving Intent { act=android.intent.action.PACKAGE_REPLACED dat=package:com.archie.drone_tracker flg=0x4000010 (has extras) } to com.google.android.apps.photos/.account.full.SyncAccountsForLoginBroadcastReceiver
12-11 10:36:15.749  1118  1134 W BroadcastQueue: Background execution not allowed: receiving Intent { act=android.intent.action.PACKAGE_REPLACED dat=package:com.archie.drone_tracker flg=0x4000010 (has extras) } to com.google.android.apps.photos/.experiments.phenotype.full.PhenotypeAppUpgradeBroadcastReceiver
12-11 10:36:15.749  1118  1134 W BroadcastQueue: Background execution not allowed: receiving Intent { act=android.intent.action.PACKAGE_REPLACED dat=package:com.archie.drone_tracker flg=0x4000010 (has extras) } to com.google.android.apps.photos/.notificationchannels.AppUpdateBroadcastReceiver
12-11 10:36:15.749  1118  1134 W BroadcastQueue: Background execution not allowed: receiving Intent { act=android.intent.action.PACKAGE_REPLACED dat=package:com.archie.drone_tracker flg=0x4000010 (has extras) } to com.google.android.gms/.gass.chimera.PackageChangeBroadcastReceiver
12-11 10:36:15.749  1118  1134 W BroadcastQueue: Background execution not allowed: receiving Intent { act=android.intent.action.PACKAGE_REPLACED dat=package:com.archie.drone_tracker flg=0x4000010 (has extras) } to com.google.android.gms/.chimera.GmsIntentOperationService$PersistentTrustedReceiver
12-11 10:36:15.749  1118  1134 W BroadcastQueue: Background execution not allowed: receiving Intent { act=android.intent.action.PACKAGE_REPLACED dat=package:com.archie.drone_tracker flg=0x4000010 (has extras) } to com.google.android.googlequicksearchbox/com.google.android.apps.gsa.googlequicksearchbox.GelStubAppWatcher
12-11 10:36:15.749  1118  1134 W BroadcastQueue: Background execution not allowed: receiving Intent { act=android.intent.action.PACKAGE_REPLACED dat=package:com.archie.drone_tracker flg=0x4000010 (has extras) } to com.google.android.ims/.receivers.RcsAutoStartReceiver
12-11 10:36:16.508  1118  2809 I ActivityManager: START u0 {act=android.intent.action.MAIN cat=[android.intent.category.LAUNCHER] flg=0x10200000 cmp=com.archie.drone_tracker/com.unity3d.player.UnityPlayerActivity} from uid 2000
12-11 10:36:16.530  1118  2808 I ActivityManager: Start proc 10533:com.archie.drone_tracker/u0a155 for activity com.archie.drone_tracker/com.unity3d.player.UnityPlayerActivity
12-11 10:36:16.710 10533 10548 I chatty  : uid=10155(com.archie.drone_tracker) identical 14 lines
12-11 10:36:29.007  1118  1134 W ActivityManager: Activity pause timeout for ActivityRecord{812bd6e u0 com.archie.drone_tracker/com.unity3d.player.UnityPlayerActivity t5}
12-11 10:36:29.473  1118  2808 I ActivityManager: Killing 10533:com.archie.drone_tracker/u0a155 (adj 900): remove task
12-11 10:36:29.512  1118  1664 I WindowManager: WIN DEATH: Window{5c3f391 u0 com.archie.drone_tracker/com.unity3d.player.UnityPlayerActivity}
12-11 10:38:32.832  1118  1134 I ActivityManager: Force stopping com.archie.drone_tracker appid=10155 user=-1: installPackageLI
12-11 10:38:32.901  1118  1148 I PackageManager: Package com.archie.drone_tracker codePath changed from /data/app/com.archie.drone_tracker-zf66spg9e8-10GSHfihCwQ== to /data/app/com.archie.drone_tracker-x3Wwx6qjwud6C0VwfX9UPQ==; Retaining data and using new
12-11 10:38:32.902  1118  1148 W PackageManager: Code path for com.archie.drone_tracker changing from /data/app/com.archie.drone_tracker-zf66spg9e8-10GSHfihCwQ== to /data/app/com.archie.drone_tracker-x3Wwx6qjwud6C0VwfX9UPQ==
12-11 10:38:32.902  1118  1148 W PackageManager: Resource path for com.archie.drone_tracker changing from /data/app/com.archie.drone_tracker-zf66spg9e8-10GSHfihCwQ== to /data/app/com.archie.drone_tracker-x3Wwx6qjwud6C0VwfX9UPQ==
12-11 10:38:33.181  1118  1148 I ActivityManager: Force stopping com.archie.drone_tracker appid=10155 user=0: pkg removed
12-11 10:38:33.185  1118  1134 W BroadcastQueue: Background execution not allowed: receiving Intent { act=android.intent.action.PACKAGE_REMOVED dat=package:com.archie.drone_tracker flg=0x4000010 (has extras) } to com.android.musicfx/.Compatibility$Receiver
12-11 10:38:33.185  1118  1134 W BroadcastQueue: Background execution not allowed: receiving Intent { act=android.intent.action.PACKAGE_REMOVED dat=package:com.archie.drone_tracker flg=0x4000010 (has extras) } to com.android.vending/com.google.android.finsky.packagemanager.impl.PackageMonitorReceiverImpl$RegisteredReceiver
12-11 10:38:33.186  1118  1134 W BroadcastQueue: Background execution not allowed: receiving Intent { act=android.intent.action.PACKAGE_REMOVED dat=package:com.archie.drone_tracker flg=0x4000010 (has extras) } to com.android.vending/com.google.android.finsky.instantapps.appmanagement.InstantAppRemoveMonitor
12-11 10:38:33.186  1118  1134 W BroadcastQueue: Background execution not allowed: receiving Intent { act=android.intent.action.PACKAGE_REMOVED dat=package:com.archie.drone_tracker flg=0x4000010 (has extras) } to com.google.android.gms/.games.chimera.GamesSystemBroadcastReceiverProxy
12-11 10:38:33.186  1118  1134 W BroadcastQueue: Background execution not allowed: receiving Intent { act=android.intent.action.PACKAGE_REMOVED dat=package:com.archie.drone_tracker flg=0x4000010 (has extras) } to com.google.android.gms/.photos.autobackup.PhotosAppUninstalledReceiver
12-11 10:38:33.186  1118  1134 W BroadcastQueue: Background execution not allowed: receiving Intent { act=android.intent.action.PACKAGE_REMOVED dat=package:com.archie.drone_tracker flg=0x4000010 (has extras) } to com.google.android.gms/.chimera.GmsIntentOperationService$PersistentTrustedReceiver
12-11 10:38:33.186  1118  1134 W BroadcastQueue: Background execution not allowed: receiving Intent { act=android.intent.action.PACKAGE_REMOVED dat=package:com.archie.drone_tracker flg=0x4000010 (has extras) } to com.google.android.googlequicksearchbox/com.google.android.apps.gsa.googlequicksearchbox.GelStubAppWatcher
12-11 10:38:33.261  1118  1406 W BroadcastQueue: Background execution not allowed: receiving Intent { act=android.intent.action.PACKAGE_ADDED dat=package:com.archie.drone_tracker flg=0x4000010 (has extras) } to com.android.musicfx/.Compatibility$Receiver
12-11 10:38:33.263  1118  1134 W BroadcastQueue: Background execution not allowed: receiving Intent { act=android.intent.action.PACKAGE_ADDED dat=package:com.archie.drone_tracker flg=0x4000010 (has extras) } to com.android.vending/com.google.android.finsky.packagemanager.impl.PackageMonitorReceiverImpl$RegisteredReceiver
12-11 10:38:33.263  1118  1134 W BroadcastQueue: Background execution not allowed: receiving Intent { act=android.intent.action.PACKAGE_ADDED dat=package:com.archie.drone_tracker flg=0x4000010 (has extras) } to com.google.android.gms/.games.chimera.GamesSystemBroadcastReceiverProxy
12-11 10:38:33.263  1118  1134 W BroadcastQueue: Background execution not allowed: receiving Intent { act=android.intent.action.PACKAGE_ADDED dat=package:com.archie.drone_tracker flg=0x4000010 (has extras) } to com.google.android.gms/.gass.chimera.PackageChangeBroadcastReceiver
12-11 10:38:33.263  1118  1134 W BroadcastQueue: Background execution not allowed: receiving Intent { act=android.intent.action.PACKAGE_ADDED dat=package:com.archie.drone_tracker flg=0x4000010 (has extras) } to com.google.android.gms/.chimera.GmsIntentOperationService$PersistentTrustedReceiver
12-11 10:38:33.263  1118  1134 W BroadcastQueue: Background execution not allowed: receiving Intent { act=android.intent.action.PACKAGE_ADDED dat=package:com.archie.drone_tracker flg=0x4000010 (has extras) } to com.google.android.googlequicksearchbox/com.google.android.apps.gsa.googlequicksearchbox.GelStubAppWatcher
12-11 10:38:33.263  1118  1134 W BroadcastQueue: Background execution not allowed: receiving Intent { act=android.intent.action.PACKAGE_ADDED dat=package:com.archie.drone_tracker flg=0x4000010 (has extras) } to com.google.android.ims/.receivers.RcsAutoStartReceiver
12-11 10:38:33.285  1118  2810 W BroadcastQueue: Background execution not allowed: receiving Intent { act=android.intent.action.PACKAGE_REPLACED dat=package:com.archie.drone_tracker flg=0x4000010 (has extras) } to com.android.musicfx/.Compatibility$Receiver
12-11 10:38:33.301  1118  1134 W BroadcastQueue: Background execution not allowed: receiving Intent { act=android.intent.action.PACKAGE_REPLACED dat=package:com.archie.drone_tracker flg=0x4000010 (has extras) } to com.google.android.apps.photos/.account.full.FetchAccountPropertiesAppUpgradeBroadcastReceiver
12-11 10:38:33.301  1118  1134 W BroadcastQueue: Background execution not allowed: receiving Intent { act=android.intent.action.PACKAGE_REPLACED dat=package:com.archie.drone_tracker flg=0x4000010 (has extras) } to com.google.android.apps.photos/.account.full.SyncAccountsForLoginBroadcastReceiver
12-11 10:38:33.301  1118  1134 W BroadcastQueue: Background execution not allowed: receiving Intent { act=android.intent.action.PACKAGE_REPLACED dat=package:com.archie.drone_tracker flg=0x4000010 (has extras) } to com.google.android.apps.photos/.experiments.phenotype.full.PhenotypeAppUpgradeBroadcastReceiver
12-11 10:38:33.301  1118  1134 W BroadcastQueue: Background execution not allowed: receiving Intent { act=android.intent.action.PACKAGE_REPLACED dat=package:com.archie.drone_tracker flg=0x4000010 (has extras) } to com.google.android.apps.photos/.notificationchannels.AppUpdateBroadcastReceiver
12-11 10:38:33.301  1118  1134 W BroadcastQueue: Background execution not allowed: receiving Intent { act=android.intent.action.PACKAGE_REPLACED dat=package:com.archie.drone_tracker flg=0x4000010 (has extras) } to com.google.android.gms/.gass.chimera.PackageChangeBroadcastReceiver
12-11 10:38:33.301  1118  1134 W BroadcastQueue: Background execution not allowed: receiving Intent { act=android.intent.action.PACKAGE_REPLACED dat=package:com.archie.drone_tracker flg=0x4000010 (has extras) } to com.google.android.gms/.chimera.GmsIntentOperationService$PersistentTrustedReceiver
12-11 10:38:33.301  1118  1134 W BroadcastQueue: Background execution not allowed: receiving Intent { act=android.intent.action.PACKAGE_REPLACED dat=package:com.archie.drone_tracker flg=0x4000010 (has extras) } to com.google.android.googlequicksearchbox/com.google.android.apps.gsa.googlequicksearchbox.GelStubAppWatcher
12-11 10:38:33.301  1118  1134 W BroadcastQueue: Background execution not allowed: receiving Intent { act=android.intent.action.PACKAGE_REPLACED dat=package:com.archie.drone_tracker flg=0x4000010 (has extras) } to com.google.android.ims/.receivers.RcsAutoStartReceiver
12-11 10:38:34.004  1118  1667 I ActivityManager: START u0 {act=android.intent.action.MAIN cat=[android.intent.category.LAUNCHER] flg=0x10200000 cmp=com.archie.drone_tracker/com.unity3d.player.UnityPlayerActivity} from uid 2000
12-11 10:38:34.023  1118  2814 I ActivityManager: Start proc 10828:com.archie.drone_tracker/u0a155 for activity com.archie.drone_tracker/com.unity3d.player.UnityPlayerActivity
12-11 10:38:34.196 10828 10843 I chatty  : uid=10155(com.archie.drone_tracker) identical 14 lines
12-11 10:40:30.153  1118  1134 I ActivityManager: Force stopping com.archie.drone_tracker appid=10155 user=-1: installPackageLI
12-11 10:40:30.153  1118  1134 I ActivityManager: Killing 10828:com.archie.drone_tracker/u0a155 (adj 0): stop com.archie.drone_tracker
12-11 10:40:30.161  1118  1134 W ActivityManager: Force removing ActivityRecord{275d660 u0 com.archie.drone_tracker/com.unity3d.player.UnityPlayerActivity t6}: app died, no saved state
12-11 10:40:30.166  1118  1134 I WindowManager: Failed to capture screenshot of Token{1bdb719 ActivityRecord{275d660 u0 com.archie.drone_tracker/com.unity3d.player.UnityPlayerActivity t6 f}} appWin=Window{e6b08cb u0 com.archie.drone_tracker/com.unity3d.player.UnityPlayerActivity} drawState=4
12-11 10:40:30.225  1118  1148 I PackageManager: Package com.archie.drone_tracker codePath changed from /data/app/com.archie.drone_tracker-x3Wwx6qjwud6C0VwfX9UPQ== to /data/app/com.archie.drone_tracker-WZ3vlbhQY0VJmSq-PXM-2A==; Retaining data and using new
12-11 10:40:30.225  1118  1148 W PackageManager: Code path for com.archie.drone_tracker changing from /data/app/com.archie.drone_tracker-x3Wwx6qjwud6C0VwfX9UPQ== to /data/app/com.archie.drone_tracker-WZ3vlbhQY0VJmSq-PXM-2A==
12-11 10:40:30.225  1118  1148 W PackageManager: Resource path for com.archie.drone_tracker changing from /data/app/com.archie.drone_tracker-x3Wwx6qjwud6C0VwfX9UPQ== to /data/app/com.archie.drone_tracker-WZ3vlbhQY0VJmSq-PXM-2A==
12-11 10:40:30.473  1118  1148 I ActivityManager: Force stopping com.archie.drone_tracker appid=10155 user=0: pkg removed
12-11 10:40:30.477  1118  1134 W BroadcastQueue: Background execution not allowed: receiving Intent { act=android.intent.action.PACKAGE_REMOVED dat=package:com.archie.drone_tracker flg=0x4000010 (has extras) } to com.android.musicfx/.Compatibility$Receiver
12-11 10:40:30.477  1118  1134 W BroadcastQueue: Background execution not allowed: receiving Intent { act=android.intent.action.PACKAGE_REMOVED dat=package:com.archie.drone_tracker flg=0x4000010 (has extras) } to com.android.vending/com.google.android.finsky.packagemanager.impl.PackageMonitorReceiverImpl$RegisteredReceiver
12-11 10:40:30.477  1118  1134 W BroadcastQueue: Background execution not allowed: receiving Intent { act=android.intent.action.PACKAGE_REMOVED dat=package:com.archie.drone_tracker flg=0x4000010 (has extras) } to com.android.vending/com.google.android.finsky.instantapps.appmanagement.InstantAppRemoveMonitor
12-11 10:40:30.477  1118  1134 W BroadcastQueue: Background execution not allowed: receiving Intent { act=android.intent.action.PACKAGE_REMOVED dat=package:com.archie.drone_tracker flg=0x4000010 (has extras) } to com.google.android.gms/.games.chimera.GamesSystemBroadcastReceiverProxy
12-11 10:40:30.477  1118  1134 W BroadcastQueue: Background execution not allowed: receiving Intent { act=android.intent.action.PACKAGE_REMOVED dat=package:com.archie.drone_tracker flg=0x4000010 (has extras) } to com.google.android.gms/.photos.autobackup.PhotosAppUninstalledReceiver
12-11 10:40:30.477  1118  1134 W BroadcastQueue: Background execution not allowed: receiving Intent { act=android.intent.action.PACKAGE_REMOVED dat=package:com.archie.drone_tracker flg=0x4000010 (has extras) } to com.google.android.gms/.chimera.GmsIntentOperationService$PersistentTrustedReceiver
12-11 10:40:30.477  1118  1134 W BroadcastQueue: Background execution not allowed: receiving Intent { act=android.intent.action.PACKAGE_REMOVED dat=package:com.archie.drone_tracker flg=0x4000010 (has extras) } to com.google.android.googlequicksearchbox/com.google.android.apps.gsa.googlequicksearchbox.GelStubAppWatcher
12-11 10:40:30.524  1118  2809 W BroadcastQueue: Background execution not allowed: receiving Intent { act=android.intent.action.PACKAGE_ADDED dat=package:com.archie.drone_tracker flg=0x4000010 (has extras) } to com.android.musicfx/.Compatibility$Receiver
12-11 10:40:30.524  1118  1134 W BroadcastQueue: Background execution not allowed: receiving Intent { act=android.intent.action.PACKAGE_ADDED dat=package:com.archie.drone_tracker flg=0x4000010 (has extras) } to com.android.vending/com.google.android.finsky.packagemanager.impl.PackageMonitorReceiverImpl$RegisteredReceiver
12-11 10:40:30.524  1118  1134 W BroadcastQueue: Background execution not allowed: receiving Intent { act=android.intent.action.PACKAGE_ADDED dat=package:com.archie.drone_tracker flg=0x4000010 (has extras) } to com.google.android.gms/.games.chimera.GamesSystemBroadcastReceiverProxy
12-11 10:40:30.524  1118  1134 W BroadcastQueue: Background execution not allowed: receiving Intent { act=android.intent.action.PACKAGE_ADDED dat=package:com.archie.drone_tracker flg=0x4000010 (has extras) } to com.google.android.gms/.gass.chimera.PackageChangeBroadcastReceiver
12-11 10:40:30.524  1118  1134 W BroadcastQueue: Background execution not allowed: receiving Intent { act=android.intent.action.PACKAGE_ADDED dat=package:com.archie.drone_tracker flg=0x4000010 (has extras) } to com.google.android.gms/.chimera.GmsIntentOperationService$PersistentTrustedReceiver
12-11 10:40:30.524  1118  1134 W BroadcastQueue: Background execution not allowed: receiving Intent { act=android.intent.action.PACKAGE_ADDED dat=package:com.archie.drone_tracker flg=0x4000010 (has extras) } to com.google.android.googlequicksearchbox/com.google.android.apps.gsa.googlequicksearchbox.GelStubAppWatcher
12-11 10:40:30.524  1118  1134 W BroadcastQueue: Background execution not allowed: receiving Intent { act=android.intent.action.PACKAGE_ADDED dat=package:com.archie.drone_tracker flg=0x4000010 (has extras) } to com.google.android.ims/.receivers.RcsAutoStartReceiver
12-11 10:40:30.537  1118  2809 W BroadcastQueue: Background execution not allowed: receiving Intent { act=android.intent.action.PACKAGE_REPLACED dat=package:com.archie.drone_tracker flg=0x4000010 (has extras) } to com.android.musicfx/.Compatibility$Receiver
12-11 10:40:30.537  1118  1134 W BroadcastQueue: Background execution not allowed: receiving Intent { act=android.intent.action.PACKAGE_REPLACED dat=package:com.archie.drone_tracker flg=0x4000010 (has extras) } to com.google.android.apps.photos/.account.full.FetchAccountPropertiesAppUpgradeBroadcastReceiver
12-11 10:40:30.537  1118  1134 W BroadcastQueue: Background execution not allowed: receiving Intent { act=android.intent.action.PACKAGE_REPLACED dat=package:com.archie.drone_tracker flg=0x4000010 (has extras) } to com.google.android.apps.photos/.account.full.SyncAccountsForLoginBroadcastReceiver
12-11 10:40:30.537  1118  1134 W BroadcastQueue: Background execution not allowed: receiving Intent { act=android.intent.action.PACKAGE_REPLACED dat=package:com.archie.drone_tracker flg=0x4000010 (has extras) } to com.google.android.apps.photos/.experiments.phenotype.full.PhenotypeAppUpgradeBroadcastReceiver
12-11 10:40:30.537  1118  1134 W BroadcastQueue: Background execution not allowed: receiving Intent { act=android.intent.action.PACKAGE_REPLACED dat=package:com.archie.drone_tracker flg=0x4000010 (has extras) } to com.google.android.apps.photos/.notificationchannels.AppUpdateBroadcastReceiver
12-11 10:40:30.537  1118  1134 W BroadcastQueue: Background execution not allowed: receiving Intent { act=android.intent.action.PACKAGE_REPLACED dat=package:com.archie.drone_tracker flg=0x4000010 (has extras) } to com.google.android.gms/.gass.chimera.PackageChangeBroadcastReceiver
12-11 10:40:30.537  1118  1134 W BroadcastQueue: Background execution not allowed: receiving Intent { act=android.intent.action.PACKAGE_REPLACED dat=package:com.archie.drone_tracker flg=0x4000010 (has extras) } to com.google.android.gms/.chimera.GmsIntentOperationService$PersistentTrustedReceiver
12-11 10:40:30.537  1118  1134 W BroadcastQueue: Background execution not allowed: receiving Intent { act=android.intent.action.PACKAGE_REPLACED dat=package:com.archie.drone_tracker flg=0x4000010 (has extras) } to com.google.android.googlequicksearchbox/com.google.android.apps.gsa.googlequicksearchbox.GelStubAppWatcher
12-11 10:40:30.537  1118  1134 W BroadcastQueue: Background execution not allowed: receiving Intent { act=android.intent.action.PACKAGE_REPLACED dat=package:com.archie.drone_tracker flg=0x4000010 (has extras) } to com.google.android.ims/.receivers.RcsAutoStartReceiver
12-11 10:40:31.157  1118  1664 I ActivityManager: START u0 {act=android.intent.action.MAIN cat=[android.intent.category.LAUNCHER] flg=0x10200000 cmp=com.archie.drone_tracker/com.unity3d.player.UnityPlayerActivity} from uid 2000
12-11 10:40:31.177  1118  2808 I ActivityManager: Start proc 11122:com.archie.drone_tracker/u0a155 for activity com.archie.drone_tracker/com.unity3d.player.UnityPlayerActivity
12-11 10:40:31.340 11122 11137 I chatty  : uid=10155(com.archie.drone_tracker) identical 14 lines
12-11 10:42:56.800  1118  1134 I ActivityManager: Force stopping com.archie.drone_tracker appid=10155 user=-1: installPackageLI
12-11 10:42:56.800  1118  1134 I ActivityManager: Killing 11122:com.archie.drone_tracker/u0a155 (adj 0): stop com.archie.drone_tracker
12-11 10:42:56.805  1118  1134 W ActivityManager: Force removing ActivityRecord{bc99505 u0 com.archie.drone_tracker/com.unity3d.player.UnityPlayerActivity t7}: app died, no saved state
12-11 10:42:56.811  1118  1134 I WindowManager: Failed to capture screenshot of Token{71a295a ActivityRecord{bc99505 u0 com.archie.drone_tracker/com.unity3d.player.UnityPlayerActivity t7 f}} appWin=Window{d354144 u0 com.archie.drone_tracker/com.unity3d.player.UnityPlayerActivity} drawState=4
12-11 10:42:56.843  1118  1148 I PackageManager: Package com.archie.drone_tracker codePath changed from /data/app/com.archie.drone_tracker-WZ3vlbhQY0VJmSq-PXM-2A== to /data/app/com.archie.drone_tracker-novnK0J8lJETtYWrBPqIhQ==; Retaining data and using new
12-11 10:42:56.843  1118  1148 W PackageManager: Code path for com.archie.drone_tracker changing from /data/app/com.archie.drone_tracker-WZ3vlbhQY0VJmSq-PXM-2A== to /data/app/com.archie.drone_tracker-novnK0J8lJETtYWrBPqIhQ==
12-11 10:42:56.843  1118  1148 W PackageManager: Resource path for com.archie.drone_tracker changing from /data/app/com.archie.drone_tracker-WZ3vlbhQY0VJmSq-PXM-2A== to /data/app/com.archie.drone_tracker-novnK0J8lJETtYWrBPqIhQ==
12-11 10:42:57.119  1118  1148 I ActivityManager: Force stopping com.archie.drone_tracker appid=10155 user=0: pkg removed
12-11 10:42:57.127  1118  1134 W BroadcastQueue: Background execution not allowed: receiving Intent { act=android.intent.action.PACKAGE_REMOVED dat=package:com.archie.drone_tracker flg=0x4000010 (has extras) } to com.android.musicfx/.Compatibility$Receiver
12-11 10:42:57.127  1118  1134 W BroadcastQueue: Background execution not allowed: receiving Intent { act=android.intent.action.PACKAGE_REMOVED dat=package:com.archie.drone_tracker flg=0x4000010 (has extras) } to com.android.vending/com.google.android.finsky.packagemanager.impl.PackageMonitorReceiverImpl$RegisteredReceiver
12-11 10:42:57.127  1118  1134 W BroadcastQueue: Background execution not allowed: receiving Intent { act=android.intent.action.PACKAGE_REMOVED dat=package:com.archie.drone_tracker flg=0x4000010 (has extras) } to com.android.vending/com.google.android.finsky.instantapps.appmanagement.InstantAppRemoveMonitor
12-11 10:42:57.127  1118  1134 W BroadcastQueue: Background execution not allowed: receiving Intent { act=android.intent.action.PACKAGE_REMOVED dat=package:com.archie.drone_tracker flg=0x4000010 (has extras) } to com.google.android.gms/.games.chimera.GamesSystemBroadcastReceiverProxy
12-11 10:42:57.127  1118  1134 W BroadcastQueue: Background execution not allowed: receiving Intent { act=android.intent.action.PACKAGE_REMOVED dat=package:com.archie.drone_tracker flg=0x4000010 (has extras) } to com.google.android.gms/.photos.autobackup.PhotosAppUninstalledReceiver
12-11 10:42:57.128  1118  1134 W BroadcastQueue: Background execution not allowed: receiving Intent { act=android.intent.action.PACKAGE_REMOVED dat=package:com.archie.drone_tracker flg=0x4000010 (has extras) } to com.google.android.gms/.chimera.GmsIntentOperationService$PersistentTrustedReceiver
12-11 10:42:57.128  1118  1134 W BroadcastQueue: Background execution not allowed: receiving Intent { act=android.intent.action.PACKAGE_REMOVED dat=package:com.archie.drone_tracker flg=0x4000010 (has extras) } to com.google.android.googlequicksearchbox/com.google.android.apps.gsa.googlequicksearchbox.GelStubAppWatcher
12-11 10:42:57.154  1118  2819 W BroadcastQueue: Background execution not allowed: receiving Intent { act=android.intent.action.PACKAGE_ADDED dat=package:com.archie.drone_tracker flg=0x4000010 (has extras) } to com.android.musicfx/.Compatibility$Receiver
12-11 10:42:57.154  1118  1134 W BroadcastQueue: Background execution not allowed: receiving Intent { act=android.intent.action.PACKAGE_ADDED dat=package:com.archie.drone_tracker flg=0x4000010 (has extras) } to com.android.vending/com.google.android.finsky.packagemanager.impl.PackageMonitorReceiverImpl$RegisteredReceiver
12-11 10:42:57.154  1118  1134 W BroadcastQueue: Background execution not allowed: receiving Intent { act=android.intent.action.PACKAGE_ADDED dat=package:com.archie.drone_tracker flg=0x4000010 (has extras) } to com.google.android.gms/.games.chimera.GamesSystemBroadcastReceiverProxy
12-11 10:42:57.155  1118  1134 W BroadcastQueue: Background execution not allowed: receiving Intent { act=android.intent.action.PACKAGE_ADDED dat=package:com.archie.drone_tracker flg=0x4000010 (has extras) } to com.google.android.gms/.gass.chimera.PackageChangeBroadcastReceiver
12-11 10:42:57.156  1118  1134 W BroadcastQueue: Background execution not allowed: receiving Intent { act=android.intent.action.PACKAGE_ADDED dat=package:com.archie.drone_tracker flg=0x4000010 (has extras) } to com.google.android.gms/.chimera.GmsIntentOperationService$PersistentTrustedReceiver
12-11 10:42:57.156  1118  1134 W BroadcastQueue: Background execution not allowed: receiving Intent { act=android.intent.action.PACKAGE_ADDED dat=package:com.archie.drone_tracker flg=0x4000010 (has extras) } to com.google.android.googlequicksearchbox/com.google.android.apps.gsa.googlequicksearchbox.GelStubAppWatcher
12-11 10:42:57.156  1118  1134 W BroadcastQueue: Background execution not allowed: receiving Intent { act=android.intent.action.PACKAGE_ADDED dat=package:com.archie.drone_tracker flg=0x4000010 (has extras) } to com.google.android.ims/.receivers.RcsAutoStartReceiver
12-11 10:42:57.166  1118  2809 W BroadcastQueue: Background execution not allowed: receiving Intent { act=android.intent.action.PACKAGE_REPLACED dat=package:com.archie.drone_tracker flg=0x4000010 (has extras) } to com.android.musicfx/.Compatibility$Receiver
12-11 10:42:57.166  1118  1134 W BroadcastQueue: Background execution not allowed: receiving Intent { act=android.intent.action.PACKAGE_REPLACED dat=package:com.archie.drone_tracker flg=0x4000010 (has extras) } to com.google.android.apps.photos/.account.full.FetchAccountPropertiesAppUpgradeBroadcastReceiver
12-11 10:42:57.166  1118  1134 W BroadcastQueue: Background execution not allowed: receiving Intent { act=android.intent.action.PACKAGE_REPLACED dat=package:com.archie.drone_tracker flg=0x4000010 (has extras) } to com.google.android.apps.photos/.account.full.SyncAccountsForLoginBroadcastReceiver
12-11 10:42:57.166  1118  1134 W BroadcastQueue: Background execution not allowed: receiving Intent { act=android.intent.action.PACKAGE_REPLACED dat=package:com.archie.drone_tracker flg=0x4000010 (has extras) } to com.google.android.apps.photos/.experiments.phenotype.full.PhenotypeAppUpgradeBroadcastReceiver
12-11 10:42:57.166  1118  1134 W BroadcastQueue: Background execution not allowed: receiving Intent { act=android.intent.action.PACKAGE_REPLACED dat=package:com.archie.drone_tracker flg=0x4000010 (has extras) } to com.google.android.apps.photos/.notificationchannels.AppUpdateBroadcastReceiver
12-11 10:42:57.166  1118  1134 W BroadcastQueue: Background execution not allowed: receiving Intent { act=android.intent.action.PACKAGE_REPLACED dat=package:com.archie.drone_tracker flg=0x4000010 (has extras) } to com.google.android.gms/.gass.chimera.PackageChangeBroadcastReceiver
12-11 10:42:57.167  1118  1134 W BroadcastQueue: Background execution not allowed: receiving Intent { act=android.intent.action.PACKAGE_REPLACED dat=package:com.archie.drone_tracker flg=0x4000010 (has extras) } to com.google.android.gms/.chimera.GmsIntentOperationService$PersistentTrustedReceiver
12-11 10:42:57.167  1118  1134 W BroadcastQueue: Background execution not allowed: receiving Intent { act=android.intent.action.PACKAGE_REPLACED dat=package:com.archie.drone_tracker flg=0x4000010 (has extras) } to com.google.android.googlequicksearchbox/com.google.android.apps.gsa.googlequicksearchbox.GelStubAppWatcher
12-11 10:42:57.167  1118  1134 W BroadcastQueue: Background execution not allowed: receiving Intent { act=android.intent.action.PACKAGE_REPLACED dat=package:com.archie.drone_tracker flg=0x4000010 (has extras) } to com.google.android.ims/.receivers.RcsAutoStartReceiver
12-11 10:42:57.808  1118  2810 I ActivityManager: START u0 {act=android.intent.action.MAIN cat=[android.intent.category.LAUNCHER] flg=0x10200000 cmp=com.archie.drone_tracker/com.unity3d.player.UnityPlayerActivity} from uid 2000
12-11 10:42:57.827  1118  1130 I ActivityManager: Start proc 11409:com.archie.drone_tracker/u0a155 for activity com.archie.drone_tracker/com.unity3d.player.UnityPlayerActivity
12-11 10:42:57.998 11409 11425 I chatty  : uid=10155(com.archie.drone_tracker) identical 14 lines
12-11 10:50:47.490  1118  1134 I ActivityManager: Force stopping com.archie.drone_tracker appid=10155 user=-1: installPackageLI
12-11 10:50:47.490  1118  1134 I ActivityManager: Killing 11409:com.archie.drone_tracker/u0a155 (adj 0): stop com.archie.drone_tracker
12-11 10:50:47.495  1118  1134 W ActivityManager: Force removing ActivityRecord{cac5715 u0 com.archie.drone_tracker/com.unity3d.player.UnityPlayerActivity t8}: app died, no saved state
12-11 10:50:47.501  1118  1134 I WindowManager: Failed to capture screenshot of Token{727aa2a ActivityRecord{cac5715 u0 com.archie.drone_tracker/com.unity3d.player.UnityPlayerActivity t8 f}} appWin=Window{9796f94 u0 com.archie.drone_tracker/com.unity3d.player.UnityPlayerActivity} drawState=4
12-11 10:50:47.537  1118  1148 I PackageManager: Package com.archie.drone_tracker codePath changed from /data/app/com.archie.drone_tracker-novnK0J8lJETtYWrBPqIhQ== to /data/app/com.archie.drone_tracker-WnEMNOOj4f25su4SGbhPtQ==; Retaining data and using new
12-11 10:50:47.537  1118  1148 W PackageManager: Code path for com.archie.drone_tracker changing from /data/app/com.archie.drone_tracker-novnK0J8lJETtYWrBPqIhQ== to /data/app/com.archie.drone_tracker-WnEMNOOj4f25su4SGbhPtQ==
12-11 10:50:47.537  1118  1148 W PackageManager: Resource path for com.archie.drone_tracker changing from /data/app/com.archie.drone_tracker-novnK0J8lJETtYWrBPqIhQ== to /data/app/com.archie.drone_tracker-WnEMNOOj4f25su4SGbhPtQ==
12-11 10:50:47.869  1118  1148 I ActivityManager: Force stopping com.archie.drone_tracker appid=10155 user=0: pkg removed
12-11 10:50:47.874  1118  1134 W BroadcastQueue: Background execution not allowed: receiving Intent { act=android.intent.action.PACKAGE_REMOVED dat=package:com.archie.drone_tracker flg=0x4000010 (has extras) } to com.android.musicfx/.Compatibility$Receiver
12-11 10:50:47.874  1118  1134 W BroadcastQueue: Background execution not allowed: receiving Intent { act=android.intent.action.PACKAGE_REMOVED dat=package:com.archie.drone_tracker flg=0x4000010 (has extras) } to com.android.vending/com.google.android.finsky.packagemanager.impl.PackageMonitorReceiverImpl$RegisteredReceiver
12-11 10:50:47.881  1118  1134 W BroadcastQueue: Background execution not allowed: receiving Intent { act=android.intent.action.PACKAGE_REMOVED dat=package:com.archie.drone_tracker flg=0x4000010 (has extras) } to com.android.vending/com.google.android.finsky.instantapps.appmanagement.InstantAppRemoveMonitor
12-11 10:50:47.881  1118  1134 W BroadcastQueue: Background execution not allowed: receiving Intent { act=android.intent.action.PACKAGE_REMOVED dat=package:com.archie.drone_tracker flg=0x4000010 (has extras) } to com.google.android.gms/.games.chimera.GamesSystemBroadcastReceiverProxy
12-11 10:50:47.881  1118  1134 W BroadcastQueue: Background execution not allowed: receiving Intent { act=android.intent.action.PACKAGE_REMOVED dat=package:com.archie.drone_tracker flg=0x4000010 (has extras) } to com.google.android.gms/.photos.autobackup.PhotosAppUninstalledReceiver
12-11 10:50:47.882  1118  1134 W BroadcastQueue: Background execution not allowed: receiving Intent { act=android.intent.action.PACKAGE_REMOVED dat=package:com.archie.drone_tracker flg=0x4000010 (has extras) } to com.google.android.gms/.chimera.GmsIntentOperationService$PersistentTrustedReceiver
12-11 10:50:47.895  1118  1134 W BroadcastQueue: Background execution not allowed: receiving Intent { act=android.intent.action.PACKAGE_REMOVED dat=package:com.archie.drone_tracker flg=0x4000010 (has extras) } to com.google.android.googlequicksearchbox/com.google.android.apps.gsa.googlequicksearchbox.GelStubAppWatcher
12-11 10:50:47.914  1118  1595 W BroadcastQueue: Background execution not allowed: receiving Intent { act=android.intent.action.PACKAGE_ADDED dat=package:com.archie.drone_tracker flg=0x4000010 (has extras) } to com.android.musicfx/.Compatibility$Receiver
12-11 10:50:47.915  1118  1134 W BroadcastQueue: Background execution not allowed: receiving Intent { act=android.intent.action.PACKAGE_ADDED dat=package:com.archie.drone_tracker flg=0x4000010 (has extras) } to com.android.vending/com.google.android.finsky.packagemanager.impl.PackageMonitorReceiverImpl$RegisteredReceiver
12-11 10:50:47.915  1118  1134 W BroadcastQueue: Background execution not allowed: receiving Intent { act=android.intent.action.PACKAGE_ADDED dat=package:com.archie.drone_tracker flg=0x4000010 (has extras) } to com.google.android.gms/.games.chimera.GamesSystemBroadcastReceiverProxy
12-11 10:50:47.915  1118  1134 W BroadcastQueue: Background execution not allowed: receiving Intent { act=android.intent.action.PACKAGE_ADDED dat=package:com.archie.drone_tracker flg=0x4000010 (has extras) } to com.google.android.gms/.gass.chimera.PackageChangeBroadcastReceiver
12-11 10:50:47.915  1118  1134 W BroadcastQueue: Background execution not allowed: receiving Intent { act=android.intent.action.PACKAGE_ADDED dat=package:com.archie.drone_tracker flg=0x4000010 (has extras) } to com.google.android.gms/.chimera.GmsIntentOperationService$PersistentTrustedReceiver
12-11 10:50:47.915  1118  1134 W BroadcastQueue: Background execution not allowed: receiving Intent { act=android.intent.action.PACKAGE_ADDED dat=package:com.archie.drone_tracker flg=0x4000010 (has extras) } to com.google.android.googlequicksearchbox/com.google.android.apps.gsa.googlequicksearchbox.GelStubAppWatcher
12-11 10:50:47.915  1118  1134 W BroadcastQueue: Background execution not allowed: receiving Intent { act=android.intent.action.PACKAGE_ADDED dat=package:com.archie.drone_tracker flg=0x4000010 (has extras) } to com.google.android.ims/.receivers.RcsAutoStartReceiver
12-11 10:50:47.943  1118  1595 W BroadcastQueue: Background execution not allowed: receiving Intent { act=android.intent.action.PACKAGE_REPLACED dat=package:com.archie.drone_tracker flg=0x4000010 (has extras) } to com.android.musicfx/.Compatibility$Receiver
12-11 10:50:47.957  1118  1134 W BroadcastQueue: Background execution not allowed: receiving Intent { act=android.intent.action.PACKAGE_REPLACED dat=package:com.archie.drone_tracker flg=0x4000010 (has extras) } to com.google.android.apps.photos/.account.full.FetchAccountPropertiesAppUpgradeBroadcastReceiver
12-11 10:50:47.957  1118  1134 W BroadcastQueue: Background execution not allowed: receiving Intent { act=android.intent.action.PACKAGE_REPLACED dat=package:com.archie.drone_tracker flg=0x4000010 (has extras) } to com.google.android.apps.photos/.account.full.SyncAccountsForLoginBroadcastReceiver
12-11 10:50:47.957  1118  1134 W BroadcastQueue: Background execution not allowed: receiving Intent { act=android.intent.action.PACKAGE_REPLACED dat=package:com.archie.drone_tracker flg=0x4000010 (has extras) } to com.google.android.apps.photos/.experiments.phenotype.full.PhenotypeAppUpgradeBroadcastReceiver
