12-11 12:05:48.412  1118  1134 W BroadcastQueue: Background execution not allowed: receiving Intent { act=android.intent.action.PACKAGE_REMOVED dat=package:com.archie.drone_tracker flg=0x4000010 (has extras) } to com.google.android.googlequicksearchbox/com.google.android.apps.gsa.googlequicksearchbox.GelStubAppWatcher
12-11 12:05:48.414  2545  3282 D BaseStreamManager: Promised side-channel cancel-all @ r#15465 for com.archie.drone_tracker (@15464)
12-11 12:05:48.415  1374  1374 D BluetoothMapAppObserver: The installed package is: com.archie.drone_tracker
12-11 12:05:48.422  2545  3282 D BaseStreamManager: Promised side-channel cancel-all @ r#15466 for com.archie.drone_tracker (@15465)
12-11 12:05:48.431  1118  1667 W BroadcastQueue: Background execution not allowed: receiving Intent { act=android.intent.action.PACKAGE_ADDED dat=package:com.archie.drone_tracker flg=0x4000010 (has extras) } to com.android.musicfx/.Compatibility$Receiver
12-11 12:05:48.431  1118  1134 W BroadcastQueue: Background execution not allowed: receiving Intent { act=android.intent.action.PACKAGE_ADDED dat=package:com.archie.drone_tracker flg=0x4000010 (has extras) } to com.android.vending/com.google.android.finsky.packagemanager.impl.PackageMonitorReceiverImpl$RegisteredReceiver
12-11 12:05:48.431  1118  1134 W BroadcastQueue: Background execution not allowed: receiving Intent { act=android.intent.action.PACKAGE_ADDED dat=package:com.archie.drone_tracker flg=0x4000010 (has extras) } to com.google.android.gms/.games.chimera.GamesSystemBroadcastReceiverProxy
12-11 12:05:48.431  1118  1134 W BroadcastQueue: Background execution not allowed: receiving Intent { act=android.intent.action.PACKAGE_ADDED dat=package:com.archie.drone_tracker flg=0x4000010 (has extras) } to com.google.android.gms/.gass.chimera.PackageChangeBroadcastReceiver
12-11 12:05:48.431  1118  1134 W BroadcastQueue: Background execution not allowed: receiving Intent { act=android.intent.action.PACKAGE_ADDED dat=package:com.archie.drone_tracker flg=0x4000010 (has extras) } to com.google.android.gms/.chimera.GmsIntentOperationService$PersistentTrustedReceiver
12-11 12:05:48.432  1118  1134 W BroadcastQueue: Background execution not allowed: receiving Intent { act=android.intent.action.PACKAGE_ADDED dat=package:com.archie.drone_tracker flg=0x4000010 (has extras) } to com.google.android.googlequicksearchbox/com.google.android.apps.gsa.googlequicksearchbox.GelStubAppWatcher
12-11 12:05:48.432  1118  1134 W BroadcastQueue: Background execution not allowed: receiving Intent { act=android.intent.action.PACKAGE_ADDED dat=package:com.archie.drone_tracker flg=0x4000010 (has extras) } to com.google.android.ims/.receivers.RcsAutoStartReceiver
12-11 12:05:48.436  2545 20372 E ThirdPartyChatAppSvc: ThirdPartyChatAppService: Intent { act=android.intent.action.PACKAGE_REMOVED dat=package:com.archie.drone_tracker flg=0x4000010 cmp=com.google.android.wearable.app/com.google.android.clockwork.companion.messaging.ThirdPartyChatAppService (has extras) }
12-11 12:05:48.447  2545 20372 E ThirdPartyChatAppSvc: ThirdPartyChatAppService: Intent { act=android.intent.action.PACKAGE_ADDED dat=package:com.archie.drone_tracker flg=0x4000010 cmp=com.google.android.wearable.app/com.google.android.clockwork.companion.messaging.ThirdPartyChatAppService (has extras) }
12-11 12:05:48.449  1118  1628 W BroadcastQueue: Background execution not allowed: receiving Intent { act=android.intent.action.PACKAGE_REPLACED dat=package:com.archie.drone_tracker flg=0x4000010 (has extras) } to com.android.musicfx/.Compatibility$Receiver
12-11 12:05:48.461  1118  1134 W BroadcastQueue: Background execution not allowed: receiving Intent { act=android.intent.action.PACKAGE_REPLACED dat=package:com.archie.drone_tracker flg=0x4000010 (has extras) } to com.google.android.apps.photos/.account.full.FetchAccountPropertiesAppUpgradeBroadcastReceiver
12-11 12:05:48.461  1118  1134 W BroadcastQueue: Background execution not allowed: receiving Intent { act=android.intent.action.PACKAGE_REPLACED dat=package:com.archie.drone_tracker flg=0x4000010 (has extras) } to com.google.android.apps.photos/.account.full.SyncAccountsForLoginBroadcastReceiver
12-11 12:05:48.462  1118  1134 W BroadcastQueue: Background execution not allowed: receiving Intent { act=android.intent.action.PACKAGE_REPLACED dat=package:com.archie.drone_tracker flg=0x4000010 (has extras) } to com.google.android.apps.photos/.experiments.phenotype.full.PhenotypeAppUpgradeBroadcastReceiver
12-11 12:05:48.462  1118  1134 W BroadcastQueue: Background execution not allowed: receiving Intent { act=android.intent.action.PACKAGE_REPLACED dat=package:com.archie.drone_tracker flg=0x4000010 (has extras) } to com.google.android.apps.photos/.notificationchannels.AppUpdateBroadcastReceiver
12-11 12:05:48.462  1118  1134 W BroadcastQueue: Background execution not allowed: receiving Intent { act=android.intent.action.PACKAGE_REPLACED dat=package:com.archie.drone_tracker flg=0x4000010 (has extras) } to com.google.android.gms/.gass.chimera.PackageChangeBroadcastReceiver
12-11 12:05:48.462  1118  1134 W BroadcastQueue: Background execution not allowed: receiving Intent { act=android.intent.action.PACKAGE_REPLACED dat=package:com.archie.drone_tracker flg=0x4000010 (has extras) } to com.google.android.gms/.chimera.GmsIntentOperationService$PersistentTrustedReceiver
12-11 12:05:48.462  1118  1134 W BroadcastQueue: Background execution not allowed: receiving Intent { act=android.intent.action.PACKAGE_REPLACED dat=package:com.archie.drone_tracker flg=0x4000010 (has extras) } to com.google.android.googlequicksearchbox/com.google.android.apps.gsa.googlequicksearchbox.GelStubAppWatcher
12-11 12:05:48.462  1118  1134 W BroadcastQueue: Background execution not allowed: receiving Intent { act=android.intent.action.PACKAGE_REPLACED dat=package:com.archie.drone_tracker flg=0x4000010 (has extras) } to com.google.android.ims/.receivers.RcsAutoStartReceiver
12-11 12:05:48.497  1614  1614 D ImsResolver: maybeAddedImsService, packageName: com.archie.drone_tracker
12-11 12:05:48.504  2745 20378 I ChromeSync: [Sync,SyncIntentOperation] Handling the intent: Intent { act=android.intent.action.PACKAGE_ADDED dat=package:com.archie.drone_tracker flg=0x4000010 cmp=com.google.android.gms/.chimera.GmsIntentOperationService (has extras) }.
12-11 12:05:49.206  1118  1667 I ActivityManager: START u0 {act=android.intent.action.MAIN cat=[android.intent.category.LAUNCHER] flg=0x10200000 cmp=com.archie.drone_tracker/com.unity3d.player.UnityPlayerActivity} from uid 2000
12-11 12:05:49.231  1118  2815 I ActivityManager: Start proc 20411:com.archie.drone_tracker/u0a155 for activity com.archie.drone_tracker/com.unity3d.player.UnityPlayerActivity
12-11 12:05:49.232 20411 20411 I chatty  : uid=10155(com.archie.drone_tracker) expire 2 lines
12-11 12:05:49.271 20411 20425 I chatty  : uid=10155(com.archie.drone_tracker) expire 3 lines
12-11 12:05:49.380 20411 20427 I chatty  : uid=10155(com.archie.drone_tracker) expire 20 lines
12-11 12:05:49.435 20411 20427 I chatty  : uid=10155(com.archie.drone_tracker) identical 14 lines
12-11 12:05:52.572  1118  1502 I ActivityManager: Killing 20411:com.archie.drone_tracker/u0a155 (adj 900): remove task
12-11 12:05:52.597  1118  2804 I WindowManager: WIN DEATH: Window{1c2e8a7 u0 com.archie.drone_tracker/com.unity3d.player.UnityPlayerActivity}
12-11 12:05:56.370  1118  2804 I ActivityManager: START u0 {flg=0x10000000 cmp=com.archie.drone_tracker/com.unity3d.player.UnityPlayerActivity (has extras)} from uid 2000
12-11 12:05:56.391 20493 20493 I chatty  : uid=10155(com.archie.drone_tracker) expire 2 lines
12-11 12:05:56.392  1118  1406 I ActivityManager: Start proc 20493:com.archie.drone_tracker/u0a155 for activity com.archie.drone_tracker/com.unity3d.player.UnityPlayerActivity
12-11 12:05:56.426 20493 20507 I chatty  : uid=10155(com.archie.drone_tracker) expire 3 lines
12-11 12:05:56.525 20493 20508 I chatty  : uid=10155(com.archie.drone_tracker) expire 23 lines
12-11 12:05:56.567 20493 20508 I chatty  : uid=10155(com.archie.drone_tracker) identical 14 lines
12-11 12:06:00.143 20493 20508 I Unity   : Finished retrieving intent params from: 
12-11 12:06:00.143 20493 20508 I Unity   : 	 Current activity: com.unity3d.player.UnityPlayerActivity
12-11 12:06:00.143 20493 20508 I Unity   : 	 Current component: com.archie.drone_tracker/com.unity3d.player.UnityPlayerActivity
12-11 12:06:00.143 20493 20508 I Unity   :  
12-11 12:06:00.143 20493 20508 I Unity   : (Filename: ./Runtime/Export/Debug.bindings.h Line: 43)
12-11 12:06:00.143 20493 20508 I Unity   : 
12-11 12:07:00.976  1118  1134 W ActivityManager: Activity pause timeout for ActivityRecord{2a80609 u0 com.archie.drone_tracker/com.unity3d.player.UnityPlayerActivity t31 f}
12-11 12:07:26.869  1118  1667 I ActivityManager: Force stopping com.archie.drone_tracker appid=10155 user=0: from pid 20694
12-11 12:07:26.870  1118  1667 I ActivityManager: Killing 20493:com.archie.drone_tracker/u0a155 (adj 900): stop com.archie.drone_tracker
12-11 12:07:26.882  2545  3282 D BaseStreamManager: Promised side-channel cancel-all @ r#15469 for com.archie.drone_tracker (@15468)
12-11 12:07:26.926  1118 18820 W ActivityManager: Invalid packageName: com.archie.drone_tracker
12-11 12:07:27.009  1118 18820 I ActivityManager: START u0 {flg=0x10000000 cmp=com.archie.drone_tracker/com.unity3d.player.UnityPlayerActivity (has extras)} from uid 2000
12-11 12:07:27.028  1118 18820 I ActivityManager: Start proc 20709:com.archie.drone_tracker/u0a155 for activity com.archie.drone_tracker/com.unity3d.player.UnityPlayerActivity
12-11 12:07:27.157  1118  1141 I ActivityManager: Displayed com.archie.drone_tracker/com.unity3d.player.UnityPlayerActivity: +137ms
12-11 12:07:27.166 20709 20729 I Unity   : ApplicationInfo com.archie.drone_tracker version 0.1 build 6bf6c919-0444-4dc7-977d-c443b8df0a54
12-11 12:07:27.208 20709 20729 I chatty  : uid=10155(com.archie.drone_tracker) identical 14 lines
12-11 12:07:30.665 20709 20729 I Unity   : Finished retrieving intent params from: 
12-11 12:07:30.665 20709 20729 I Unity   : 	 Current activity: com.unity3d.player.UnityPlayerActivity
12-11 12:07:30.665 20709 20729 I Unity   : 	 Current component: com.archie.drone_tracker/com.unity3d.player.UnityPlayerActivity
12-11 12:07:30.665 20709 20729 I Unity   :  
12-11 12:07:30.665 20709 20729 I Unity   : (Filename: ./Runtime/Export/Debug.bindings.h Line: 43)
12-11 12:07:30.665 20709 20729 I Unity   : 
12-11 12:08:27.567  1118  1633 I ActivityManager: Force stopping com.archie.drone_tracker appid=10155 user=0: from pid 21225
12-11 12:08:27.567  1118  1633 I ActivityManager: Killing 20709:com.archie.drone_tracker/u0a155 (adj 0): stop com.archie.drone_tracker
12-11 12:08:27.571  1118  1633 W ActivityManager: Force removing ActivityRecord{1d35cb4 u0 com.archie.drone_tracker/com.unity3d.player.UnityPlayerActivity t32}: app died, no saved state
12-11 12:08:27.574  1118  1633 I WindowManager: Failed to capture screenshot of Token{47580dd ActivityRecord{1d35cb4 u0 com.archie.drone_tracker/com.unity3d.player.UnityPlayerActivity t32 f}} appWin=Window{ca4004e u0 com.archie.drone_tracker/com.unity3d.player.UnityPlayerActivity} drawState=4
12-11 12:08:27.587  2545  3282 D BaseStreamManager: Promised side-channel cancel-all @ r#15470 for com.archie.drone_tracker (@15469)
12-11 12:08:27.621  1118  1406 W ActivityManager: Invalid packageName: com.archie.drone_tracker
12-11 12:10:55.121  1118  1148 I PackageManager.DexOptimizer: Running dexopt (dexoptNeeded=1) on: /data/app/com.archie.drone_tracker-nhcNJ5pXZiJlP1HOIZ1OQw==/base.apk pkg=com.archie.drone_tracker isa=arm dexoptFlags=boot_complete,public target-filter=quicken oatDir=/data/app/com.archie.drone_tracker-nhcNJ5pXZiJlP1HOIZ1OQw==/oat sharedLibraries=PCL[]
12-11 12:10:55.189 21301 21301 I dex2oat : /system/bin/dex2oat --input-vdex-fd=-1 --output-vdex-fd=18 --compiler-filter=quicken --classpath-dir=/data/app/com.archie.drone_tracker-nhcNJ5pXZiJlP1HOIZ1OQw== --class-loader-context=PCL[]
12-11 12:10:55.382  1118  1134 I ActivityManager: Force stopping com.archie.drone_tracker appid=10155 user=-1: installPackageLI
12-11 12:10:55.499  1118  1148 I PackageManager: Package com.archie.drone_tracker codePath changed from /data/app/com.archie.drone_tracker-7mJwnyKDUyrYf5kSih3-Hw== to /data/app/com.archie.drone_tracker-nhcNJ5pXZiJlP1HOIZ1OQw==; Retaining data and using new
12-11 12:10:55.499  1118  1148 W PackageManager: Code path for com.archie.drone_tracker changing from /data/app/com.archie.drone_tracker-7mJwnyKDUyrYf5kSih3-Hw== to /data/app/com.archie.drone_tracker-nhcNJ5pXZiJlP1HOIZ1OQw==
12-11 12:10:55.499  1118  1148 W PackageManager: Resource path for com.archie.drone_tracker changing from /data/app/com.archie.drone_tracker-7mJwnyKDUyrYf5kSih3-Hw== to /data/app/com.archie.drone_tracker-nhcNJ5pXZiJlP1HOIZ1OQw==
12-11 12:10:55.743  1118  1148 I ActivityManager: Force stopping com.archie.drone_tracker appid=10155 user=0: pkg removed
12-11 12:10:55.747  1118  1134 W BroadcastQueue: Background execution not allowed: receiving Intent { act=android.intent.action.PACKAGE_REMOVED dat=package:com.archie.drone_tracker flg=0x4000010 (has extras) } to com.android.musicfx/.Compatibility$Receiver
12-11 12:10:55.747  1118  1134 W BroadcastQueue: Background execution not allowed: receiving Intent { act=android.intent.action.PACKAGE_REMOVED dat=package:com.archie.drone_tracker flg=0x4000010 (has extras) } to com.android.vending/com.google.android.finsky.packagemanager.impl.PackageMonitorReceiverImpl$RegisteredReceiver
12-11 12:10:55.747  1118  1134 W BroadcastQueue: Background execution not allowed: receiving Intent { act=android.intent.action.PACKAGE_REMOVED dat=package:com.archie.drone_tracker flg=0x4000010 (has extras) } to com.android.vending/com.google.android.finsky.instantapps.appmanagement.InstantAppRemoveMonitor
12-11 12:10:55.747  1118  1134 W BroadcastQueue: Background execution not allowed: receiving Intent { act=android.intent.action.PACKAGE_REMOVED dat=package:com.archie.drone_tracker flg=0x4000010 (has extras) } to com.google.android.gms/.games.chimera.GamesSystemBroadcastReceiverProxy
12-11 12:10:55.747  1118  1134 W BroadcastQueue: Background execution not allowed: receiving Intent { act=android.intent.action.PACKAGE_REMOVED dat=package:com.archie.drone_tracker flg=0x4000010 (has extras) } to com.google.android.gms/.photos.autobackup.PhotosAppUninstalledReceiver
12-11 12:10:55.747  1118  1134 W BroadcastQueue: Background execution not allowed: receiving Intent { act=android.intent.action.PACKAGE_REMOVED dat=package:com.archie.drone_tracker flg=0x4000010 (has extras) } to com.google.android.gms/.chimera.GmsIntentOperationService$PersistentTrustedReceiver
12-11 12:10:55.747  1118  1134 W BroadcastQueue: Background execution not allowed: receiving Intent { act=android.intent.action.PACKAGE_REMOVED dat=package:com.archie.drone_tracker flg=0x4000010 (has extras) } to com.google.android.googlequicksearchbox/com.google.android.apps.gsa.googlequicksearchbox.GelStubAppWatcher
12-11 12:10:55.747  1374  1374 D BluetoothMapAppObserver: The removed package is: com.archie.drone_tracker
12-11 12:10:55.754  2545  3282 D BaseStreamManager: Promised side-channel cancel-all @ r#15471 for com.archie.drone_tracker (@15470)
12-11 12:10:55.758  1374  1374 D Avrcp   : AvrcpServiceBroadcastReceiver-> packageName: com.archie.drone_tracker
12-11 12:10:55.758  1374  1374 D Avrcp   : packageName: com.archie.drone_tracker removed: false
12-11 12:10:55.773  1374  1374 D BluetoothMapAppObserver: The installed package is: com.archie.drone_tracker
12-11 12:10:55.782  2545 21313 E ThirdPartyChatAppSvc: ThirdPartyChatAppService: Intent { act=android.intent.action.PACKAGE_REMOVED dat=package:com.archie.drone_tracker flg=0x4000010 cmp=com.google.android.wearable.app/com.google.android.clockwork.companion.messaging.ThirdPartyChatAppService (has extras) }
12-11 12:10:55.787  2545  3282 D BaseStreamManager: Promised side-channel cancel-all @ r#15472 for com.archie.drone_tracker (@15471)
12-11 12:10:55.793  2545 21313 E ThirdPartyChatAppSvc: ThirdPartyChatAppService: Intent { act=android.intent.action.PACKAGE_ADDED dat=package:com.archie.drone_tracker flg=0x4000010 cmp=com.google.android.wearable.app/com.google.android.clockwork.companion.messaging.ThirdPartyChatAppService (has extras) }
12-11 12:10:55.798  1118  2804 W BroadcastQueue: Background execution not allowed: receiving Intent { act=android.intent.action.PACKAGE_ADDED dat=package:com.archie.drone_tracker flg=0x4000010 (has extras) } to com.android.musicfx/.Compatibility$Receiver
12-11 12:10:55.798  1118  1134 W BroadcastQueue: Background execution not allowed: receiving Intent { act=android.intent.action.PACKAGE_ADDED dat=package:com.archie.drone_tracker flg=0x4000010 (has extras) } to com.android.vending/com.google.android.finsky.packagemanager.impl.PackageMonitorReceiverImpl$RegisteredReceiver
12-11 12:10:55.798  1118  1134 W BroadcastQueue: Background execution not allowed: receiving Intent { act=android.intent.action.PACKAGE_ADDED dat=package:com.archie.drone_tracker flg=0x4000010 (has extras) } to com.google.android.gms/.games.chimera.GamesSystemBroadcastReceiverProxy
12-11 12:10:55.798  1118  1134 W BroadcastQueue: Background execution not allowed: receiving Intent { act=android.intent.action.PACKAGE_ADDED dat=package:com.archie.drone_tracker flg=0x4000010 (has extras) } to com.google.android.gms/.gass.chimera.PackageChangeBroadcastReceiver
12-11 12:10:55.798  1118  1134 W BroadcastQueue: Background execution not allowed: receiving Intent { act=android.intent.action.PACKAGE_ADDED dat=package:com.archie.drone_tracker flg=0x4000010 (has extras) } to com.google.android.gms/.chimera.GmsIntentOperationService$PersistentTrustedReceiver
12-11 12:10:55.798  1118  1134 W BroadcastQueue: Background execution not allowed: receiving Intent { act=android.intent.action.PACKAGE_ADDED dat=package:com.archie.drone_tracker flg=0x4000010 (has extras) } to com.google.android.googlequicksearchbox/com.google.android.apps.gsa.googlequicksearchbox.GelStubAppWatcher
12-11 12:10:55.798  1118  1134 W BroadcastQueue: Background execution not allowed: receiving Intent { act=android.intent.action.PACKAGE_ADDED dat=package:com.archie.drone_tracker flg=0x4000010 (has extras) } to com.google.android.ims/.receivers.RcsAutoStartReceiver
12-11 12:10:55.862  1614  1614 D ImsResolver: maybeAddedImsService, packageName: com.archie.drone_tracker
12-11 12:10:55.870  1118 18820 W BroadcastQueue: Background execution not allowed: receiving Intent { act=android.intent.action.PACKAGE_REPLACED dat=package:com.archie.drone_tracker flg=0x4000010 (has extras) } to com.android.musicfx/.Compatibility$Receiver
12-11 12:10:55.870  1118  1134 W BroadcastQueue: Background execution not allowed: receiving Intent { act=android.intent.action.PACKAGE_REPLACED dat=package:com.archie.drone_tracker flg=0x4000010 (has extras) } to com.google.android.apps.photos/.account.full.FetchAccountPropertiesAppUpgradeBroadcastReceiver
12-11 12:10:55.873  1118  1134 W BroadcastQueue: Background execution not allowed: receiving Intent { act=android.intent.action.PACKAGE_REPLACED dat=package:com.archie.drone_tracker flg=0x4000010 (has extras) } to com.google.android.apps.photos/.account.full.SyncAccountsForLoginBroadcastReceiver
12-11 12:10:55.874  1118  1134 W BroadcastQueue: Background execution not allowed: receiving Intent { act=android.intent.action.PACKAGE_REPLACED dat=package:com.archie.drone_tracker flg=0x4000010 (has extras) } to com.google.android.apps.photos/.experiments.phenotype.full.PhenotypeAppUpgradeBroadcastReceiver
12-11 12:10:55.874  1118  1134 W BroadcastQueue: Background execution not allowed: receiving Intent { act=android.intent.action.PACKAGE_REPLACED dat=package:com.archie.drone_tracker flg=0x4000010 (has extras) } to com.google.android.apps.photos/.notificationchannels.AppUpdateBroadcastReceiver
12-11 12:10:55.874  1118  1134 W BroadcastQueue: Background execution not allowed: receiving Intent { act=android.intent.action.PACKAGE_REPLACED dat=package:com.archie.drone_tracker flg=0x4000010 (has extras) } to com.google.android.gms/.gass.chimera.PackageChangeBroadcastReceiver
12-11 12:10:55.874  1118  1134 W BroadcastQueue: Background execution not allowed: receiving Intent { act=android.intent.action.PACKAGE_REPLACED dat=package:com.archie.drone_tracker flg=0x4000010 (has extras) } to com.google.android.gms/.chimera.GmsIntentOperationService$PersistentTrustedReceiver
12-11 12:10:55.874  2745 21320 I ChromeSync: [Sync,SyncIntentOperation] Handling the intent: Intent { act=android.intent.action.PACKAGE_ADDED dat=package:com.archie.drone_tracker flg=0x4000010 cmp=com.google.android.gms/.chimera.GmsIntentOperationService (has extras) }.
12-11 12:10:55.876  1118  1134 W BroadcastQueue: Background execution not allowed: receiving Intent { act=android.intent.action.PACKAGE_REPLACED dat=package:com.archie.drone_tracker flg=0x4000010 (has extras) } to com.google.android.googlequicksearchbox/com.google.android.apps.gsa.googlequicksearchbox.GelStubAppWatcher
12-11 12:10:55.877  1118  1134 W BroadcastQueue: Background execution not allowed: receiving Intent { act=android.intent.action.PACKAGE_REPLACED dat=package:com.archie.drone_tracker flg=0x4000010 (has extras) } to com.google.android.ims/.receivers.RcsAutoStartReceiver
12-11 12:10:56.535  1118  1595 I ActivityManager: START u0 {act=android.intent.action.MAIN cat=[android.intent.category.LAUNCHER] flg=0x10200000 cmp=com.archie.drone_tracker/com.unity3d.player.UnityPlayerActivity} from uid 2000
12-11 12:10:56.558  1118  2810 I ActivityManager: Start proc 21356:com.archie.drone_tracker/u0a155 for activity com.archie.drone_tracker/com.unity3d.player.UnityPlayerActivity
12-11 12:10:56.681  1118  1141 I ActivityManager: Displayed com.archie.drone_tracker/com.unity3d.player.UnityPlayerActivity: +132ms
12-11 12:10:56.691 21356 21371 I Unity   : ApplicationInfo com.archie.drone_tracker version 0.1 build 95524ae6-c354-4fa2-aa0f-76881284ca74
12-11 12:10:56.733 21356 21371 I chatty  : uid=10155(com.archie.drone_tracker) identical 14 lines
12-11 12:10:59.918  1118  1134 W ActivityManager: Activity pause timeout for ActivityRecord{664ad29 u0 com.archie.drone_tracker/com.unity3d.player.UnityPlayerActivity t33}
12-11 12:11:00.210  1118  1595 I ActivityManager: Killing 21356:com.archie.drone_tracker/u0a155 (adj 900): remove task
12-11 12:11:00.237  1118  1242 W InputDispatcher: channel '880faf8 com.archie.drone_tracker/com.unity3d.player.UnityPlayerActivity (server)' ~ Consumer closed input channel or an error occurred.  events=0x9
12-11 12:11:00.237  1118  1242 E InputDispatcher: channel '880faf8 com.archie.drone_tracker/com.unity3d.player.UnityPlayerActivity (server)' ~ Channel is unrecoverably broken and will be disposed!
12-11 12:11:00.238  1118 18820 I WindowManager: WIN DEATH: Window{880faf8 u0 com.archie.drone_tracker/com.unity3d.player.UnityPlayerActivity}
12-11 12:11:00.238  1118 18820 W InputDispatcher: Attempted to unregister already unregistered input channel '880faf8 com.archie.drone_tracker/com.unity3d.player.UnityPlayerActivity (server)'
12-11 12:11:03.377  1118  1634 I ActivityManager: START u0 {flg=0x10000000 cmp=com.archie.drone_tracker/com.unity3d.player.UnityPlayerActivity (has extras)} from uid 2000
12-11 12:11:03.397  1118  1130 I ActivityManager: Start proc 21432:com.archie.drone_tracker/u0a155 for activity com.archie.drone_tracker/com.unity3d.player.UnityPlayerActivity
12-11 12:11:03.522  1118  1141 I ActivityManager: Displayed com.archie.drone_tracker/com.unity3d.player.UnityPlayerActivity: +134ms
12-11 12:11:03.532 21432 21448 I Unity   : ApplicationInfo com.archie.drone_tracker version 0.1 build 95524ae6-c354-4fa2-aa0f-76881284ca74
12-11 12:11:03.574 21432 21448 I chatty  : uid=10155(com.archie.drone_tracker) identical 14 lines
12-11 12:11:07.000 21432 21448 I Unity   : Finished retrieving intent params from: 
12-11 12:11:07.000 21432 21448 I Unity   : 	 Current activity: com.unity3d.player.UnityPlayerActivity
12-11 12:11:07.000 21432 21448 I Unity   : 	 Current component: com.archie.drone_tracker/com.unity3d.player.UnityPlayerActivity
12-11 12:11:07.000 21432 21448 I Unity   :  
12-11 12:11:07.000 21432 21448 I Unity   : (Filename: ./Runtime/Export/Debug.bindings.h Line: 43)
12-11 12:11:07.000 21432 21448 I Unity   : 
12-11 12:12:07.296 21432 21448 I Unity   : Auto-close delay complete.  Writing frame rate results to file: /storage/emulated/0/Android/data/com.archie.drone_tracker/files/frames.csv
12-11 12:12:07.296 21432 21448 I Unity   :  
12-11 12:12:07.296 21432 21448 I Unity   : (Filename: ./Runtime/Export/Debug.bindings.h Line: 43)
12-11 12:12:07.296 21432 21448 I Unity   : 
12-11 12:12:07.831  1118  1134 W ActivityManager: Activity pause timeout for ActivityRecord{916ce19 u0 com.archie.drone_tracker/com.unity3d.player.UnityPlayerActivity t34 f}
12-11 12:12:33.891  1118  1596 I ActivityManager: Force stopping com.archie.drone_tracker appid=10155 user=0: from pid 21756
12-11 12:12:33.892  1118  1596 I ActivityManager: Killing 21432:com.archie.drone_tracker/u0a155 (adj 900): stop com.archie.drone_tracker
12-11 12:12:33.902  2545  3292 D BaseStreamManager: Promised side-channel cancel-all @ r#15478 for com.archie.drone_tracker (@15477)
12-11 12:12:33.951  1118  1628 W ActivityManager: Invalid packageName: com.archie.drone_tracker
12-11 12:14:03.586  1118  2815 I ActivityManager: START u0 {flg=0x10000000 cmp=com.archie.drone_tracker/com.unity3d.player.UnityPlayerActivity (has extras)} from uid 2000
12-11 12:14:03.604  1118  1628 I ActivityManager: Start proc 21788:com.archie.drone_tracker/u0a155 for activity com.archie.drone_tracker/com.unity3d.player.UnityPlayerActivity
12-11 12:14:03.726  1118  1141 I ActivityManager: Displayed com.archie.drone_tracker/com.unity3d.player.UnityPlayerActivity: +130ms
12-11 12:14:03.735 21788 21803 I Unity   : ApplicationInfo com.archie.drone_tracker version 0.1 build 95524ae6-c354-4fa2-aa0f-76881284ca74
12-11 12:14:03.776 21788 21803 I chatty  : uid=10155(com.archie.drone_tracker) identical 14 lines
12-11 12:14:06.619 21788 21788 I chatty  : uid=10155(com.archie.drone_tracker) identical 1 line
12-11 12:14:07.269 21788 21803 I Unity   : Finished retrieving intent params from: 
12-11 12:14:07.269 21788 21803 I Unity   : 	 Current activity: com.unity3d.player.UnityPlayerActivity
12-11 12:14:07.269 21788 21803 I Unity   : 	 Current component: com.archie.drone_tracker/com.unity3d.player.UnityPlayerActivity
12-11 12:14:07.269 21788 21803 I Unity   :  
12-11 12:14:07.269 21788 21803 I Unity   : (Filename: ./Runtime/Export/Debug.bindings.h Line: 43)
12-11 12:14:07.269 21788 21803 I Unity   : 
12-11 12:19:07.525 21788 21803 I Unity   : Auto-close delay complete.  Writing frame rate results to file: /storage/emulated/0/Android/data/com.archie.drone_tracker/files/frames.csv
12-11 12:19:07.525 21788 21803 I Unity   :  
12-11 12:19:07.525 21788 21803 I Unity   : (Filename: ./Runtime/Export/Debug.bindings.h Line: 43)
12-11 12:19:07.525 21788 21803 I Unity   : 
12-11 12:19:08.052  1118  1134 W ActivityManager: Activity pause timeout for ActivityRecord{3c70b7c u0 com.archie.drone_tracker/com.unity3d.player.UnityPlayerActivity t35 f}
12-11 12:19:08.211   793 11054 I Camera2ClientBase: Closed Camera 0. Client was: com.archie.drone_tracker (PID 21788, UID 10155)
12-11 12:19:08.230  1118  1226 I WindowManager: Failed to capture screenshot of Token{f27dc05 ActivityRecord{3c70b7c u0 com.archie.drone_tracker/com.unity3d.player.UnityPlayerActivity t35 f}} appWin=Window{9822ad6 u0 com.archie.drone_tracker/com.unity3d.player.UnityPlayerActivity} drawState=4
