12-11 10:50:47.957  1118  1134 W BroadcastQueue: Background execution not allowed: receiving Intent { act=android.intent.action.PACKAGE_REPLACED dat=package:com.archie.drone_tracker flg=0x4000010 (has extras) } to com.google.android.apps.photos/.notificationchannels.AppUpdateBroadcastReceiver
12-11 10:50:47.957  1118  1134 W BroadcastQueue: Background execution not allowed: receiving Intent { act=android.intent.action.PACKAGE_REPLACED dat=package:com.archie.drone_tracker flg=0x4000010 (has extras) } to com.google.android.gms/.gass.chimera.PackageChangeBroadcastReceiver
12-11 10:50:47.957  1118  1134 W BroadcastQueue: Background execution not allowed: receiving Intent { act=android.intent.action.PACKAGE_REPLACED dat=package:com.archie.drone_tracker flg=0x4000010 (has extras) } to com.google.android.gms/.chimera.GmsIntentOperationService$PersistentTrustedReceiver
12-11 10:50:47.957  1118  1134 W BroadcastQueue: Background execution not allowed: receiving Intent { act=android.intent.action.PACKAGE_REPLACED dat=package:com.archie.drone_tracker flg=0x4000010 (has extras) } to com.google.android.googlequicksearchbox/com.google.android.apps.gsa.googlequicksearchbox.GelStubAppWatcher
12-11 10:50:47.959  1118  1134 W BroadcastQueue: Background execution not allowed: receiving Intent { act=android.intent.action.PACKAGE_REPLACED dat=package:com.archie.drone_tracker flg=0x4000010 (has extras) } to com.google.android.ims/.receivers.RcsAutoStartReceiver
12-11 10:50:48.600  1118  1131 I ActivityManager: START u0 {act=android.intent.action.MAIN cat=[android.intent.category.LAUNCHER] flg=0x10200000 cmp=com.archie.drone_tracker/com.unity3d.player.UnityPlayerActivity} from uid 2000
12-11 10:50:48.621  1118  2810 I ActivityManager: Start proc 11757:com.archie.drone_tracker/u0a155 for activity com.archie.drone_tracker/com.unity3d.player.UnityPlayerActivity
12-11 10:50:48.813 11757 11772 I chatty  : uid=10155(com.archie.drone_tracker) identical 14 lines
12-11 10:53:25.258  1118  1134 I ActivityManager: Force stopping com.archie.drone_tracker appid=10155 user=-1: installPackageLI
12-11 10:53:25.259  1118  1134 I ActivityManager: Killing 11757:com.archie.drone_tracker/u0a155 (adj 0): stop com.archie.drone_tracker
12-11 10:53:25.263  1118  1134 W ActivityManager: Force removing ActivityRecord{12ed525 u0 com.archie.drone_tracker/com.unity3d.player.UnityPlayerActivity t9}: app died, no saved state
12-11 10:53:25.265  1118  1134 I WindowManager: Failed to capture screenshot of Token{58036fa ActivityRecord{12ed525 u0 com.archie.drone_tracker/com.unity3d.player.UnityPlayerActivity t9 f}} appWin=Window{dd349e4 u0 com.archie.drone_tracker/com.unity3d.player.UnityPlayerActivity} drawState=4
12-11 10:53:25.311  1118  1148 I PackageManager: Package com.archie.drone_tracker codePath changed from /data/app/com.archie.drone_tracker-WnEMNOOj4f25su4SGbhPtQ== to /data/app/com.archie.drone_tracker-W1l_B3yDisFoTwaotvoeRw==; Retaining data and using new
12-11 10:53:25.312  1118  1148 W PackageManager: Code path for com.archie.drone_tracker changing from /data/app/com.archie.drone_tracker-WnEMNOOj4f25su4SGbhPtQ== to /data/app/com.archie.drone_tracker-W1l_B3yDisFoTwaotvoeRw==
12-11 10:53:25.312  1118  1148 W PackageManager: Resource path for com.archie.drone_tracker changing from /data/app/com.archie.drone_tracker-WnEMNOOj4f25su4SGbhPtQ== to /data/app/com.archie.drone_tracker-W1l_B3yDisFoTwaotvoeRw==
12-11 10:53:25.651  1118  1148 I ActivityManager: Force stopping com.archie.drone_tracker appid=10155 user=0: pkg removed
12-11 10:53:25.661  1118  1134 W BroadcastQueue: Background execution not allowed: receiving Intent { act=android.intent.action.PACKAGE_REMOVED dat=package:com.archie.drone_tracker flg=0x4000010 (has extras) } to com.android.musicfx/.Compatibility$Receiver
12-11 10:53:25.673  1118  1134 W BroadcastQueue: Background execution not allowed: receiving Intent { act=android.intent.action.PACKAGE_REMOVED dat=package:com.archie.drone_tracker flg=0x4000010 (has extras) } to com.android.vending/com.google.android.finsky.packagemanager.impl.PackageMonitorReceiverImpl$RegisteredReceiver
12-11 10:53:25.673  1118  1134 W BroadcastQueue: Background execution not allowed: receiving Intent { act=android.intent.action.PACKAGE_REMOVED dat=package:com.archie.drone_tracker flg=0x4000010 (has extras) } to com.android.vending/com.google.android.finsky.instantapps.appmanagement.InstantAppRemoveMonitor
12-11 10:53:25.689  1118  1134 W BroadcastQueue: Background execution not allowed: receiving Intent { act=android.intent.action.PACKAGE_REMOVED dat=package:com.archie.drone_tracker flg=0x4000010 (has extras) } to com.google.android.gms/.games.chimera.GamesSystemBroadcastReceiverProxy
12-11 10:53:25.689  1118  1134 W BroadcastQueue: Background execution not allowed: receiving Intent { act=android.intent.action.PACKAGE_REMOVED dat=package:com.archie.drone_tracker flg=0x4000010 (has extras) } to com.google.android.gms/.photos.autobackup.PhotosAppUninstalledReceiver
12-11 10:53:25.689  1118  1134 W BroadcastQueue: Background execution not allowed: receiving Intent { act=android.intent.action.PACKAGE_REMOVED dat=package:com.archie.drone_tracker flg=0x4000010 (has extras) } to com.google.android.gms/.chimera.GmsIntentOperationService$PersistentTrustedReceiver
12-11 10:53:25.689  1118  1134 W BroadcastQueue: Background execution not allowed: receiving Intent { act=android.intent.action.PACKAGE_REMOVED dat=package:com.archie.drone_tracker flg=0x4000010 (has extras) } to com.google.android.googlequicksearchbox/com.google.android.apps.gsa.googlequicksearchbox.GelStubAppWatcher
12-11 10:53:25.725  1118  2815 W BroadcastQueue: Background execution not allowed: receiving Intent { act=android.intent.action.PACKAGE_ADDED dat=package:com.archie.drone_tracker flg=0x4000010 (has extras) } to com.android.musicfx/.Compatibility$Receiver
12-11 10:53:25.725  1118  1134 W BroadcastQueue: Background execution not allowed: receiving Intent { act=android.intent.action.PACKAGE_ADDED dat=package:com.archie.drone_tracker flg=0x4000010 (has extras) } to com.android.vending/com.google.android.finsky.packagemanager.impl.PackageMonitorReceiverImpl$RegisteredReceiver
12-11 10:53:25.725  1118  1134 W BroadcastQueue: Background execution not allowed: receiving Intent { act=android.intent.action.PACKAGE_ADDED dat=package:com.archie.drone_tracker flg=0x4000010 (has extras) } to com.google.android.gms/.games.chimera.GamesSystemBroadcastReceiverProxy
12-11 10:53:25.726  1118  1134 W BroadcastQueue: Background execution not allowed: receiving Intent { act=android.intent.action.PACKAGE_ADDED dat=package:com.archie.drone_tracker flg=0x4000010 (has extras) } to com.google.android.gms/.gass.chimera.PackageChangeBroadcastReceiver
12-11 10:53:25.726  1118  1134 W BroadcastQueue: Background execution not allowed: receiving Intent { act=android.intent.action.PACKAGE_ADDED dat=package:com.archie.drone_tracker flg=0x4000010 (has extras) } to com.google.android.gms/.chimera.GmsIntentOperationService$PersistentTrustedReceiver
12-11 10:53:25.726  1118  1134 W BroadcastQueue: Background execution not allowed: receiving Intent { act=android.intent.action.PACKAGE_ADDED dat=package:com.archie.drone_tracker flg=0x4000010 (has extras) } to com.google.android.googlequicksearchbox/com.google.android.apps.gsa.googlequicksearchbox.GelStubAppWatcher
12-11 10:53:25.726  1118  1134 W BroadcastQueue: Background execution not allowed: receiving Intent { act=android.intent.action.PACKAGE_ADDED dat=package:com.archie.drone_tracker flg=0x4000010 (has extras) } to com.google.android.ims/.receivers.RcsAutoStartReceiver
12-11 10:53:25.743  1118  2819 W BroadcastQueue: Background execution not allowed: receiving Intent { act=android.intent.action.PACKAGE_REPLACED dat=package:com.archie.drone_tracker flg=0x4000010 (has extras) } to com.android.musicfx/.Compatibility$Receiver
12-11 10:53:25.755  1118  1134 W BroadcastQueue: Background execution not allowed: receiving Intent { act=android.intent.action.PACKAGE_REPLACED dat=package:com.archie.drone_tracker flg=0x4000010 (has extras) } to com.google.android.apps.photos/.account.full.FetchAccountPropertiesAppUpgradeBroadcastReceiver
12-11 10:53:25.755  1118  1134 W BroadcastQueue: Background execution not allowed: receiving Intent { act=android.intent.action.PACKAGE_REPLACED dat=package:com.archie.drone_tracker flg=0x4000010 (has extras) } to com.google.android.apps.photos/.account.full.SyncAccountsForLoginBroadcastReceiver
12-11 10:53:25.755  1118  1134 W BroadcastQueue: Background execution not allowed: receiving Intent { act=android.intent.action.PACKAGE_REPLACED dat=package:com.archie.drone_tracker flg=0x4000010 (has extras) } to com.google.android.apps.photos/.experiments.phenotype.full.PhenotypeAppUpgradeBroadcastReceiver
12-11 10:53:25.755  1118  1134 W BroadcastQueue: Background execution not allowed: receiving Intent { act=android.intent.action.PACKAGE_REPLACED dat=package:com.archie.drone_tracker flg=0x4000010 (has extras) } to com.google.android.apps.photos/.notificationchannels.AppUpdateBroadcastReceiver
12-11 10:53:25.755  1118  1134 W BroadcastQueue: Background execution not allowed: receiving Intent { act=android.intent.action.PACKAGE_REPLACED dat=package:com.archie.drone_tracker flg=0x4000010 (has extras) } to com.google.android.gms/.gass.chimera.PackageChangeBroadcastReceiver
12-11 10:53:25.755  1118  1134 W BroadcastQueue: Background execution not allowed: receiving Intent { act=android.intent.action.PACKAGE_REPLACED dat=package:com.archie.drone_tracker flg=0x4000010 (has extras) } to com.google.android.gms/.chimera.GmsIntentOperationService$PersistentTrustedReceiver
12-11 10:53:25.755  1118  1134 W BroadcastQueue: Background execution not allowed: receiving Intent { act=android.intent.action.PACKAGE_REPLACED dat=package:com.archie.drone_tracker flg=0x4000010 (has extras) } to com.google.android.googlequicksearchbox/com.google.android.apps.gsa.googlequicksearchbox.GelStubAppWatcher
12-11 10:53:25.756  1118  1134 W BroadcastQueue: Background execution not allowed: receiving Intent { act=android.intent.action.PACKAGE_REPLACED dat=package:com.archie.drone_tracker flg=0x4000010 (has extras) } to com.google.android.ims/.receivers.RcsAutoStartReceiver
12-11 10:53:26.376  1118  1628 I ActivityManager: START u0 {act=android.intent.action.MAIN cat=[android.intent.category.LAUNCHER] flg=0x10200000 cmp=com.archie.drone_tracker/com.unity3d.player.UnityPlayerActivity} from uid 2000
12-11 10:53:26.398  1118  2804 I ActivityManager: Start proc 12035:com.archie.drone_tracker/u0a155 for activity com.archie.drone_tracker/com.unity3d.player.UnityPlayerActivity
12-11 10:53:26.632 12035 12050 I chatty  : uid=10155(com.archie.drone_tracker) identical 14 lines
12-11 10:54:52.039  1118  1406 I ActivityManager: Killing 12035:com.archie.drone_tracker/u0a155 (adj 900): remove task
12-11 10:54:52.080  1118  1406 I WindowManager: WIN DEATH: Window{1e4bf7a u0 com.archie.drone_tracker/com.unity3d.player.UnityPlayerActivity}
12-11 10:56:55.161  1118  1134 I ActivityManager: Force stopping com.archie.drone_tracker appid=10155 user=-1: installPackageLI
12-11 10:56:55.268  1118  1148 I PackageManager: Package com.archie.drone_tracker codePath changed from /data/app/com.archie.drone_tracker-W1l_B3yDisFoTwaotvoeRw== to /data/app/com.archie.drone_tracker-1V6_onqSUbMNFII7DqsZjw==; Retaining data and using new
12-11 10:56:55.269  1118  1148 W PackageManager: Code path for com.archie.drone_tracker changing from /data/app/com.archie.drone_tracker-W1l_B3yDisFoTwaotvoeRw== to /data/app/com.archie.drone_tracker-1V6_onqSUbMNFII7DqsZjw==
12-11 10:56:55.269  1118  1148 W PackageManager: Resource path for com.archie.drone_tracker changing from /data/app/com.archie.drone_tracker-W1l_B3yDisFoTwaotvoeRw== to /data/app/com.archie.drone_tracker-1V6_onqSUbMNFII7DqsZjw==
12-11 10:56:55.582  1118  1148 I ActivityManager: Force stopping com.archie.drone_tracker appid=10155 user=0: pkg removed
12-11 10:56:55.618  1118  1134 W BroadcastQueue: Background execution not allowed: receiving Intent { act=android.intent.action.PACKAGE_REMOVED dat=package:com.archie.drone_tracker flg=0x4000010 (has extras) } to com.android.musicfx/.Compatibility$Receiver
12-11 10:56:55.619  1118  1134 W BroadcastQueue: Background execution not allowed: receiving Intent { act=android.intent.action.PACKAGE_REMOVED dat=package:com.archie.drone_tracker flg=0x4000010 (has extras) } to com.android.vending/com.google.android.finsky.packagemanager.impl.PackageMonitorReceiverImpl$RegisteredReceiver
12-11 10:56:55.635  1118  1134 W BroadcastQueue: Background execution not allowed: receiving Intent { act=android.intent.action.PACKAGE_REMOVED dat=package:com.archie.drone_tracker flg=0x4000010 (has extras) } to com.android.vending/com.google.android.finsky.instantapps.appmanagement.InstantAppRemoveMonitor
12-11 10:56:55.637  1118  1134 W BroadcastQueue: Background execution not allowed: receiving Intent { act=android.intent.action.PACKAGE_REMOVED dat=package:com.archie.drone_tracker flg=0x4000010 (has extras) } to com.google.android.gms/.games.chimera.GamesSystemBroadcastReceiverProxy
12-11 10:56:55.637  1118  1134 W BroadcastQueue: Background execution not allowed: receiving Intent { act=android.intent.action.PACKAGE_REMOVED dat=package:com.archie.drone_tracker flg=0x4000010 (has extras) } to com.google.android.gms/.photos.autobackup.PhotosAppUninstalledReceiver
12-11 10:56:55.637  1118  1134 W BroadcastQueue: Background execution not allowed: receiving Intent { act=android.intent.action.PACKAGE_REMOVED dat=package:com.archie.drone_tracker flg=0x4000010 (has extras) } to com.google.android.gms/.chimera.GmsIntentOperationService$PersistentTrustedReceiver
12-11 10:56:55.638  1118  1134 W BroadcastQueue: Background execution not allowed: receiving Intent { act=android.intent.action.PACKAGE_REMOVED dat=package:com.archie.drone_tracker flg=0x4000010 (has extras) } to com.google.android.googlequicksearchbox/com.google.android.apps.gsa.googlequicksearchbox.GelStubAppWatcher
12-11 10:56:55.664  1118  2815 W BroadcastQueue: Background execution not allowed: receiving Intent { act=android.intent.action.PACKAGE_ADDED dat=package:com.archie.drone_tracker flg=0x4000010 (has extras) } to com.android.musicfx/.Compatibility$Receiver
12-11 10:56:55.664  1118  1134 W BroadcastQueue: Background execution not allowed: receiving Intent { act=android.intent.action.PACKAGE_ADDED dat=package:com.archie.drone_tracker flg=0x4000010 (has extras) } to com.android.vending/com.google.android.finsky.packagemanager.impl.PackageMonitorReceiverImpl$RegisteredReceiver
12-11 10:56:55.664  1118  1134 W BroadcastQueue: Background execution not allowed: receiving Intent { act=android.intent.action.PACKAGE_ADDED dat=package:com.archie.drone_tracker flg=0x4000010 (has extras) } to com.google.android.gms/.games.chimera.GamesSystemBroadcastReceiverProxy
12-11 10:56:55.664  1118  1134 W BroadcastQueue: Background execution not allowed: receiving Intent { act=android.intent.action.PACKAGE_ADDED dat=package:com.archie.drone_tracker flg=0x4000010 (has extras) } to com.google.android.gms/.gass.chimera.PackageChangeBroadcastReceiver
12-11 10:56:55.664  1118  1134 W BroadcastQueue: Background execution not allowed: receiving Intent { act=android.intent.action.PACKAGE_ADDED dat=package:com.archie.drone_tracker flg=0x4000010 (has extras) } to com.google.android.gms/.chimera.GmsIntentOperationService$PersistentTrustedReceiver
12-11 10:56:55.664  1118  1134 W BroadcastQueue: Background execution not allowed: receiving Intent { act=android.intent.action.PACKAGE_ADDED dat=package:com.archie.drone_tracker flg=0x4000010 (has extras) } to com.google.android.googlequicksearchbox/com.google.android.apps.gsa.googlequicksearchbox.GelStubAppWatcher
12-11 10:56:55.664  1118  1134 W BroadcastQueue: Background execution not allowed: receiving Intent { act=android.intent.action.PACKAGE_ADDED dat=package:com.archie.drone_tracker flg=0x4000010 (has extras) } to com.google.android.ims/.receivers.RcsAutoStartReceiver
12-11 10:56:55.694  1118  2815 W BroadcastQueue: Background execution not allowed: receiving Intent { act=android.intent.action.PACKAGE_REPLACED dat=package:com.archie.drone_tracker flg=0x4000010 (has extras) } to com.android.musicfx/.Compatibility$Receiver
12-11 10:56:55.696  1118  1134 W BroadcastQueue: Background execution not allowed: receiving Intent { act=android.intent.action.PACKAGE_REPLACED dat=package:com.archie.drone_tracker flg=0x4000010 (has extras) } to com.google.android.apps.photos/.account.full.FetchAccountPropertiesAppUpgradeBroadcastReceiver
12-11 10:56:55.696  1118  1134 W BroadcastQueue: Background execution not allowed: receiving Intent { act=android.intent.action.PACKAGE_REPLACED dat=package:com.archie.drone_tracker flg=0x4000010 (has extras) } to com.google.android.apps.photos/.account.full.SyncAccountsForLoginBroadcastReceiver
12-11 10:56:55.696  1118  1134 W BroadcastQueue: Background execution not allowed: receiving Intent { act=android.intent.action.PACKAGE_REPLACED dat=package:com.archie.drone_tracker flg=0x4000010 (has extras) } to com.google.android.apps.photos/.experiments.phenotype.full.PhenotypeAppUpgradeBroadcastReceiver
12-11 10:56:55.697  1118  1134 W BroadcastQueue: Background execution not allowed: receiving Intent { act=android.intent.action.PACKAGE_REPLACED dat=package:com.archie.drone_tracker flg=0x4000010 (has extras) } to com.google.android.apps.photos/.notificationchannels.AppUpdateBroadcastReceiver
12-11 10:56:55.697  1118  1134 W BroadcastQueue: Background execution not allowed: receiving Intent { act=android.intent.action.PACKAGE_REPLACED dat=package:com.archie.drone_tracker flg=0x4000010 (has extras) } to com.google.android.gms/.gass.chimera.PackageChangeBroadcastReceiver
12-11 10:56:55.697  1118  1134 W BroadcastQueue: Background execution not allowed: receiving Intent { act=android.intent.action.PACKAGE_REPLACED dat=package:com.archie.drone_tracker flg=0x4000010 (has extras) } to com.google.android.gms/.chimera.GmsIntentOperationService$PersistentTrustedReceiver
12-11 10:56:55.697  1118  1134 W BroadcastQueue: Background execution not allowed: receiving Intent { act=android.intent.action.PACKAGE_REPLACED dat=package:com.archie.drone_tracker flg=0x4000010 (has extras) } to com.google.android.googlequicksearchbox/com.google.android.apps.gsa.googlequicksearchbox.GelStubAppWatcher
12-11 10:56:55.697  1118  1134 W BroadcastQueue: Background execution not allowed: receiving Intent { act=android.intent.action.PACKAGE_REPLACED dat=package:com.archie.drone_tracker flg=0x4000010 (has extras) } to com.google.android.ims/.receivers.RcsAutoStartReceiver
12-11 10:56:56.378  1118  1628 I ActivityManager: START u0 {act=android.intent.action.MAIN cat=[android.intent.category.LAUNCHER] flg=0x10200000 cmp=com.archie.drone_tracker/com.unity3d.player.UnityPlayerActivity} from uid 2000
12-11 10:56:56.404  1118  1406 I ActivityManager: Start proc 12370:com.archie.drone_tracker/u0a155 for activity com.archie.drone_tracker/com.unity3d.player.UnityPlayerActivity
12-11 10:56:56.563 12370 12385 I chatty  : uid=10155(com.archie.drone_tracker) identical 14 lines
12-11 10:57:03.566  1118  1134 W ActivityManager: Activity pause timeout for ActivityRecord{c502d8c u0 com.archie.drone_tracker/com.unity3d.player.UnityPlayerActivity t11}
12-11 10:57:03.952  1118  1595 I ActivityManager: Killing 12370:com.archie.drone_tracker/u0a155 (adj 900): remove task
12-11 10:57:03.989  1118  1502 I WindowManager: WIN DEATH: Window{859afa7 u0 com.archie.drone_tracker/com.unity3d.player.UnityPlayerActivity}
12-11 10:57:09.970  1118  1502 I ActivityManager: START u0 {flg=0x10000000 cmp=com.archie.drone_tracker/com.archie.drone_tracker} from uid 2000
12-11 11:00:06.246  1118  1134 I ActivityManager: Force stopping com.archie.drone_tracker appid=10155 user=-1: installPackageLI
12-11 11:00:06.322  1118  1148 I PackageManager: Package com.archie.drone_tracker codePath changed from /data/app/com.archie.drone_tracker-1V6_onqSUbMNFII7DqsZjw== to /data/app/com.archie.drone_tracker-8GRwYNHI-yvmRljWjpmP5A==; Retaining data and using new
12-11 11:00:06.322  1118  1148 W PackageManager: Code path for com.archie.drone_tracker changing from /data/app/com.archie.drone_tracker-1V6_onqSUbMNFII7DqsZjw== to /data/app/com.archie.drone_tracker-8GRwYNHI-yvmRljWjpmP5A==
12-11 11:00:06.322  1118  1148 W PackageManager: Resource path for com.archie.drone_tracker changing from /data/app/com.archie.drone_tracker-1V6_onqSUbMNFII7DqsZjw== to /data/app/com.archie.drone_tracker-8GRwYNHI-yvmRljWjpmP5A==
12-11 11:00:06.574  1118  1148 I ActivityManager: Force stopping com.archie.drone_tracker appid=10155 user=0: pkg removed
12-11 11:00:06.615  1118  1134 W BroadcastQueue: Background execution not allowed: receiving Intent { act=android.intent.action.PACKAGE_REMOVED dat=package:com.archie.drone_tracker flg=0x4000010 (has extras) } to com.android.musicfx/.Compatibility$Receiver
12-11 11:00:06.616  1118  1134 W BroadcastQueue: Background execution not allowed: receiving Intent { act=android.intent.action.PACKAGE_REMOVED dat=package:com.archie.drone_tracker flg=0x4000010 (has extras) } to com.android.vending/com.google.android.finsky.packagemanager.impl.PackageMonitorReceiverImpl$RegisteredReceiver
12-11 11:00:06.616  1118  1134 W BroadcastQueue: Background execution not allowed: receiving Intent { act=android.intent.action.PACKAGE_REMOVED dat=package:com.archie.drone_tracker flg=0x4000010 (has extras) } to com.android.vending/com.google.android.finsky.instantapps.appmanagement.InstantAppRemoveMonitor
12-11 11:00:06.624  1118  1134 W BroadcastQueue: Background execution not allowed: receiving Intent { act=android.intent.action.PACKAGE_REMOVED dat=package:com.archie.drone_tracker flg=0x4000010 (has extras) } to com.google.android.gms/.games.chimera.GamesSystemBroadcastReceiverProxy
12-11 11:00:06.624  1118  1134 W BroadcastQueue: Background execution not allowed: receiving Intent { act=android.intent.action.PACKAGE_REMOVED dat=package:com.archie.drone_tracker flg=0x4000010 (has extras) } to com.google.android.gms/.photos.autobackup.PhotosAppUninstalledReceiver
12-11 11:00:06.624  1118  1134 W BroadcastQueue: Background execution not allowed: receiving Intent { act=android.intent.action.PACKAGE_REMOVED dat=package:com.archie.drone_tracker flg=0x4000010 (has extras) } to com.google.android.gms/.chimera.GmsIntentOperationService$PersistentTrustedReceiver
12-11 11:00:06.624  1118  1134 W BroadcastQueue: Background execution not allowed: receiving Intent { act=android.intent.action.PACKAGE_REMOVED dat=package:com.archie.drone_tracker flg=0x4000010 (has extras) } to com.google.android.googlequicksearchbox/com.google.android.apps.gsa.googlequicksearchbox.GelStubAppWatcher
12-11 11:00:06.647  1118  2808 W BroadcastQueue: Background execution not allowed: receiving Intent { act=android.intent.action.PACKAGE_ADDED dat=package:com.archie.drone_tracker flg=0x4000010 (has extras) } to com.android.musicfx/.Compatibility$Receiver
12-11 11:00:06.647  1118  1134 W BroadcastQueue: Background execution not allowed: receiving Intent { act=android.intent.action.PACKAGE_ADDED dat=package:com.archie.drone_tracker flg=0x4000010 (has extras) } to com.android.vending/com.google.android.finsky.packagemanager.impl.PackageMonitorReceiverImpl$RegisteredReceiver
12-11 11:00:06.647  1118  1134 W BroadcastQueue: Background execution not allowed: receiving Intent { act=android.intent.action.PACKAGE_ADDED dat=package:com.archie.drone_tracker flg=0x4000010 (has extras) } to com.google.android.gms/.games.chimera.GamesSystemBroadcastReceiverProxy
12-11 11:00:06.647  1118  1134 W BroadcastQueue: Background execution not allowed: receiving Intent { act=android.intent.action.PACKAGE_ADDED dat=package:com.archie.drone_tracker flg=0x4000010 (has extras) } to com.google.android.gms/.gass.chimera.PackageChangeBroadcastReceiver
12-11 11:00:06.647  1118  1134 W BroadcastQueue: Background execution not allowed: receiving Intent { act=android.intent.action.PACKAGE_ADDED dat=package:com.archie.drone_tracker flg=0x4000010 (has extras) } to com.google.android.gms/.chimera.GmsIntentOperationService$PersistentTrustedReceiver
12-11 11:00:06.647  1118  1134 W BroadcastQueue: Background execution not allowed: receiving Intent { act=android.intent.action.PACKAGE_ADDED dat=package:com.archie.drone_tracker flg=0x4000010 (has extras) } to com.google.android.googlequicksearchbox/com.google.android.apps.gsa.googlequicksearchbox.GelStubAppWatcher
12-11 11:00:06.648  1118  1134 W BroadcastQueue: Background execution not allowed: receiving Intent { act=android.intent.action.PACKAGE_ADDED dat=package:com.archie.drone_tracker flg=0x4000010 (has extras) } to com.google.android.ims/.receivers.RcsAutoStartReceiver
12-11 11:00:06.660  1118  2809 W BroadcastQueue: Background execution not allowed: receiving Intent { act=android.intent.action.PACKAGE_REPLACED dat=package:com.archie.drone_tracker flg=0x4000010 (has extras) } to com.android.musicfx/.Compatibility$Receiver
12-11 11:00:06.665  1118  1134 W BroadcastQueue: Background execution not allowed: receiving Intent { act=android.intent.action.PACKAGE_REPLACED dat=package:com.archie.drone_tracker flg=0x4000010 (has extras) } to com.google.android.apps.photos/.account.full.FetchAccountPropertiesAppUpgradeBroadcastReceiver
12-11 11:00:06.665  1118  1134 W BroadcastQueue: Background execution not allowed: receiving Intent { act=android.intent.action.PACKAGE_REPLACED dat=package:com.archie.drone_tracker flg=0x4000010 (has extras) } to com.google.android.apps.photos/.account.full.SyncAccountsForLoginBroadcastReceiver
12-11 11:00:06.665  1118  1134 W BroadcastQueue: Background execution not allowed: receiving Intent { act=android.intent.action.PACKAGE_REPLACED dat=package:com.archie.drone_tracker flg=0x4000010 (has extras) } to com.google.android.apps.photos/.experiments.phenotype.full.PhenotypeAppUpgradeBroadcastReceiver
12-11 11:00:06.665  1118  1134 W BroadcastQueue: Background execution not allowed: receiving Intent { act=android.intent.action.PACKAGE_REPLACED dat=package:com.archie.drone_tracker flg=0x4000010 (has extras) } to com.google.android.apps.photos/.notificationchannels.AppUpdateBroadcastReceiver
12-11 11:00:06.665  1118  1134 W BroadcastQueue: Background execution not allowed: receiving Intent { act=android.intent.action.PACKAGE_REPLACED dat=package:com.archie.drone_tracker flg=0x4000010 (has extras) } to com.google.android.gms/.gass.chimera.PackageChangeBroadcastReceiver
12-11 11:00:06.665  1118  1134 W BroadcastQueue: Background execution not allowed: receiving Intent { act=android.intent.action.PACKAGE_REPLACED dat=package:com.archie.drone_tracker flg=0x4000010 (has extras) } to com.google.android.gms/.chimera.GmsIntentOperationService$PersistentTrustedReceiver
12-11 11:00:06.665  1118  1134 W BroadcastQueue: Background execution not allowed: receiving Intent { act=android.intent.action.PACKAGE_REPLACED dat=package:com.archie.drone_tracker flg=0x4000010 (has extras) } to com.google.android.googlequicksearchbox/com.google.android.apps.gsa.googlequicksearchbox.GelStubAppWatcher
12-11 11:00:06.665  1118  1134 W BroadcastQueue: Background execution not allowed: receiving Intent { act=android.intent.action.PACKAGE_REPLACED dat=package:com.archie.drone_tracker flg=0x4000010 (has extras) } to com.google.android.ims/.receivers.RcsAutoStartReceiver
12-11 11:00:07.371  1118  1502 I ActivityManager: START u0 {act=android.intent.action.MAIN cat=[android.intent.category.LAUNCHER] flg=0x10200000 cmp=com.archie.drone_tracker/com.unity3d.player.UnityPlayerActivity} from uid 2000
12-11 11:00:07.394  1118  2804 I ActivityManager: Start proc 12674:com.archie.drone_tracker/u0a155 for activity com.archie.drone_tracker/com.unity3d.player.UnityPlayerActivity
12-11 11:00:07.565 12674 12689 I chatty  : uid=10155(com.archie.drone_tracker) identical 14 lines
12-11 11:00:29.331  1118  1134 W ActivityManager: Activity pause timeout for ActivityRecord{c8f6605 u0 com.archie.drone_tracker/com.unity3d.player.UnityPlayerActivity t12}
12-11 11:00:29.756  1118  2809 I ActivityManager: Killing 12674:com.archie.drone_tracker/u0a155 (adj 900): remove task
12-11 11:00:29.793  1118  2814 I WindowManager: WIN DEATH: Window{f849644 u0 com.archie.drone_tracker/com.unity3d.player.UnityPlayerActivity}
12-11 11:03:13.950  1118  1134 I ActivityManager: Force stopping com.archie.drone_tracker appid=10155 user=-1: installPackageLI
12-11 11:03:14.030  1118  1148 I PackageManager: Package com.archie.drone_tracker codePath changed from /data/app/com.archie.drone_tracker-8GRwYNHI-yvmRljWjpmP5A== to /data/app/com.archie.drone_tracker-9M3CICMXM7xq2LHmYt1Lbw==; Retaining data and using new
12-11 11:03:14.030  1118  1148 W PackageManager: Code path for com.archie.drone_tracker changing from /data/app/com.archie.drone_tracker-8GRwYNHI-yvmRljWjpmP5A== to /data/app/com.archie.drone_tracker-9M3CICMXM7xq2LHmYt1Lbw==
12-11 11:03:14.030  1118  1148 W PackageManager: Resource path for com.archie.drone_tracker changing from /data/app/com.archie.drone_tracker-8GRwYNHI-yvmRljWjpmP5A== to /data/app/com.archie.drone_tracker-9M3CICMXM7xq2LHmYt1Lbw==
12-11 11:03:14.296  1118  1148 I ActivityManager: Force stopping com.archie.drone_tracker appid=10155 user=0: pkg removed
12-11 11:03:14.317  1118  1134 W BroadcastQueue: Background execution not allowed: receiving Intent { act=android.intent.action.PACKAGE_REMOVED dat=package:com.archie.drone_tracker flg=0x4000010 (has extras) } to com.android.musicfx/.Compatibility$Receiver
12-11 11:03:14.317  1118  1134 W BroadcastQueue: Background execution not allowed: receiving Intent { act=android.intent.action.PACKAGE_REMOVED dat=package:com.archie.drone_tracker flg=0x4000010 (has extras) } to com.android.vending/com.google.android.finsky.packagemanager.impl.PackageMonitorReceiverImpl$RegisteredReceiver
12-11 11:03:14.329  1118  1134 W BroadcastQueue: Background execution not allowed: receiving Intent { act=android.intent.action.PACKAGE_REMOVED dat=package:com.archie.drone_tracker flg=0x4000010 (has extras) } to com.android.vending/com.google.android.finsky.instantapps.appmanagement.InstantAppRemoveMonitor
12-11 11:03:14.329  1118  1134 W BroadcastQueue: Background execution not allowed: receiving Intent { act=android.intent.action.PACKAGE_REMOVED dat=package:com.archie.drone_tracker flg=0x4000010 (has extras) } to com.google.android.gms/.games.chimera.GamesSystemBroadcastReceiverProxy
12-11 11:03:14.329  1118  1134 W BroadcastQueue: Background execution not allowed: receiving Intent { act=android.intent.action.PACKAGE_REMOVED dat=package:com.archie.drone_tracker flg=0x4000010 (has extras) } to com.google.android.gms/.photos.autobackup.PhotosAppUninstalledReceiver
12-11 11:03:14.329  1118  1134 W BroadcastQueue: Background execution not allowed: receiving Intent { act=android.intent.action.PACKAGE_REMOVED dat=package:com.archie.drone_tracker flg=0x4000010 (has extras) } to com.google.android.gms/.chimera.GmsIntentOperationService$PersistentTrustedReceiver
12-11 11:03:14.329  1118  1134 W BroadcastQueue: Background execution not allowed: receiving Intent { act=android.intent.action.PACKAGE_REMOVED dat=package:com.archie.drone_tracker flg=0x4000010 (has extras) } to com.google.android.googlequicksearchbox/com.google.android.apps.gsa.googlequicksearchbox.GelStubAppWatcher
12-11 11:03:14.373  1118  1130 W BroadcastQueue: Background execution not allowed: receiving Intent { act=android.intent.action.PACKAGE_ADDED dat=package:com.archie.drone_tracker flg=0x4000010 (has extras) } to com.android.musicfx/.Compatibility$Receiver
12-11 11:03:14.377  1118  1134 W BroadcastQueue: Background execution not allowed: receiving Intent { act=android.intent.action.PACKAGE_ADDED dat=package:com.archie.drone_tracker flg=0x4000010 (has extras) } to com.android.vending/com.google.android.finsky.packagemanager.impl.PackageMonitorReceiverImpl$RegisteredReceiver
12-11 11:03:14.377  1118  1134 W BroadcastQueue: Background execution not allowed: receiving Intent { act=android.intent.action.PACKAGE_ADDED dat=package:com.archie.drone_tracker flg=0x4000010 (has extras) } to com.google.android.gms/.games.chimera.GamesSystemBroadcastReceiverProxy
12-11 11:03:14.377  1118  1134 W BroadcastQueue: Background execution not allowed: receiving Intent { act=android.intent.action.PACKAGE_ADDED dat=package:com.archie.drone_tracker flg=0x4000010 (has extras) } to com.google.android.gms/.gass.chimera.PackageChangeBroadcastReceiver
12-11 11:03:14.378  1118  1134 W BroadcastQueue: Background execution not allowed: receiving Intent { act=android.intent.action.PACKAGE_ADDED dat=package:com.archie.drone_tracker flg=0x4000010 (has extras) } to com.google.android.gms/.chimera.GmsIntentOperationService$PersistentTrustedReceiver
12-11 11:03:14.378  1118  1134 W BroadcastQueue: Background execution not allowed: receiving Intent { act=android.intent.action.PACKAGE_ADDED dat=package:com.archie.drone_tracker flg=0x4000010 (has extras) } to com.google.android.googlequicksearchbox/com.google.android.apps.gsa.googlequicksearchbox.GelStubAppWatcher
12-11 11:03:14.378  1118  1134 W BroadcastQueue: Background execution not allowed: receiving Intent { act=android.intent.action.PACKAGE_ADDED dat=package:com.archie.drone_tracker flg=0x4000010 (has extras) } to com.google.android.ims/.receivers.RcsAutoStartReceiver
12-11 11:03:14.384  1118  2810 W BroadcastQueue: Background execution not allowed: receiving Intent { act=android.intent.action.PACKAGE_REPLACED dat=package:com.archie.drone_tracker flg=0x4000010 (has extras) } to com.android.musicfx/.Compatibility$Receiver
12-11 11:03:14.384  1118  1134 W BroadcastQueue: Background execution not allowed: receiving Intent { act=android.intent.action.PACKAGE_REPLACED dat=package:com.archie.drone_tracker flg=0x4000010 (has extras) } to com.google.android.apps.photos/.account.full.FetchAccountPropertiesAppUpgradeBroadcastReceiver
12-11 11:03:14.384  1118  1134 W BroadcastQueue: Background execution not allowed: receiving Intent { act=android.intent.action.PACKAGE_REPLACED dat=package:com.archie.drone_tracker flg=0x4000010 (has extras) } to com.google.android.apps.photos/.account.full.SyncAccountsForLoginBroadcastReceiver
12-11 11:03:14.384  1118  1134 W BroadcastQueue: Background execution not allowed: receiving Intent { act=android.intent.action.PACKAGE_REPLACED dat=package:com.archie.drone_tracker flg=0x4000010 (has extras) } to com.google.android.apps.photos/.experiments.phenotype.full.PhenotypeAppUpgradeBroadcastReceiver
12-11 11:03:14.384  1118  1134 W BroadcastQueue: Background execution not allowed: receiving Intent { act=android.intent.action.PACKAGE_REPLACED dat=package:com.archie.drone_tracker flg=0x4000010 (has extras) } to com.google.android.apps.photos/.notificationchannels.AppUpdateBroadcastReceiver
12-11 11:03:14.384  1118  1134 W BroadcastQueue: Background execution not allowed: receiving Intent { act=android.intent.action.PACKAGE_REPLACED dat=package:com.archie.drone_tracker flg=0x4000010 (has extras) } to com.google.android.gms/.gass.chimera.PackageChangeBroadcastReceiver
12-11 11:03:14.385  1118  1134 W BroadcastQueue: Background execution not allowed: receiving Intent { act=android.intent.action.PACKAGE_REPLACED dat=package:com.archie.drone_tracker flg=0x4000010 (has extras) } to com.google.android.gms/.chimera.GmsIntentOperationService$PersistentTrustedReceiver
12-11 11:03:14.385  1118  1134 W BroadcastQueue: Background execution not allowed: receiving Intent { act=android.intent.action.PACKAGE_REPLACED dat=package:com.archie.drone_tracker flg=0x4000010 (has extras) } to com.google.android.googlequicksearchbox/com.google.android.apps.gsa.googlequicksearchbox.GelStubAppWatcher
12-11 11:03:14.385  1118  1134 W BroadcastQueue: Background execution not allowed: receiving Intent { act=android.intent.action.PACKAGE_REPLACED dat=package:com.archie.drone_tracker flg=0x4000010 (has extras) } to com.google.android.ims/.receivers.RcsAutoStartReceiver
12-11 11:03:15.149  1118  2810 I ActivityManager: START u0 {act=android.intent.action.MAIN cat=[android.intent.category.LAUNCHER] flg=0x10200000 cmp=com.archie.drone_tracker/com.unity3d.player.UnityPlayerActivity} from uid 2000
12-11 11:03:15.168  1118  2810 I ActivityManager: Start proc 12974:com.archie.drone_tracker/u0a155 for activity com.archie.drone_tracker/com.unity3d.player.UnityPlayerActivity
12-11 11:03:15.333 12974 12989 I chatty  : uid=10155(com.archie.drone_tracker) identical 14 lines
12-11 11:04:56.253  1118  1134 W ActivityManager: Activity pause timeout for ActivityRecord{e5aab35 u0 com.archie.drone_tracker/com.unity3d.player.UnityPlayerActivity t13}
12-11 11:04:56.574  1118  2804 I ActivityManager: Killing 12974:com.archie.drone_tracker/u0a155 (adj 900): remove task
12-11 11:04:56.618  1118  2814 I WindowManager: WIN DEATH: Window{c21dc34 u0 com.archie.drone_tracker/com.unity3d.player.UnityPlayerActivity}
12-11 11:05:39.379  1118  1134 I ActivityManager: Force stopping com.archie.drone_tracker appid=10155 user=-1: installPackageLI
12-11 11:05:39.502  1118  1148 I PackageManager: Package com.archie.drone_tracker codePath changed from /data/app/com.archie.drone_tracker-9M3CICMXM7xq2LHmYt1Lbw== to /data/app/com.archie.drone_tracker-RbJeNfEY1H-iU3VZk5MQIg==; Retaining data and using new
12-11 11:05:39.502  1118  1148 W PackageManager: Code path for com.archie.drone_tracker changing from /data/app/com.archie.drone_tracker-9M3CICMXM7xq2LHmYt1Lbw== to /data/app/com.archie.drone_tracker-RbJeNfEY1H-iU3VZk5MQIg==
12-11 11:05:39.502  1118  1148 W PackageManager: Resource path for com.archie.drone_tracker changing from /data/app/com.archie.drone_tracker-9M3CICMXM7xq2LHmYt1Lbw== to /data/app/com.archie.drone_tracker-RbJeNfEY1H-iU3VZk5MQIg==
12-11 11:05:39.752  1118  1148 I ActivityManager: Force stopping com.archie.drone_tracker appid=10155 user=0: pkg removed
12-11 11:05:39.780  1118  1134 W BroadcastQueue: Background execution not allowed: receiving Intent { act=android.intent.action.PACKAGE_REMOVED dat=package:com.archie.drone_tracker flg=0x4000010 (has extras) } to com.android.musicfx/.Compatibility$Receiver
12-11 11:05:39.780  1118  1134 W BroadcastQueue: Background execution not allowed: receiving Intent { act=android.intent.action.PACKAGE_REMOVED dat=package:com.archie.drone_tracker flg=0x4000010 (has extras) } to com.android.vending/com.google.android.finsky.packagemanager.impl.PackageMonitorReceiverImpl$RegisteredReceiver
12-11 11:05:39.780  1118  1134 W BroadcastQueue: Background execution not allowed: receiving Intent { act=android.intent.action.PACKAGE_REMOVED dat=package:com.archie.drone_tracker flg=0x4000010 (has extras) } to com.android.vending/com.google.android.finsky.instantapps.appmanagement.InstantAppRemoveMonitor
12-11 11:05:39.780  1118  1134 W BroadcastQueue: Background execution not allowed: receiving Intent { act=android.intent.action.PACKAGE_REMOVED dat=package:com.archie.drone_tracker flg=0x4000010 (has extras) } to com.google.android.gms/.games.chimera.GamesSystemBroadcastReceiverProxy
12-11 11:05:39.780  1118  1134 W BroadcastQueue: Background execution not allowed: receiving Intent { act=android.intent.action.PACKAGE_REMOVED dat=package:com.archie.drone_tracker flg=0x4000010 (has extras) } to com.google.android.gms/.photos.autobackup.PhotosAppUninstalledReceiver
12-11 11:05:39.780  1118  1134 W BroadcastQueue: Background execution not allowed: receiving Intent { act=android.intent.action.PACKAGE_REMOVED dat=package:com.archie.drone_tracker flg=0x4000010 (has extras) } to com.google.android.gms/.chimera.GmsIntentOperationService$PersistentTrustedReceiver
12-11 11:05:39.780  1118  1134 W BroadcastQueue: Background execution not allowed: receiving Intent { act=android.intent.action.PACKAGE_REMOVED dat=package:com.archie.drone_tracker flg=0x4000010 (has extras) } to com.google.android.googlequicksearchbox/com.google.android.apps.gsa.googlequicksearchbox.GelStubAppWatcher
12-11 11:05:39.804  1118  1633 W BroadcastQueue: Background execution not allowed: receiving Intent { act=android.intent.action.PACKAGE_ADDED dat=package:com.archie.drone_tracker flg=0x4000010 (has extras) } to com.android.musicfx/.Compatibility$Receiver
12-11 11:05:39.804  1118  1134 W BroadcastQueue: Background execution not allowed: receiving Intent { act=android.intent.action.PACKAGE_ADDED dat=package:com.archie.drone_tracker flg=0x4000010 (has extras) } to com.android.vending/com.google.android.finsky.packagemanager.impl.PackageMonitorReceiverImpl$RegisteredReceiver
12-11 11:05:39.805  1118  1134 W BroadcastQueue: Background execution not allowed: receiving Intent { act=android.intent.action.PACKAGE_ADDED dat=package:com.archie.drone_tracker flg=0x4000010 (has extras) } to com.google.android.gms/.games.chimera.GamesSystemBroadcastReceiverProxy
12-11 11:05:39.806  1118  1134 W BroadcastQueue: Background execution not allowed: receiving Intent { act=android.intent.action.PACKAGE_ADDED dat=package:com.archie.drone_tracker flg=0x4000010 (has extras) } to com.google.android.gms/.gass.chimera.PackageChangeBroadcastReceiver
12-11 11:05:39.806  1118  1134 W BroadcastQueue: Background execution not allowed: receiving Intent { act=android.intent.action.PACKAGE_ADDED dat=package:com.archie.drone_tracker flg=0x4000010 (has extras) } to com.google.android.gms/.chimera.GmsIntentOperationService$PersistentTrustedReceiver
12-11 11:05:39.806  1118  1134 W BroadcastQueue: Background execution not allowed: receiving Intent { act=android.intent.action.PACKAGE_ADDED dat=package:com.archie.drone_tracker flg=0x4000010 (has extras) } to com.google.android.googlequicksearchbox/com.google.android.apps.gsa.googlequicksearchbox.GelStubAppWatcher
12-11 11:05:39.806  1118  1134 W BroadcastQueue: Background execution not allowed: receiving Intent { act=android.intent.action.PACKAGE_ADDED dat=package:com.archie.drone_tracker flg=0x4000010 (has extras) } to com.google.android.ims/.receivers.RcsAutoStartReceiver
12-11 11:05:39.824  1118  1633 W BroadcastQueue: Background execution not allowed: receiving Intent { act=android.intent.action.PACKAGE_REPLACED dat=package:com.archie.drone_tracker flg=0x4000010 (has extras) } to com.android.musicfx/.Compatibility$Receiver
12-11 11:05:39.825  1118  1134 W BroadcastQueue: Background execution not allowed: receiving Intent { act=android.intent.action.PACKAGE_REPLACED dat=package:com.archie.drone_tracker flg=0x4000010 (has extras) } to com.google.android.apps.photos/.account.full.FetchAccountPropertiesAppUpgradeBroadcastReceiver
12-11 11:05:39.825  1118  1134 W BroadcastQueue: Background execution not allowed: receiving Intent { act=android.intent.action.PACKAGE_REPLACED dat=package:com.archie.drone_tracker flg=0x4000010 (has extras) } to com.google.android.apps.photos/.account.full.SyncAccountsForLoginBroadcastReceiver
12-11 11:05:39.825  1118  1134 W BroadcastQueue: Background execution not allowed: receiving Intent { act=android.intent.action.PACKAGE_REPLACED dat=package:com.archie.drone_tracker flg=0x4000010 (has extras) } to com.google.android.apps.photos/.experiments.phenotype.full.PhenotypeAppUpgradeBroadcastReceiver
12-11 11:05:39.825  1118  1134 W BroadcastQueue: Background execution not allowed: receiving Intent { act=android.intent.action.PACKAGE_REPLACED dat=package:com.archie.drone_tracker flg=0x4000010 (has extras) } to com.google.android.apps.photos/.notificationchannels.AppUpdateBroadcastReceiver
12-11 11:05:39.825  1118  1134 W BroadcastQueue: Background execution not allowed: receiving Intent { act=android.intent.action.PACKAGE_REPLACED dat=package:com.archie.drone_tracker flg=0x4000010 (has extras) } to com.google.android.gms/.gass.chimera.PackageChangeBroadcastReceiver
12-11 11:05:39.825  1118  1134 W BroadcastQueue: Background execution not allowed: receiving Intent { act=android.intent.action.PACKAGE_REPLACED dat=package:com.archie.drone_tracker flg=0x4000010 (has extras) } to com.google.android.gms/.chimera.GmsIntentOperationService$PersistentTrustedReceiver
12-11 11:05:39.825  1118  1134 W BroadcastQueue: Background execution not allowed: receiving Intent { act=android.intent.action.PACKAGE_REPLACED dat=package:com.archie.drone_tracker flg=0x4000010 (has extras) } to com.google.android.googlequicksearchbox/com.google.android.apps.gsa.googlequicksearchbox.GelStubAppWatcher
12-11 11:05:39.825  1118  1134 W BroadcastQueue: Background execution not allowed: receiving Intent { act=android.intent.action.PACKAGE_REPLACED dat=package:com.archie.drone_tracker flg=0x4000010 (has extras) } to com.google.android.ims/.receivers.RcsAutoStartReceiver
12-11 11:05:40.553  1118  2809 I ActivityManager: START u0 {act=android.intent.action.MAIN cat=[android.intent.category.LAUNCHER] flg=0x10200000 cmp=com.archie.drone_tracker/com.unity3d.player.UnityPlayerActivity} from uid 2000
12-11 11:05:40.575  1118  1633 I ActivityManager: Start proc 13355:com.archie.drone_tracker/u0a155 for activity com.archie.drone_tracker/com.unity3d.player.UnityPlayerActivity
12-11 11:05:40.757 13355 13370 I chatty  : uid=10155(com.archie.drone_tracker) identical 14 lines
12-11 11:05:58.990  1118  2809 I ActivityManager: Killing 13355:com.archie.drone_tracker/u0a155 (adj 900): remove task
12-11 11:05:59.028  1118  2814 I WindowManager: WIN DEATH: Window{e1ecd0b u0 com.archie.drone_tracker/com.unity3d.player.UnityPlayerActivity}
12-11 11:07:05.689  1118  1134 I ActivityManager: Force stopping com.archie.drone_tracker appid=10155 user=-1: installPackageLI
12-11 11:07:05.839  1118  1148 I PackageManager: Package com.archie.drone_tracker codePath changed from /data/app/com.archie.drone_tracker-RbJeNfEY1H-iU3VZk5MQIg== to /data/app/com.archie.drone_tracker-VRjViw8hdJPRShfAdUF2dA==; Retaining data and using new
12-11 11:07:05.840  1118  1148 W PackageManager: Code path for com.archie.drone_tracker changing from /data/app/com.archie.drone_tracker-RbJeNfEY1H-iU3VZk5MQIg== to /data/app/com.archie.drone_tracker-VRjViw8hdJPRShfAdUF2dA==
12-11 11:07:05.840  1118  1148 W PackageManager: Resource path for com.archie.drone_tracker changing from /data/app/com.archie.drone_tracker-RbJeNfEY1H-iU3VZk5MQIg== to /data/app/com.archie.drone_tracker-VRjViw8hdJPRShfAdUF2dA==
12-11 11:07:06.177  1118  1148 I ActivityManager: Force stopping com.archie.drone_tracker appid=10155 user=0: pkg removed
12-11 11:07:06.213  1118  1134 W BroadcastQueue: Background execution not allowed: receiving Intent { act=android.intent.action.PACKAGE_REMOVED dat=package:com.archie.drone_tracker flg=0x4000010 (has extras) } to com.android.musicfx/.Compatibility$Receiver
12-11 11:07:06.214  1118  1134 W BroadcastQueue: Background execution not allowed: receiving Intent { act=android.intent.action.PACKAGE_REMOVED dat=package:com.archie.drone_tracker flg=0x4000010 (has extras) } to com.android.vending/com.google.android.finsky.packagemanager.impl.PackageMonitorReceiverImpl$RegisteredReceiver
12-11 11:07:06.214  1118  1134 W BroadcastQueue: Background execution not allowed: receiving Intent { act=android.intent.action.PACKAGE_REMOVED dat=package:com.archie.drone_tracker flg=0x4000010 (has extras) } to com.android.vending/com.google.android.finsky.instantapps.appmanagement.InstantAppRemoveMonitor
12-11 11:07:06.214  1118  1134 W BroadcastQueue: Background execution not allowed: receiving Intent { act=android.intent.action.PACKAGE_REMOVED dat=package:com.archie.drone_tracker flg=0x4000010 (has extras) } to com.google.android.gms/.games.chimera.GamesSystemBroadcastReceiverProxy
12-11 11:07:06.214  1118  1134 W BroadcastQueue: Background execution not allowed: receiving Intent { act=android.intent.action.PACKAGE_REMOVED dat=package:com.archie.drone_tracker flg=0x4000010 (has extras) } to com.google.android.gms/.photos.autobackup.PhotosAppUninstalledReceiver
12-11 11:07:06.214  1118  1134 W BroadcastQueue: Background execution not allowed: receiving Intent { act=android.intent.action.PACKAGE_REMOVED dat=package:com.archie.drone_tracker flg=0x4000010 (has extras) } to com.google.android.gms/.chimera.GmsIntentOperationService$PersistentTrustedReceiver
12-11 11:07:06.214  1118  1134 W BroadcastQueue: Background execution not allowed: receiving Intent { act=android.intent.action.PACKAGE_REMOVED dat=package:com.archie.drone_tracker flg=0x4000010 (has extras) } to com.google.android.googlequicksearchbox/com.google.android.apps.gsa.googlequicksearchbox.GelStubAppWatcher
12-11 11:07:06.247  1118  2815 W BroadcastQueue: Background execution not allowed: receiving Intent { act=android.intent.action.PACKAGE_ADDED dat=package:com.archie.drone_tracker flg=0x4000010 (has extras) } to com.android.musicfx/.Compatibility$Receiver
12-11 11:07:06.247  1118  1134 W BroadcastQueue: Background execution not allowed: receiving Intent { act=android.intent.action.PACKAGE_ADDED dat=package:com.archie.drone_tracker flg=0x4000010 (has extras) } to com.android.vending/com.google.android.finsky.packagemanager.impl.PackageMonitorReceiverImpl$RegisteredReceiver
12-11 11:07:06.247  1118  1134 W BroadcastQueue: Background execution not allowed: receiving Intent { act=android.intent.action.PACKAGE_ADDED dat=package:com.archie.drone_tracker flg=0x4000010 (has extras) } to com.google.android.gms/.games.chimera.GamesSystemBroadcastReceiverProxy
12-11 11:07:06.247  1118  1134 W BroadcastQueue: Background execution not allowed: receiving Intent { act=android.intent.action.PACKAGE_ADDED dat=package:com.archie.drone_tracker flg=0x4000010 (has extras) } to com.google.android.gms/.gass.chimera.PackageChangeBroadcastReceiver
