--------- beginning of system
11-13 10:01:09.789  1120  1232 D PackageInstaller: Inherited files: [/data/app/com.archie.opencv_blobDetector_mod-HmvG1w3p9g-zLavgFrKq4Q==/base.apk, /data/app/com.archie.opencv_blobDetector_mod-HmvG1w3p9g-zLavgFrKq4Q==/split_lib_dependencies_apk.apk, /data/app/com.archie.opencv_blobDetector_mod-HmvG1w3p9g-zLavgFrKq4Q==/split_lib_resources_apk.apk, /data/app/com.archie.opencv_blobDetector_mod-HmvG1w3p9g-zLavgFrKq4Q==/split_lib_slice_0_apk.apk, /data/app/com.archie.opencv_blobDetector_mod-HmvG1w3p9g-zLavgFrKq4Q==/split_lib_slice_1_apk.apk, /data/app/com.archie.opencv_blobDetector_mod-HmvG1w3p9g-zLavgFrKq4Q==/split_lib_slice_2_apk.apk, /data/app/com.archie.opencv_blobDetector_mod-HmvG1w3p9g-zLavgFrKq4Q==/split_lib_slice_4_apk.apk, /data/app/com.archie.opencv_blobDetector_mod-HmvG1w3p9g-zLavgFrKq4Q==/split_lib_slice_5_apk.apk, /data/app/com.archie.opencv_blobDetector_mod-HmvG1w3p9g-zLavgFrKq4Q==/split_lib_slice_6_apk.apk, /data/app/com.archie.opencv_blobDetector_mod-HmvG1w3p9g-zLavgFrKq4Q==/split_lib_slice_7_apk.apk, /data/app/com.archie.opencv_blobDetector_mod-HmvG1w3p9g-zLavgFrKq4Q==/split_lib_slice_8_apk.apk, /data/app/com.archie.opencv_blobDetector_mod-HmvG1w3p9g-zLavgFrKq4Q==/split_lib_slice_9_apk.apk, /data/app/com.archie.opencv_blobDetector_mod-HmvG1w3p9g-zLavgFrKq4Q==/oat/arm64/base.odex, /data/app/com.archie.opencv_blobDetector_mod-HmvG1w3p9g-zLavgFrKq4Q==/oat/arm64/base.vdex]
11-13 10:01:12.086  1120  1138 I ActivityManager: Force stopping com.archie.opencv_blobDetector_mod appid=10153 user=-1: installPackageLI
11-13 10:01:12.149  1120  1154 I PackageManager: Package com.archie.opencv_blobDetector_mod codePath changed from /data/app/com.archie.opencv_blobDetector_mod-HmvG1w3p9g-zLavgFrKq4Q== to /data/app/com.archie.opencv_blobDetector_mod-ciDSvNJnKB7Q_NILaxXiYQ==; Retaining data and using new
11-13 10:01:12.149  1120  1154 W PackageManager: Code path for com.archie.opencv_blobDetector_mod changing from /data/app/com.archie.opencv_blobDetector_mod-HmvG1w3p9g-zLavgFrKq4Q== to /data/app/com.archie.opencv_blobDetector_mod-ciDSvNJnKB7Q_NILaxXiYQ==
11-13 10:01:12.149  1120  1154 W PackageManager: Resource path for com.archie.opencv_blobDetector_mod changing from /data/app/com.archie.opencv_blobDetector_mod-HmvG1w3p9g-zLavgFrKq4Q== to /data/app/com.archie.opencv_blobDetector_mod-ciDSvNJnKB7Q_NILaxXiYQ==
11-13 10:01:12.378  1120  1154 I ActivityManager: Force stopping com.archie.opencv_blobDetector_mod appid=10153 user=0: pkg removed
11-13 10:01:12.414  1120  1138 W BroadcastQueue: Background execution not allowed: receiving Intent { act=android.intent.action.PACKAGE_REMOVED dat=package:com.archie.opencv_blobDetector_mod flg=0x4000010 (has extras) } to com.android.musicfx/.Compatibility$Receiver
11-13 10:01:12.422  1120  1138 W BroadcastQueue: Background execution not allowed: receiving Intent { act=android.intent.action.PACKAGE_REMOVED dat=package:com.archie.opencv_blobDetector_mod flg=0x4000010 (has extras) } to com.android.vending/com.google.android.finsky.packagemanager.impl.PackageMonitorReceiverImpl$RegisteredReceiver
11-13 10:01:12.427  1120  1138 W BroadcastQueue: Background execution not allowed: receiving Intent { act=android.intent.action.PACKAGE_REMOVED dat=package:com.archie.opencv_blobDetector_mod flg=0x4000010 (has extras) } to com.android.vending/com.google.android.finsky.instantapps.appmanagement.InstantAppRemoveMonitor
11-13 10:01:12.447  1120 12988 W BroadcastQueue: Background execution not allowed: receiving Intent { act=android.intent.action.PACKAGE_REMOVED dat=package:com.archie.opencv_blobDetector_mod flg=0x4000010 (has extras) } to com.google.android.googlequicksearchbox/com.google.android.apps.gsa.googlequicksearchbox.GelStubAppWatcher
11-13 10:01:12.459  1120  1626 I ActivityManager: START u0 {act=android.intent.action.MAIN cat=[android.intent.category.LAUNCHER] flg=0x10000000 cmp=com.archie.opencv_blobDetector_mod/.archie_mods.ModifiedMainActivity} from uid 2000
11-13 10:01:12.480  1120 11408 W BroadcastQueue: Background execution not allowed: receiving Intent { act=android.intent.action.PACKAGE_ADDED dat=package:com.archie.opencv_blobDetector_mod flg=0x4000010 (has extras) } to com.android.musicfx/.Compatibility$Receiver
11-13 10:01:12.495  1120  2991 I ActivityManager: Start proc 15084:com.archie.opencv_blobDetector_mod/u0a153 for activity com.archie.opencv_blobDetector_mod/.archie_mods.ModifiedMainActivity
11-13 10:01:12.591  1120  1138 W BroadcastQueue: Background execution not allowed: receiving Intent { act=android.intent.action.PACKAGE_ADDED dat=package:com.archie.opencv_blobDetector_mod flg=0x4000010 (has extras) } to com.android.vending/com.google.android.finsky.packagemanager.impl.PackageMonitorReceiverImpl$RegisteredReceiver
11-13 10:01:12.623  1120  2989 W BroadcastQueue: Background execution not allowed: receiving Intent { act=android.intent.action.PACKAGE_ADDED dat=package:com.archie.opencv_blobDetector_mod flg=0x4000010 (has extras) } to com.google.android.googlequicksearchbox/com.google.android.apps.gsa.googlequicksearchbox.GelStubAppWatcher
11-13 10:01:12.623  1120  1138 W BroadcastQueue: Background execution not allowed: receiving Intent { act=android.intent.action.PACKAGE_ADDED dat=package:com.archie.opencv_blobDetector_mod flg=0x4000010 (has extras) } to com.google.android.ims/.receivers.RcsAutoStartReceiver
11-13 10:01:12.645  1120  1625 W BroadcastQueue: Background execution not allowed: receiving Intent { act=android.intent.action.PACKAGE_REPLACED dat=package:com.archie.opencv_blobDetector_mod flg=0x4000010 (has extras) } to com.android.musicfx/.Compatibility$Receiver
11-13 10:01:12.646  1120  1138 W BroadcastQueue: Background execution not allowed: receiving Intent { act=android.intent.action.PACKAGE_REPLACED dat=package:com.archie.opencv_blobDetector_mod flg=0x4000010 (has extras) } to com.google.android.apps.photos/.account.full.FetchAccountPropertiesAppUpgradeBroadcastReceiver
11-13 10:01:12.646  1120  1138 W BroadcastQueue: Background execution not allowed: receiving Intent { act=android.intent.action.PACKAGE_REPLACED dat=package:com.archie.opencv_blobDetector_mod flg=0x4000010 (has extras) } to com.google.android.apps.photos/.account.full.SyncAccountsForLoginBroadcastReceiver
11-13 10:01:12.646  1120  1138 W BroadcastQueue: Background execution not allowed: receiving Intent { act=android.intent.action.PACKAGE_REPLACED dat=package:com.archie.opencv_blobDetector_mod flg=0x4000010 (has extras) } to com.google.android.apps.photos/.experiments.phenotype.full.PhenotypeAppUpgradeBroadcastReceiver
11-13 10:01:12.646  1120  1138 W BroadcastQueue: Background execution not allowed: receiving Intent { act=android.intent.action.PACKAGE_REPLACED dat=package:com.archie.opencv_blobDetector_mod flg=0x4000010 (has extras) } to com.google.android.apps.photos/.notificationchannels.AppUpdateBroadcastReceiver
11-13 10:01:12.663  1120  1342 W BroadcastQueue: Background execution not allowed: receiving Intent { act=android.intent.action.PACKAGE_REPLACED dat=package:com.archie.opencv_blobDetector_mod flg=0x4000010 (has extras) } to com.google.android.googlequicksearchbox/com.google.android.apps.gsa.googlequicksearchbox.GelStubAppWatcher
11-13 10:01:12.667  1120  1138 W BroadcastQueue: Background execution not allowed: receiving Intent { act=android.intent.action.PACKAGE_REPLACED dat=package:com.archie.opencv_blobDetector_mod flg=0x4000010 (has extras) } to com.google.android.ims/.receivers.RcsAutoStartReceiver
11-13 10:01:13.071  1120  1235 I WindowManager: Screen frozen for +575ms due to Window{934dbc5 u0 Splash Screen com.archie.opencv_blobDetector_mod}
11-13 10:01:30.279  1120  1396 I ActivityManager: Force stopping com.archie.opencv_blobDetector_mod appid=10153 user=0: from pid 15341
11-13 10:01:30.279  1120  1396 I ActivityManager: Killing 15084:com.archie.opencv_blobDetector_mod/u0a153 (adj 0): stop com.archie.opencv_blobDetector_mod
11-13 10:01:30.280  1120  1396 W ActivityManager: Force removing ActivityRecord{39832a4 u0 com.archie.opencv_blobDetector_mod/.archie_mods.ModifiedMainActivity t526}: app died, no saved state
11-13 10:01:30.286  1120  1396 I WindowManager: Failed to capture screenshot of Token{613b80d ActivityRecord{39832a4 u0 com.archie.opencv_blobDetector_mod/.archie_mods.ModifiedMainActivity t526 f}} appWin=Window{d541f8c u0 com.archie.opencv_blobDetector_mod/com.archie.opencv_blobDetector_mod.archie_mods.ModifiedMainActivity} drawState=4
11-13 10:01:30.329  1120  1669 W WindowManager: Failed to report 'resized' to the client of Window{403d7e1 u0 com.archie.opencv_blobDetector_mod}, removing this window.
11-13 10:02:54.807  1120  1396 I ActivityManager: START u0 {flg=0x10000000 cmp=com.archie.opencv_blobDetector_mod/.archie_mods.ModifiedMainActivity (has extras)} from uid 2000
11-13 10:02:54.828  1120  1130 I ActivityManager: Start proc 15417:com.archie.opencv_blobDetector_mod/u0a153 for activity com.archie.opencv_blobDetector_mod/.archie_mods.ModifiedMainActivity
11-13 10:02:55.295  1120  1235 I WindowManager: Screen frozen for +472ms due to Window{7cace7 u0 Splash Screen com.archie.opencv_blobDetector_mod}
11-13 10:07:55.499  1120  3061 D VoldConnector: SND -> {20 volume mkdirs /storage/emulated/0/Android/data/com.archie.opencv_blobDetector_mod/files/}
11-13 10:07:55.580  1120  1235 I WindowManager: Failed to capture screenshot of Token{b621dfc ActivityRecord{ecfceef u0 com.archie.opencv_blobDetector_mod/.archie_mods.ModifiedMainActivity t527 f}} appWin=Window{e7d4956 u0 com.archie.opencv_blobDetector_mod/com.archie.opencv_blobDetector_mod.archie_mods.ModifiedMainActivity} drawState=4
11-13 10:08:25.459  1120 12988 I ActivityManager: Force stopping com.archie.opencv_blobDetector_mod appid=10153 user=0: from pid 15678
11-13 10:08:25.459  1120 12988 I ActivityManager: Killing 15417:com.archie.opencv_blobDetector_mod/u0a153 (adj 900): stop com.archie.opencv_blobDetector_mod
11-13 10:08:25.509  1120  1668 W ActivityManager: Invalid packageName: com.archie.opencv_blobDetector_mod
11-13 10:08:25.550  1120  1668 I ActivityManager: START u0 {flg=0x10000000 cmp=com.archie.opencv_blobDetector_mod/.archie_mods.ModifiedMainActivity (has extras)} from uid 2000
11-13 10:08:25.578  1120 12988 I ActivityManager: Start proc 15689:com.archie.opencv_blobDetector_mod/u0a153 for activity com.archie.opencv_blobDetector_mod/.archie_mods.ModifiedMainActivity
11-13 10:08:26.065  1120  1235 I WindowManager: Screen frozen for +489ms due to Window{51c8139 u0 Splash Screen com.archie.opencv_blobDetector_mod}
--------- beginning of main
11-13 10:12:13.879 15689 15689 I chatty  : uid=10153(com.archie.opencv_blobDetector_mod) expire 62 lines
11-13 10:12:14.899 15689 15766 I chatty  : uid=10153(com.archie.opencv_blobDetector_mod) expire 449 lines
11-13 10:12:15.955 15689 15689 I chatty  : uid=10153(com.archie.opencv_blobDetector_mod) expire 61 lines
11-13 10:12:16.952 15689 15766 I chatty  : uid=10153(com.archie.opencv_blobDetector_mod) expire 448 lines
11-13 10:12:17.996 15689 15689 I chatty  : uid=10153(com.archie.opencv_blobDetector_mod) expire 62 lines
11-13 10:12:19.019 15689 15766 I chatty  : uid=10153(com.archie.opencv_blobDetector_mod) expire 449 lines
11-13 10:12:20.071 15689 15689 I chatty  : uid=10153(com.archie.opencv_blobDetector_mod) expire 61 lines
11-13 10:12:21.089 15689 15766 I chatty  : uid=10153(com.archie.opencv_blobDetector_mod) expire 448 lines
11-13 10:12:22.113 15689 15689 I chatty  : uid=10153(com.archie.opencv_blobDetector_mod) expire 63 lines
11-13 10:12:23.169 15689 15766 I chatty  : uid=10153(com.archie.opencv_blobDetector_mod) expire 448 lines
11-13 10:12:24.219 15689 15689 I chatty  : uid=10153(com.archie.opencv_blobDetector_mod) expire 61 lines
11-13 10:12:25.236 15689 15766 I chatty  : uid=10153(com.archie.opencv_blobDetector_mod) expire 448 lines
11-13 10:12:26.265 15689 15689 I chatty  : uid=10153(com.archie.opencv_blobDetector_mod) expire 62 lines
11-13 10:12:27.302 15689 15766 I chatty  : uid=10153(com.archie.opencv_blobDetector_mod) expire 448 lines
11-13 10:12:28.339 15689 15689 I chatty  : uid=10153(com.archie.opencv_blobDetector_mod) expire 62 lines
11-13 10:12:29.356 15689 15766 I chatty  : uid=10153(com.archie.opencv_blobDetector_mod) expire 449 lines
11-13 10:12:30.412 15689 15689 I chatty  : uid=10153(com.archie.opencv_blobDetector_mod) expire 61 lines
11-13 10:12:31.406 15689 15766 I chatty  : uid=10153(com.archie.opencv_blobDetector_mod) expire 448 lines
11-13 10:12:32.455 15689 15689 I chatty  : uid=10153(com.archie.opencv_blobDetector_mod) expire 61 lines
11-13 10:12:33.461 15689 15766 I chatty  : uid=10153(com.archie.opencv_blobDetector_mod) expire 449 lines
11-13 10:12:34.496 15689 15689 I chatty  : uid=10153(com.archie.opencv_blobDetector_mod) expire 62 lines
11-13 10:12:35.513 15689 15766 I chatty  : uid=10153(com.archie.opencv_blobDetector_mod) expire 449 lines
11-13 10:12:36.571 15689 15689 I chatty  : uid=10153(com.archie.opencv_blobDetector_mod) expire 61 lines
11-13 10:12:37.571 15689 15766 I chatty  : uid=10153(com.archie.opencv_blobDetector_mod) expire 448 lines
11-13 10:12:38.612 15689 15689 I chatty  : uid=10153(com.archie.opencv_blobDetector_mod) expire 61 lines
11-13 10:12:39.630 15689 15766 I chatty  : uid=10153(com.archie.opencv_blobDetector_mod) expire 222 lines
11-13 10:12:40.369 15689 15694 I chatty  : uid=10153(com.archie.opencv_blobDetector_mod) Jit thread pool expire 3 lines
11-13 10:12:40.652 15689 15766 I chatty  : uid=10153(com.archie.opencv_blobDetector_mod) expire 224 lines
11-13 10:12:40.655 15689 15689 I chatty  : uid=10153(com.archie.opencv_blobDetector_mod) expire 62 lines
11-13 10:12:41.678 15689 15766 I chatty  : uid=10153(com.archie.opencv_blobDetector_mod) expire 448 lines
11-13 10:12:42.728 15689 15689 I chatty  : uid=10153(com.archie.opencv_blobDetector_mod) expire 62 lines
11-13 10:12:43.741 15689 15766 I chatty  : uid=10153(com.archie.opencv_blobDetector_mod) expire 449 lines
11-13 10:12:44.804 15689 15689 I chatty  : uid=10153(com.archie.opencv_blobDetector_mod) expire 61 lines
11-13 10:12:45.799 15689 15766 I chatty  : uid=10153(com.archie.opencv_blobDetector_mod) expire 448 lines
11-13 10:12:46.845 15689 15689 I chatty  : uid=10153(com.archie.opencv_blobDetector_mod) expire 62 lines
11-13 10:12:47.864 15689 15766 I chatty  : uid=10153(com.archie.opencv_blobDetector_mod) expire 449 lines
11-13 10:12:48.921 15689 15689 I chatty  : uid=10153(com.archie.opencv_blobDetector_mod) expire 61 lines
11-13 10:12:49.923 15689 15766 I chatty  : uid=10153(com.archie.opencv_blobDetector_mod) expire 448 lines
11-13 10:12:50.963 15689 15689 I chatty  : uid=10153(com.archie.opencv_blobDetector_mod) expire 62 lines
11-13 10:12:51.987 15689 15766 I chatty  : uid=10153(com.archie.opencv_blobDetector_mod) expire 448 lines
11-13 10:12:53.038 15689 15689 I chatty  : uid=10153(com.archie.opencv_blobDetector_mod) expire 62 lines
11-13 10:12:54.049 15689 15766 I chatty  : uid=10153(com.archie.opencv_blobDetector_mod) expire 449 lines
11-13 10:12:55.112 15689 15689 I chatty  : uid=10153(com.archie.opencv_blobDetector_mod) expire 61 lines
11-13 10:12:56.108 15689 15766 I chatty  : uid=10153(com.archie.opencv_blobDetector_mod) expire 449 lines
11-13 10:12:57.153 15689 15689 I chatty  : uid=10153(com.archie.opencv_blobDetector_mod) expire 61 lines
11-13 10:12:58.166 15689 15766 I chatty  : uid=10153(com.archie.opencv_blobDetector_mod) expire 448 lines
11-13 10:12:59.195 15689 15689 I chatty  : uid=10153(com.archie.opencv_blobDetector_mod) expire 61 lines
11-13 10:13:00.213 15689 15766 I chatty  : uid=10153(com.archie.opencv_blobDetector_mod) expire 449 lines
11-13 10:13:01.239 15689 15689 I chatty  : uid=10153(com.archie.opencv_blobDetector_mod) expire 62 lines
11-13 10:13:02.266 15689 15766 I chatty  : uid=10153(com.archie.opencv_blobDetector_mod) expire 448 lines
11-13 10:13:03.311 15689 15689 I chatty  : uid=10153(com.archie.opencv_blobDetector_mod) expire 62 lines
11-13 10:13:04.330 15689 15766 I chatty  : uid=10153(com.archie.opencv_blobDetector_mod) expire 449 lines
11-13 10:13:05.388 15689 15689 I chatty  : uid=10153(com.archie.opencv_blobDetector_mod) expire 61 lines
11-13 10:13:06.389 15689 15766 I chatty  : uid=10153(com.archie.opencv_blobDetector_mod) expire 448 lines
11-13 10:13:07.428 15689 15689 I chatty  : uid=10153(com.archie.opencv_blobDetector_mod) expire 62 lines
11-13 10:13:08.449 15689 15766 I chatty  : uid=10153(com.archie.opencv_blobDetector_mod) expire 449 lines
11-13 10:13:09.503 15689 15689 I chatty  : uid=10153(com.archie.opencv_blobDetector_mod) expire 61 lines
11-13 10:13:10.527 15689 15766 I chatty  : uid=10153(com.archie.opencv_blobDetector_mod) expire 448 lines
11-13 10:13:11.548 15689 15689 I chatty  : uid=10153(com.archie.opencv_blobDetector_mod) expire 62 lines
11-13 10:13:12.588 15689 15766 I chatty  : uid=10153(com.archie.opencv_blobDetector_mod) expire 448 lines
11-13 10:13:13.623 15689 15689 I chatty  : uid=10153(com.archie.opencv_blobDetector_mod) expire 62 lines
11-13 10:13:14.639 15689 15766 I chatty  : uid=10153(com.archie.opencv_blobDetector_mod) expire 448 lines
11-13 10:13:15.695 15689 15689 I chatty  : uid=10153(com.archie.opencv_blobDetector_mod) expire 61 lines
11-13 10:13:16.700 15689 15766 I chatty  : uid=10153(com.archie.opencv_blobDetector_mod) expire 449 lines
11-13 10:13:17.738 15689 15689 I chatty  : uid=10153(com.archie.opencv_blobDetector_mod) expire 62 lines
11-13 10:13:18.755 15689 15766 I chatty  : uid=10153(com.archie.opencv_blobDetector_mod) expire 224 lines
11-13 10:13:26.258   815  2080 I Camera2ClientBase: Closed Camera 0. Client was: com.archie.opencv_blobDetector_mod (PID 15689, UID 10153)
11-13 10:13:26.377 15689 15689 I opencv_colorblob_mod: ColorBlobApplication: Writing resource stats to file: /storage/emulated/0/Android/data/com.archie.opencv_blobDetector_mod/files/20181113_101326_frames.csv
11-13 10:13:26.449  1120  1235 I WindowManager: Failed to capture screenshot of Token{f6275a6 ActivityRecord{9457301 u0 com.archie.opencv_blobDetector_mod/.archie_mods.ModifiedMainActivity t528 f}} appWin=Window{bc11f73 u0 com.archie.opencv_blobDetector_mod/com.archie.opencv_blobDetector_mod.archie_mods.ModifiedMainActivity} drawState=4
11-13 10:13:26.597 15689 15689 I opencv_colorblob_mod: ColorBlobApplication: Writing resource stats to file: /storage/emulated/0/Android/data/com.archie.opencv_blobDetector_mod/files/20181113_101326_classification.csv
11-13 10:13:26.598 15689 15689 I opencv_colorblob_mod: ColorBlobApplication: Writing resource stats to file: /storage/emulated/0/Android/data/com.archie.opencv_blobDetector_mod/files/20181113_101326_execSettings.csv
11-13 10:13:26.600   604  1304 E BufferQueueProducer: [SurfaceView - com.archie.opencv_blobDetector_mod/com.archie.opencv_blobDetector_mod.archie_mods.ModifiedMainActivity#0] disconnect: not connected (req=2)
11-13 10:13:26.820  3044  3234 D BaseStreamManager: Promised remove @ r#9179 for StreamItemIdAndRevision{notifKey=0|android|0|com.android.server.wm.AlertWindowNotification - com.archie.opencv_blobDetector_mod|1000, packageName=android, tag=com.android.server.wm.AlertWindowNotification - com.archie.opencv_blobDetector_mod, id=0, revision=0, originalRevision=0, updateCount=0} (@9178): SBN removed: StreamItemIdAndRevision{notifKey=0|android|0|com.android.server.wm.AlertWindowNotification - com.archie.opencv_blobDetector_mod|1000, packageName=android, tag=com.android.server.wm.AlertWindowNotification - com.archie.opencv_blobDetector_mod, id=0, revision=0, originalRevision=0, updateCount=0}
